src/app/api/emissions/[id]/route.ts(18,20): error TS2561: Object literal may only specify known properties, but 'organization' does not exist in type 'UserInclude<DefaultArgs>'. Did you mean to write 'organizations'?
src/app/api/emissions/[id]/route.ts(21,16): error TS2339: Property 'organization' does not exist on type '{ id: string; email: string; name: string | null; password: string; role: string; createdAt: Date; updatedAt: Date; }'.
src/app/api/emissions/[id]/route.ts(32,49): error TS2339: Property 'organization' does not exist on type '{ id: string; email: string; name: string | null; password: string; role: string; createdAt: Date; updatedAt: Date; }'.
src/components/dashboard/DashboardCharts.tsx(89,42): error TS2322: Type '(value: number) => string' is not assignable to type 'Formatter<number, NameType>'.
  Types of parameters 'value' and 'value' are incompatible.
    Type 'number | undefined' is not assignable to type 'number'.
      Type 'undefined' is not assignable to type 'number'.
src/components/dashboard/DashboardCharts.tsx(110,42): error TS2322: Type '(value: number) => string' is not assignable to type 'Formatter<number, NameType>'.
  Types of parameters 'value' and 'value' are incompatible.
    Type 'number | undefined' is not assignable to type 'number'.
      Type 'undefined' is not assignable to type 'number'.
src/components/dashboard/SummaryCards.tsx(5,10): error TS2305: Module '"@/lib/utils"' has no exported member 'formatNumber'.
src/components/forms/AgricultureForm.tsx(45,33): error TS2353: Object literal may only specify known properties, and 'invalid_type_error' does not exist in type '{ error?: string | $ZodErrorMap<$ZodIssueInvalidType<unknown>> | undefined; message?: string | undefined; }'.
src/components/forms/AgricultureForm.tsx(62,9): error TS2322: Type 'Resolver<{ sourceId: string; description: string; activityDescription: string; gasId: string; quantity: unknown; id?: string | undefined; bio_co2_emission_t?: unknown; bio_co2_removal_t?: unknown; details?: any; }, any, { ...; }>' is not assignable to type 'Resolver<{ sourceId: string; description: string; activityDescription: string; gasId: string; quantity: number; bio_co2_emission_t: number; bio_co2_removal_t: number; id?: string | undefined; details?: any; }, any, { ...; }>'.
  Types of parameters 'options' and 'options' are incompatible.
    Type 'ResolverOptions<{ sourceId: string; description: string; activityDescription: string; gasId: string; quantity: number; bio_co2_emission_t: number; bio_co2_removal_t: number; id?: string | undefined; details?: any; }>' is not assignable to type 'ResolverOptions<{ sourceId: string; description: string; activityDescription: string; gasId: string; quantity: unknown; id?: string | undefined; bio_co2_emission_t?: unknown; bio_co2_removal_t?: unknown; details?: any; }>'.
      Type 'unknown' is not assignable to type 'number'.
src/components/forms/AgricultureForm.tsx(116,59): error TS2345: Argument of type '(data: { sourceId: string; description: string; activityDescription: string; gasId: string; quantity: number; bio_co2_emission_t: number; bio_co2_removal_t: number; id?: string | undefined; details?: any; }) => void' is not assignable to parameter of type 'SubmitHandler<TFieldValues>'.
  Types of parameters 'data' and 'data' are incompatible.
    Type 'TFieldValues' is not assignable to type '{ sourceId: string; description: string; activityDescription: string; gasId: string; quantity: number; bio_co2_emission_t: number; bio_co2_removal_t: number; id?: string | undefined; details?: any; }'.
      Type 'FieldValues' is missing the following properties from type '{ sourceId: string; description: string; activityDescription: string; gasId: string; quantity: number; bio_co2_emission_t: number; bio_co2_removal_t: number; id?: string | undefined; details?: any; }': sourceId, description, activityDescription, gasId, and 3 more.
src/components/forms/AgricultureForm.tsx(120,37): error TS2322: Type 'Control<{ sourceId: string; description: string; activityDescription: string; gasId: string; quantity: number; bio_co2_emission_t: number; bio_co2_removal_t: number; id?: string | undefined; details?: any; }, any, TFieldValues>' is not assignable to type 'Control<{ sourceId: string; description: string; activityDescription: string; gasId: string; quantity: number; bio_co2_emission_t: number; bio_co2_removal_t: number; id?: string | undefined; details?: any; }, any, { ...; }>'.
  The types of '_options.resolver' are incompatible between these types.
    Type 'Resolver<{ sourceId: string; description: string; activityDescription: string; gasId: string; quantity: number; bio_co2_emission_t: number; bio_co2_removal_t: number; id?: string | undefined; details?: any; }, any, TFieldValues> | undefined' is not assignable to type 'Resolver<{ sourceId: string; description: string; activityDescription: string; gasId: string; quantity: number; bio_co2_emission_t: number; bio_co2_removal_t: number; id?: string | undefined; details?: any; }, any, { ...; }> | undefined'.
      Type 'Resolver<{ sourceId: string; description: string; activityDescription: string; gasId: string; quantity: number; bio_co2_emission_t: number; bio_co2_removal_t: number; id?: string | undefined; details?: any; }, any, TFieldValues>' is not assignable to type 'Resolver<{ sourceId: string; description: string; activityDescription: string; gasId: string; quantity: number; bio_co2_emission_t: number; bio_co2_removal_t: number; id?: string | undefined; details?: any; }, any, { ...; }>'.
        Type 'ResolverResult<{ sourceId: string; description: string; activityDescription: string; gasId: string; quantity: number; bio_co2_emission_t: number; bio_co2_removal_t: number; id?: string | undefined; details?: any; }, TFieldValues> | Promise<...>' is not assignable to type 'ResolverResult<{ sourceId: string; description: string; activityDescription: string; gasId: string; quantity: number; bio_co2_emission_t: number; bio_co2_removal_t: number; id?: string | undefined; details?: any; }, { ...; }> | Promise<...>'.
          Type 'ResolverSuccess<TFieldValues>' is not assignable to type 'ResolverResult<{ sourceId: string; description: string; activityDescription: string; gasId: string; quantity: number; bio_co2_emission_t: number; bio_co2_removal_t: number; id?: string | undefined; details?: any; }, { ...; }> | Promise<...>'.
            Type 'ResolverSuccess<TFieldValues>' is not assignable to type 'ResolverSuccess<{ sourceId: string; description: string; activityDescription: string; gasId: string; quantity: number; bio_co2_emission_t: number; bio_co2_removal_t: number; id?: string | undefined; details?: any; }>'.
              Type 'TFieldValues' is not assignable to type '{ sourceId: string; description: string; activityDescription: string; gasId: string; quantity: number; bio_co2_emission_t: number; bio_co2_removal_t: number; id?: string | undefined; details?: any; }'.
                Type 'FieldValues' is missing the following properties from type '{ sourceId: string; description: string; activityDescription: string; gasId: string; quantity: number; bio_co2_emission_t: number; bio_co2_removal_t: number; id?: string | undefined; details?: any; }': sourceId, description, activityDescription, gasId, and 3 more.
src/components/forms/AgricultureForm.tsx(134,37): error TS2322: Type 'Control<{ sourceId: string; description: string; activityDescription: string; gasId: string; quantity: number; bio_co2_emission_t: number; bio_co2_removal_t: number; id?: string | undefined; details?: any; }, any, TFieldValues>' is not assignable to type 'Control<{ sourceId: string; description: string; activityDescription: string; gasId: string; quantity: number; bio_co2_emission_t: number; bio_co2_removal_t: number; id?: string | undefined; details?: any; }, any, { ...; }>'.
  The types of '_options.resolver' are incompatible between these types.
    Type 'Resolver<{ sourceId: string; description: string; activityDescription: string; gasId: string; quantity: number; bio_co2_emission_t: number; bio_co2_removal_t: number; id?: string | undefined; details?: any; }, any, TFieldValues> | undefined' is not assignable to type 'Resolver<{ sourceId: string; description: string; activityDescription: string; gasId: string; quantity: number; bio_co2_emission_t: number; bio_co2_removal_t: number; id?: string | undefined; details?: any; }, any, { ...; }> | undefined'.
      Type 'Resolver<{ sourceId: string; description: string; activityDescription: string; gasId: string; quantity: number; bio_co2_emission_t: number; bio_co2_removal_t: number; id?: string | undefined; details?: any; }, any, TFieldValues>' is not assignable to type 'Resolver<{ sourceId: string; description: string; activityDescription: string; gasId: string; quantity: number; bio_co2_emission_t: number; bio_co2_removal_t: number; id?: string | undefined; details?: any; }, any, { ...; }>'.
        Type 'ResolverResult<{ sourceId: string; description: string; activityDescription: string; gasId: string; quantity: number; bio_co2_emission_t: number; bio_co2_removal_t: number; id?: string | undefined; details?: any; }, TFieldValues> | Promise<...>' is not assignable to type 'ResolverResult<{ sourceId: string; description: string; activityDescription: string; gasId: string; quantity: number; bio_co2_emission_t: number; bio_co2_removal_t: number; id?: string | undefined; details?: any; }, { ...; }> | Promise<...>'.
          Type 'ResolverSuccess<TFieldValues>' is not assignable to type 'ResolverResult<{ sourceId: string; description: string; activityDescription: string; gasId: string; quantity: number; bio_co2_emission_t: number; bio_co2_removal_t: number; id?: string | undefined; details?: any; }, { ...; }> | Promise<...>'.
            Type 'ResolverSuccess<TFieldValues>' is not assignable to type 'ResolverSuccess<{ sourceId: string; description: string; activityDescription: string; gasId: string; quantity: number; bio_co2_emission_t: number; bio_co2_removal_t: number; id?: string | undefined; details?: any; }>'.
              Type 'TFieldValues' is not assignable to type '{ sourceId: string; description: string; activityDescription: string; gasId: string; quantity: number; bio_co2_emission_t: number; bio_co2_removal_t: number; id?: string | undefined; details?: any; }'.
                Type 'FieldValues' is missing the following properties from type '{ sourceId: string; description: string; activityDescription: string; gasId: string; quantity: number; bio_co2_emission_t: number; bio_co2_removal_t: number; id?: string | undefined; details?: any; }': sourceId, description, activityDescription, gasId, and 3 more.
src/components/forms/AgricultureForm.tsx(149,33): error TS2322: Type 'Control<{ sourceId: string; description: string; activityDescription: string; gasId: string; quantity: number; bio_co2_emission_t: number; bio_co2_removal_t: number; id?: string | undefined; details?: any; }, any, TFieldValues>' is not assignable to type 'Control<{ sourceId: string; description: string; activityDescription: string; gasId: string; quantity: number; bio_co2_emission_t: number; bio_co2_removal_t: number; id?: string | undefined; details?: any; }, any, { ...; }>'.
  The types of '_options.resolver' are incompatible between these types.
    Type 'Resolver<{ sourceId: string; description: string; activityDescription: string; gasId: string; quantity: number; bio_co2_emission_t: number; bio_co2_removal_t: number; id?: string | undefined; details?: any; }, any, TFieldValues> | undefined' is not assignable to type 'Resolver<{ sourceId: string; description: string; activityDescription: string; gasId: string; quantity: number; bio_co2_emission_t: number; bio_co2_removal_t: number; id?: string | undefined; details?: any; }, any, { ...; }> | undefined'.
      Type 'Resolver<{ sourceId: string; description: string; activityDescription: string; gasId: string; quantity: number; bio_co2_emission_t: number; bio_co2_removal_t: number; id?: string | undefined; details?: any; }, any, TFieldValues>' is not assignable to type 'Resolver<{ sourceId: string; description: string; activityDescription: string; gasId: string; quantity: number; bio_co2_emission_t: number; bio_co2_removal_t: number; id?: string | undefined; details?: any; }, any, { ...; }>'.
        Type 'ResolverResult<{ sourceId: string; description: string; activityDescription: string; gasId: string; quantity: number; bio_co2_emission_t: number; bio_co2_removal_t: number; id?: string | undefined; details?: any; }, TFieldValues> | Promise<...>' is not assignable to type 'ResolverResult<{ sourceId: string; description: string; activityDescription: string; gasId: string; quantity: number; bio_co2_emission_t: number; bio_co2_removal_t: number; id?: string | undefined; details?: any; }, { ...; }> | Promise<...>'.
          Type 'ResolverSuccess<TFieldValues>' is not assignable to type 'ResolverResult<{ sourceId: string; description: string; activityDescription: string; gasId: string; quantity: number; bio_co2_emission_t: number; bio_co2_removal_t: number; id?: string | undefined; details?: any; }, { ...; }> | Promise<...>'.
            Type 'ResolverSuccess<TFieldValues>' is not assignable to type 'ResolverSuccess<{ sourceId: string; description: string; activityDescription: string; gasId: string; quantity: number; bio_co2_emission_t: number; bio_co2_removal_t: number; id?: string | undefined; details?: any; }>'.
              Type 'TFieldValues' is not assignable to type '{ sourceId: string; description: string; activityDescription: string; gasId: string; quantity: number; bio_co2_emission_t: number; bio_co2_removal_t: number; id?: string | undefined; details?: any; }'.
                Type 'FieldValues' is missing the following properties from type '{ sourceId: string; description: string; activityDescription: string; gasId: string; quantity: number; bio_co2_emission_t: number; bio_co2_removal_t: number; id?: string | undefined; details?: any; }': sourceId, description, activityDescription, gasId, and 3 more.
src/components/forms/AgricultureForm.tsx(164,37): error TS2322: Type 'Control<{ sourceId: string; description: string; activityDescription: string; gasId: string; quantity: number; bio_co2_emission_t: number; bio_co2_removal_t: number; id?: string | undefined; details?: any; }, any, TFieldValues>' is not assignable to type 'Control<{ sourceId: string; description: string; activityDescription: string; gasId: string; quantity: number; bio_co2_emission_t: number; bio_co2_removal_t: number; id?: string | undefined; details?: any; }, any, { ...; }>'.
  The types of '_options.resolver' are incompatible between these types.
    Type 'Resolver<{ sourceId: string; description: string; activityDescription: string; gasId: string; quantity: number; bio_co2_emission_t: number; bio_co2_removal_t: number; id?: string | undefined; details?: any; }, any, TFieldValues> | undefined' is not assignable to type 'Resolver<{ sourceId: string; description: string; activityDescription: string; gasId: string; quantity: number; bio_co2_emission_t: number; bio_co2_removal_t: number; id?: string | undefined; details?: any; }, any, { ...; }> | undefined'.
      Type 'Resolver<{ sourceId: string; description: string; activityDescription: string; gasId: string; quantity: number; bio_co2_emission_t: number; bio_co2_removal_t: number; id?: string | undefined; details?: any; }, any, TFieldValues>' is not assignable to type 'Resolver<{ sourceId: string; description: string; activityDescription: string; gasId: string; quantity: number; bio_co2_emission_t: number; bio_co2_removal_t: number; id?: string | undefined; details?: any; }, any, { ...; }>'.
        Type 'ResolverResult<{ sourceId: string; description: string; activityDescription: string; gasId: string; quantity: number; bio_co2_emission_t: number; bio_co2_removal_t: number; id?: string | undefined; details?: any; }, TFieldValues> | Promise<...>' is not assignable to type 'ResolverResult<{ sourceId: string; description: string; activityDescription: string; gasId: string; quantity: number; bio_co2_emission_t: number; bio_co2_removal_t: number; id?: string | undefined; details?: any; }, { ...; }> | Promise<...>'.
          Type 'ResolverSuccess<TFieldValues>' is not assignable to type 'ResolverResult<{ sourceId: string; description: string; activityDescription: string; gasId: string; quantity: number; bio_co2_emission_t: number; bio_co2_removal_t: number; id?: string | undefined; details?: any; }, { ...; }> | Promise<...>'.
            Type 'ResolverSuccess<TFieldValues>' is not assignable to type 'ResolverSuccess<{ sourceId: string; description: string; activityDescription: string; gasId: string; quantity: number; bio_co2_emission_t: number; bio_co2_removal_t: number; id?: string | undefined; details?: any; }>'.
              Type 'TFieldValues' is not assignable to type '{ sourceId: string; description: string; activityDescription: string; gasId: string; quantity: number; bio_co2_emission_t: number; bio_co2_removal_t: number; id?: string | undefined; details?: any; }'.
                Type 'FieldValues' is missing the following properties from type '{ sourceId: string; description: string; activityDescription: string; gasId: string; quantity: number; bio_co2_emission_t: number; bio_co2_removal_t: number; id?: string | undefined; details?: any; }': sourceId, description, activityDescription, gasId, and 3 more.
src/components/forms/AgricultureForm.tsx(189,37): error TS2322: Type 'Control<{ sourceId: string; description: string; activityDescription: string; gasId: string; quantity: number; bio_co2_emission_t: number; bio_co2_removal_t: number; id?: string | undefined; details?: any; }, any, TFieldValues>' is not assignable to type 'Control<{ sourceId: string; description: string; activityDescription: string; gasId: string; quantity: number; bio_co2_emission_t: number; bio_co2_removal_t: number; id?: string | undefined; details?: any; }, any, { ...; }>'.
  The types of '_options.resolver' are incompatible between these types.
    Type 'Resolver<{ sourceId: string; description: string; activityDescription: string; gasId: string; quantity: number; bio_co2_emission_t: number; bio_co2_removal_t: number; id?: string | undefined; details?: any; }, any, TFieldValues> | undefined' is not assignable to type 'Resolver<{ sourceId: string; description: string; activityDescription: string; gasId: string; quantity: number; bio_co2_emission_t: number; bio_co2_removal_t: number; id?: string | undefined; details?: any; }, any, { ...; }> | undefined'.
      Type 'Resolver<{ sourceId: string; description: string; activityDescription: string; gasId: string; quantity: number; bio_co2_emission_t: number; bio_co2_removal_t: number; id?: string | undefined; details?: any; }, any, TFieldValues>' is not assignable to type 'Resolver<{ sourceId: string; description: string; activityDescription: string; gasId: string; quantity: number; bio_co2_emission_t: number; bio_co2_removal_t: number; id?: string | undefined; details?: any; }, any, { ...; }>'.
        Type 'ResolverResult<{ sourceId: string; description: string; activityDescription: string; gasId: string; quantity: number; bio_co2_emission_t: number; bio_co2_removal_t: number; id?: string | undefined; details?: any; }, TFieldValues> | Promise<...>' is not assignable to type 'ResolverResult<{ sourceId: string; description: string; activityDescription: string; gasId: string; quantity: number; bio_co2_emission_t: number; bio_co2_removal_t: number; id?: string | undefined; details?: any; }, { ...; }> | Promise<...>'.
          Type 'ResolverSuccess<TFieldValues>' is not assignable to type 'ResolverResult<{ sourceId: string; description: string; activityDescription: string; gasId: string; quantity: number; bio_co2_emission_t: number; bio_co2_removal_t: number; id?: string | undefined; details?: any; }, { ...; }> | Promise<...>'.
            Type 'ResolverSuccess<TFieldValues>' is not assignable to type 'ResolverSuccess<{ sourceId: string; description: string; activityDescription: string; gasId: string; quantity: number; bio_co2_emission_t: number; bio_co2_removal_t: number; id?: string | undefined; details?: any; }>'.
              Type 'TFieldValues' is not assignable to type '{ sourceId: string; description: string; activityDescription: string; gasId: string; quantity: number; bio_co2_emission_t: number; bio_co2_removal_t: number; id?: string | undefined; details?: any; }'.
                Type 'FieldValues' is missing the following properties from type '{ sourceId: string; description: string; activityDescription: string; gasId: string; quantity: number; bio_co2_emission_t: number; bio_co2_removal_t: number; id?: string | undefined; details?: any; }': sourceId, description, activityDescription, gasId, and 3 more.
src/components/forms/AgricultureForm.tsx(205,37): error TS2322: Type 'Control<{ sourceId: string; description: string; activityDescription: string; gasId: string; quantity: number; bio_co2_emission_t: number; bio_co2_removal_t: number; id?: string | undefined; details?: any; }, any, TFieldValues>' is not assignable to type 'Control<{ sourceId: string; description: string; activityDescription: string; gasId: string; quantity: number; bio_co2_emission_t: number; bio_co2_removal_t: number; id?: string | undefined; details?: any; }, any, { ...; }>'.
  The types of '_options.resolver' are incompatible between these types.
    Type 'Resolver<{ sourceId: string; description: string; activityDescription: string; gasId: string; quantity: number; bio_co2_emission_t: number; bio_co2_removal_t: number; id?: string | undefined; details?: any; }, any, TFieldValues> | undefined' is not assignable to type 'Resolver<{ sourceId: string; description: string; activityDescription: string; gasId: string; quantity: number; bio_co2_emission_t: number; bio_co2_removal_t: number; id?: string | undefined; details?: any; }, any, { ...; }> | undefined'.
      Type 'Resolver<{ sourceId: string; description: string; activityDescription: string; gasId: string; quantity: number; bio_co2_emission_t: number; bio_co2_removal_t: number; id?: string | undefined; details?: any; }, any, TFieldValues>' is not assignable to type 'Resolver<{ sourceId: string; description: string; activityDescription: string; gasId: string; quantity: number; bio_co2_emission_t: number; bio_co2_removal_t: number; id?: string | undefined; details?: any; }, any, { ...; }>'.
        Type 'ResolverResult<{ sourceId: string; description: string; activityDescription: string; gasId: string; quantity: number; bio_co2_emission_t: number; bio_co2_removal_t: number; id?: string | undefined; details?: any; }, TFieldValues> | Promise<...>' is not assignable to type 'ResolverResult<{ sourceId: string; description: string; activityDescription: string; gasId: string; quantity: number; bio_co2_emission_t: number; bio_co2_removal_t: number; id?: string | undefined; details?: any; }, { ...; }> | Promise<...>'.
          Type 'ResolverSuccess<TFieldValues>' is not assignable to type 'ResolverResult<{ sourceId: string; description: string; activityDescription: string; gasId: string; quantity: number; bio_co2_emission_t: number; bio_co2_removal_t: number; id?: string | undefined; details?: any; }, { ...; }> | Promise<...>'.
            Type 'ResolverSuccess<TFieldValues>' is not assignable to type 'ResolverSuccess<{ sourceId: string; description: string; activityDescription: string; gasId: string; quantity: number; bio_co2_emission_t: number; bio_co2_removal_t: number; id?: string | undefined; details?: any; }>'.
              Type 'TFieldValues' is not assignable to type '{ sourceId: string; description: string; activityDescription: string; gasId: string; quantity: number; bio_co2_emission_t: number; bio_co2_removal_t: number; id?: string | undefined; details?: any; }'.
                Type 'FieldValues' is missing the following properties from type '{ sourceId: string; description: string; activityDescription: string; gasId: string; quantity: number; bio_co2_emission_t: number; bio_co2_removal_t: number; id?: string | undefined; details?: any; }': sourceId, description, activityDescription, gasId, and 3 more.
src/components/forms/AgricultureForm.tsx(220,37): error TS2322: Type 'Control<{ sourceId: string; description: string; activityDescription: string; gasId: string; quantity: number; bio_co2_emission_t: number; bio_co2_removal_t: number; id?: string | undefined; details?: any; }, any, TFieldValues>' is not assignable to type 'Control<{ sourceId: string; description: string; activityDescription: string; gasId: string; quantity: number; bio_co2_emission_t: number; bio_co2_removal_t: number; id?: string | undefined; details?: any; }, any, { ...; }>'.
  The types of '_options.resolver' are incompatible between these types.
    Type 'Resolver<{ sourceId: string; description: string; activityDescription: string; gasId: string; quantity: number; bio_co2_emission_t: number; bio_co2_removal_t: number; id?: string | undefined; details?: any; }, any, TFieldValues> | undefined' is not assignable to type 'Resolver<{ sourceId: string; description: string; activityDescription: string; gasId: string; quantity: number; bio_co2_emission_t: number; bio_co2_removal_t: number; id?: string | undefined; details?: any; }, any, { ...; }> | undefined'.
      Type 'Resolver<{ sourceId: string; description: string; activityDescription: string; gasId: string; quantity: number; bio_co2_emission_t: number; bio_co2_removal_t: number; id?: string | undefined; details?: any; }, any, TFieldValues>' is not assignable to type 'Resolver<{ sourceId: string; description: string; activityDescription: string; gasId: string; quantity: number; bio_co2_emission_t: number; bio_co2_removal_t: number; id?: string | undefined; details?: any; }, any, { ...; }>'.
        Type 'ResolverResult<{ sourceId: string; description: string; activityDescription: string; gasId: string; quantity: number; bio_co2_emission_t: number; bio_co2_removal_t: number; id?: string | undefined; details?: any; }, TFieldValues> | Promise<...>' is not assignable to type 'ResolverResult<{ sourceId: string; description: string; activityDescription: string; gasId: string; quantity: number; bio_co2_emission_t: number; bio_co2_removal_t: number; id?: string | undefined; details?: any; }, { ...; }> | Promise<...>'.
          Type 'ResolverSuccess<TFieldValues>' is not assignable to type 'ResolverResult<{ sourceId: string; description: string; activityDescription: string; gasId: string; quantity: number; bio_co2_emission_t: number; bio_co2_removal_t: number; id?: string | undefined; details?: any; }, { ...; }> | Promise<...>'.
            Type 'ResolverSuccess<TFieldValues>' is not assignable to type 'ResolverSuccess<{ sourceId: string; description: string; activityDescription: string; gasId: string; quantity: number; bio_co2_emission_t: number; bio_co2_removal_t: number; id?: string | undefined; details?: any; }>'.
              Type 'TFieldValues' is not assignable to type '{ sourceId: string; description: string; activityDescription: string; gasId: string; quantity: number; bio_co2_emission_t: number; bio_co2_removal_t: number; id?: string | undefined; details?: any; }'.
                Type 'FieldValues' is missing the following properties from type '{ sourceId: string; description: string; activityDescription: string; gasId: string; quantity: number; bio_co2_emission_t: number; bio_co2_removal_t: number; id?: string | undefined; details?: any; }': sourceId, description, activityDescription, gasId, and 3 more.
src/components/forms/EffluentsForm.tsx(89,9): error TS2322: Type 'Resolver<{ type: "treatment"; description: string; load_type: "bod" | "cod"; treatment_type: string; id?: string | undefined; flow_m3_year?: unknown; organic_load_mg_l?: unknown; sludge_removed_kg?: unknown; methane_recovered_t?: unknown; nitrogen_load_mg_l?: unknown; }, any, { ...; }>' is not assignable to type 'Resolver<{ type: "treatment"; description: string; flow_m3_year: number; organic_load_mg_l: number; load_type: "bod" | "cod"; treatment_type: string; sludge_removed_kg: number; methane_recovered_t: number; nitrogen_load_mg_l: number; id?: string | undefined; }, any, { ...; }>'.
  Types of parameters 'options' and 'options' are incompatible.
    Type 'ResolverOptions<{ type: "treatment"; description: string; flow_m3_year: number; organic_load_mg_l: number; load_type: "bod" | "cod"; treatment_type: string; sludge_removed_kg: number; methane_recovered_t: number; nitrogen_load_mg_l: number; id?: string | undefined; }>' is not assignable to type 'ResolverOptions<{ type: "treatment"; description: string; load_type: "bod" | "cod"; treatment_type: string; id?: string | undefined; flow_m3_year?: unknown; organic_load_mg_l?: unknown; sludge_removed_kg?: unknown; methane_recovered_t?: unknown; nitrogen_load_mg_l?: unknown; }>'.
      Type 'unknown' is not assignable to type 'number'.
src/components/forms/EffluentsForm.tsx(104,9): error TS2322: Type 'Resolver<{ type: "disposal"; description: string; id?: string | undefined; flow_m3_year?: unknown; nitrogen_load_mg_l?: unknown; discharge_type?: string | undefined; }, any, { type: "disposal"; description: string; flow_m3_year: number; nitrogen_load_mg_l: number; id?: string | undefined; discharge_type?: string | u...' is not assignable to type 'Resolver<{ type: "disposal"; description: string; flow_m3_year: number; nitrogen_load_mg_l: number; id?: string | undefined; discharge_type?: string | undefined; }, any, { type: "disposal"; description: string; flow_m3_year: number; nitrogen_load_mg_l: number; id?: string | undefined; discharge_type?: string | undef...'.
  Types of parameters 'options' and 'options' are incompatible.
    Type 'ResolverOptions<{ type: "disposal"; description: string; flow_m3_year: number; nitrogen_load_mg_l: number; id?: string | undefined; discharge_type?: string | undefined; }>' is not assignable to type 'ResolverOptions<{ type: "disposal"; description: string; id?: string | undefined; flow_m3_year?: unknown; nitrogen_load_mg_l?: unknown; discharge_type?: string | undefined; }>'.
      Type 'unknown' is not assignable to type 'number'.
src/components/forms/EffluentsForm.tsx(115,9): error TS2322: Type 'Resolver<{ type: "other"; description: string; gas_name: string; id?: string | undefined; total_emissions_tCO2e?: unknown; biogenic_emissions_tCO2e?: unknown; }, any, { type: "other"; description: string; gas_name: string; total_emissions_tCO2e: number; biogenic_emissions_tCO2e: number; id?: string | undefined; }>' is not assignable to type 'Resolver<{ type: "other"; description: string; gas_name: string; total_emissions_tCO2e: number; biogenic_emissions_tCO2e: number; id?: string | undefined; }, any, { type: "other"; description: string; gas_name: string; total_emissions_tCO2e: number; biogenic_emissions_tCO2e: number; id?: string | undefined; }>'.
  Types of parameters 'options' and 'options' are incompatible.
    Type 'ResolverOptions<{ type: "other"; description: string; gas_name: string; total_emissions_tCO2e: number; biogenic_emissions_tCO2e: number; id?: string | undefined; }>' is not assignable to type 'ResolverOptions<{ type: "other"; description: string; gas_name: string; id?: string | undefined; total_emissions_tCO2e?: unknown; biogenic_emissions_tCO2e?: unknown; }>'.
      Type 'unknown' is not assignable to type 'number'.
src/components/forms/EffluentsForm.tsx(199,76): error TS2345: Argument of type '(data: { type: "treatment"; description: string; flow_m3_year: number; organic_load_mg_l: number; load_type: "bod" | "cod"; treatment_type: string; sludge_removed_kg: number; methane_recovered_t: number; nitrogen_load_mg_l: number; id?: string | undefined; }) => void' is not assignable to parameter of type 'SubmitHandler<TFieldValues>'.
  Types of parameters 'data' and 'data' are incompatible.
    Type 'TFieldValues' is not assignable to type '{ type: "treatment"; description: string; flow_m3_year: number; organic_load_mg_l: number; load_type: "bod" | "cod"; treatment_type: string; sludge_removed_kg: number; methane_recovered_t: number; nitrogen_load_mg_l: number; id?: string | undefined; }'.
      Type 'FieldValues' is missing the following properties from type '{ type: "treatment"; description: string; flow_m3_year: number; organic_load_mg_l: number; load_type: "bod" | "cod"; treatment_type: string; sludge_removed_kg: number; methane_recovered_t: number; nitrogen_load_mg_l: number; id?: string | undefined; }': type, description, flow_m3_year, organic_load_mg_l, and 5 more.
src/components/forms/EffluentsForm.tsx(200,48): error TS2322: Type 'Control<{ type: "treatment"; description: string; flow_m3_year: number; organic_load_mg_l: number; load_type: "bod" | "cod"; treatment_type: string; sludge_removed_kg: number; methane_recovered_t: number; nitrogen_load_mg_l: number; id?: string | undefined; }, any, TFieldValues>' is not assignable to type 'Control<{ type: "treatment"; description: string; flow_m3_year: number; organic_load_mg_l: number; load_type: "bod" | "cod"; treatment_type: string; sludge_removed_kg: number; methane_recovered_t: number; nitrogen_load_mg_l: number; id?: string | undefined; }, any, { ...; }>'.
  The types of '_options.resolver' are incompatible between these types.
    Type 'Resolver<{ type: "treatment"; description: string; flow_m3_year: number; organic_load_mg_l: number; load_type: "bod" | "cod"; treatment_type: string; sludge_removed_kg: number; methane_recovered_t: number; nitrogen_load_mg_l: number; id?: string | undefined; }, any, TFieldValues> | undefined' is not assignable to type 'Resolver<{ type: "treatment"; description: string; flow_m3_year: number; organic_load_mg_l: number; load_type: "bod" | "cod"; treatment_type: string; sludge_removed_kg: number; methane_recovered_t: number; nitrogen_load_mg_l: number; id?: string | undefined; }, any, { ...; }> | undefined'.
      Type 'Resolver<{ type: "treatment"; description: string; flow_m3_year: number; organic_load_mg_l: number; load_type: "bod" | "cod"; treatment_type: string; sludge_removed_kg: number; methane_recovered_t: number; nitrogen_load_mg_l: number; id?: string | undefined; }, any, TFieldValues>' is not assignable to type 'Resolver<{ type: "treatment"; description: string; flow_m3_year: number; organic_load_mg_l: number; load_type: "bod" | "cod"; treatment_type: string; sludge_removed_kg: number; methane_recovered_t: number; nitrogen_load_mg_l: number; id?: string | undefined; }, any, { ...; }>'.
        Type 'ResolverResult<{ type: "treatment"; description: string; flow_m3_year: number; organic_load_mg_l: number; load_type: "bod" | "cod"; treatment_type: string; sludge_removed_kg: number; methane_recovered_t: number; nitrogen_load_mg_l: number; id?: string | undefined; }, TFieldValues> | Promise<...>' is not assignable to type 'ResolverResult<{ type: "treatment"; description: string; flow_m3_year: number; organic_load_mg_l: number; load_type: "bod" | "cod"; treatment_type: string; sludge_removed_kg: number; methane_recovered_t: number; nitrogen_load_mg_l: number; id?: string | undefined; }, { ...; }> | Promise<...>'.
          Type 'ResolverSuccess<TFieldValues>' is not assignable to type 'ResolverResult<{ type: "treatment"; description: string; flow_m3_year: number; organic_load_mg_l: number; load_type: "bod" | "cod"; treatment_type: string; sludge_removed_kg: number; methane_recovered_t: number; nitrogen_load_mg_l: number; id?: string | undefined; }, { ...; }> | Promise<...>'.
            Type 'ResolverSuccess<TFieldValues>' is not assignable to type 'ResolverSuccess<{ type: "treatment"; description: string; flow_m3_year: number; organic_load_mg_l: number; load_type: "bod" | "cod"; treatment_type: string; sludge_removed_kg: number; methane_recovered_t: number; nitrogen_load_mg_l: number; id?: string | undefined; }>'.
              Type 'TFieldValues' is not assignable to type '{ type: "treatment"; description: string; flow_m3_year: number; organic_load_mg_l: number; load_type: "bod" | "cod"; treatment_type: string; sludge_removed_kg: number; methane_recovered_t: number; nitrogen_load_mg_l: number; id?: string | undefined; }'.
                Type 'FieldValues' is missing the following properties from type '{ type: "treatment"; description: string; flow_m3_year: number; organic_load_mg_l: number; load_type: "bod" | "cod"; treatment_type: string; sludge_removed_kg: number; methane_recovered_t: number; nitrogen_load_mg_l: number; id?: string | undefined; }': type, description, flow_m3_year, organic_load_mg_l, and 5 more.
src/components/forms/EffluentsForm.tsx(205,52): error TS2322: Type 'Control<{ type: "treatment"; description: string; flow_m3_year: number; organic_load_mg_l: number; load_type: "bod" | "cod"; treatment_type: string; sludge_removed_kg: number; methane_recovered_t: number; nitrogen_load_mg_l: number; id?: string | undefined; }, any, TFieldValues>' is not assignable to type 'Control<{ type: "treatment"; description: string; flow_m3_year: number; organic_load_mg_l: number; load_type: "bod" | "cod"; treatment_type: string; sludge_removed_kg: number; methane_recovered_t: number; nitrogen_load_mg_l: number; id?: string | undefined; }, any, { ...; }>'.
  The types of '_options.resolver' are incompatible between these types.
    Type 'Resolver<{ type: "treatment"; description: string; flow_m3_year: number; organic_load_mg_l: number; load_type: "bod" | "cod"; treatment_type: string; sludge_removed_kg: number; methane_recovered_t: number; nitrogen_load_mg_l: number; id?: string | undefined; }, any, TFieldValues> | undefined' is not assignable to type 'Resolver<{ type: "treatment"; description: string; flow_m3_year: number; organic_load_mg_l: number; load_type: "bod" | "cod"; treatment_type: string; sludge_removed_kg: number; methane_recovered_t: number; nitrogen_load_mg_l: number; id?: string | undefined; }, any, { ...; }> | undefined'.
      Type 'Resolver<{ type: "treatment"; description: string; flow_m3_year: number; organic_load_mg_l: number; load_type: "bod" | "cod"; treatment_type: string; sludge_removed_kg: number; methane_recovered_t: number; nitrogen_load_mg_l: number; id?: string | undefined; }, any, TFieldValues>' is not assignable to type 'Resolver<{ type: "treatment"; description: string; flow_m3_year: number; organic_load_mg_l: number; load_type: "bod" | "cod"; treatment_type: string; sludge_removed_kg: number; methane_recovered_t: number; nitrogen_load_mg_l: number; id?: string | undefined; }, any, { ...; }>'.
        Type 'ResolverResult<{ type: "treatment"; description: string; flow_m3_year: number; organic_load_mg_l: number; load_type: "bod" | "cod"; treatment_type: string; sludge_removed_kg: number; methane_recovered_t: number; nitrogen_load_mg_l: number; id?: string | undefined; }, TFieldValues> | Promise<...>' is not assignable to type 'ResolverResult<{ type: "treatment"; description: string; flow_m3_year: number; organic_load_mg_l: number; load_type: "bod" | "cod"; treatment_type: string; sludge_removed_kg: number; methane_recovered_t: number; nitrogen_load_mg_l: number; id?: string | undefined; }, { ...; }> | Promise<...>'.
          Type 'ResolverSuccess<TFieldValues>' is not assignable to type 'ResolverResult<{ type: "treatment"; description: string; flow_m3_year: number; organic_load_mg_l: number; load_type: "bod" | "cod"; treatment_type: string; sludge_removed_kg: number; methane_recovered_t: number; nitrogen_load_mg_l: number; id?: string | undefined; }, { ...; }> | Promise<...>'.
            Type 'ResolverSuccess<TFieldValues>' is not assignable to type 'ResolverSuccess<{ type: "treatment"; description: string; flow_m3_year: number; organic_load_mg_l: number; load_type: "bod" | "cod"; treatment_type: string; sludge_removed_kg: number; methane_recovered_t: number; nitrogen_load_mg_l: number; id?: string | undefined; }>'.
              Type 'TFieldValues' is not assignable to type '{ type: "treatment"; description: string; flow_m3_year: number; organic_load_mg_l: number; load_type: "bod" | "cod"; treatment_type: string; sludge_removed_kg: number; methane_recovered_t: number; nitrogen_load_mg_l: number; id?: string | undefined; }'.
                Type 'FieldValues' is missing the following properties from type '{ type: "treatment"; description: string; flow_m3_year: number; organic_load_mg_l: number; load_type: "bod" | "cod"; treatment_type: string; sludge_removed_kg: number; methane_recovered_t: number; nitrogen_load_mg_l: number; id?: string | undefined; }': type, description, flow_m3_year, organic_load_mg_l, and 5 more.
src/components/forms/EffluentsForm.tsx(210,56): error TS2322: Type 'Control<{ type: "treatment"; description: string; flow_m3_year: number; organic_load_mg_l: number; load_type: "bod" | "cod"; treatment_type: string; sludge_removed_kg: number; methane_recovered_t: number; nitrogen_load_mg_l: number; id?: string | undefined; }, any, TFieldValues>' is not assignable to type 'Control<{ type: "treatment"; description: string; flow_m3_year: number; organic_load_mg_l: number; load_type: "bod" | "cod"; treatment_type: string; sludge_removed_kg: number; methane_recovered_t: number; nitrogen_load_mg_l: number; id?: string | undefined; }, any, { ...; }>'.
  The types of '_options.resolver' are incompatible between these types.
    Type 'Resolver<{ type: "treatment"; description: string; flow_m3_year: number; organic_load_mg_l: number; load_type: "bod" | "cod"; treatment_type: string; sludge_removed_kg: number; methane_recovered_t: number; nitrogen_load_mg_l: number; id?: string | undefined; }, any, TFieldValues> | undefined' is not assignable to type 'Resolver<{ type: "treatment"; description: string; flow_m3_year: number; organic_load_mg_l: number; load_type: "bod" | "cod"; treatment_type: string; sludge_removed_kg: number; methane_recovered_t: number; nitrogen_load_mg_l: number; id?: string | undefined; }, any, { ...; }> | undefined'.
      Type 'Resolver<{ type: "treatment"; description: string; flow_m3_year: number; organic_load_mg_l: number; load_type: "bod" | "cod"; treatment_type: string; sludge_removed_kg: number; methane_recovered_t: number; nitrogen_load_mg_l: number; id?: string | undefined; }, any, TFieldValues>' is not assignable to type 'Resolver<{ type: "treatment"; description: string; flow_m3_year: number; organic_load_mg_l: number; load_type: "bod" | "cod"; treatment_type: string; sludge_removed_kg: number; methane_recovered_t: number; nitrogen_load_mg_l: number; id?: string | undefined; }, any, { ...; }>'.
        Type 'ResolverResult<{ type: "treatment"; description: string; flow_m3_year: number; organic_load_mg_l: number; load_type: "bod" | "cod"; treatment_type: string; sludge_removed_kg: number; methane_recovered_t: number; nitrogen_load_mg_l: number; id?: string | undefined; }, TFieldValues> | Promise<...>' is not assignable to type 'ResolverResult<{ type: "treatment"; description: string; flow_m3_year: number; organic_load_mg_l: number; load_type: "bod" | "cod"; treatment_type: string; sludge_removed_kg: number; methane_recovered_t: number; nitrogen_load_mg_l: number; id?: string | undefined; }, { ...; }> | Promise<...>'.
          Type 'ResolverSuccess<TFieldValues>' is not assignable to type 'ResolverResult<{ type: "treatment"; description: string; flow_m3_year: number; organic_load_mg_l: number; load_type: "bod" | "cod"; treatment_type: string; sludge_removed_kg: number; methane_recovered_t: number; nitrogen_load_mg_l: number; id?: string | undefined; }, { ...; }> | Promise<...>'.
            Type 'ResolverSuccess<TFieldValues>' is not assignable to type 'ResolverSuccess<{ type: "treatment"; description: string; flow_m3_year: number; organic_load_mg_l: number; load_type: "bod" | "cod"; treatment_type: string; sludge_removed_kg: number; methane_recovered_t: number; nitrogen_load_mg_l: number; id?: string | undefined; }>'.
              Type 'TFieldValues' is not assignable to type '{ type: "treatment"; description: string; flow_m3_year: number; organic_load_mg_l: number; load_type: "bod" | "cod"; treatment_type: string; sludge_removed_kg: number; methane_recovered_t: number; nitrogen_load_mg_l: number; id?: string | undefined; }'.
                Type 'FieldValues' is missing the following properties from type '{ type: "treatment"; description: string; flow_m3_year: number; organic_load_mg_l: number; load_type: "bod" | "cod"; treatment_type: string; sludge_removed_kg: number; methane_recovered_t: number; nitrogen_load_mg_l: number; id?: string | undefined; }': type, description, flow_m3_year, organic_load_mg_l, and 5 more.
src/components/forms/EffluentsForm.tsx(213,56): error TS2322: Type 'Control<{ type: "treatment"; description: string; flow_m3_year: number; organic_load_mg_l: number; load_type: "bod" | "cod"; treatment_type: string; sludge_removed_kg: number; methane_recovered_t: number; nitrogen_load_mg_l: number; id?: string | undefined; }, any, TFieldValues>' is not assignable to type 'Control<{ type: "treatment"; description: string; flow_m3_year: number; organic_load_mg_l: number; load_type: "bod" | "cod"; treatment_type: string; sludge_removed_kg: number; methane_recovered_t: number; nitrogen_load_mg_l: number; id?: string | undefined; }, any, { ...; }>'.
  The types of '_options.resolver' are incompatible between these types.
    Type 'Resolver<{ type: "treatment"; description: string; flow_m3_year: number; organic_load_mg_l: number; load_type: "bod" | "cod"; treatment_type: string; sludge_removed_kg: number; methane_recovered_t: number; nitrogen_load_mg_l: number; id?: string | undefined; }, any, TFieldValues> | undefined' is not assignable to type 'Resolver<{ type: "treatment"; description: string; flow_m3_year: number; organic_load_mg_l: number; load_type: "bod" | "cod"; treatment_type: string; sludge_removed_kg: number; methane_recovered_t: number; nitrogen_load_mg_l: number; id?: string | undefined; }, any, { ...; }> | undefined'.
      Type 'Resolver<{ type: "treatment"; description: string; flow_m3_year: number; organic_load_mg_l: number; load_type: "bod" | "cod"; treatment_type: string; sludge_removed_kg: number; methane_recovered_t: number; nitrogen_load_mg_l: number; id?: string | undefined; }, any, TFieldValues>' is not assignable to type 'Resolver<{ type: "treatment"; description: string; flow_m3_year: number; organic_load_mg_l: number; load_type: "bod" | "cod"; treatment_type: string; sludge_removed_kg: number; methane_recovered_t: number; nitrogen_load_mg_l: number; id?: string | undefined; }, any, { ...; }>'.
        Type 'ResolverResult<{ type: "treatment"; description: string; flow_m3_year: number; organic_load_mg_l: number; load_type: "bod" | "cod"; treatment_type: string; sludge_removed_kg: number; methane_recovered_t: number; nitrogen_load_mg_l: number; id?: string | undefined; }, TFieldValues> | Promise<...>' is not assignable to type 'ResolverResult<{ type: "treatment"; description: string; flow_m3_year: number; organic_load_mg_l: number; load_type: "bod" | "cod"; treatment_type: string; sludge_removed_kg: number; methane_recovered_t: number; nitrogen_load_mg_l: number; id?: string | undefined; }, { ...; }> | Promise<...>'.
          Type 'ResolverSuccess<TFieldValues>' is not assignable to type 'ResolverResult<{ type: "treatment"; description: string; flow_m3_year: number; organic_load_mg_l: number; load_type: "bod" | "cod"; treatment_type: string; sludge_removed_kg: number; methane_recovered_t: number; nitrogen_load_mg_l: number; id?: string | undefined; }, { ...; }> | Promise<...>'.
            Type 'ResolverSuccess<TFieldValues>' is not assignable to type 'ResolverSuccess<{ type: "treatment"; description: string; flow_m3_year: number; organic_load_mg_l: number; load_type: "bod" | "cod"; treatment_type: string; sludge_removed_kg: number; methane_recovered_t: number; nitrogen_load_mg_l: number; id?: string | undefined; }>'.
              Type 'TFieldValues' is not assignable to type '{ type: "treatment"; description: string; flow_m3_year: number; organic_load_mg_l: number; load_type: "bod" | "cod"; treatment_type: string; sludge_removed_kg: number; methane_recovered_t: number; nitrogen_load_mg_l: number; id?: string | undefined; }'.
                Type 'FieldValues' is missing the following properties from type '{ type: "treatment"; description: string; flow_m3_year: number; organic_load_mg_l: number; load_type: "bod" | "cod"; treatment_type: string; sludge_removed_kg: number; methane_recovered_t: number; nitrogen_load_mg_l: number; id?: string | undefined; }': type, description, flow_m3_year, organic_load_mg_l, and 5 more.
src/components/forms/EffluentsForm.tsx(228,48): error TS2322: Type 'Control<{ type: "treatment"; description: string; flow_m3_year: number; organic_load_mg_l: number; load_type: "bod" | "cod"; treatment_type: string; sludge_removed_kg: number; methane_recovered_t: number; nitrogen_load_mg_l: number; id?: string | undefined; }, any, TFieldValues>' is not assignable to type 'Control<{ type: "treatment"; description: string; flow_m3_year: number; organic_load_mg_l: number; load_type: "bod" | "cod"; treatment_type: string; sludge_removed_kg: number; methane_recovered_t: number; nitrogen_load_mg_l: number; id?: string | undefined; }, any, { ...; }>'.
  The types of '_options.resolver' are incompatible between these types.
    Type 'Resolver<{ type: "treatment"; description: string; flow_m3_year: number; organic_load_mg_l: number; load_type: "bod" | "cod"; treatment_type: string; sludge_removed_kg: number; methane_recovered_t: number; nitrogen_load_mg_l: number; id?: string | undefined; }, any, TFieldValues> | undefined' is not assignable to type 'Resolver<{ type: "treatment"; description: string; flow_m3_year: number; organic_load_mg_l: number; load_type: "bod" | "cod"; treatment_type: string; sludge_removed_kg: number; methane_recovered_t: number; nitrogen_load_mg_l: number; id?: string | undefined; }, any, { ...; }> | undefined'.
      Type 'Resolver<{ type: "treatment"; description: string; flow_m3_year: number; organic_load_mg_l: number; load_type: "bod" | "cod"; treatment_type: string; sludge_removed_kg: number; methane_recovered_t: number; nitrogen_load_mg_l: number; id?: string | undefined; }, any, TFieldValues>' is not assignable to type 'Resolver<{ type: "treatment"; description: string; flow_m3_year: number; organic_load_mg_l: number; load_type: "bod" | "cod"; treatment_type: string; sludge_removed_kg: number; methane_recovered_t: number; nitrogen_load_mg_l: number; id?: string | undefined; }, any, { ...; }>'.
        Type 'ResolverResult<{ type: "treatment"; description: string; flow_m3_year: number; organic_load_mg_l: number; load_type: "bod" | "cod"; treatment_type: string; sludge_removed_kg: number; methane_recovered_t: number; nitrogen_load_mg_l: number; id?: string | undefined; }, TFieldValues> | Promise<...>' is not assignable to type 'ResolverResult<{ type: "treatment"; description: string; flow_m3_year: number; organic_load_mg_l: number; load_type: "bod" | "cod"; treatment_type: string; sludge_removed_kg: number; methane_recovered_t: number; nitrogen_load_mg_l: number; id?: string | undefined; }, { ...; }> | Promise<...>'.
          Type 'ResolverSuccess<TFieldValues>' is not assignable to type 'ResolverResult<{ type: "treatment"; description: string; flow_m3_year: number; organic_load_mg_l: number; load_type: "bod" | "cod"; treatment_type: string; sludge_removed_kg: number; methane_recovered_t: number; nitrogen_load_mg_l: number; id?: string | undefined; }, { ...; }> | Promise<...>'.
            Type 'ResolverSuccess<TFieldValues>' is not assignable to type 'ResolverSuccess<{ type: "treatment"; description: string; flow_m3_year: number; organic_load_mg_l: number; load_type: "bod" | "cod"; treatment_type: string; sludge_removed_kg: number; methane_recovered_t: number; nitrogen_load_mg_l: number; id?: string | undefined; }>'.
              Type 'TFieldValues' is not assignable to type '{ type: "treatment"; description: string; flow_m3_year: number; organic_load_mg_l: number; load_type: "bod" | "cod"; treatment_type: string; sludge_removed_kg: number; methane_recovered_t: number; nitrogen_load_mg_l: number; id?: string | undefined; }'.
                Type 'FieldValues' is missing the following properties from type '{ type: "treatment"; description: string; flow_m3_year: number; organic_load_mg_l: number; load_type: "bod" | "cod"; treatment_type: string; sludge_removed_kg: number; methane_recovered_t: number; nitrogen_load_mg_l: number; id?: string | undefined; }': type, description, flow_m3_year, organic_load_mg_l, and 5 more.
src/components/forms/EffluentsForm.tsx(243,52): error TS2322: Type 'Control<{ type: "treatment"; description: string; flow_m3_year: number; organic_load_mg_l: number; load_type: "bod" | "cod"; treatment_type: string; sludge_removed_kg: number; methane_recovered_t: number; nitrogen_load_mg_l: number; id?: string | undefined; }, any, TFieldValues>' is not assignable to type 'Control<{ type: "treatment"; description: string; flow_m3_year: number; organic_load_mg_l: number; load_type: "bod" | "cod"; treatment_type: string; sludge_removed_kg: number; methane_recovered_t: number; nitrogen_load_mg_l: number; id?: string | undefined; }, any, { ...; }>'.
  The types of '_options.resolver' are incompatible between these types.
    Type 'Resolver<{ type: "treatment"; description: string; flow_m3_year: number; organic_load_mg_l: number; load_type: "bod" | "cod"; treatment_type: string; sludge_removed_kg: number; methane_recovered_t: number; nitrogen_load_mg_l: number; id?: string | undefined; }, any, TFieldValues> | undefined' is not assignable to type 'Resolver<{ type: "treatment"; description: string; flow_m3_year: number; organic_load_mg_l: number; load_type: "bod" | "cod"; treatment_type: string; sludge_removed_kg: number; methane_recovered_t: number; nitrogen_load_mg_l: number; id?: string | undefined; }, any, { ...; }> | undefined'.
      Type 'Resolver<{ type: "treatment"; description: string; flow_m3_year: number; organic_load_mg_l: number; load_type: "bod" | "cod"; treatment_type: string; sludge_removed_kg: number; methane_recovered_t: number; nitrogen_load_mg_l: number; id?: string | undefined; }, any, TFieldValues>' is not assignable to type 'Resolver<{ type: "treatment"; description: string; flow_m3_year: number; organic_load_mg_l: number; load_type: "bod" | "cod"; treatment_type: string; sludge_removed_kg: number; methane_recovered_t: number; nitrogen_load_mg_l: number; id?: string | undefined; }, any, { ...; }>'.
        Type 'ResolverResult<{ type: "treatment"; description: string; flow_m3_year: number; organic_load_mg_l: number; load_type: "bod" | "cod"; treatment_type: string; sludge_removed_kg: number; methane_recovered_t: number; nitrogen_load_mg_l: number; id?: string | undefined; }, TFieldValues> | Promise<...>' is not assignable to type 'ResolverResult<{ type: "treatment"; description: string; flow_m3_year: number; organic_load_mg_l: number; load_type: "bod" | "cod"; treatment_type: string; sludge_removed_kg: number; methane_recovered_t: number; nitrogen_load_mg_l: number; id?: string | undefined; }, { ...; }> | Promise<...>'.
          Type 'ResolverSuccess<TFieldValues>' is not assignable to type 'ResolverResult<{ type: "treatment"; description: string; flow_m3_year: number; organic_load_mg_l: number; load_type: "bod" | "cod"; treatment_type: string; sludge_removed_kg: number; methane_recovered_t: number; nitrogen_load_mg_l: number; id?: string | undefined; }, { ...; }> | Promise<...>'.
            Type 'ResolverSuccess<TFieldValues>' is not assignable to type 'ResolverSuccess<{ type: "treatment"; description: string; flow_m3_year: number; organic_load_mg_l: number; load_type: "bod" | "cod"; treatment_type: string; sludge_removed_kg: number; methane_recovered_t: number; nitrogen_load_mg_l: number; id?: string | undefined; }>'.
              Type 'TFieldValues' is not assignable to type '{ type: "treatment"; description: string; flow_m3_year: number; organic_load_mg_l: number; load_type: "bod" | "cod"; treatment_type: string; sludge_removed_kg: number; methane_recovered_t: number; nitrogen_load_mg_l: number; id?: string | undefined; }'.
                Type 'FieldValues' is missing the following properties from type '{ type: "treatment"; description: string; flow_m3_year: number; organic_load_mg_l: number; load_type: "bod" | "cod"; treatment_type: string; sludge_removed_kg: number; methane_recovered_t: number; nitrogen_load_mg_l: number; id?: string | undefined; }': type, description, flow_m3_year, organic_load_mg_l, and 5 more.
src/components/forms/EffluentsForm.tsx(246,52): error TS2322: Type 'Control<{ type: "treatment"; description: string; flow_m3_year: number; organic_load_mg_l: number; load_type: "bod" | "cod"; treatment_type: string; sludge_removed_kg: number; methane_recovered_t: number; nitrogen_load_mg_l: number; id?: string | undefined; }, any, TFieldValues>' is not assignable to type 'Control<{ type: "treatment"; description: string; flow_m3_year: number; organic_load_mg_l: number; load_type: "bod" | "cod"; treatment_type: string; sludge_removed_kg: number; methane_recovered_t: number; nitrogen_load_mg_l: number; id?: string | undefined; }, any, { ...; }>'.
  The types of '_options.resolver' are incompatible between these types.
    Type 'Resolver<{ type: "treatment"; description: string; flow_m3_year: number; organic_load_mg_l: number; load_type: "bod" | "cod"; treatment_type: string; sludge_removed_kg: number; methane_recovered_t: number; nitrogen_load_mg_l: number; id?: string | undefined; }, any, TFieldValues> | undefined' is not assignable to type 'Resolver<{ type: "treatment"; description: string; flow_m3_year: number; organic_load_mg_l: number; load_type: "bod" | "cod"; treatment_type: string; sludge_removed_kg: number; methane_recovered_t: number; nitrogen_load_mg_l: number; id?: string | undefined; }, any, { ...; }> | undefined'.
      Type 'Resolver<{ type: "treatment"; description: string; flow_m3_year: number; organic_load_mg_l: number; load_type: "bod" | "cod"; treatment_type: string; sludge_removed_kg: number; methane_recovered_t: number; nitrogen_load_mg_l: number; id?: string | undefined; }, any, TFieldValues>' is not assignable to type 'Resolver<{ type: "treatment"; description: string; flow_m3_year: number; organic_load_mg_l: number; load_type: "bod" | "cod"; treatment_type: string; sludge_removed_kg: number; methane_recovered_t: number; nitrogen_load_mg_l: number; id?: string | undefined; }, any, { ...; }>'.
        Type 'ResolverResult<{ type: "treatment"; description: string; flow_m3_year: number; organic_load_mg_l: number; load_type: "bod" | "cod"; treatment_type: string; sludge_removed_kg: number; methane_recovered_t: number; nitrogen_load_mg_l: number; id?: string | undefined; }, TFieldValues> | Promise<...>' is not assignable to type 'ResolverResult<{ type: "treatment"; description: string; flow_m3_year: number; organic_load_mg_l: number; load_type: "bod" | "cod"; treatment_type: string; sludge_removed_kg: number; methane_recovered_t: number; nitrogen_load_mg_l: number; id?: string | undefined; }, { ...; }> | Promise<...>'.
          Type 'ResolverSuccess<TFieldValues>' is not assignable to type 'ResolverResult<{ type: "treatment"; description: string; flow_m3_year: number; organic_load_mg_l: number; load_type: "bod" | "cod"; treatment_type: string; sludge_removed_kg: number; methane_recovered_t: number; nitrogen_load_mg_l: number; id?: string | undefined; }, { ...; }> | Promise<...>'.
            Type 'ResolverSuccess<TFieldValues>' is not assignable to type 'ResolverSuccess<{ type: "treatment"; description: string; flow_m3_year: number; organic_load_mg_l: number; load_type: "bod" | "cod"; treatment_type: string; sludge_removed_kg: number; methane_recovered_t: number; nitrogen_load_mg_l: number; id?: string | undefined; }>'.
              Type 'TFieldValues' is not assignable to type '{ type: "treatment"; description: string; flow_m3_year: number; organic_load_mg_l: number; load_type: "bod" | "cod"; treatment_type: string; sludge_removed_kg: number; methane_recovered_t: number; nitrogen_load_mg_l: number; id?: string | undefined; }'.
                Type 'FieldValues' is missing the following properties from type '{ type: "treatment"; description: string; flow_m3_year: number; organic_load_mg_l: number; load_type: "bod" | "cod"; treatment_type: string; sludge_removed_kg: number; methane_recovered_t: number; nitrogen_load_mg_l: number; id?: string | undefined; }': type, description, flow_m3_year, organic_load_mg_l, and 5 more.
src/components/forms/EffluentsForm.tsx(249,52): error TS2322: Type 'Control<{ type: "treatment"; description: string; flow_m3_year: number; organic_load_mg_l: number; load_type: "bod" | "cod"; treatment_type: string; sludge_removed_kg: number; methane_recovered_t: number; nitrogen_load_mg_l: number; id?: string | undefined; }, any, TFieldValues>' is not assignable to type 'Control<{ type: "treatment"; description: string; flow_m3_year: number; organic_load_mg_l: number; load_type: "bod" | "cod"; treatment_type: string; sludge_removed_kg: number; methane_recovered_t: number; nitrogen_load_mg_l: number; id?: string | undefined; }, any, { ...; }>'.
  The types of '_options.resolver' are incompatible between these types.
    Type 'Resolver<{ type: "treatment"; description: string; flow_m3_year: number; organic_load_mg_l: number; load_type: "bod" | "cod"; treatment_type: string; sludge_removed_kg: number; methane_recovered_t: number; nitrogen_load_mg_l: number; id?: string | undefined; }, any, TFieldValues> | undefined' is not assignable to type 'Resolver<{ type: "treatment"; description: string; flow_m3_year: number; organic_load_mg_l: number; load_type: "bod" | "cod"; treatment_type: string; sludge_removed_kg: number; methane_recovered_t: number; nitrogen_load_mg_l: number; id?: string | undefined; }, any, { ...; }> | undefined'.
      Type 'Resolver<{ type: "treatment"; description: string; flow_m3_year: number; organic_load_mg_l: number; load_type: "bod" | "cod"; treatment_type: string; sludge_removed_kg: number; methane_recovered_t: number; nitrogen_load_mg_l: number; id?: string | undefined; }, any, TFieldValues>' is not assignable to type 'Resolver<{ type: "treatment"; description: string; flow_m3_year: number; organic_load_mg_l: number; load_type: "bod" | "cod"; treatment_type: string; sludge_removed_kg: number; methane_recovered_t: number; nitrogen_load_mg_l: number; id?: string | undefined; }, any, { ...; }>'.
        Type 'ResolverResult<{ type: "treatment"; description: string; flow_m3_year: number; organic_load_mg_l: number; load_type: "bod" | "cod"; treatment_type: string; sludge_removed_kg: number; methane_recovered_t: number; nitrogen_load_mg_l: number; id?: string | undefined; }, TFieldValues> | Promise<...>' is not assignable to type 'ResolverResult<{ type: "treatment"; description: string; flow_m3_year: number; organic_load_mg_l: number; load_type: "bod" | "cod"; treatment_type: string; sludge_removed_kg: number; methane_recovered_t: number; nitrogen_load_mg_l: number; id?: string | undefined; }, { ...; }> | Promise<...>'.
          Type 'ResolverSuccess<TFieldValues>' is not assignable to type 'ResolverResult<{ type: "treatment"; description: string; flow_m3_year: number; organic_load_mg_l: number; load_type: "bod" | "cod"; treatment_type: string; sludge_removed_kg: number; methane_recovered_t: number; nitrogen_load_mg_l: number; id?: string | undefined; }, { ...; }> | Promise<...>'.
            Type 'ResolverSuccess<TFieldValues>' is not assignable to type 'ResolverSuccess<{ type: "treatment"; description: string; flow_m3_year: number; organic_load_mg_l: number; load_type: "bod" | "cod"; treatment_type: string; sludge_removed_kg: number; methane_recovered_t: number; nitrogen_load_mg_l: number; id?: string | undefined; }>'.
              Type 'TFieldValues' is not assignable to type '{ type: "treatment"; description: string; flow_m3_year: number; organic_load_mg_l: number; load_type: "bod" | "cod"; treatment_type: string; sludge_removed_kg: number; methane_recovered_t: number; nitrogen_load_mg_l: number; id?: string | undefined; }'.
                Type 'FieldValues' is missing the following properties from type '{ type: "treatment"; description: string; flow_m3_year: number; organic_load_mg_l: number; load_type: "bod" | "cod"; treatment_type: string; sludge_removed_kg: number; methane_recovered_t: number; nitrogen_load_mg_l: number; id?: string | undefined; }': type, description, flow_m3_year, organic_load_mg_l, and 5 more.
src/components/forms/EffluentsForm.tsx(262,75): error TS2345: Argument of type '(data: { type: "disposal"; description: string; flow_m3_year: number; nitrogen_load_mg_l: number; id?: string | undefined; discharge_type?: string | undefined; }) => void' is not assignable to parameter of type 'SubmitHandler<TFieldValues>'.
  Types of parameters 'data' and 'data' are incompatible.
    Type 'TFieldValues' is not assignable to type '{ type: "disposal"; description: string; flow_m3_year: number; nitrogen_load_mg_l: number; id?: string | undefined; discharge_type?: string | undefined; }'.
      Type 'FieldValues' is missing the following properties from type '{ type: "disposal"; description: string; flow_m3_year: number; nitrogen_load_mg_l: number; id?: string | undefined; discharge_type?: string | undefined; }': type, description, flow_m3_year, nitrogen_load_mg_l
src/components/forms/EffluentsForm.tsx(263,48): error TS2322: Type 'Control<{ type: "disposal"; description: string; flow_m3_year: number; nitrogen_load_mg_l: number; id?: string | undefined; discharge_type?: string | undefined; }, any, TFieldValues>' is not assignable to type 'Control<{ type: "disposal"; description: string; flow_m3_year: number; nitrogen_load_mg_l: number; id?: string | undefined; discharge_type?: string | undefined; }, any, { type: "disposal"; description: string; flow_m3_year: number; nitrogen_load_mg_l: number; id?: string | undefined; discharge_type?: string | undefi...'.
  The types of '_options.resolver' are incompatible between these types.
    Type 'Resolver<{ type: "disposal"; description: string; flow_m3_year: number; nitrogen_load_mg_l: number; id?: string | undefined; discharge_type?: string | undefined; }, any, TFieldValues> | undefined' is not assignable to type 'Resolver<{ type: "disposal"; description: string; flow_m3_year: number; nitrogen_load_mg_l: number; id?: string | undefined; discharge_type?: string | undefined; }, any, { type: "disposal"; ... 4 more ...; discharge_type?: string | undefined; }> | undefined'.
      Type 'Resolver<{ type: "disposal"; description: string; flow_m3_year: number; nitrogen_load_mg_l: number; id?: string | undefined; discharge_type?: string | undefined; }, any, TFieldValues>' is not assignable to type 'Resolver<{ type: "disposal"; description: string; flow_m3_year: number; nitrogen_load_mg_l: number; id?: string | undefined; discharge_type?: string | undefined; }, any, { type: "disposal"; description: string; flow_m3_year: number; nitrogen_load_mg_l: number; id?: string | undefined; discharge_type?: string | undef...'.
        Type 'ResolverResult<{ type: "disposal"; description: string; flow_m3_year: number; nitrogen_load_mg_l: number; id?: string | undefined; discharge_type?: string | undefined; }, TFieldValues> | Promise<...>' is not assignable to type 'ResolverResult<{ type: "disposal"; description: string; flow_m3_year: number; nitrogen_load_mg_l: number; id?: string | undefined; discharge_type?: string | undefined; }, { type: "disposal"; description: string; flow_m3_year: number; nitrogen_load_mg_l: number; id?: string | undefined; discharge_type?: string | unde...'.
          Type 'ResolverSuccess<TFieldValues>' is not assignable to type 'ResolverResult<{ type: "disposal"; description: string; flow_m3_year: number; nitrogen_load_mg_l: number; id?: string | undefined; discharge_type?: string | undefined; }, { type: "disposal"; description: string; flow_m3_year: number; nitrogen_load_mg_l: number; id?: string | undefined; discharge_type?: string | unde...'.
            Type 'ResolverSuccess<TFieldValues>' is not assignable to type 'ResolverSuccess<{ type: "disposal"; description: string; flow_m3_year: number; nitrogen_load_mg_l: number; id?: string | undefined; discharge_type?: string | undefined; }>'.
              Type 'TFieldValues' is not assignable to type '{ type: "disposal"; description: string; flow_m3_year: number; nitrogen_load_mg_l: number; id?: string | undefined; discharge_type?: string | undefined; }'.
                Type 'FieldValues' is missing the following properties from type '{ type: "disposal"; description: string; flow_m3_year: number; nitrogen_load_mg_l: number; id?: string | undefined; discharge_type?: string | undefined; }': type, description, flow_m3_year, nitrogen_load_mg_l
src/components/forms/EffluentsForm.tsx(268,52): error TS2322: Type 'Control<{ type: "disposal"; description: string; flow_m3_year: number; nitrogen_load_mg_l: number; id?: string | undefined; discharge_type?: string | undefined; }, any, TFieldValues>' is not assignable to type 'Control<{ type: "disposal"; description: string; flow_m3_year: number; nitrogen_load_mg_l: number; id?: string | undefined; discharge_type?: string | undefined; }, any, { type: "disposal"; description: string; flow_m3_year: number; nitrogen_load_mg_l: number; id?: string | undefined; discharge_type?: string | undefi...'.
  The types of '_options.resolver' are incompatible between these types.
    Type 'Resolver<{ type: "disposal"; description: string; flow_m3_year: number; nitrogen_load_mg_l: number; id?: string | undefined; discharge_type?: string | undefined; }, any, TFieldValues> | undefined' is not assignable to type 'Resolver<{ type: "disposal"; description: string; flow_m3_year: number; nitrogen_load_mg_l: number; id?: string | undefined; discharge_type?: string | undefined; }, any, { type: "disposal"; ... 4 more ...; discharge_type?: string | undefined; }> | undefined'.
      Type 'Resolver<{ type: "disposal"; description: string; flow_m3_year: number; nitrogen_load_mg_l: number; id?: string | undefined; discharge_type?: string | undefined; }, any, TFieldValues>' is not assignable to type 'Resolver<{ type: "disposal"; description: string; flow_m3_year: number; nitrogen_load_mg_l: number; id?: string | undefined; discharge_type?: string | undefined; }, any, { type: "disposal"; description: string; flow_m3_year: number; nitrogen_load_mg_l: number; id?: string | undefined; discharge_type?: string | undef...'.
        Type 'ResolverResult<{ type: "disposal"; description: string; flow_m3_year: number; nitrogen_load_mg_l: number; id?: string | undefined; discharge_type?: string | undefined; }, TFieldValues> | Promise<...>' is not assignable to type 'ResolverResult<{ type: "disposal"; description: string; flow_m3_year: number; nitrogen_load_mg_l: number; id?: string | undefined; discharge_type?: string | undefined; }, { type: "disposal"; description: string; flow_m3_year: number; nitrogen_load_mg_l: number; id?: string | undefined; discharge_type?: string | unde...'.
          Type 'ResolverSuccess<TFieldValues>' is not assignable to type 'ResolverResult<{ type: "disposal"; description: string; flow_m3_year: number; nitrogen_load_mg_l: number; id?: string | undefined; discharge_type?: string | undefined; }, { type: "disposal"; description: string; flow_m3_year: number; nitrogen_load_mg_l: number; id?: string | undefined; discharge_type?: string | unde...'.
            Type 'ResolverSuccess<TFieldValues>' is not assignable to type 'ResolverSuccess<{ type: "disposal"; description: string; flow_m3_year: number; nitrogen_load_mg_l: number; id?: string | undefined; discharge_type?: string | undefined; }>'.
              Type 'TFieldValues' is not assignable to type '{ type: "disposal"; description: string; flow_m3_year: number; nitrogen_load_mg_l: number; id?: string | undefined; discharge_type?: string | undefined; }'.
                Type 'FieldValues' is missing the following properties from type '{ type: "disposal"; description: string; flow_m3_year: number; nitrogen_load_mg_l: number; id?: string | undefined; discharge_type?: string | undefined; }': type, description, flow_m3_year, nitrogen_load_mg_l
src/components/forms/EffluentsForm.tsx(271,52): error TS2322: Type 'Control<{ type: "disposal"; description: string; flow_m3_year: number; nitrogen_load_mg_l: number; id?: string | undefined; discharge_type?: string | undefined; }, any, TFieldValues>' is not assignable to type 'Control<{ type: "disposal"; description: string; flow_m3_year: number; nitrogen_load_mg_l: number; id?: string | undefined; discharge_type?: string | undefined; }, any, { type: "disposal"; description: string; flow_m3_year: number; nitrogen_load_mg_l: number; id?: string | undefined; discharge_type?: string | undefi...'.
  The types of '_options.resolver' are incompatible between these types.
    Type 'Resolver<{ type: "disposal"; description: string; flow_m3_year: number; nitrogen_load_mg_l: number; id?: string | undefined; discharge_type?: string | undefined; }, any, TFieldValues> | undefined' is not assignable to type 'Resolver<{ type: "disposal"; description: string; flow_m3_year: number; nitrogen_load_mg_l: number; id?: string | undefined; discharge_type?: string | undefined; }, any, { type: "disposal"; ... 4 more ...; discharge_type?: string | undefined; }> | undefined'.
      Type 'Resolver<{ type: "disposal"; description: string; flow_m3_year: number; nitrogen_load_mg_l: number; id?: string | undefined; discharge_type?: string | undefined; }, any, TFieldValues>' is not assignable to type 'Resolver<{ type: "disposal"; description: string; flow_m3_year: number; nitrogen_load_mg_l: number; id?: string | undefined; discharge_type?: string | undefined; }, any, { type: "disposal"; description: string; flow_m3_year: number; nitrogen_load_mg_l: number; id?: string | undefined; discharge_type?: string | undef...'.
        Type 'ResolverResult<{ type: "disposal"; description: string; flow_m3_year: number; nitrogen_load_mg_l: number; id?: string | undefined; discharge_type?: string | undefined; }, TFieldValues> | Promise<...>' is not assignable to type 'ResolverResult<{ type: "disposal"; description: string; flow_m3_year: number; nitrogen_load_mg_l: number; id?: string | undefined; discharge_type?: string | undefined; }, { type: "disposal"; description: string; flow_m3_year: number; nitrogen_load_mg_l: number; id?: string | undefined; discharge_type?: string | unde...'.
          Type 'ResolverSuccess<TFieldValues>' is not assignable to type 'ResolverResult<{ type: "disposal"; description: string; flow_m3_year: number; nitrogen_load_mg_l: number; id?: string | undefined; discharge_type?: string | undefined; }, { type: "disposal"; description: string; flow_m3_year: number; nitrogen_load_mg_l: number; id?: string | undefined; discharge_type?: string | unde...'.
            Type 'ResolverSuccess<TFieldValues>' is not assignable to type 'ResolverSuccess<{ type: "disposal"; description: string; flow_m3_year: number; nitrogen_load_mg_l: number; id?: string | undefined; discharge_type?: string | undefined; }>'.
              Type 'TFieldValues' is not assignable to type '{ type: "disposal"; description: string; flow_m3_year: number; nitrogen_load_mg_l: number; id?: string | undefined; discharge_type?: string | undefined; }'.
                Type 'FieldValues' is missing the following properties from type '{ type: "disposal"; description: string; flow_m3_year: number; nitrogen_load_mg_l: number; id?: string | undefined; discharge_type?: string | undefined; }': type, description, flow_m3_year, nitrogen_load_mg_l
src/components/forms/EffluentsForm.tsx(285,72): error TS2345: Argument of type '(data: { type: "other"; description: string; gas_name: string; total_emissions_tCO2e: number; biogenic_emissions_tCO2e: number; id?: string | undefined; }) => void' is not assignable to parameter of type 'SubmitHandler<TFieldValues>'.
  Types of parameters 'data' and 'data' are incompatible.
    Type 'TFieldValues' is not assignable to type '{ type: "other"; description: string; gas_name: string; total_emissions_tCO2e: number; biogenic_emissions_tCO2e: number; id?: string | undefined; }'.
      Type 'FieldValues' is missing the following properties from type '{ type: "other"; description: string; gas_name: string; total_emissions_tCO2e: number; biogenic_emissions_tCO2e: number; id?: string | undefined; }': type, description, gas_name, total_emissions_tCO2e, biogenic_emissions_tCO2e
src/components/forms/EffluentsForm.tsx(286,48): error TS2322: Type 'Control<{ type: "other"; description: string; gas_name: string; total_emissions_tCO2e: number; biogenic_emissions_tCO2e: number; id?: string | undefined; }, any, TFieldValues>' is not assignable to type 'Control<{ type: "other"; description: string; gas_name: string; total_emissions_tCO2e: number; biogenic_emissions_tCO2e: number; id?: string | undefined; }, any, { type: "other"; description: string; gas_name: string; total_emissions_tCO2e: number; biogenic_emissions_tCO2e: number; id?: string | undefined; }>'.
  The types of '_options.resolver' are incompatible between these types.
    Type 'Resolver<{ type: "other"; description: string; gas_name: string; total_emissions_tCO2e: number; biogenic_emissions_tCO2e: number; id?: string | undefined; }, any, TFieldValues> | undefined' is not assignable to type 'Resolver<{ type: "other"; description: string; gas_name: string; total_emissions_tCO2e: number; biogenic_emissions_tCO2e: number; id?: string | undefined; }, any, { type: "other"; description: string; gas_name: string; total_emissions_tCO2e: number; biogenic_emissions_tCO2e: number; id?: string | undefined; }> | und...'.
      Type 'Resolver<{ type: "other"; description: string; gas_name: string; total_emissions_tCO2e: number; biogenic_emissions_tCO2e: number; id?: string | undefined; }, any, TFieldValues>' is not assignable to type 'Resolver<{ type: "other"; description: string; gas_name: string; total_emissions_tCO2e: number; biogenic_emissions_tCO2e: number; id?: string | undefined; }, any, { type: "other"; description: string; gas_name: string; total_emissions_tCO2e: number; biogenic_emissions_tCO2e: number; id?: string | undefined; }>'.
        Type 'ResolverResult<{ type: "other"; description: string; gas_name: string; total_emissions_tCO2e: number; biogenic_emissions_tCO2e: number; id?: string | undefined; }, TFieldValues> | Promise<...>' is not assignable to type 'ResolverResult<{ type: "other"; description: string; gas_name: string; total_emissions_tCO2e: number; biogenic_emissions_tCO2e: number; id?: string | undefined; }, { type: "other"; description: string; gas_name: string; total_emissions_tCO2e: number; biogenic_emissions_tCO2e: number; id?: string | undefined; }> | Pr...'.
          Type 'ResolverSuccess<TFieldValues>' is not assignable to type 'ResolverResult<{ type: "other"; description: string; gas_name: string; total_emissions_tCO2e: number; biogenic_emissions_tCO2e: number; id?: string | undefined; }, { type: "other"; description: string; gas_name: string; total_emissions_tCO2e: number; biogenic_emissions_tCO2e: number; id?: string | undefined; }> | Pr...'.
            Type 'ResolverSuccess<TFieldValues>' is not assignable to type 'ResolverSuccess<{ type: "other"; description: string; gas_name: string; total_emissions_tCO2e: number; biogenic_emissions_tCO2e: number; id?: string | undefined; }>'.
              Type 'TFieldValues' is not assignable to type '{ type: "other"; description: string; gas_name: string; total_emissions_tCO2e: number; biogenic_emissions_tCO2e: number; id?: string | undefined; }'.
                Type 'FieldValues' is missing the following properties from type '{ type: "other"; description: string; gas_name: string; total_emissions_tCO2e: number; biogenic_emissions_tCO2e: number; id?: string | undefined; }': type, description, gas_name, total_emissions_tCO2e, biogenic_emissions_tCO2e
src/components/forms/EffluentsForm.tsx(290,52): error TS2322: Type 'Control<{ type: "other"; description: string; gas_name: string; total_emissions_tCO2e: number; biogenic_emissions_tCO2e: number; id?: string | undefined; }, any, TFieldValues>' is not assignable to type 'Control<{ type: "other"; description: string; gas_name: string; total_emissions_tCO2e: number; biogenic_emissions_tCO2e: number; id?: string | undefined; }, any, { type: "other"; description: string; gas_name: string; total_emissions_tCO2e: number; biogenic_emissions_tCO2e: number; id?: string | undefined; }>'.
  The types of '_options.resolver' are incompatible between these types.
    Type 'Resolver<{ type: "other"; description: string; gas_name: string; total_emissions_tCO2e: number; biogenic_emissions_tCO2e: number; id?: string | undefined; }, any, TFieldValues> | undefined' is not assignable to type 'Resolver<{ type: "other"; description: string; gas_name: string; total_emissions_tCO2e: number; biogenic_emissions_tCO2e: number; id?: string | undefined; }, any, { type: "other"; description: string; gas_name: string; total_emissions_tCO2e: number; biogenic_emissions_tCO2e: number; id?: string | undefined; }> | und...'.
      Type 'Resolver<{ type: "other"; description: string; gas_name: string; total_emissions_tCO2e: number; biogenic_emissions_tCO2e: number; id?: string | undefined; }, any, TFieldValues>' is not assignable to type 'Resolver<{ type: "other"; description: string; gas_name: string; total_emissions_tCO2e: number; biogenic_emissions_tCO2e: number; id?: string | undefined; }, any, { type: "other"; description: string; gas_name: string; total_emissions_tCO2e: number; biogenic_emissions_tCO2e: number; id?: string | undefined; }>'.
        Type 'ResolverResult<{ type: "other"; description: string; gas_name: string; total_emissions_tCO2e: number; biogenic_emissions_tCO2e: number; id?: string | undefined; }, TFieldValues> | Promise<...>' is not assignable to type 'ResolverResult<{ type: "other"; description: string; gas_name: string; total_emissions_tCO2e: number; biogenic_emissions_tCO2e: number; id?: string | undefined; }, { type: "other"; description: string; gas_name: string; total_emissions_tCO2e: number; biogenic_emissions_tCO2e: number; id?: string | undefined; }> | Pr...'.
          Type 'ResolverSuccess<TFieldValues>' is not assignable to type 'ResolverResult<{ type: "other"; description: string; gas_name: string; total_emissions_tCO2e: number; biogenic_emissions_tCO2e: number; id?: string | undefined; }, { type: "other"; description: string; gas_name: string; total_emissions_tCO2e: number; biogenic_emissions_tCO2e: number; id?: string | undefined; }> | Pr...'.
            Type 'ResolverSuccess<TFieldValues>' is not assignable to type 'ResolverSuccess<{ type: "other"; description: string; gas_name: string; total_emissions_tCO2e: number; biogenic_emissions_tCO2e: number; id?: string | undefined; }>'.
              Type 'TFieldValues' is not assignable to type '{ type: "other"; description: string; gas_name: string; total_emissions_tCO2e: number; biogenic_emissions_tCO2e: number; id?: string | undefined; }'.
                Type 'FieldValues' is missing the following properties from type '{ type: "other"; description: string; gas_name: string; total_emissions_tCO2e: number; biogenic_emissions_tCO2e: number; id?: string | undefined; }': type, description, gas_name, total_emissions_tCO2e, biogenic_emissions_tCO2e
src/components/forms/EffluentsForm.tsx(293,52): error TS2322: Type 'Control<{ type: "other"; description: string; gas_name: string; total_emissions_tCO2e: number; biogenic_emissions_tCO2e: number; id?: string | undefined; }, any, TFieldValues>' is not assignable to type 'Control<{ type: "other"; description: string; gas_name: string; total_emissions_tCO2e: number; biogenic_emissions_tCO2e: number; id?: string | undefined; }, any, { type: "other"; description: string; gas_name: string; total_emissions_tCO2e: number; biogenic_emissions_tCO2e: number; id?: string | undefined; }>'.
  The types of '_options.resolver' are incompatible between these types.
    Type 'Resolver<{ type: "other"; description: string; gas_name: string; total_emissions_tCO2e: number; biogenic_emissions_tCO2e: number; id?: string | undefined; }, any, TFieldValues> | undefined' is not assignable to type 'Resolver<{ type: "other"; description: string; gas_name: string; total_emissions_tCO2e: number; biogenic_emissions_tCO2e: number; id?: string | undefined; }, any, { type: "other"; description: string; gas_name: string; total_emissions_tCO2e: number; biogenic_emissions_tCO2e: number; id?: string | undefined; }> | und...'.
      Type 'Resolver<{ type: "other"; description: string; gas_name: string; total_emissions_tCO2e: number; biogenic_emissions_tCO2e: number; id?: string | undefined; }, any, TFieldValues>' is not assignable to type 'Resolver<{ type: "other"; description: string; gas_name: string; total_emissions_tCO2e: number; biogenic_emissions_tCO2e: number; id?: string | undefined; }, any, { type: "other"; description: string; gas_name: string; total_emissions_tCO2e: number; biogenic_emissions_tCO2e: number; id?: string | undefined; }>'.
        Type 'ResolverResult<{ type: "other"; description: string; gas_name: string; total_emissions_tCO2e: number; biogenic_emissions_tCO2e: number; id?: string | undefined; }, TFieldValues> | Promise<...>' is not assignable to type 'ResolverResult<{ type: "other"; description: string; gas_name: string; total_emissions_tCO2e: number; biogenic_emissions_tCO2e: number; id?: string | undefined; }, { type: "other"; description: string; gas_name: string; total_emissions_tCO2e: number; biogenic_emissions_tCO2e: number; id?: string | undefined; }> | Pr...'.
          Type 'ResolverSuccess<TFieldValues>' is not assignable to type 'ResolverResult<{ type: "other"; description: string; gas_name: string; total_emissions_tCO2e: number; biogenic_emissions_tCO2e: number; id?: string | undefined; }, { type: "other"; description: string; gas_name: string; total_emissions_tCO2e: number; biogenic_emissions_tCO2e: number; id?: string | undefined; }> | Pr...'.
            Type 'ResolverSuccess<TFieldValues>' is not assignable to type 'ResolverSuccess<{ type: "other"; description: string; gas_name: string; total_emissions_tCO2e: number; biogenic_emissions_tCO2e: number; id?: string | undefined; }>'.
              Type 'TFieldValues' is not assignable to type '{ type: "other"; description: string; gas_name: string; total_emissions_tCO2e: number; biogenic_emissions_tCO2e: number; id?: string | undefined; }'.
                Type 'FieldValues' is missing the following properties from type '{ type: "other"; description: string; gas_name: string; total_emissions_tCO2e: number; biogenic_emissions_tCO2e: number; id?: string | undefined; }': type, description, gas_name, total_emissions_tCO2e, biogenic_emissions_tCO2e
src/components/forms/FugitiveEmissionsForm.tsx(66,9): error TS2322: Type 'Resolver<{ description: string; gasId: string; method: "balance" | "direct"; stockStart?: unknown; stockEnd?: unknown; purchased?: unknown; emissionsInput?: unknown; }, any, { description: string; gasId: string; method: "balance" | "direct"; stockStart?: number | undefined; stockEnd?: number | undefined; purchased?:...' is not assignable to type 'Resolver<{ description: string; gasId: string; method: "balance" | "direct"; stockStart?: number | undefined; stockEnd?: number | undefined; purchased?: number | undefined; emissionsInput?: number | undefined; }, any, { ...; }>'.
  Types of parameters 'options' and 'options' are incompatible.
    Type 'ResolverOptions<{ description: string; gasId: string; method: "balance" | "direct"; stockStart?: number | undefined; stockEnd?: number | undefined; purchased?: number | undefined; emissionsInput?: number | undefined; }>' is not assignable to type 'ResolverOptions<{ description: string; gasId: string; method: "balance" | "direct"; stockStart?: unknown; stockEnd?: unknown; purchased?: unknown; emissionsInput?: unknown; }>'.
      Type 'unknown' is not assignable to type 'number | undefined'.
src/components/forms/FugitiveEmissionsForm.tsx(120,55): error TS2345: Argument of type '(data: { description: string; gasId: string; method: "balance" | "direct"; stockStart?: number | undefined; stockEnd?: number | undefined; purchased?: number | undefined; emissionsInput?: number | undefined; }) => void' is not assignable to parameter of type 'SubmitHandler<TFieldValues>'.
  Types of parameters 'data' and 'data' are incompatible.
    Type 'TFieldValues' is not assignable to type '{ description: string; gasId: string; method: "balance" | "direct"; stockStart?: number | undefined; stockEnd?: number | undefined; purchased?: number | undefined; emissionsInput?: number | undefined; }'.
      Type 'FieldValues' is missing the following properties from type '{ description: string; gasId: string; method: "balance" | "direct"; stockStart?: number | undefined; stockEnd?: number | undefined; purchased?: number | undefined; emissionsInput?: number | undefined; }': description, gasId, method
src/components/forms/FugitiveEmissionsForm.tsx(123,29): error TS2322: Type 'Control<{ description: string; gasId: string; method: "balance" | "direct"; stockStart?: number | undefined; stockEnd?: number | undefined; purchased?: number | undefined; emissionsInput?: number | undefined; }, any, TFieldValues>' is not assignable to type 'Control<{ description: string; gasId: string; method: "balance" | "direct"; stockStart?: number | undefined; stockEnd?: number | undefined; purchased?: number | undefined; emissionsInput?: number | undefined; }, any, { ...; }>'.
  The types of '_options.resolver' are incompatible between these types.
    Type 'Resolver<{ description: string; gasId: string; method: "balance" | "direct"; stockStart?: number | undefined; stockEnd?: number | undefined; purchased?: number | undefined; emissionsInput?: number | undefined; }, any, TFieldValues> | undefined' is not assignable to type 'Resolver<{ description: string; gasId: string; method: "balance" | "direct"; stockStart?: number | undefined; stockEnd?: number | undefined; purchased?: number | undefined; emissionsInput?: number | undefined; }, any, { ...; }> | undefined'.
      Type 'Resolver<{ description: string; gasId: string; method: "balance" | "direct"; stockStart?: number | undefined; stockEnd?: number | undefined; purchased?: number | undefined; emissionsInput?: number | undefined; }, any, TFieldValues>' is not assignable to type 'Resolver<{ description: string; gasId: string; method: "balance" | "direct"; stockStart?: number | undefined; stockEnd?: number | undefined; purchased?: number | undefined; emissionsInput?: number | undefined; }, any, { ...; }>'.
        Type 'ResolverResult<{ description: string; gasId: string; method: "balance" | "direct"; stockStart?: number | undefined; stockEnd?: number | undefined; purchased?: number | undefined; emissionsInput?: number | undefined; }, TFieldValues> | Promise<...>' is not assignable to type 'ResolverResult<{ description: string; gasId: string; method: "balance" | "direct"; stockStart?: number | undefined; stockEnd?: number | undefined; purchased?: number | undefined; emissionsInput?: number | undefined; }, { ...; }> | Promise<...>'.
          Type 'ResolverSuccess<TFieldValues>' is not assignable to type 'ResolverResult<{ description: string; gasId: string; method: "balance" | "direct"; stockStart?: number | undefined; stockEnd?: number | undefined; purchased?: number | undefined; emissionsInput?: number | undefined; }, { ...; }> | Promise<...>'.
            Type 'ResolverSuccess<TFieldValues>' is not assignable to type 'ResolverSuccess<{ description: string; gasId: string; method: "balance" | "direct"; stockStart?: number | undefined; stockEnd?: number | undefined; purchased?: number | undefined; emissionsInput?: number | undefined; }>'.
              Type 'TFieldValues' is not assignable to type '{ description: string; gasId: string; method: "balance" | "direct"; stockStart?: number | undefined; stockEnd?: number | undefined; purchased?: number | undefined; emissionsInput?: number | undefined; }'.
                Type 'FieldValues' is missing the following properties from type '{ description: string; gasId: string; method: "balance" | "direct"; stockStart?: number | undefined; stockEnd?: number | undefined; purchased?: number | undefined; emissionsInput?: number | undefined; }': description, gasId, method
src/components/forms/FugitiveEmissionsForm.tsx(163,33): error TS2322: Type 'Control<{ description: string; gasId: string; method: "balance" | "direct"; stockStart?: number | undefined; stockEnd?: number | undefined; purchased?: number | undefined; emissionsInput?: number | undefined; }, any, TFieldValues>' is not assignable to type 'Control<{ description: string; gasId: string; method: "balance" | "direct"; stockStart?: number | undefined; stockEnd?: number | undefined; purchased?: number | undefined; emissionsInput?: number | undefined; }, any, { ...; }>'.
  The types of '_options.resolver' are incompatible between these types.
    Type 'Resolver<{ description: string; gasId: string; method: "balance" | "direct"; stockStart?: number | undefined; stockEnd?: number | undefined; purchased?: number | undefined; emissionsInput?: number | undefined; }, any, TFieldValues> | undefined' is not assignable to type 'Resolver<{ description: string; gasId: string; method: "balance" | "direct"; stockStart?: number | undefined; stockEnd?: number | undefined; purchased?: number | undefined; emissionsInput?: number | undefined; }, any, { ...; }> | undefined'.
      Type 'Resolver<{ description: string; gasId: string; method: "balance" | "direct"; stockStart?: number | undefined; stockEnd?: number | undefined; purchased?: number | undefined; emissionsInput?: number | undefined; }, any, TFieldValues>' is not assignable to type 'Resolver<{ description: string; gasId: string; method: "balance" | "direct"; stockStart?: number | undefined; stockEnd?: number | undefined; purchased?: number | undefined; emissionsInput?: number | undefined; }, any, { ...; }>'.
        Type 'ResolverResult<{ description: string; gasId: string; method: "balance" | "direct"; stockStart?: number | undefined; stockEnd?: number | undefined; purchased?: number | undefined; emissionsInput?: number | undefined; }, TFieldValues> | Promise<...>' is not assignable to type 'ResolverResult<{ description: string; gasId: string; method: "balance" | "direct"; stockStart?: number | undefined; stockEnd?: number | undefined; purchased?: number | undefined; emissionsInput?: number | undefined; }, { ...; }> | Promise<...>'.
          Type 'ResolverSuccess<TFieldValues>' is not assignable to type 'ResolverResult<{ description: string; gasId: string; method: "balance" | "direct"; stockStart?: number | undefined; stockEnd?: number | undefined; purchased?: number | undefined; emissionsInput?: number | undefined; }, { ...; }> | Promise<...>'.
            Type 'ResolverSuccess<TFieldValues>' is not assignable to type 'ResolverSuccess<{ description: string; gasId: string; method: "balance" | "direct"; stockStart?: number | undefined; stockEnd?: number | undefined; purchased?: number | undefined; emissionsInput?: number | undefined; }>'.
              Type 'TFieldValues' is not assignable to type '{ description: string; gasId: string; method: "balance" | "direct"; stockStart?: number | undefined; stockEnd?: number | undefined; purchased?: number | undefined; emissionsInput?: number | undefined; }'.
                Type 'FieldValues' is missing the following properties from type '{ description: string; gasId: string; method: "balance" | "direct"; stockStart?: number | undefined; stockEnd?: number | undefined; purchased?: number | undefined; emissionsInput?: number | undefined; }': description, gasId, method
src/components/forms/FugitiveEmissionsForm.tsx(177,33): error TS2322: Type 'Control<{ description: string; gasId: string; method: "balance" | "direct"; stockStart?: number | undefined; stockEnd?: number | undefined; purchased?: number | undefined; emissionsInput?: number | undefined; }, any, TFieldValues>' is not assignable to type 'Control<{ description: string; gasId: string; method: "balance" | "direct"; stockStart?: number | undefined; stockEnd?: number | undefined; purchased?: number | undefined; emissionsInput?: number | undefined; }, any, { ...; }>'.
  The types of '_options.resolver' are incompatible between these types.
    Type 'Resolver<{ description: string; gasId: string; method: "balance" | "direct"; stockStart?: number | undefined; stockEnd?: number | undefined; purchased?: number | undefined; emissionsInput?: number | undefined; }, any, TFieldValues> | undefined' is not assignable to type 'Resolver<{ description: string; gasId: string; method: "balance" | "direct"; stockStart?: number | undefined; stockEnd?: number | undefined; purchased?: number | undefined; emissionsInput?: number | undefined; }, any, { ...; }> | undefined'.
      Type 'Resolver<{ description: string; gasId: string; method: "balance" | "direct"; stockStart?: number | undefined; stockEnd?: number | undefined; purchased?: number | undefined; emissionsInput?: number | undefined; }, any, TFieldValues>' is not assignable to type 'Resolver<{ description: string; gasId: string; method: "balance" | "direct"; stockStart?: number | undefined; stockEnd?: number | undefined; purchased?: number | undefined; emissionsInput?: number | undefined; }, any, { ...; }>'.
        Type 'ResolverResult<{ description: string; gasId: string; method: "balance" | "direct"; stockStart?: number | undefined; stockEnd?: number | undefined; purchased?: number | undefined; emissionsInput?: number | undefined; }, TFieldValues> | Promise<...>' is not assignable to type 'ResolverResult<{ description: string; gasId: string; method: "balance" | "direct"; stockStart?: number | undefined; stockEnd?: number | undefined; purchased?: number | undefined; emissionsInput?: number | undefined; }, { ...; }> | Promise<...>'.
          Type 'ResolverSuccess<TFieldValues>' is not assignable to type 'ResolverResult<{ description: string; gasId: string; method: "balance" | "direct"; stockStart?: number | undefined; stockEnd?: number | undefined; purchased?: number | undefined; emissionsInput?: number | undefined; }, { ...; }> | Promise<...>'.
            Type 'ResolverSuccess<TFieldValues>' is not assignable to type 'ResolverSuccess<{ description: string; gasId: string; method: "balance" | "direct"; stockStart?: number | undefined; stockEnd?: number | undefined; purchased?: number | undefined; emissionsInput?: number | undefined; }>'.
              Type 'TFieldValues' is not assignable to type '{ description: string; gasId: string; method: "balance" | "direct"; stockStart?: number | undefined; stockEnd?: number | undefined; purchased?: number | undefined; emissionsInput?: number | undefined; }'.
                Type 'FieldValues' is missing the following properties from type '{ description: string; gasId: string; method: "balance" | "direct"; stockStart?: number | undefined; stockEnd?: number | undefined; purchased?: number | undefined; emissionsInput?: number | undefined; }': description, gasId, method
src/components/forms/FugitiveEmissionsForm.tsx(205,37): error TS2322: Type 'Control<{ description: string; gasId: string; method: "balance" | "direct"; stockStart?: number | undefined; stockEnd?: number | undefined; purchased?: number | undefined; emissionsInput?: number | undefined; }, any, TFieldValues>' is not assignable to type 'Control<{ description: string; gasId: string; method: "balance" | "direct"; stockStart?: number | undefined; stockEnd?: number | undefined; purchased?: number | undefined; emissionsInput?: number | undefined; }, any, { ...; }>'.
  The types of '_options.resolver' are incompatible between these types.
    Type 'Resolver<{ description: string; gasId: string; method: "balance" | "direct"; stockStart?: number | undefined; stockEnd?: number | undefined; purchased?: number | undefined; emissionsInput?: number | undefined; }, any, TFieldValues> | undefined' is not assignable to type 'Resolver<{ description: string; gasId: string; method: "balance" | "direct"; stockStart?: number | undefined; stockEnd?: number | undefined; purchased?: number | undefined; emissionsInput?: number | undefined; }, any, { ...; }> | undefined'.
      Type 'Resolver<{ description: string; gasId: string; method: "balance" | "direct"; stockStart?: number | undefined; stockEnd?: number | undefined; purchased?: number | undefined; emissionsInput?: number | undefined; }, any, TFieldValues>' is not assignable to type 'Resolver<{ description: string; gasId: string; method: "balance" | "direct"; stockStart?: number | undefined; stockEnd?: number | undefined; purchased?: number | undefined; emissionsInput?: number | undefined; }, any, { ...; }>'.
        Type 'ResolverResult<{ description: string; gasId: string; method: "balance" | "direct"; stockStart?: number | undefined; stockEnd?: number | undefined; purchased?: number | undefined; emissionsInput?: number | undefined; }, TFieldValues> | Promise<...>' is not assignable to type 'ResolverResult<{ description: string; gasId: string; method: "balance" | "direct"; stockStart?: number | undefined; stockEnd?: number | undefined; purchased?: number | undefined; emissionsInput?: number | undefined; }, { ...; }> | Promise<...>'.
          Type 'ResolverSuccess<TFieldValues>' is not assignable to type 'ResolverResult<{ description: string; gasId: string; method: "balance" | "direct"; stockStart?: number | undefined; stockEnd?: number | undefined; purchased?: number | undefined; emissionsInput?: number | undefined; }, { ...; }> | Promise<...>'.
            Type 'ResolverSuccess<TFieldValues>' is not assignable to type 'ResolverSuccess<{ description: string; gasId: string; method: "balance" | "direct"; stockStart?: number | undefined; stockEnd?: number | undefined; purchased?: number | undefined; emissionsInput?: number | undefined; }>'.
              Type 'TFieldValues' is not assignable to type '{ description: string; gasId: string; method: "balance" | "direct"; stockStart?: number | undefined; stockEnd?: number | undefined; purchased?: number | undefined; emissionsInput?: number | undefined; }'.
                Type 'FieldValues' is missing the following properties from type '{ description: string; gasId: string; method: "balance" | "direct"; stockStart?: number | undefined; stockEnd?: number | undefined; purchased?: number | undefined; emissionsInput?: number | undefined; }': description, gasId, method
src/components/forms/FugitiveEmissionsForm.tsx(218,37): error TS2322: Type 'Control<{ description: string; gasId: string; method: "balance" | "direct"; stockStart?: number | undefined; stockEnd?: number | undefined; purchased?: number | undefined; emissionsInput?: number | undefined; }, any, TFieldValues>' is not assignable to type 'Control<{ description: string; gasId: string; method: "balance" | "direct"; stockStart?: number | undefined; stockEnd?: number | undefined; purchased?: number | undefined; emissionsInput?: number | undefined; }, any, { ...; }>'.
  The types of '_options.resolver' are incompatible between these types.
    Type 'Resolver<{ description: string; gasId: string; method: "balance" | "direct"; stockStart?: number | undefined; stockEnd?: number | undefined; purchased?: number | undefined; emissionsInput?: number | undefined; }, any, TFieldValues> | undefined' is not assignable to type 'Resolver<{ description: string; gasId: string; method: "balance" | "direct"; stockStart?: number | undefined; stockEnd?: number | undefined; purchased?: number | undefined; emissionsInput?: number | undefined; }, any, { ...; }> | undefined'.
      Type 'Resolver<{ description: string; gasId: string; method: "balance" | "direct"; stockStart?: number | undefined; stockEnd?: number | undefined; purchased?: number | undefined; emissionsInput?: number | undefined; }, any, TFieldValues>' is not assignable to type 'Resolver<{ description: string; gasId: string; method: "balance" | "direct"; stockStart?: number | undefined; stockEnd?: number | undefined; purchased?: number | undefined; emissionsInput?: number | undefined; }, any, { ...; }>'.
        Type 'ResolverResult<{ description: string; gasId: string; method: "balance" | "direct"; stockStart?: number | undefined; stockEnd?: number | undefined; purchased?: number | undefined; emissionsInput?: number | undefined; }, TFieldValues> | Promise<...>' is not assignable to type 'ResolverResult<{ description: string; gasId: string; method: "balance" | "direct"; stockStart?: number | undefined; stockEnd?: number | undefined; purchased?: number | undefined; emissionsInput?: number | undefined; }, { ...; }> | Promise<...>'.
          Type 'ResolverSuccess<TFieldValues>' is not assignable to type 'ResolverResult<{ description: string; gasId: string; method: "balance" | "direct"; stockStart?: number | undefined; stockEnd?: number | undefined; purchased?: number | undefined; emissionsInput?: number | undefined; }, { ...; }> | Promise<...>'.
            Type 'ResolverSuccess<TFieldValues>' is not assignable to type 'ResolverSuccess<{ description: string; gasId: string; method: "balance" | "direct"; stockStart?: number | undefined; stockEnd?: number | undefined; purchased?: number | undefined; emissionsInput?: number | undefined; }>'.
              Type 'TFieldValues' is not assignable to type '{ description: string; gasId: string; method: "balance" | "direct"; stockStart?: number | undefined; stockEnd?: number | undefined; purchased?: number | undefined; emissionsInput?: number | undefined; }'.
                Type 'FieldValues' is missing the following properties from type '{ description: string; gasId: string; method: "balance" | "direct"; stockStart?: number | undefined; stockEnd?: number | undefined; purchased?: number | undefined; emissionsInput?: number | undefined; }': description, gasId, method
src/components/forms/FugitiveEmissionsForm.tsx(231,37): error TS2322: Type 'Control<{ description: string; gasId: string; method: "balance" | "direct"; stockStart?: number | undefined; stockEnd?: number | undefined; purchased?: number | undefined; emissionsInput?: number | undefined; }, any, TFieldValues>' is not assignable to type 'Control<{ description: string; gasId: string; method: "balance" | "direct"; stockStart?: number | undefined; stockEnd?: number | undefined; purchased?: number | undefined; emissionsInput?: number | undefined; }, any, { ...; }>'.
  The types of '_options.resolver' are incompatible between these types.
    Type 'Resolver<{ description: string; gasId: string; method: "balance" | "direct"; stockStart?: number | undefined; stockEnd?: number | undefined; purchased?: number | undefined; emissionsInput?: number | undefined; }, any, TFieldValues> | undefined' is not assignable to type 'Resolver<{ description: string; gasId: string; method: "balance" | "direct"; stockStart?: number | undefined; stockEnd?: number | undefined; purchased?: number | undefined; emissionsInput?: number | undefined; }, any, { ...; }> | undefined'.
      Type 'Resolver<{ description: string; gasId: string; method: "balance" | "direct"; stockStart?: number | undefined; stockEnd?: number | undefined; purchased?: number | undefined; emissionsInput?: number | undefined; }, any, TFieldValues>' is not assignable to type 'Resolver<{ description: string; gasId: string; method: "balance" | "direct"; stockStart?: number | undefined; stockEnd?: number | undefined; purchased?: number | undefined; emissionsInput?: number | undefined; }, any, { ...; }>'.
        Type 'ResolverResult<{ description: string; gasId: string; method: "balance" | "direct"; stockStart?: number | undefined; stockEnd?: number | undefined; purchased?: number | undefined; emissionsInput?: number | undefined; }, TFieldValues> | Promise<...>' is not assignable to type 'ResolverResult<{ description: string; gasId: string; method: "balance" | "direct"; stockStart?: number | undefined; stockEnd?: number | undefined; purchased?: number | undefined; emissionsInput?: number | undefined; }, { ...; }> | Promise<...>'.
          Type 'ResolverSuccess<TFieldValues>' is not assignable to type 'ResolverResult<{ description: string; gasId: string; method: "balance" | "direct"; stockStart?: number | undefined; stockEnd?: number | undefined; purchased?: number | undefined; emissionsInput?: number | undefined; }, { ...; }> | Promise<...>'.
            Type 'ResolverSuccess<TFieldValues>' is not assignable to type 'ResolverSuccess<{ description: string; gasId: string; method: "balance" | "direct"; stockStart?: number | undefined; stockEnd?: number | undefined; purchased?: number | undefined; emissionsInput?: number | undefined; }>'.
              Type 'TFieldValues' is not assignable to type '{ description: string; gasId: string; method: "balance" | "direct"; stockStart?: number | undefined; stockEnd?: number | undefined; purchased?: number | undefined; emissionsInput?: number | undefined; }'.
                Type 'FieldValues' is missing the following properties from type '{ description: string; gasId: string; method: "balance" | "direct"; stockStart?: number | undefined; stockEnd?: number | undefined; purchased?: number | undefined; emissionsInput?: number | undefined; }': description, gasId, method
src/components/forms/FugitiveEmissionsForm.tsx(246,33): error TS2322: Type 'Control<{ description: string; gasId: string; method: "balance" | "direct"; stockStart?: number | undefined; stockEnd?: number | undefined; purchased?: number | undefined; emissionsInput?: number | undefined; }, any, TFieldValues>' is not assignable to type 'Control<{ description: string; gasId: string; method: "balance" | "direct"; stockStart?: number | undefined; stockEnd?: number | undefined; purchased?: number | undefined; emissionsInput?: number | undefined; }, any, { ...; }>'.
  The types of '_options.resolver' are incompatible between these types.
    Type 'Resolver<{ description: string; gasId: string; method: "balance" | "direct"; stockStart?: number | undefined; stockEnd?: number | undefined; purchased?: number | undefined; emissionsInput?: number | undefined; }, any, TFieldValues> | undefined' is not assignable to type 'Resolver<{ description: string; gasId: string; method: "balance" | "direct"; stockStart?: number | undefined; stockEnd?: number | undefined; purchased?: number | undefined; emissionsInput?: number | undefined; }, any, { ...; }> | undefined'.
      Type 'Resolver<{ description: string; gasId: string; method: "balance" | "direct"; stockStart?: number | undefined; stockEnd?: number | undefined; purchased?: number | undefined; emissionsInput?: number | undefined; }, any, TFieldValues>' is not assignable to type 'Resolver<{ description: string; gasId: string; method: "balance" | "direct"; stockStart?: number | undefined; stockEnd?: number | undefined; purchased?: number | undefined; emissionsInput?: number | undefined; }, any, { ...; }>'.
        Type 'ResolverResult<{ description: string; gasId: string; method: "balance" | "direct"; stockStart?: number | undefined; stockEnd?: number | undefined; purchased?: number | undefined; emissionsInput?: number | undefined; }, TFieldValues> | Promise<...>' is not assignable to type 'ResolverResult<{ description: string; gasId: string; method: "balance" | "direct"; stockStart?: number | undefined; stockEnd?: number | undefined; purchased?: number | undefined; emissionsInput?: number | undefined; }, { ...; }> | Promise<...>'.
          Type 'ResolverSuccess<TFieldValues>' is not assignable to type 'ResolverResult<{ description: string; gasId: string; method: "balance" | "direct"; stockStart?: number | undefined; stockEnd?: number | undefined; purchased?: number | undefined; emissionsInput?: number | undefined; }, { ...; }> | Promise<...>'.
            Type 'ResolverSuccess<TFieldValues>' is not assignable to type 'ResolverSuccess<{ description: string; gasId: string; method: "balance" | "direct"; stockStart?: number | undefined; stockEnd?: number | undefined; purchased?: number | undefined; emissionsInput?: number | undefined; }>'.
              Type 'TFieldValues' is not assignable to type '{ description: string; gasId: string; method: "balance" | "direct"; stockStart?: number | undefined; stockEnd?: number | undefined; purchased?: number | undefined; emissionsInput?: number | undefined; }'.
                Type 'FieldValues' is missing the following properties from type '{ description: string; gasId: string; method: "balance" | "direct"; stockStart?: number | undefined; stockEnd?: number | undefined; purchased?: number | undefined; emissionsInput?: number | undefined; }': description, gasId, method
src/components/forms/IndustrialProcessesForm.tsx(45,33): error TS2353: Object literal may only specify known properties, and 'invalid_type_error' does not exist in type '{ error?: string | $ZodErrorMap<$ZodIssueInvalidType<unknown>> | undefined; message?: string | undefined; }'.
src/components/forms/IndustrialProcessesForm.tsx(65,9): error TS2322: Type 'Resolver<{ sourceId: string; description: string; processDescription: string; gasId: string; quantity: unknown; bio_co2_emission_t?: unknown; bio_co2_removal_t?: unknown; details?: any; }, any, { sourceId: string; description: string; ... 5 more ...; details?: any; }>' is not assignable to type 'Resolver<{ sourceId: string; description: string; processDescription: string; gasId: string; quantity: number; bio_co2_emission_t: number; bio_co2_removal_t: number; details?: any; }, any, { sourceId: string; ... 6 more ...; details?: any; }>'.
  Types of parameters 'options' and 'options' are incompatible.
    Type 'ResolverOptions<{ sourceId: string; description: string; processDescription: string; gasId: string; quantity: number; bio_co2_emission_t: number; bio_co2_removal_t: number; details?: any; }>' is not assignable to type 'ResolverOptions<{ sourceId: string; description: string; processDescription: string; gasId: string; quantity: unknown; bio_co2_emission_t?: unknown; bio_co2_removal_t?: unknown; details?: any; }>'.
      Type 'unknown' is not assignable to type 'number'.
src/components/forms/IndustrialProcessesForm.tsx(125,59): error TS2345: Argument of type '(data: { sourceId: string; description: string; processDescription: string; gasId: string; quantity: number; bio_co2_emission_t: number; bio_co2_removal_t: number; details?: any; }) => void' is not assignable to parameter of type 'SubmitHandler<TFieldValues>'.
  Types of parameters 'data' and 'data' are incompatible.
    Type 'TFieldValues' is not assignable to type '{ sourceId: string; description: string; processDescription: string; gasId: string; quantity: number; bio_co2_emission_t: number; bio_co2_removal_t: number; details?: any; }'.
      Type 'FieldValues' is missing the following properties from type '{ sourceId: string; description: string; processDescription: string; gasId: string; quantity: number; bio_co2_emission_t: number; bio_co2_removal_t: number; details?: any; }': sourceId, description, processDescription, gasId, and 3 more.
src/components/forms/IndustrialProcessesForm.tsx(129,37): error TS2322: Type 'Control<{ sourceId: string; description: string; processDescription: string; gasId: string; quantity: number; bio_co2_emission_t: number; bio_co2_removal_t: number; details?: any; }, any, TFieldValues>' is not assignable to type 'Control<{ sourceId: string; description: string; processDescription: string; gasId: string; quantity: number; bio_co2_emission_t: number; bio_co2_removal_t: number; details?: any; }, any, { sourceId: string; ... 6 more ...; details?: any; }>'.
  The types of '_options.resolver' are incompatible between these types.
    Type 'Resolver<{ sourceId: string; description: string; processDescription: string; gasId: string; quantity: number; bio_co2_emission_t: number; bio_co2_removal_t: number; details?: any; }, any, TFieldValues> | undefined' is not assignable to type 'Resolver<{ sourceId: string; description: string; processDescription: string; gasId: string; quantity: number; bio_co2_emission_t: number; bio_co2_removal_t: number; details?: any; }, any, { sourceId: string; ... 6 more ...; details?: any; }> | undefined'.
      Type 'Resolver<{ sourceId: string; description: string; processDescription: string; gasId: string; quantity: number; bio_co2_emission_t: number; bio_co2_removal_t: number; details?: any; }, any, TFieldValues>' is not assignable to type 'Resolver<{ sourceId: string; description: string; processDescription: string; gasId: string; quantity: number; bio_co2_emission_t: number; bio_co2_removal_t: number; details?: any; }, any, { sourceId: string; ... 6 more ...; details?: any; }>'.
        Type 'ResolverResult<{ sourceId: string; description: string; processDescription: string; gasId: string; quantity: number; bio_co2_emission_t: number; bio_co2_removal_t: number; details?: any; }, TFieldValues> | Promise<...>' is not assignable to type 'ResolverResult<{ sourceId: string; description: string; processDescription: string; gasId: string; quantity: number; bio_co2_emission_t: number; bio_co2_removal_t: number; details?: any; }, { sourceId: string; ... 6 more ...; details?: any; }> | Promise<...>'.
          Type 'ResolverSuccess<TFieldValues>' is not assignable to type 'ResolverResult<{ sourceId: string; description: string; processDescription: string; gasId: string; quantity: number; bio_co2_emission_t: number; bio_co2_removal_t: number; details?: any; }, { sourceId: string; ... 6 more ...; details?: any; }> | Promise<...>'.
            Type 'ResolverSuccess<TFieldValues>' is not assignable to type 'ResolverSuccess<{ sourceId: string; description: string; processDescription: string; gasId: string; quantity: number; bio_co2_emission_t: number; bio_co2_removal_t: number; details?: any; }>'.
              Type 'TFieldValues' is not assignable to type '{ sourceId: string; description: string; processDescription: string; gasId: string; quantity: number; bio_co2_emission_t: number; bio_co2_removal_t: number; details?: any; }'.
                Type 'FieldValues' is missing the following properties from type '{ sourceId: string; description: string; processDescription: string; gasId: string; quantity: number; bio_co2_emission_t: number; bio_co2_removal_t: number; details?: any; }': sourceId, description, processDescription, gasId, and 3 more.
src/components/forms/IndustrialProcessesForm.tsx(143,37): error TS2322: Type 'Control<{ sourceId: string; description: string; processDescription: string; gasId: string; quantity: number; bio_co2_emission_t: number; bio_co2_removal_t: number; details?: any; }, any, TFieldValues>' is not assignable to type 'Control<{ sourceId: string; description: string; processDescription: string; gasId: string; quantity: number; bio_co2_emission_t: number; bio_co2_removal_t: number; details?: any; }, any, { sourceId: string; ... 6 more ...; details?: any; }>'.
  The types of '_options.resolver' are incompatible between these types.
    Type 'Resolver<{ sourceId: string; description: string; processDescription: string; gasId: string; quantity: number; bio_co2_emission_t: number; bio_co2_removal_t: number; details?: any; }, any, TFieldValues> | undefined' is not assignable to type 'Resolver<{ sourceId: string; description: string; processDescription: string; gasId: string; quantity: number; bio_co2_emission_t: number; bio_co2_removal_t: number; details?: any; }, any, { sourceId: string; ... 6 more ...; details?: any; }> | undefined'.
      Type 'Resolver<{ sourceId: string; description: string; processDescription: string; gasId: string; quantity: number; bio_co2_emission_t: number; bio_co2_removal_t: number; details?: any; }, any, TFieldValues>' is not assignable to type 'Resolver<{ sourceId: string; description: string; processDescription: string; gasId: string; quantity: number; bio_co2_emission_t: number; bio_co2_removal_t: number; details?: any; }, any, { sourceId: string; ... 6 more ...; details?: any; }>'.
        Type 'ResolverResult<{ sourceId: string; description: string; processDescription: string; gasId: string; quantity: number; bio_co2_emission_t: number; bio_co2_removal_t: number; details?: any; }, TFieldValues> | Promise<...>' is not assignable to type 'ResolverResult<{ sourceId: string; description: string; processDescription: string; gasId: string; quantity: number; bio_co2_emission_t: number; bio_co2_removal_t: number; details?: any; }, { sourceId: string; ... 6 more ...; details?: any; }> | Promise<...>'.
          Type 'ResolverSuccess<TFieldValues>' is not assignable to type 'ResolverResult<{ sourceId: string; description: string; processDescription: string; gasId: string; quantity: number; bio_co2_emission_t: number; bio_co2_removal_t: number; details?: any; }, { sourceId: string; ... 6 more ...; details?: any; }> | Promise<...>'.
            Type 'ResolverSuccess<TFieldValues>' is not assignable to type 'ResolverSuccess<{ sourceId: string; description: string; processDescription: string; gasId: string; quantity: number; bio_co2_emission_t: number; bio_co2_removal_t: number; details?: any; }>'.
              Type 'TFieldValues' is not assignable to type '{ sourceId: string; description: string; processDescription: string; gasId: string; quantity: number; bio_co2_emission_t: number; bio_co2_removal_t: number; details?: any; }'.
                Type 'FieldValues' is missing the following properties from type '{ sourceId: string; description: string; processDescription: string; gasId: string; quantity: number; bio_co2_emission_t: number; bio_co2_removal_t: number; details?: any; }': sourceId, description, processDescription, gasId, and 3 more.
src/components/forms/IndustrialProcessesForm.tsx(158,33): error TS2322: Type 'Control<{ sourceId: string; description: string; processDescription: string; gasId: string; quantity: number; bio_co2_emission_t: number; bio_co2_removal_t: number; details?: any; }, any, TFieldValues>' is not assignable to type 'Control<{ sourceId: string; description: string; processDescription: string; gasId: string; quantity: number; bio_co2_emission_t: number; bio_co2_removal_t: number; details?: any; }, any, { sourceId: string; ... 6 more ...; details?: any; }>'.
  The types of '_options.resolver' are incompatible between these types.
    Type 'Resolver<{ sourceId: string; description: string; processDescription: string; gasId: string; quantity: number; bio_co2_emission_t: number; bio_co2_removal_t: number; details?: any; }, any, TFieldValues> | undefined' is not assignable to type 'Resolver<{ sourceId: string; description: string; processDescription: string; gasId: string; quantity: number; bio_co2_emission_t: number; bio_co2_removal_t: number; details?: any; }, any, { sourceId: string; ... 6 more ...; details?: any; }> | undefined'.
      Type 'Resolver<{ sourceId: string; description: string; processDescription: string; gasId: string; quantity: number; bio_co2_emission_t: number; bio_co2_removal_t: number; details?: any; }, any, TFieldValues>' is not assignable to type 'Resolver<{ sourceId: string; description: string; processDescription: string; gasId: string; quantity: number; bio_co2_emission_t: number; bio_co2_removal_t: number; details?: any; }, any, { sourceId: string; ... 6 more ...; details?: any; }>'.
        Type 'ResolverResult<{ sourceId: string; description: string; processDescription: string; gasId: string; quantity: number; bio_co2_emission_t: number; bio_co2_removal_t: number; details?: any; }, TFieldValues> | Promise<...>' is not assignable to type 'ResolverResult<{ sourceId: string; description: string; processDescription: string; gasId: string; quantity: number; bio_co2_emission_t: number; bio_co2_removal_t: number; details?: any; }, { sourceId: string; ... 6 more ...; details?: any; }> | Promise<...>'.
          Type 'ResolverSuccess<TFieldValues>' is not assignable to type 'ResolverResult<{ sourceId: string; description: string; processDescription: string; gasId: string; quantity: number; bio_co2_emission_t: number; bio_co2_removal_t: number; details?: any; }, { sourceId: string; ... 6 more ...; details?: any; }> | Promise<...>'.
            Type 'ResolverSuccess<TFieldValues>' is not assignable to type 'ResolverSuccess<{ sourceId: string; description: string; processDescription: string; gasId: string; quantity: number; bio_co2_emission_t: number; bio_co2_removal_t: number; details?: any; }>'.
              Type 'TFieldValues' is not assignable to type '{ sourceId: string; description: string; processDescription: string; gasId: string; quantity: number; bio_co2_emission_t: number; bio_co2_removal_t: number; details?: any; }'.
                Type 'FieldValues' is missing the following properties from type '{ sourceId: string; description: string; processDescription: string; gasId: string; quantity: number; bio_co2_emission_t: number; bio_co2_removal_t: number; details?: any; }': sourceId, description, processDescription, gasId, and 3 more.
src/components/forms/IndustrialProcessesForm.tsx(173,37): error TS2322: Type 'Control<{ sourceId: string; description: string; processDescription: string; gasId: string; quantity: number; bio_co2_emission_t: number; bio_co2_removal_t: number; details?: any; }, any, TFieldValues>' is not assignable to type 'Control<{ sourceId: string; description: string; processDescription: string; gasId: string; quantity: number; bio_co2_emission_t: number; bio_co2_removal_t: number; details?: any; }, any, { sourceId: string; ... 6 more ...; details?: any; }>'.
  The types of '_options.resolver' are incompatible between these types.
    Type 'Resolver<{ sourceId: string; description: string; processDescription: string; gasId: string; quantity: number; bio_co2_emission_t: number; bio_co2_removal_t: number; details?: any; }, any, TFieldValues> | undefined' is not assignable to type 'Resolver<{ sourceId: string; description: string; processDescription: string; gasId: string; quantity: number; bio_co2_emission_t: number; bio_co2_removal_t: number; details?: any; }, any, { sourceId: string; ... 6 more ...; details?: any; }> | undefined'.
      Type 'Resolver<{ sourceId: string; description: string; processDescription: string; gasId: string; quantity: number; bio_co2_emission_t: number; bio_co2_removal_t: number; details?: any; }, any, TFieldValues>' is not assignable to type 'Resolver<{ sourceId: string; description: string; processDescription: string; gasId: string; quantity: number; bio_co2_emission_t: number; bio_co2_removal_t: number; details?: any; }, any, { sourceId: string; ... 6 more ...; details?: any; }>'.
        Type 'ResolverResult<{ sourceId: string; description: string; processDescription: string; gasId: string; quantity: number; bio_co2_emission_t: number; bio_co2_removal_t: number; details?: any; }, TFieldValues> | Promise<...>' is not assignable to type 'ResolverResult<{ sourceId: string; description: string; processDescription: string; gasId: string; quantity: number; bio_co2_emission_t: number; bio_co2_removal_t: number; details?: any; }, { sourceId: string; ... 6 more ...; details?: any; }> | Promise<...>'.
          Type 'ResolverSuccess<TFieldValues>' is not assignable to type 'ResolverResult<{ sourceId: string; description: string; processDescription: string; gasId: string; quantity: number; bio_co2_emission_t: number; bio_co2_removal_t: number; details?: any; }, { sourceId: string; ... 6 more ...; details?: any; }> | Promise<...>'.
            Type 'ResolverSuccess<TFieldValues>' is not assignable to type 'ResolverSuccess<{ sourceId: string; description: string; processDescription: string; gasId: string; quantity: number; bio_co2_emission_t: number; bio_co2_removal_t: number; details?: any; }>'.
              Type 'TFieldValues' is not assignable to type '{ sourceId: string; description: string; processDescription: string; gasId: string; quantity: number; bio_co2_emission_t: number; bio_co2_removal_t: number; details?: any; }'.
                Type 'FieldValues' is missing the following properties from type '{ sourceId: string; description: string; processDescription: string; gasId: string; quantity: number; bio_co2_emission_t: number; bio_co2_removal_t: number; details?: any; }': sourceId, description, processDescription, gasId, and 3 more.
src/components/forms/IndustrialProcessesForm.tsx(198,37): error TS2322: Type 'Control<{ sourceId: string; description: string; processDescription: string; gasId: string; quantity: number; bio_co2_emission_t: number; bio_co2_removal_t: number; details?: any; }, any, TFieldValues>' is not assignable to type 'Control<{ sourceId: string; description: string; processDescription: string; gasId: string; quantity: number; bio_co2_emission_t: number; bio_co2_removal_t: number; details?: any; }, any, { sourceId: string; ... 6 more ...; details?: any; }>'.
  The types of '_options.resolver' are incompatible between these types.
    Type 'Resolver<{ sourceId: string; description: string; processDescription: string; gasId: string; quantity: number; bio_co2_emission_t: number; bio_co2_removal_t: number; details?: any; }, any, TFieldValues> | undefined' is not assignable to type 'Resolver<{ sourceId: string; description: string; processDescription: string; gasId: string; quantity: number; bio_co2_emission_t: number; bio_co2_removal_t: number; details?: any; }, any, { sourceId: string; ... 6 more ...; details?: any; }> | undefined'.
      Type 'Resolver<{ sourceId: string; description: string; processDescription: string; gasId: string; quantity: number; bio_co2_emission_t: number; bio_co2_removal_t: number; details?: any; }, any, TFieldValues>' is not assignable to type 'Resolver<{ sourceId: string; description: string; processDescription: string; gasId: string; quantity: number; bio_co2_emission_t: number; bio_co2_removal_t: number; details?: any; }, any, { sourceId: string; ... 6 more ...; details?: any; }>'.
        Type 'ResolverResult<{ sourceId: string; description: string; processDescription: string; gasId: string; quantity: number; bio_co2_emission_t: number; bio_co2_removal_t: number; details?: any; }, TFieldValues> | Promise<...>' is not assignable to type 'ResolverResult<{ sourceId: string; description: string; processDescription: string; gasId: string; quantity: number; bio_co2_emission_t: number; bio_co2_removal_t: number; details?: any; }, { sourceId: string; ... 6 more ...; details?: any; }> | Promise<...>'.
          Type 'ResolverSuccess<TFieldValues>' is not assignable to type 'ResolverResult<{ sourceId: string; description: string; processDescription: string; gasId: string; quantity: number; bio_co2_emission_t: number; bio_co2_removal_t: number; details?: any; }, { sourceId: string; ... 6 more ...; details?: any; }> | Promise<...>'.
            Type 'ResolverSuccess<TFieldValues>' is not assignable to type 'ResolverSuccess<{ sourceId: string; description: string; processDescription: string; gasId: string; quantity: number; bio_co2_emission_t: number; bio_co2_removal_t: number; details?: any; }>'.
              Type 'TFieldValues' is not assignable to type '{ sourceId: string; description: string; processDescription: string; gasId: string; quantity: number; bio_co2_emission_t: number; bio_co2_removal_t: number; details?: any; }'.
                Type 'FieldValues' is missing the following properties from type '{ sourceId: string; description: string; processDescription: string; gasId: string; quantity: number; bio_co2_emission_t: number; bio_co2_removal_t: number; details?: any; }': sourceId, description, processDescription, gasId, and 3 more.
src/components/forms/IndustrialProcessesForm.tsx(214,37): error TS2322: Type 'Control<{ sourceId: string; description: string; processDescription: string; gasId: string; quantity: number; bio_co2_emission_t: number; bio_co2_removal_t: number; details?: any; }, any, TFieldValues>' is not assignable to type 'Control<{ sourceId: string; description: string; processDescription: string; gasId: string; quantity: number; bio_co2_emission_t: number; bio_co2_removal_t: number; details?: any; }, any, { sourceId: string; ... 6 more ...; details?: any; }>'.
  The types of '_options.resolver' are incompatible between these types.
    Type 'Resolver<{ sourceId: string; description: string; processDescription: string; gasId: string; quantity: number; bio_co2_emission_t: number; bio_co2_removal_t: number; details?: any; }, any, TFieldValues> | undefined' is not assignable to type 'Resolver<{ sourceId: string; description: string; processDescription: string; gasId: string; quantity: number; bio_co2_emission_t: number; bio_co2_removal_t: number; details?: any; }, any, { sourceId: string; ... 6 more ...; details?: any; }> | undefined'.
      Type 'Resolver<{ sourceId: string; description: string; processDescription: string; gasId: string; quantity: number; bio_co2_emission_t: number; bio_co2_removal_t: number; details?: any; }, any, TFieldValues>' is not assignable to type 'Resolver<{ sourceId: string; description: string; processDescription: string; gasId: string; quantity: number; bio_co2_emission_t: number; bio_co2_removal_t: number; details?: any; }, any, { sourceId: string; ... 6 more ...; details?: any; }>'.
        Type 'ResolverResult<{ sourceId: string; description: string; processDescription: string; gasId: string; quantity: number; bio_co2_emission_t: number; bio_co2_removal_t: number; details?: any; }, TFieldValues> | Promise<...>' is not assignable to type 'ResolverResult<{ sourceId: string; description: string; processDescription: string; gasId: string; quantity: number; bio_co2_emission_t: number; bio_co2_removal_t: number; details?: any; }, { sourceId: string; ... 6 more ...; details?: any; }> | Promise<...>'.
          Type 'ResolverSuccess<TFieldValues>' is not assignable to type 'ResolverResult<{ sourceId: string; description: string; processDescription: string; gasId: string; quantity: number; bio_co2_emission_t: number; bio_co2_removal_t: number; details?: any; }, { sourceId: string; ... 6 more ...; details?: any; }> | Promise<...>'.
            Type 'ResolverSuccess<TFieldValues>' is not assignable to type 'ResolverSuccess<{ sourceId: string; description: string; processDescription: string; gasId: string; quantity: number; bio_co2_emission_t: number; bio_co2_removal_t: number; details?: any; }>'.
              Type 'TFieldValues' is not assignable to type '{ sourceId: string; description: string; processDescription: string; gasId: string; quantity: number; bio_co2_emission_t: number; bio_co2_removal_t: number; details?: any; }'.
                Type 'FieldValues' is missing the following properties from type '{ sourceId: string; description: string; processDescription: string; gasId: string; quantity: number; bio_co2_emission_t: number; bio_co2_removal_t: number; details?: any; }': sourceId, description, processDescription, gasId, and 3 more.
src/components/forms/IndustrialProcessesForm.tsx(229,37): error TS2322: Type 'Control<{ sourceId: string; description: string; processDescription: string; gasId: string; quantity: number; bio_co2_emission_t: number; bio_co2_removal_t: number; details?: any; }, any, TFieldValues>' is not assignable to type 'Control<{ sourceId: string; description: string; processDescription: string; gasId: string; quantity: number; bio_co2_emission_t: number; bio_co2_removal_t: number; details?: any; }, any, { sourceId: string; ... 6 more ...; details?: any; }>'.
  The types of '_options.resolver' are incompatible between these types.
    Type 'Resolver<{ sourceId: string; description: string; processDescription: string; gasId: string; quantity: number; bio_co2_emission_t: number; bio_co2_removal_t: number; details?: any; }, any, TFieldValues> | undefined' is not assignable to type 'Resolver<{ sourceId: string; description: string; processDescription: string; gasId: string; quantity: number; bio_co2_emission_t: number; bio_co2_removal_t: number; details?: any; }, any, { sourceId: string; ... 6 more ...; details?: any; }> | undefined'.
      Type 'Resolver<{ sourceId: string; description: string; processDescription: string; gasId: string; quantity: number; bio_co2_emission_t: number; bio_co2_removal_t: number; details?: any; }, any, TFieldValues>' is not assignable to type 'Resolver<{ sourceId: string; description: string; processDescription: string; gasId: string; quantity: number; bio_co2_emission_t: number; bio_co2_removal_t: number; details?: any; }, any, { sourceId: string; ... 6 more ...; details?: any; }>'.
        Type 'ResolverResult<{ sourceId: string; description: string; processDescription: string; gasId: string; quantity: number; bio_co2_emission_t: number; bio_co2_removal_t: number; details?: any; }, TFieldValues> | Promise<...>' is not assignable to type 'ResolverResult<{ sourceId: string; description: string; processDescription: string; gasId: string; quantity: number; bio_co2_emission_t: number; bio_co2_removal_t: number; details?: any; }, { sourceId: string; ... 6 more ...; details?: any; }> | Promise<...>'.
          Type 'ResolverSuccess<TFieldValues>' is not assignable to type 'ResolverResult<{ sourceId: string; description: string; processDescription: string; gasId: string; quantity: number; bio_co2_emission_t: number; bio_co2_removal_t: number; details?: any; }, { sourceId: string; ... 6 more ...; details?: any; }> | Promise<...>'.
            Type 'ResolverSuccess<TFieldValues>' is not assignable to type 'ResolverSuccess<{ sourceId: string; description: string; processDescription: string; gasId: string; quantity: number; bio_co2_emission_t: number; bio_co2_removal_t: number; details?: any; }>'.
              Type 'TFieldValues' is not assignable to type '{ sourceId: string; description: string; processDescription: string; gasId: string; quantity: number; bio_co2_emission_t: number; bio_co2_removal_t: number; details?: any; }'.
                Type 'FieldValues' is missing the following properties from type '{ sourceId: string; description: string; processDescription: string; gasId: string; quantity: number; bio_co2_emission_t: number; bio_co2_removal_t: number; details?: any; }': sourceId, description, processDescription, gasId, and 3 more.
src/components/forms/LandUseForm.tsx(207,67): error TS2345: Argument of type '(data: { type: "calc"; sourceId: string; description: string; initialUse: string; finalUse: string; area: number; manual_emission_tCO2e: number; bio_co2_emission_t: number; bio_co2_removal_t: number; }) => void' is not assignable to parameter of type 'SubmitHandler<TFieldValues>'.
  Types of parameters 'data' and 'data' are incompatible.
    Type 'TFieldValues' is not assignable to type '{ type: "calc"; sourceId: string; description: string; initialUse: string; finalUse: string; area: number; manual_emission_tCO2e: number; bio_co2_emission_t: number; bio_co2_removal_t: number; }'.
      Type 'FieldValues' is missing the following properties from type '{ type: "calc"; sourceId: string; description: string; initialUse: string; finalUse: string; area: number; manual_emission_tCO2e: number; bio_co2_emission_t: number; bio_co2_removal_t: number; }': type, sourceId, description, initialUse, and 5 more.
src/components/forms/LandUseForm.tsx(210,41): error TS2322: Type 'Control<{ type: "calc"; sourceId: string; description: string; initialUse: string; finalUse: string; area: number; manual_emission_tCO2e: number; bio_co2_emission_t: number; bio_co2_removal_t: number; }, any, TFieldValues>' is not assignable to type 'Control<{ type: "calc"; sourceId: string; description: string; initialUse: string; finalUse: string; area: number; manual_emission_tCO2e: number; bio_co2_emission_t: number; bio_co2_removal_t: number; }, any, { ...; }>'.
  The types of '_options.resolver' are incompatible between these types.
    Type 'Resolver<{ type: "calc"; sourceId: string; description: string; initialUse: string; finalUse: string; area: number; manual_emission_tCO2e: number; bio_co2_emission_t: number; bio_co2_removal_t: number; }, any, TFieldValues> | undefined' is not assignable to type 'Resolver<{ type: "calc"; sourceId: string; description: string; initialUse: string; finalUse: string; area: number; manual_emission_tCO2e: number; bio_co2_emission_t: number; bio_co2_removal_t: number; }, any, { ...; }> | undefined'.
      Type 'Resolver<{ type: "calc"; sourceId: string; description: string; initialUse: string; finalUse: string; area: number; manual_emission_tCO2e: number; bio_co2_emission_t: number; bio_co2_removal_t: number; }, any, TFieldValues>' is not assignable to type 'Resolver<{ type: "calc"; sourceId: string; description: string; initialUse: string; finalUse: string; area: number; manual_emission_tCO2e: number; bio_co2_emission_t: number; bio_co2_removal_t: number; }, any, { ...; }>'.
        Type 'ResolverResult<{ type: "calc"; sourceId: string; description: string; initialUse: string; finalUse: string; area: number; manual_emission_tCO2e: number; bio_co2_emission_t: number; bio_co2_removal_t: number; }, TFieldValues> | Promise<...>' is not assignable to type 'ResolverResult<{ type: "calc"; sourceId: string; description: string; initialUse: string; finalUse: string; area: number; manual_emission_tCO2e: number; bio_co2_emission_t: number; bio_co2_removal_t: number; }, { ...; }> | Promise<...>'.
          Type 'ResolverSuccess<TFieldValues>' is not assignable to type 'ResolverResult<{ type: "calc"; sourceId: string; description: string; initialUse: string; finalUse: string; area: number; manual_emission_tCO2e: number; bio_co2_emission_t: number; bio_co2_removal_t: number; }, { ...; }> | Promise<...>'.
            Type 'ResolverSuccess<TFieldValues>' is not assignable to type 'ResolverSuccess<{ type: "calc"; sourceId: string; description: string; initialUse: string; finalUse: string; area: number; manual_emission_tCO2e: number; bio_co2_emission_t: number; bio_co2_removal_t: number; }>'.
              Type 'TFieldValues' is not assignable to type '{ type: "calc"; sourceId: string; description: string; initialUse: string; finalUse: string; area: number; manual_emission_tCO2e: number; bio_co2_emission_t: number; bio_co2_removal_t: number; }'.
                Type 'FieldValues' is missing the following properties from type '{ type: "calc"; sourceId: string; description: string; initialUse: string; finalUse: string; area: number; manual_emission_tCO2e: number; bio_co2_emission_t: number; bio_co2_removal_t: number; }': type, sourceId, description, initialUse, and 5 more.
src/components/forms/LandUseForm.tsx(220,41): error TS2322: Type 'Control<{ type: "calc"; sourceId: string; description: string; initialUse: string; finalUse: string; area: number; manual_emission_tCO2e: number; bio_co2_emission_t: number; bio_co2_removal_t: number; }, any, TFieldValues>' is not assignable to type 'Control<{ type: "calc"; sourceId: string; description: string; initialUse: string; finalUse: string; area: number; manual_emission_tCO2e: number; bio_co2_emission_t: number; bio_co2_removal_t: number; }, any, { ...; }>'.
  The types of '_options.resolver' are incompatible between these types.
    Type 'Resolver<{ type: "calc"; sourceId: string; description: string; initialUse: string; finalUse: string; area: number; manual_emission_tCO2e: number; bio_co2_emission_t: number; bio_co2_removal_t: number; }, any, TFieldValues> | undefined' is not assignable to type 'Resolver<{ type: "calc"; sourceId: string; description: string; initialUse: string; finalUse: string; area: number; manual_emission_tCO2e: number; bio_co2_emission_t: number; bio_co2_removal_t: number; }, any, { ...; }> | undefined'.
      Type 'Resolver<{ type: "calc"; sourceId: string; description: string; initialUse: string; finalUse: string; area: number; manual_emission_tCO2e: number; bio_co2_emission_t: number; bio_co2_removal_t: number; }, any, TFieldValues>' is not assignable to type 'Resolver<{ type: "calc"; sourceId: string; description: string; initialUse: string; finalUse: string; area: number; manual_emission_tCO2e: number; bio_co2_emission_t: number; bio_co2_removal_t: number; }, any, { ...; }>'.
        Type 'ResolverResult<{ type: "calc"; sourceId: string; description: string; initialUse: string; finalUse: string; area: number; manual_emission_tCO2e: number; bio_co2_emission_t: number; bio_co2_removal_t: number; }, TFieldValues> | Promise<...>' is not assignable to type 'ResolverResult<{ type: "calc"; sourceId: string; description: string; initialUse: string; finalUse: string; area: number; manual_emission_tCO2e: number; bio_co2_emission_t: number; bio_co2_removal_t: number; }, { ...; }> | Promise<...>'.
          Type 'ResolverSuccess<TFieldValues>' is not assignable to type 'ResolverResult<{ type: "calc"; sourceId: string; description: string; initialUse: string; finalUse: string; area: number; manual_emission_tCO2e: number; bio_co2_emission_t: number; bio_co2_removal_t: number; }, { ...; }> | Promise<...>'.
            Type 'ResolverSuccess<TFieldValues>' is not assignable to type 'ResolverSuccess<{ type: "calc"; sourceId: string; description: string; initialUse: string; finalUse: string; area: number; manual_emission_tCO2e: number; bio_co2_emission_t: number; bio_co2_removal_t: number; }>'.
              Type 'TFieldValues' is not assignable to type '{ type: "calc"; sourceId: string; description: string; initialUse: string; finalUse: string; area: number; manual_emission_tCO2e: number; bio_co2_emission_t: number; bio_co2_removal_t: number; }'.
                Type 'FieldValues' is missing the following properties from type '{ type: "calc"; sourceId: string; description: string; initialUse: string; finalUse: string; area: number; manual_emission_tCO2e: number; bio_co2_emission_t: number; bio_co2_removal_t: number; }': type, sourceId, description, initialUse, and 5 more.
src/components/forms/LandUseForm.tsx(233,41): error TS2322: Type 'Control<{ type: "calc"; sourceId: string; description: string; initialUse: string; finalUse: string; area: number; manual_emission_tCO2e: number; bio_co2_emission_t: number; bio_co2_removal_t: number; }, any, TFieldValues>' is not assignable to type 'Control<{ type: "calc"; sourceId: string; description: string; initialUse: string; finalUse: string; area: number; manual_emission_tCO2e: number; bio_co2_emission_t: number; bio_co2_removal_t: number; }, any, { ...; }>'.
  The types of '_options.resolver' are incompatible between these types.
    Type 'Resolver<{ type: "calc"; sourceId: string; description: string; initialUse: string; finalUse: string; area: number; manual_emission_tCO2e: number; bio_co2_emission_t: number; bio_co2_removal_t: number; }, any, TFieldValues> | undefined' is not assignable to type 'Resolver<{ type: "calc"; sourceId: string; description: string; initialUse: string; finalUse: string; area: number; manual_emission_tCO2e: number; bio_co2_emission_t: number; bio_co2_removal_t: number; }, any, { ...; }> | undefined'.
      Type 'Resolver<{ type: "calc"; sourceId: string; description: string; initialUse: string; finalUse: string; area: number; manual_emission_tCO2e: number; bio_co2_emission_t: number; bio_co2_removal_t: number; }, any, TFieldValues>' is not assignable to type 'Resolver<{ type: "calc"; sourceId: string; description: string; initialUse: string; finalUse: string; area: number; manual_emission_tCO2e: number; bio_co2_emission_t: number; bio_co2_removal_t: number; }, any, { ...; }>'.
        Type 'ResolverResult<{ type: "calc"; sourceId: string; description: string; initialUse: string; finalUse: string; area: number; manual_emission_tCO2e: number; bio_co2_emission_t: number; bio_co2_removal_t: number; }, TFieldValues> | Promise<...>' is not assignable to type 'ResolverResult<{ type: "calc"; sourceId: string; description: string; initialUse: string; finalUse: string; area: number; manual_emission_tCO2e: number; bio_co2_emission_t: number; bio_co2_removal_t: number; }, { ...; }> | Promise<...>'.
          Type 'ResolverSuccess<TFieldValues>' is not assignable to type 'ResolverResult<{ type: "calc"; sourceId: string; description: string; initialUse: string; finalUse: string; area: number; manual_emission_tCO2e: number; bio_co2_emission_t: number; bio_co2_removal_t: number; }, { ...; }> | Promise<...>'.
            Type 'ResolverSuccess<TFieldValues>' is not assignable to type 'ResolverSuccess<{ type: "calc"; sourceId: string; description: string; initialUse: string; finalUse: string; area: number; manual_emission_tCO2e: number; bio_co2_emission_t: number; bio_co2_removal_t: number; }>'.
              Type 'TFieldValues' is not assignable to type '{ type: "calc"; sourceId: string; description: string; initialUse: string; finalUse: string; area: number; manual_emission_tCO2e: number; bio_co2_emission_t: number; bio_co2_removal_t: number; }'.
                Type 'FieldValues' is missing the following properties from type '{ type: "calc"; sourceId: string; description: string; initialUse: string; finalUse: string; area: number; manual_emission_tCO2e: number; bio_co2_emission_t: number; bio_co2_removal_t: number; }': type, sourceId, description, initialUse, and 5 more.
src/components/forms/LandUseForm.tsx(249,41): error TS2322: Type 'Control<{ type: "calc"; sourceId: string; description: string; initialUse: string; finalUse: string; area: number; manual_emission_tCO2e: number; bio_co2_emission_t: number; bio_co2_removal_t: number; }, any, TFieldValues>' is not assignable to type 'Control<{ type: "calc"; sourceId: string; description: string; initialUse: string; finalUse: string; area: number; manual_emission_tCO2e: number; bio_co2_emission_t: number; bio_co2_removal_t: number; }, any, { ...; }>'.
  The types of '_options.resolver' are incompatible between these types.
    Type 'Resolver<{ type: "calc"; sourceId: string; description: string; initialUse: string; finalUse: string; area: number; manual_emission_tCO2e: number; bio_co2_emission_t: number; bio_co2_removal_t: number; }, any, TFieldValues> | undefined' is not assignable to type 'Resolver<{ type: "calc"; sourceId: string; description: string; initialUse: string; finalUse: string; area: number; manual_emission_tCO2e: number; bio_co2_emission_t: number; bio_co2_removal_t: number; }, any, { ...; }> | undefined'.
      Type 'Resolver<{ type: "calc"; sourceId: string; description: string; initialUse: string; finalUse: string; area: number; manual_emission_tCO2e: number; bio_co2_emission_t: number; bio_co2_removal_t: number; }, any, TFieldValues>' is not assignable to type 'Resolver<{ type: "calc"; sourceId: string; description: string; initialUse: string; finalUse: string; area: number; manual_emission_tCO2e: number; bio_co2_emission_t: number; bio_co2_removal_t: number; }, any, { ...; }>'.
        Type 'ResolverResult<{ type: "calc"; sourceId: string; description: string; initialUse: string; finalUse: string; area: number; manual_emission_tCO2e: number; bio_co2_emission_t: number; bio_co2_removal_t: number; }, TFieldValues> | Promise<...>' is not assignable to type 'ResolverResult<{ type: "calc"; sourceId: string; description: string; initialUse: string; finalUse: string; area: number; manual_emission_tCO2e: number; bio_co2_emission_t: number; bio_co2_removal_t: number; }, { ...; }> | Promise<...>'.
          Type 'ResolverSuccess<TFieldValues>' is not assignable to type 'ResolverResult<{ type: "calc"; sourceId: string; description: string; initialUse: string; finalUse: string; area: number; manual_emission_tCO2e: number; bio_co2_emission_t: number; bio_co2_removal_t: number; }, { ...; }> | Promise<...>'.
            Type 'ResolverSuccess<TFieldValues>' is not assignable to type 'ResolverSuccess<{ type: "calc"; sourceId: string; description: string; initialUse: string; finalUse: string; area: number; manual_emission_tCO2e: number; bio_co2_emission_t: number; bio_co2_removal_t: number; }>'.
              Type 'TFieldValues' is not assignable to type '{ type: "calc"; sourceId: string; description: string; initialUse: string; finalUse: string; area: number; manual_emission_tCO2e: number; bio_co2_emission_t: number; bio_co2_removal_t: number; }'.
                Type 'FieldValues' is missing the following properties from type '{ type: "calc"; sourceId: string; description: string; initialUse: string; finalUse: string; area: number; manual_emission_tCO2e: number; bio_co2_emission_t: number; bio_co2_removal_t: number; }': type, sourceId, description, initialUse, and 5 more.
src/components/forms/LandUseForm.tsx(268,41): error TS2322: Type 'Control<{ type: "calc"; sourceId: string; description: string; initialUse: string; finalUse: string; area: number; manual_emission_tCO2e: number; bio_co2_emission_t: number; bio_co2_removal_t: number; }, any, TFieldValues>' is not assignable to type 'Control<{ type: "calc"; sourceId: string; description: string; initialUse: string; finalUse: string; area: number; manual_emission_tCO2e: number; bio_co2_emission_t: number; bio_co2_removal_t: number; }, any, { ...; }>'.
  The types of '_options.resolver' are incompatible between these types.
    Type 'Resolver<{ type: "calc"; sourceId: string; description: string; initialUse: string; finalUse: string; area: number; manual_emission_tCO2e: number; bio_co2_emission_t: number; bio_co2_removal_t: number; }, any, TFieldValues> | undefined' is not assignable to type 'Resolver<{ type: "calc"; sourceId: string; description: string; initialUse: string; finalUse: string; area: number; manual_emission_tCO2e: number; bio_co2_emission_t: number; bio_co2_removal_t: number; }, any, { ...; }> | undefined'.
      Type 'Resolver<{ type: "calc"; sourceId: string; description: string; initialUse: string; finalUse: string; area: number; manual_emission_tCO2e: number; bio_co2_emission_t: number; bio_co2_removal_t: number; }, any, TFieldValues>' is not assignable to type 'Resolver<{ type: "calc"; sourceId: string; description: string; initialUse: string; finalUse: string; area: number; manual_emission_tCO2e: number; bio_co2_emission_t: number; bio_co2_removal_t: number; }, any, { ...; }>'.
        Type 'ResolverResult<{ type: "calc"; sourceId: string; description: string; initialUse: string; finalUse: string; area: number; manual_emission_tCO2e: number; bio_co2_emission_t: number; bio_co2_removal_t: number; }, TFieldValues> | Promise<...>' is not assignable to type 'ResolverResult<{ type: "calc"; sourceId: string; description: string; initialUse: string; finalUse: string; area: number; manual_emission_tCO2e: number; bio_co2_emission_t: number; bio_co2_removal_t: number; }, { ...; }> | Promise<...>'.
          Type 'ResolverSuccess<TFieldValues>' is not assignable to type 'ResolverResult<{ type: "calc"; sourceId: string; description: string; initialUse: string; finalUse: string; area: number; manual_emission_tCO2e: number; bio_co2_emission_t: number; bio_co2_removal_t: number; }, { ...; }> | Promise<...>'.
            Type 'ResolverSuccess<TFieldValues>' is not assignable to type 'ResolverSuccess<{ type: "calc"; sourceId: string; description: string; initialUse: string; finalUse: string; area: number; manual_emission_tCO2e: number; bio_co2_emission_t: number; bio_co2_removal_t: number; }>'.
              Type 'TFieldValues' is not assignable to type '{ type: "calc"; sourceId: string; description: string; initialUse: string; finalUse: string; area: number; manual_emission_tCO2e: number; bio_co2_emission_t: number; bio_co2_removal_t: number; }'.
                Type 'FieldValues' is missing the following properties from type '{ type: "calc"; sourceId: string; description: string; initialUse: string; finalUse: string; area: number; manual_emission_tCO2e: number; bio_co2_emission_t: number; bio_co2_removal_t: number; }': type, sourceId, description, initialUse, and 5 more.
src/components/forms/LandUseForm.tsx(287,41): error TS2322: Type 'Control<{ type: "calc"; sourceId: string; description: string; initialUse: string; finalUse: string; area: number; manual_emission_tCO2e: number; bio_co2_emission_t: number; bio_co2_removal_t: number; }, any, TFieldValues>' is not assignable to type 'Control<{ type: "calc"; sourceId: string; description: string; initialUse: string; finalUse: string; area: number; manual_emission_tCO2e: number; bio_co2_emission_t: number; bio_co2_removal_t: number; }, any, { ...; }>'.
  The types of '_options.resolver' are incompatible between these types.
    Type 'Resolver<{ type: "calc"; sourceId: string; description: string; initialUse: string; finalUse: string; area: number; manual_emission_tCO2e: number; bio_co2_emission_t: number; bio_co2_removal_t: number; }, any, TFieldValues> | undefined' is not assignable to type 'Resolver<{ type: "calc"; sourceId: string; description: string; initialUse: string; finalUse: string; area: number; manual_emission_tCO2e: number; bio_co2_emission_t: number; bio_co2_removal_t: number; }, any, { ...; }> | undefined'.
      Type 'Resolver<{ type: "calc"; sourceId: string; description: string; initialUse: string; finalUse: string; area: number; manual_emission_tCO2e: number; bio_co2_emission_t: number; bio_co2_removal_t: number; }, any, TFieldValues>' is not assignable to type 'Resolver<{ type: "calc"; sourceId: string; description: string; initialUse: string; finalUse: string; area: number; manual_emission_tCO2e: number; bio_co2_emission_t: number; bio_co2_removal_t: number; }, any, { ...; }>'.
        Type 'ResolverResult<{ type: "calc"; sourceId: string; description: string; initialUse: string; finalUse: string; area: number; manual_emission_tCO2e: number; bio_co2_emission_t: number; bio_co2_removal_t: number; }, TFieldValues> | Promise<...>' is not assignable to type 'ResolverResult<{ type: "calc"; sourceId: string; description: string; initialUse: string; finalUse: string; area: number; manual_emission_tCO2e: number; bio_co2_emission_t: number; bio_co2_removal_t: number; }, { ...; }> | Promise<...>'.
          Type 'ResolverSuccess<TFieldValues>' is not assignable to type 'ResolverResult<{ type: "calc"; sourceId: string; description: string; initialUse: string; finalUse: string; area: number; manual_emission_tCO2e: number; bio_co2_emission_t: number; bio_co2_removal_t: number; }, { ...; }> | Promise<...>'.
            Type 'ResolverSuccess<TFieldValues>' is not assignable to type 'ResolverSuccess<{ type: "calc"; sourceId: string; description: string; initialUse: string; finalUse: string; area: number; manual_emission_tCO2e: number; bio_co2_emission_t: number; bio_co2_removal_t: number; }>'.
              Type 'TFieldValues' is not assignable to type '{ type: "calc"; sourceId: string; description: string; initialUse: string; finalUse: string; area: number; manual_emission_tCO2e: number; bio_co2_emission_t: number; bio_co2_removal_t: number; }'.
                Type 'FieldValues' is missing the following properties from type '{ type: "calc"; sourceId: string; description: string; initialUse: string; finalUse: string; area: number; manual_emission_tCO2e: number; bio_co2_emission_t: number; bio_co2_removal_t: number; }': type, sourceId, description, initialUse, and 5 more.
src/components/forms/LandUseForm.tsx(312,68): error TS2345: Argument of type '(data: { type: "other"; sourceId: string; description: string; activityDescription: string; gasId: string; quantity: number; bio_co2_emission_t: number; bio_co2_removal_t: number; }) => void' is not assignable to parameter of type 'SubmitHandler<TFieldValues>'.
  Types of parameters 'data' and 'data' are incompatible.
    Type 'TFieldValues' is not assignable to type '{ type: "other"; sourceId: string; description: string; activityDescription: string; gasId: string; quantity: number; bio_co2_emission_t: number; bio_co2_removal_t: number; }'.
      Type 'FieldValues' is missing the following properties from type '{ type: "other"; sourceId: string; description: string; activityDescription: string; gasId: string; quantity: number; bio_co2_emission_t: number; bio_co2_removal_t: number; }': type, sourceId, description, activityDescription, and 4 more.
src/components/forms/LandUseForm.tsx(315,41): error TS2322: Type 'Control<{ type: "other"; sourceId: string; description: string; activityDescription: string; gasId: string; quantity: number; bio_co2_emission_t: number; bio_co2_removal_t: number; }, any, TFieldValues>' is not assignable to type 'Control<{ type: "other"; sourceId: string; description: string; activityDescription: string; gasId: string; quantity: number; bio_co2_emission_t: number; bio_co2_removal_t: number; }, any, { type: "other"; ... 6 more ...; bio_co2_removal_t: number; }>'.
  The types of '_options.resolver' are incompatible between these types.
    Type 'Resolver<{ type: "other"; sourceId: string; description: string; activityDescription: string; gasId: string; quantity: number; bio_co2_emission_t: number; bio_co2_removal_t: number; }, any, TFieldValues> | undefined' is not assignable to type 'Resolver<{ type: "other"; sourceId: string; description: string; activityDescription: string; gasId: string; quantity: number; bio_co2_emission_t: number; bio_co2_removal_t: number; }, any, { type: "other"; ... 6 more ...; bio_co2_removal_t: number; }> | undefined'.
      Type 'Resolver<{ type: "other"; sourceId: string; description: string; activityDescription: string; gasId: string; quantity: number; bio_co2_emission_t: number; bio_co2_removal_t: number; }, any, TFieldValues>' is not assignable to type 'Resolver<{ type: "other"; sourceId: string; description: string; activityDescription: string; gasId: string; quantity: number; bio_co2_emission_t: number; bio_co2_removal_t: number; }, any, { type: "other"; ... 6 more ...; bio_co2_removal_t: number; }>'.
        Type 'ResolverResult<{ type: "other"; sourceId: string; description: string; activityDescription: string; gasId: string; quantity: number; bio_co2_emission_t: number; bio_co2_removal_t: number; }, TFieldValues> | Promise<...>' is not assignable to type 'ResolverResult<{ type: "other"; sourceId: string; description: string; activityDescription: string; gasId: string; quantity: number; bio_co2_emission_t: number; bio_co2_removal_t: number; }, { type: "other"; ... 6 more ...; bio_co2_removal_t: number; }> | Promise<...>'.
          Type 'ResolverSuccess<TFieldValues>' is not assignable to type 'ResolverResult<{ type: "other"; sourceId: string; description: string; activityDescription: string; gasId: string; quantity: number; bio_co2_emission_t: number; bio_co2_removal_t: number; }, { type: "other"; ... 6 more ...; bio_co2_removal_t: number; }> | Promise<...>'.
            Type 'ResolverSuccess<TFieldValues>' is not assignable to type 'ResolverSuccess<{ type: "other"; sourceId: string; description: string; activityDescription: string; gasId: string; quantity: number; bio_co2_emission_t: number; bio_co2_removal_t: number; }>'.
              Type 'TFieldValues' is not assignable to type '{ type: "other"; sourceId: string; description: string; activityDescription: string; gasId: string; quantity: number; bio_co2_emission_t: number; bio_co2_removal_t: number; }'.
                Type 'FieldValues' is missing the following properties from type '{ type: "other"; sourceId: string; description: string; activityDescription: string; gasId: string; quantity: number; bio_co2_emission_t: number; bio_co2_removal_t: number; }': type, sourceId, description, activityDescription, and 4 more.
src/components/forms/LandUseForm.tsx(325,41): error TS2322: Type 'Control<{ type: "other"; sourceId: string; description: string; activityDescription: string; gasId: string; quantity: number; bio_co2_emission_t: number; bio_co2_removal_t: number; }, any, TFieldValues>' is not assignable to type 'Control<{ type: "other"; sourceId: string; description: string; activityDescription: string; gasId: string; quantity: number; bio_co2_emission_t: number; bio_co2_removal_t: number; }, any, { type: "other"; ... 6 more ...; bio_co2_removal_t: number; }>'.
  The types of '_options.resolver' are incompatible between these types.
    Type 'Resolver<{ type: "other"; sourceId: string; description: string; activityDescription: string; gasId: string; quantity: number; bio_co2_emission_t: number; bio_co2_removal_t: number; }, any, TFieldValues> | undefined' is not assignable to type 'Resolver<{ type: "other"; sourceId: string; description: string; activityDescription: string; gasId: string; quantity: number; bio_co2_emission_t: number; bio_co2_removal_t: number; }, any, { type: "other"; ... 6 more ...; bio_co2_removal_t: number; }> | undefined'.
      Type 'Resolver<{ type: "other"; sourceId: string; description: string; activityDescription: string; gasId: string; quantity: number; bio_co2_emission_t: number; bio_co2_removal_t: number; }, any, TFieldValues>' is not assignable to type 'Resolver<{ type: "other"; sourceId: string; description: string; activityDescription: string; gasId: string; quantity: number; bio_co2_emission_t: number; bio_co2_removal_t: number; }, any, { type: "other"; ... 6 more ...; bio_co2_removal_t: number; }>'.
        Type 'ResolverResult<{ type: "other"; sourceId: string; description: string; activityDescription: string; gasId: string; quantity: number; bio_co2_emission_t: number; bio_co2_removal_t: number; }, TFieldValues> | Promise<...>' is not assignable to type 'ResolverResult<{ type: "other"; sourceId: string; description: string; activityDescription: string; gasId: string; quantity: number; bio_co2_emission_t: number; bio_co2_removal_t: number; }, { type: "other"; ... 6 more ...; bio_co2_removal_t: number; }> | Promise<...>'.
          Type 'ResolverSuccess<TFieldValues>' is not assignable to type 'ResolverResult<{ type: "other"; sourceId: string; description: string; activityDescription: string; gasId: string; quantity: number; bio_co2_emission_t: number; bio_co2_removal_t: number; }, { type: "other"; ... 6 more ...; bio_co2_removal_t: number; }> | Promise<...>'.
            Type 'ResolverSuccess<TFieldValues>' is not assignable to type 'ResolverSuccess<{ type: "other"; sourceId: string; description: string; activityDescription: string; gasId: string; quantity: number; bio_co2_emission_t: number; bio_co2_removal_t: number; }>'.
              Type 'TFieldValues' is not assignable to type '{ type: "other"; sourceId: string; description: string; activityDescription: string; gasId: string; quantity: number; bio_co2_emission_t: number; bio_co2_removal_t: number; }'.
                Type 'FieldValues' is missing the following properties from type '{ type: "other"; sourceId: string; description: string; activityDescription: string; gasId: string; quantity: number; bio_co2_emission_t: number; bio_co2_removal_t: number; }': type, sourceId, description, activityDescription, and 4 more.
src/components/forms/LandUseForm.tsx(336,37): error TS2322: Type 'Control<{ type: "other"; sourceId: string; description: string; activityDescription: string; gasId: string; quantity: number; bio_co2_emission_t: number; bio_co2_removal_t: number; }, any, TFieldValues>' is not assignable to type 'Control<{ type: "other"; sourceId: string; description: string; activityDescription: string; gasId: string; quantity: number; bio_co2_emission_t: number; bio_co2_removal_t: number; }, any, { type: "other"; ... 6 more ...; bio_co2_removal_t: number; }>'.
  The types of '_options.resolver' are incompatible between these types.
    Type 'Resolver<{ type: "other"; sourceId: string; description: string; activityDescription: string; gasId: string; quantity: number; bio_co2_emission_t: number; bio_co2_removal_t: number; }, any, TFieldValues> | undefined' is not assignable to type 'Resolver<{ type: "other"; sourceId: string; description: string; activityDescription: string; gasId: string; quantity: number; bio_co2_emission_t: number; bio_co2_removal_t: number; }, any, { type: "other"; ... 6 more ...; bio_co2_removal_t: number; }> | undefined'.
      Type 'Resolver<{ type: "other"; sourceId: string; description: string; activityDescription: string; gasId: string; quantity: number; bio_co2_emission_t: number; bio_co2_removal_t: number; }, any, TFieldValues>' is not assignable to type 'Resolver<{ type: "other"; sourceId: string; description: string; activityDescription: string; gasId: string; quantity: number; bio_co2_emission_t: number; bio_co2_removal_t: number; }, any, { type: "other"; ... 6 more ...; bio_co2_removal_t: number; }>'.
        Type 'ResolverResult<{ type: "other"; sourceId: string; description: string; activityDescription: string; gasId: string; quantity: number; bio_co2_emission_t: number; bio_co2_removal_t: number; }, TFieldValues> | Promise<...>' is not assignable to type 'ResolverResult<{ type: "other"; sourceId: string; description: string; activityDescription: string; gasId: string; quantity: number; bio_co2_emission_t: number; bio_co2_removal_t: number; }, { type: "other"; ... 6 more ...; bio_co2_removal_t: number; }> | Promise<...>'.
          Type 'ResolverSuccess<TFieldValues>' is not assignable to type 'ResolverResult<{ type: "other"; sourceId: string; description: string; activityDescription: string; gasId: string; quantity: number; bio_co2_emission_t: number; bio_co2_removal_t: number; }, { type: "other"; ... 6 more ...; bio_co2_removal_t: number; }> | Promise<...>'.
            Type 'ResolverSuccess<TFieldValues>' is not assignable to type 'ResolverSuccess<{ type: "other"; sourceId: string; description: string; activityDescription: string; gasId: string; quantity: number; bio_co2_emission_t: number; bio_co2_removal_t: number; }>'.
              Type 'TFieldValues' is not assignable to type '{ type: "other"; sourceId: string; description: string; activityDescription: string; gasId: string; quantity: number; bio_co2_emission_t: number; bio_co2_removal_t: number; }'.
                Type 'FieldValues' is missing the following properties from type '{ type: "other"; sourceId: string; description: string; activityDescription: string; gasId: string; quantity: number; bio_co2_emission_t: number; bio_co2_removal_t: number; }': type, sourceId, description, activityDescription, and 4 more.
src/components/forms/LandUseForm.tsx(347,41): error TS2322: Type 'Control<{ type: "other"; sourceId: string; description: string; activityDescription: string; gasId: string; quantity: number; bio_co2_emission_t: number; bio_co2_removal_t: number; }, any, TFieldValues>' is not assignable to type 'Control<{ type: "other"; sourceId: string; description: string; activityDescription: string; gasId: string; quantity: number; bio_co2_emission_t: number; bio_co2_removal_t: number; }, any, { type: "other"; ... 6 more ...; bio_co2_removal_t: number; }>'.
  The types of '_options.resolver' are incompatible between these types.
    Type 'Resolver<{ type: "other"; sourceId: string; description: string; activityDescription: string; gasId: string; quantity: number; bio_co2_emission_t: number; bio_co2_removal_t: number; }, any, TFieldValues> | undefined' is not assignable to type 'Resolver<{ type: "other"; sourceId: string; description: string; activityDescription: string; gasId: string; quantity: number; bio_co2_emission_t: number; bio_co2_removal_t: number; }, any, { type: "other"; ... 6 more ...; bio_co2_removal_t: number; }> | undefined'.
      Type 'Resolver<{ type: "other"; sourceId: string; description: string; activityDescription: string; gasId: string; quantity: number; bio_co2_emission_t: number; bio_co2_removal_t: number; }, any, TFieldValues>' is not assignable to type 'Resolver<{ type: "other"; sourceId: string; description: string; activityDescription: string; gasId: string; quantity: number; bio_co2_emission_t: number; bio_co2_removal_t: number; }, any, { type: "other"; ... 6 more ...; bio_co2_removal_t: number; }>'.
        Type 'ResolverResult<{ type: "other"; sourceId: string; description: string; activityDescription: string; gasId: string; quantity: number; bio_co2_emission_t: number; bio_co2_removal_t: number; }, TFieldValues> | Promise<...>' is not assignable to type 'ResolverResult<{ type: "other"; sourceId: string; description: string; activityDescription: string; gasId: string; quantity: number; bio_co2_emission_t: number; bio_co2_removal_t: number; }, { type: "other"; ... 6 more ...; bio_co2_removal_t: number; }> | Promise<...>'.
          Type 'ResolverSuccess<TFieldValues>' is not assignable to type 'ResolverResult<{ type: "other"; sourceId: string; description: string; activityDescription: string; gasId: string; quantity: number; bio_co2_emission_t: number; bio_co2_removal_t: number; }, { type: "other"; ... 6 more ...; bio_co2_removal_t: number; }> | Promise<...>'.
            Type 'ResolverSuccess<TFieldValues>' is not assignable to type 'ResolverSuccess<{ type: "other"; sourceId: string; description: string; activityDescription: string; gasId: string; quantity: number; bio_co2_emission_t: number; bio_co2_removal_t: number; }>'.
              Type 'TFieldValues' is not assignable to type '{ type: "other"; sourceId: string; description: string; activityDescription: string; gasId: string; quantity: number; bio_co2_emission_t: number; bio_co2_removal_t: number; }'.
                Type 'FieldValues' is missing the following properties from type '{ type: "other"; sourceId: string; description: string; activityDescription: string; gasId: string; quantity: number; bio_co2_emission_t: number; bio_co2_removal_t: number; }': type, sourceId, description, activityDescription, and 4 more.
src/components/forms/LandUseForm.tsx(376,41): error TS2322: Type 'Control<{ type: "other"; sourceId: string; description: string; activityDescription: string; gasId: string; quantity: number; bio_co2_emission_t: number; bio_co2_removal_t: number; }, any, TFieldValues>' is not assignable to type 'Control<{ type: "other"; sourceId: string; description: string; activityDescription: string; gasId: string; quantity: number; bio_co2_emission_t: number; bio_co2_removal_t: number; }, any, { type: "other"; ... 6 more ...; bio_co2_removal_t: number; }>'.
  The types of '_options.resolver' are incompatible between these types.
    Type 'Resolver<{ type: "other"; sourceId: string; description: string; activityDescription: string; gasId: string; quantity: number; bio_co2_emission_t: number; bio_co2_removal_t: number; }, any, TFieldValues> | undefined' is not assignable to type 'Resolver<{ type: "other"; sourceId: string; description: string; activityDescription: string; gasId: string; quantity: number; bio_co2_emission_t: number; bio_co2_removal_t: number; }, any, { type: "other"; ... 6 more ...; bio_co2_removal_t: number; }> | undefined'.
      Type 'Resolver<{ type: "other"; sourceId: string; description: string; activityDescription: string; gasId: string; quantity: number; bio_co2_emission_t: number; bio_co2_removal_t: number; }, any, TFieldValues>' is not assignable to type 'Resolver<{ type: "other"; sourceId: string; description: string; activityDescription: string; gasId: string; quantity: number; bio_co2_emission_t: number; bio_co2_removal_t: number; }, any, { type: "other"; ... 6 more ...; bio_co2_removal_t: number; }>'.
        Type 'ResolverResult<{ type: "other"; sourceId: string; description: string; activityDescription: string; gasId: string; quantity: number; bio_co2_emission_t: number; bio_co2_removal_t: number; }, TFieldValues> | Promise<...>' is not assignable to type 'ResolverResult<{ type: "other"; sourceId: string; description: string; activityDescription: string; gasId: string; quantity: number; bio_co2_emission_t: number; bio_co2_removal_t: number; }, { type: "other"; ... 6 more ...; bio_co2_removal_t: number; }> | Promise<...>'.
          Type 'ResolverSuccess<TFieldValues>' is not assignable to type 'ResolverResult<{ type: "other"; sourceId: string; description: string; activityDescription: string; gasId: string; quantity: number; bio_co2_emission_t: number; bio_co2_removal_t: number; }, { type: "other"; ... 6 more ...; bio_co2_removal_t: number; }> | Promise<...>'.
            Type 'ResolverSuccess<TFieldValues>' is not assignable to type 'ResolverSuccess<{ type: "other"; sourceId: string; description: string; activityDescription: string; gasId: string; quantity: number; bio_co2_emission_t: number; bio_co2_removal_t: number; }>'.
              Type 'TFieldValues' is not assignable to type '{ type: "other"; sourceId: string; description: string; activityDescription: string; gasId: string; quantity: number; bio_co2_emission_t: number; bio_co2_removal_t: number; }'.
                Type 'FieldValues' is missing the following properties from type '{ type: "other"; sourceId: string; description: string; activityDescription: string; gasId: string; quantity: number; bio_co2_emission_t: number; bio_co2_removal_t: number; }': type, sourceId, description, activityDescription, and 4 more.
src/components/forms/LocationBasedForm.tsx(92,9): error TS2322: Type 'Resolver<{ description: string; method: "annual" | "monthly"; jan?: unknown; feb?: unknown; mar?: unknown; apr?: unknown; may?: unknown; jun?: unknown; jul?: unknown; aug?: unknown; sep?: unknown; oct?: unknown; nov?: unknown; dec?: unknown; annual_mwh?: unknown; }, any, { description: string; method: "annual" | "mo...' is not assignable to type 'Resolver<{ description: string; method: "annual" | "monthly"; jan?: number | undefined; feb?: number | undefined; mar?: number | undefined; apr?: number | undefined; may?: number | undefined; ... 7 more ...; annual_mwh?: number | undefined; }, any, { ...; }>'.
  Types of parameters 'options' and 'options' are incompatible.
    Type 'ResolverOptions<{ description: string; method: "annual" | "monthly"; jan?: number | undefined; feb?: number | undefined; mar?: number | undefined; apr?: number | undefined; may?: number | undefined; ... 7 more ...; annual_mwh?: number | undefined; }>' is not assignable to type 'ResolverOptions<{ description: string; method: "annual" | "monthly"; jan?: unknown; feb?: unknown; mar?: unknown; apr?: unknown; may?: unknown; jun?: unknown; jul?: unknown; aug?: unknown; sep?: unknown; oct?: unknown; nov?: unknown; dec?: unknown; annual_mwh?: unknown; }>'.
      Type 'unknown' is not assignable to type 'number | undefined'.
src/components/forms/LocationBasedForm.tsx(102,9): error TS2322: Type 'Resolver<{ description: string; vehicle_type: string; distance_km: unknown; }, any, { description: string; vehicle_type: string; distance_km: number; }>' is not assignable to type 'Resolver<{ description: string; vehicle_type: string; distance_km: number; }, any, { description: string; vehicle_type: string; distance_km: number; }>'.
  Types of parameters 'options' and 'options' are incompatible.
    Type 'ResolverOptions<{ description: string; vehicle_type: string; distance_km: number; }>' is not assignable to type 'ResolverOptions<{ description: string; vehicle_type: string; distance_km: unknown; }>'.
      Type 'unknown' is not assignable to type 'number'.
src/components/forms/LocationBasedForm.tsx(107,9): error TS2322: Type 'Resolver<{ description: string; consumption_mwh: unknown; emission_factor: unknown; }, any, { description: string; consumption_mwh: number; emission_factor: number; }>' is not assignable to type 'Resolver<{ description: string; consumption_mwh: number; emission_factor: number; }, any, { description: string; consumption_mwh: number; emission_factor: number; }>'.
  Types of parameters 'options' and 'options' are incompatible.
    Type 'ResolverOptions<{ description: string; consumption_mwh: number; emission_factor: number; }>' is not assignable to type 'ResolverOptions<{ description: string; consumption_mwh: unknown; emission_factor: unknown; }>'.
      Type 'unknown' is not assignable to type 'number'.
src/components/forms/LocationBasedForm.tsx(196,70): error TS2345: Argument of type '(data: { description: string; method: "annual" | "monthly"; jan?: number | undefined; feb?: number | undefined; mar?: number | undefined; apr?: number | undefined; may?: number | undefined; ... 7 more ...; annual_mwh?: number | undefined; }) => void' is not assignable to parameter of type 'SubmitHandler<TFieldValues>'.
  Types of parameters 'data' and 'data' are incompatible.
    Type 'TFieldValues' is not assignable to type '{ description: string; method: "annual" | "monthly"; jan?: number | undefined; feb?: number | undefined; mar?: number | undefined; apr?: number | undefined; may?: number | undefined; ... 7 more ...; annual_mwh?: number | undefined; }'.
      Type 'FieldValues' is missing the following properties from type '{ description: string; method: "annual" | "monthly"; jan?: number | undefined; feb?: number | undefined; mar?: number | undefined; apr?: number | undefined; may?: number | undefined; ... 7 more ...; annual_mwh?: number | undefined; }': description, method
src/components/forms/LocationBasedForm.tsx(197,48): error TS2322: Type 'Control<{ description: string; method: "annual" | "monthly"; jan?: number | undefined; feb?: number | undefined; mar?: number | undefined; apr?: number | undefined; may?: number | undefined; ... 7 more ...; annual_mwh?: number | undefined; }, any, TFieldValues>' is not assignable to type 'Control<{ description: string; method: "annual" | "monthly"; jan?: number | undefined; feb?: number | undefined; mar?: number | undefined; apr?: number | undefined; may?: number | undefined; ... 7 more ...; annual_mwh?: number | undefined; }, any, { ...; }>'.
  The types of '_options.resolver' are incompatible between these types.
    Type 'Resolver<{ description: string; method: "annual" | "monthly"; jan?: number | undefined; feb?: number | undefined; mar?: number | undefined; apr?: number | undefined; may?: number | undefined; ... 7 more ...; annual_mwh?: number | undefined; }, any, TFieldValues> | undefined' is not assignable to type 'Resolver<{ description: string; method: "annual" | "monthly"; jan?: number | undefined; feb?: number | undefined; mar?: number | undefined; apr?: number | undefined; may?: number | undefined; ... 7 more ...; annual_mwh?: number | undefined; }, any, { ...; }> | undefined'.
      Type 'Resolver<{ description: string; method: "annual" | "monthly"; jan?: number | undefined; feb?: number | undefined; mar?: number | undefined; apr?: number | undefined; may?: number | undefined; ... 7 more ...; annual_mwh?: number | undefined; }, any, TFieldValues>' is not assignable to type 'Resolver<{ description: string; method: "annual" | "monthly"; jan?: number | undefined; feb?: number | undefined; mar?: number | undefined; apr?: number | undefined; may?: number | undefined; ... 7 more ...; annual_mwh?: number | undefined; }, any, { ...; }>'.
        Type 'ResolverResult<{ description: string; method: "annual" | "monthly"; jan?: number | undefined; feb?: number | undefined; mar?: number | undefined; apr?: number | undefined; may?: number | undefined; ... 7 more ...; annual_mwh?: number | undefined; }, TFieldValues> | Promise<...>' is not assignable to type 'ResolverResult<{ description: string; method: "annual" | "monthly"; jan?: number | undefined; feb?: number | undefined; mar?: number | undefined; apr?: number | undefined; may?: number | undefined; ... 7 more ...; annual_mwh?: number | undefined; }, { ...; }> | Promise<...>'.
          Type 'ResolverSuccess<TFieldValues>' is not assignable to type 'ResolverResult<{ description: string; method: "annual" | "monthly"; jan?: number | undefined; feb?: number | undefined; mar?: number | undefined; apr?: number | undefined; may?: number | undefined; ... 7 more ...; annual_mwh?: number | undefined; }, { ...; }> | Promise<...>'.
            Type 'ResolverSuccess<TFieldValues>' is not assignable to type 'ResolverSuccess<{ description: string; method: "annual" | "monthly"; jan?: number | undefined; feb?: number | undefined; mar?: number | undefined; apr?: number | undefined; may?: number | undefined; ... 7 more ...; annual_mwh?: number | undefined; }>'.
              Type 'TFieldValues' is not assignable to type '{ description: string; method: "annual" | "monthly"; jan?: number | undefined; feb?: number | undefined; mar?: number | undefined; apr?: number | undefined; may?: number | undefined; ... 7 more ...; annual_mwh?: number | undefined; }'.
                Type 'FieldValues' is missing the following properties from type '{ description: string; method: "annual" | "monthly"; jan?: number | undefined; feb?: number | undefined; mar?: number | undefined; apr?: number | undefined; may?: number | undefined; ... 7 more ...; annual_mwh?: number | undefined; }': description, method
src/components/forms/LocationBasedForm.tsx(201,48): error TS2322: Type 'Control<{ description: string; method: "annual" | "monthly"; jan?: number | undefined; feb?: number | undefined; mar?: number | undefined; apr?: number | undefined; may?: number | undefined; ... 7 more ...; annual_mwh?: number | undefined; }, any, TFieldValues>' is not assignable to type 'Control<{ description: string; method: "annual" | "monthly"; jan?: number | undefined; feb?: number | undefined; mar?: number | undefined; apr?: number | undefined; may?: number | undefined; ... 7 more ...; annual_mwh?: number | undefined; }, any, { ...; }>'.
  The types of '_options.resolver' are incompatible between these types.
    Type 'Resolver<{ description: string; method: "annual" | "monthly"; jan?: number | undefined; feb?: number | undefined; mar?: number | undefined; apr?: number | undefined; may?: number | undefined; ... 7 more ...; annual_mwh?: number | undefined; }, any, TFieldValues> | undefined' is not assignable to type 'Resolver<{ description: string; method: "annual" | "monthly"; jan?: number | undefined; feb?: number | undefined; mar?: number | undefined; apr?: number | undefined; may?: number | undefined; ... 7 more ...; annual_mwh?: number | undefined; }, any, { ...; }> | undefined'.
      Type 'Resolver<{ description: string; method: "annual" | "monthly"; jan?: number | undefined; feb?: number | undefined; mar?: number | undefined; apr?: number | undefined; may?: number | undefined; ... 7 more ...; annual_mwh?: number | undefined; }, any, TFieldValues>' is not assignable to type 'Resolver<{ description: string; method: "annual" | "monthly"; jan?: number | undefined; feb?: number | undefined; mar?: number | undefined; apr?: number | undefined; may?: number | undefined; ... 7 more ...; annual_mwh?: number | undefined; }, any, { ...; }>'.
        Type 'ResolverResult<{ description: string; method: "annual" | "monthly"; jan?: number | undefined; feb?: number | undefined; mar?: number | undefined; apr?: number | undefined; may?: number | undefined; ... 7 more ...; annual_mwh?: number | undefined; }, TFieldValues> | Promise<...>' is not assignable to type 'ResolverResult<{ description: string; method: "annual" | "monthly"; jan?: number | undefined; feb?: number | undefined; mar?: number | undefined; apr?: number | undefined; may?: number | undefined; ... 7 more ...; annual_mwh?: number | undefined; }, { ...; }> | Promise<...>'.
          Type 'ResolverSuccess<TFieldValues>' is not assignable to type 'ResolverResult<{ description: string; method: "annual" | "monthly"; jan?: number | undefined; feb?: number | undefined; mar?: number | undefined; apr?: number | undefined; may?: number | undefined; ... 7 more ...; annual_mwh?: number | undefined; }, { ...; }> | Promise<...>'.
            Type 'ResolverSuccess<TFieldValues>' is not assignable to type 'ResolverSuccess<{ description: string; method: "annual" | "monthly"; jan?: number | undefined; feb?: number | undefined; mar?: number | undefined; apr?: number | undefined; may?: number | undefined; ... 7 more ...; annual_mwh?: number | undefined; }>'.
              Type 'TFieldValues' is not assignable to type '{ description: string; method: "annual" | "monthly"; jan?: number | undefined; feb?: number | undefined; mar?: number | undefined; apr?: number | undefined; may?: number | undefined; ... 7 more ...; annual_mwh?: number | undefined; }'.
                Type 'FieldValues' is missing the following properties from type '{ description: string; method: "annual" | "monthly"; jan?: number | undefined; feb?: number | undefined; mar?: number | undefined; apr?: number | undefined; may?: number | undefined; ... 7 more ...; annual_mwh?: number | undefined; }': description, method
src/components/forms/LocationBasedForm.tsx(220,72): error TS2322: Type 'Control<{ description: string; method: "annual" | "monthly"; jan?: number | undefined; feb?: number | undefined; mar?: number | undefined; apr?: number | undefined; may?: number | undefined; ... 7 more ...; annual_mwh?: number | undefined; }, any, TFieldValues>' is not assignable to type 'Control<{ description: string; method: "annual" | "monthly"; jan?: number | undefined; feb?: number | undefined; mar?: number | undefined; apr?: number | undefined; may?: number | undefined; ... 7 more ...; annual_mwh?: number | undefined; }, any, { ...; }>'.
  The types of '_options.resolver' are incompatible between these types.
    Type 'Resolver<{ description: string; method: "annual" | "monthly"; jan?: number | undefined; feb?: number | undefined; mar?: number | undefined; apr?: number | undefined; may?: number | undefined; ... 7 more ...; annual_mwh?: number | undefined; }, any, TFieldValues> | undefined' is not assignable to type 'Resolver<{ description: string; method: "annual" | "monthly"; jan?: number | undefined; feb?: number | undefined; mar?: number | undefined; apr?: number | undefined; may?: number | undefined; ... 7 more ...; annual_mwh?: number | undefined; }, any, { ...; }> | undefined'.
      Type 'Resolver<{ description: string; method: "annual" | "monthly"; jan?: number | undefined; feb?: number | undefined; mar?: number | undefined; apr?: number | undefined; may?: number | undefined; ... 7 more ...; annual_mwh?: number | undefined; }, any, TFieldValues>' is not assignable to type 'Resolver<{ description: string; method: "annual" | "monthly"; jan?: number | undefined; feb?: number | undefined; mar?: number | undefined; apr?: number | undefined; may?: number | undefined; ... 7 more ...; annual_mwh?: number | undefined; }, any, { ...; }>'.
        Type 'ResolverResult<{ description: string; method: "annual" | "monthly"; jan?: number | undefined; feb?: number | undefined; mar?: number | undefined; apr?: number | undefined; may?: number | undefined; ... 7 more ...; annual_mwh?: number | undefined; }, TFieldValues> | Promise<...>' is not assignable to type 'ResolverResult<{ description: string; method: "annual" | "monthly"; jan?: number | undefined; feb?: number | undefined; mar?: number | undefined; apr?: number | undefined; may?: number | undefined; ... 7 more ...; annual_mwh?: number | undefined; }, { ...; }> | Promise<...>'.
          Type 'ResolverSuccess<TFieldValues>' is not assignable to type 'ResolverResult<{ description: string; method: "annual" | "monthly"; jan?: number | undefined; feb?: number | undefined; mar?: number | undefined; apr?: number | undefined; may?: number | undefined; ... 7 more ...; annual_mwh?: number | undefined; }, { ...; }> | Promise<...>'.
            Type 'ResolverSuccess<TFieldValues>' is not assignable to type 'ResolverSuccess<{ description: string; method: "annual" | "monthly"; jan?: number | undefined; feb?: number | undefined; mar?: number | undefined; apr?: number | undefined; may?: number | undefined; ... 7 more ...; annual_mwh?: number | undefined; }>'.
              Type 'TFieldValues' is not assignable to type '{ description: string; method: "annual" | "monthly"; jan?: number | undefined; feb?: number | undefined; mar?: number | undefined; apr?: number | undefined; may?: number | undefined; ... 7 more ...; annual_mwh?: number | undefined; }'.
                Type 'FieldValues' is missing the following properties from type '{ description: string; method: "annual" | "monthly"; jan?: number | undefined; feb?: number | undefined; mar?: number | undefined; apr?: number | undefined; may?: number | undefined; ... 7 more ...; annual_mwh?: number | undefined; }': description, method
src/components/forms/LocationBasedForm.tsx(229,52): error TS2322: Type 'Control<{ description: string; method: "annual" | "monthly"; jan?: number | undefined; feb?: number | undefined; mar?: number | undefined; apr?: number | undefined; may?: number | undefined; ... 7 more ...; annual_mwh?: number | undefined; }, any, TFieldValues>' is not assignable to type 'Control<{ description: string; method: "annual" | "monthly"; jan?: number | undefined; feb?: number | undefined; mar?: number | undefined; apr?: number | undefined; may?: number | undefined; ... 7 more ...; annual_mwh?: number | undefined; }, any, { ...; }>'.
  The types of '_options.resolver' are incompatible between these types.
    Type 'Resolver<{ description: string; method: "annual" | "monthly"; jan?: number | undefined; feb?: number | undefined; mar?: number | undefined; apr?: number | undefined; may?: number | undefined; ... 7 more ...; annual_mwh?: number | undefined; }, any, TFieldValues> | undefined' is not assignable to type 'Resolver<{ description: string; method: "annual" | "monthly"; jan?: number | undefined; feb?: number | undefined; mar?: number | undefined; apr?: number | undefined; may?: number | undefined; ... 7 more ...; annual_mwh?: number | undefined; }, any, { ...; }> | undefined'.
      Type 'Resolver<{ description: string; method: "annual" | "monthly"; jan?: number | undefined; feb?: number | undefined; mar?: number | undefined; apr?: number | undefined; may?: number | undefined; ... 7 more ...; annual_mwh?: number | undefined; }, any, TFieldValues>' is not assignable to type 'Resolver<{ description: string; method: "annual" | "monthly"; jan?: number | undefined; feb?: number | undefined; mar?: number | undefined; apr?: number | undefined; may?: number | undefined; ... 7 more ...; annual_mwh?: number | undefined; }, any, { ...; }>'.
        Type 'ResolverResult<{ description: string; method: "annual" | "monthly"; jan?: number | undefined; feb?: number | undefined; mar?: number | undefined; apr?: number | undefined; may?: number | undefined; ... 7 more ...; annual_mwh?: number | undefined; }, TFieldValues> | Promise<...>' is not assignable to type 'ResolverResult<{ description: string; method: "annual" | "monthly"; jan?: number | undefined; feb?: number | undefined; mar?: number | undefined; apr?: number | undefined; may?: number | undefined; ... 7 more ...; annual_mwh?: number | undefined; }, { ...; }> | Promise<...>'.
          Type 'ResolverSuccess<TFieldValues>' is not assignable to type 'ResolverResult<{ description: string; method: "annual" | "monthly"; jan?: number | undefined; feb?: number | undefined; mar?: number | undefined; apr?: number | undefined; may?: number | undefined; ... 7 more ...; annual_mwh?: number | undefined; }, { ...; }> | Promise<...>'.
            Type 'ResolverSuccess<TFieldValues>' is not assignable to type 'ResolverSuccess<{ description: string; method: "annual" | "monthly"; jan?: number | undefined; feb?: number | undefined; mar?: number | undefined; apr?: number | undefined; may?: number | undefined; ... 7 more ...; annual_mwh?: number | undefined; }>'.
              Type 'TFieldValues' is not assignable to type '{ description: string; method: "annual" | "monthly"; jan?: number | undefined; feb?: number | undefined; mar?: number | undefined; apr?: number | undefined; may?: number | undefined; ... 7 more ...; annual_mwh?: number | undefined; }'.
                Type 'FieldValues' is missing the following properties from type '{ description: string; method: "annual" | "monthly"; jan?: number | undefined; feb?: number | undefined; mar?: number | undefined; apr?: number | undefined; may?: number | undefined; ... 7 more ...; annual_mwh?: number | undefined; }': description, method
src/components/forms/LocationBasedForm.tsx(246,69): error TS2345: Argument of type '(data: { description: string; vehicle_type: string; distance_km: number; }) => void' is not assignable to parameter of type 'SubmitHandler<TFieldValues>'.
  Types of parameters 'data' and 'data' are incompatible.
    Type 'TFieldValues' is not assignable to type '{ description: string; vehicle_type: string; distance_km: number; }'.
      Type 'FieldValues' is missing the following properties from type '{ description: string; vehicle_type: string; distance_km: number; }': description, vehicle_type, distance_km
src/components/forms/LocationBasedForm.tsx(247,48): error TS2322: Type 'Control<{ description: string; vehicle_type: string; distance_km: number; }, any, TFieldValues>' is not assignable to type 'Control<{ description: string; vehicle_type: string; distance_km: number; }, any, { description: string; vehicle_type: string; distance_km: number; }>'.
  The types of '_options.resolver' are incompatible between these types.
    Type 'Resolver<{ description: string; vehicle_type: string; distance_km: number; }, any, TFieldValues> | undefined' is not assignable to type 'Resolver<{ description: string; vehicle_type: string; distance_km: number; }, any, { description: string; vehicle_type: string; distance_km: number; }> | undefined'.
      Type 'Resolver<{ description: string; vehicle_type: string; distance_km: number; }, any, TFieldValues>' is not assignable to type 'Resolver<{ description: string; vehicle_type: string; distance_km: number; }, any, { description: string; vehicle_type: string; distance_km: number; }>'.
        Type 'ResolverResult<{ description: string; vehicle_type: string; distance_km: number; }, TFieldValues> | Promise<ResolverResult<{ description: string; vehicle_type: string; distance_km: number; }, TFieldValues>>' is not assignable to type 'ResolverResult<{ description: string; vehicle_type: string; distance_km: number; }, { description: string; vehicle_type: string; distance_km: number; }> | Promise<ResolverResult<{ description: string; vehicle_type: string; distance_km: number; }, { ...; }>>'.
          Type 'ResolverSuccess<TFieldValues>' is not assignable to type 'ResolverResult<{ description: string; vehicle_type: string; distance_km: number; }, { description: string; vehicle_type: string; distance_km: number; }> | Promise<ResolverResult<{ description: string; vehicle_type: string; distance_km: number; }, { ...; }>>'.
            Type 'ResolverSuccess<TFieldValues>' is not assignable to type 'ResolverSuccess<{ description: string; vehicle_type: string; distance_km: number; }>'.
              Type 'TFieldValues' is not assignable to type '{ description: string; vehicle_type: string; distance_km: number; }'.
                Type 'FieldValues' is missing the following properties from type '{ description: string; vehicle_type: string; distance_km: number; }': description, vehicle_type, distance_km
src/components/forms/LocationBasedForm.tsx(251,52): error TS2322: Type 'Control<{ description: string; vehicle_type: string; distance_km: number; }, any, TFieldValues>' is not assignable to type 'Control<{ description: string; vehicle_type: string; distance_km: number; }, any, { description: string; vehicle_type: string; distance_km: number; }>'.
  The types of '_options.resolver' are incompatible between these types.
    Type 'Resolver<{ description: string; vehicle_type: string; distance_km: number; }, any, TFieldValues> | undefined' is not assignable to type 'Resolver<{ description: string; vehicle_type: string; distance_km: number; }, any, { description: string; vehicle_type: string; distance_km: number; }> | undefined'.
      Type 'Resolver<{ description: string; vehicle_type: string; distance_km: number; }, any, TFieldValues>' is not assignable to type 'Resolver<{ description: string; vehicle_type: string; distance_km: number; }, any, { description: string; vehicle_type: string; distance_km: number; }>'.
        Type 'ResolverResult<{ description: string; vehicle_type: string; distance_km: number; }, TFieldValues> | Promise<ResolverResult<{ description: string; vehicle_type: string; distance_km: number; }, TFieldValues>>' is not assignable to type 'ResolverResult<{ description: string; vehicle_type: string; distance_km: number; }, { description: string; vehicle_type: string; distance_km: number; }> | Promise<ResolverResult<{ description: string; vehicle_type: string; distance_km: number; }, { ...; }>>'.
          Type 'ResolverSuccess<TFieldValues>' is not assignable to type 'ResolverResult<{ description: string; vehicle_type: string; distance_km: number; }, { description: string; vehicle_type: string; distance_km: number; }> | Promise<ResolverResult<{ description: string; vehicle_type: string; distance_km: number; }, { ...; }>>'.
            Type 'ResolverSuccess<TFieldValues>' is not assignable to type 'ResolverSuccess<{ description: string; vehicle_type: string; distance_km: number; }>'.
              Type 'TFieldValues' is not assignable to type '{ description: string; vehicle_type: string; distance_km: number; }'.
                Type 'FieldValues' is missing the following properties from type '{ description: string; vehicle_type: string; distance_km: number; }': description, vehicle_type, distance_km
src/components/forms/LocationBasedForm.tsx(262,52): error TS2322: Type 'Control<{ description: string; vehicle_type: string; distance_km: number; }, any, TFieldValues>' is not assignable to type 'Control<{ description: string; vehicle_type: string; distance_km: number; }, any, { description: string; vehicle_type: string; distance_km: number; }>'.
  The types of '_options.resolver' are incompatible between these types.
    Type 'Resolver<{ description: string; vehicle_type: string; distance_km: number; }, any, TFieldValues> | undefined' is not assignable to type 'Resolver<{ description: string; vehicle_type: string; distance_km: number; }, any, { description: string; vehicle_type: string; distance_km: number; }> | undefined'.
      Type 'Resolver<{ description: string; vehicle_type: string; distance_km: number; }, any, TFieldValues>' is not assignable to type 'Resolver<{ description: string; vehicle_type: string; distance_km: number; }, any, { description: string; vehicle_type: string; distance_km: number; }>'.
        Type 'ResolverResult<{ description: string; vehicle_type: string; distance_km: number; }, TFieldValues> | Promise<ResolverResult<{ description: string; vehicle_type: string; distance_km: number; }, TFieldValues>>' is not assignable to type 'ResolverResult<{ description: string; vehicle_type: string; distance_km: number; }, { description: string; vehicle_type: string; distance_km: number; }> | Promise<ResolverResult<{ description: string; vehicle_type: string; distance_km: number; }, { ...; }>>'.
          Type 'ResolverSuccess<TFieldValues>' is not assignable to type 'ResolverResult<{ description: string; vehicle_type: string; distance_km: number; }, { description: string; vehicle_type: string; distance_km: number; }> | Promise<ResolverResult<{ description: string; vehicle_type: string; distance_km: number; }, { ...; }>>'.
            Type 'ResolverSuccess<TFieldValues>' is not assignable to type 'ResolverSuccess<{ description: string; vehicle_type: string; distance_km: number; }>'.
              Type 'TFieldValues' is not assignable to type '{ description: string; vehicle_type: string; distance_km: number; }'.
                Type 'FieldValues' is missing the following properties from type '{ description: string; vehicle_type: string; distance_km: number; }': description, vehicle_type, distance_km
src/components/forms/LocationBasedForm.tsx(274,75): error TS2345: Argument of type '(data: { description: string; consumption_mwh: number; emission_factor: number; }) => void' is not assignable to parameter of type 'SubmitHandler<TFieldValues>'.
  Types of parameters 'data' and 'data' are incompatible.
    Type 'TFieldValues' is not assignable to type '{ description: string; consumption_mwh: number; emission_factor: number; }'.
      Type 'FieldValues' is missing the following properties from type '{ description: string; consumption_mwh: number; emission_factor: number; }': description, consumption_mwh, emission_factor
src/components/forms/LocationBasedForm.tsx(275,48): error TS2322: Type 'Control<{ description: string; consumption_mwh: number; emission_factor: number; }, any, TFieldValues>' is not assignable to type 'Control<{ description: string; consumption_mwh: number; emission_factor: number; }, any, { description: string; consumption_mwh: number; emission_factor: number; }>'.
  The types of '_options.resolver' are incompatible between these types.
    Type 'Resolver<{ description: string; consumption_mwh: number; emission_factor: number; }, any, TFieldValues> | undefined' is not assignable to type 'Resolver<{ description: string; consumption_mwh: number; emission_factor: number; }, any, { description: string; consumption_mwh: number; emission_factor: number; }> | undefined'.
      Type 'Resolver<{ description: string; consumption_mwh: number; emission_factor: number; }, any, TFieldValues>' is not assignable to type 'Resolver<{ description: string; consumption_mwh: number; emission_factor: number; }, any, { description: string; consumption_mwh: number; emission_factor: number; }>'.
        Type 'ResolverResult<{ description: string; consumption_mwh: number; emission_factor: number; }, TFieldValues> | Promise<ResolverResult<{ description: string; consumption_mwh: number; emission_factor: number; }, TFieldValues>>' is not assignable to type 'ResolverResult<{ description: string; consumption_mwh: number; emission_factor: number; }, { description: string; consumption_mwh: number; emission_factor: number; }> | Promise<...>'.
          Type 'ResolverSuccess<TFieldValues>' is not assignable to type 'ResolverResult<{ description: string; consumption_mwh: number; emission_factor: number; }, { description: string; consumption_mwh: number; emission_factor: number; }> | Promise<...>'.
            Type 'ResolverSuccess<TFieldValues>' is not assignable to type 'ResolverSuccess<{ description: string; consumption_mwh: number; emission_factor: number; }>'.
              Type 'TFieldValues' is not assignable to type '{ description: string; consumption_mwh: number; emission_factor: number; }'.
                Type 'FieldValues' is missing the following properties from type '{ description: string; consumption_mwh: number; emission_factor: number; }': description, consumption_mwh, emission_factor
src/components/forms/LocationBasedForm.tsx(279,52): error TS2322: Type 'Control<{ description: string; consumption_mwh: number; emission_factor: number; }, any, TFieldValues>' is not assignable to type 'Control<{ description: string; consumption_mwh: number; emission_factor: number; }, any, { description: string; consumption_mwh: number; emission_factor: number; }>'.
  The types of '_options.resolver' are incompatible between these types.
    Type 'Resolver<{ description: string; consumption_mwh: number; emission_factor: number; }, any, TFieldValues> | undefined' is not assignable to type 'Resolver<{ description: string; consumption_mwh: number; emission_factor: number; }, any, { description: string; consumption_mwh: number; emission_factor: number; }> | undefined'.
      Type 'Resolver<{ description: string; consumption_mwh: number; emission_factor: number; }, any, TFieldValues>' is not assignable to type 'Resolver<{ description: string; consumption_mwh: number; emission_factor: number; }, any, { description: string; consumption_mwh: number; emission_factor: number; }>'.
        Type 'ResolverResult<{ description: string; consumption_mwh: number; emission_factor: number; }, TFieldValues> | Promise<ResolverResult<{ description: string; consumption_mwh: number; emission_factor: number; }, TFieldValues>>' is not assignable to type 'ResolverResult<{ description: string; consumption_mwh: number; emission_factor: number; }, { description: string; consumption_mwh: number; emission_factor: number; }> | Promise<...>'.
          Type 'ResolverSuccess<TFieldValues>' is not assignable to type 'ResolverResult<{ description: string; consumption_mwh: number; emission_factor: number; }, { description: string; consumption_mwh: number; emission_factor: number; }> | Promise<...>'.
            Type 'ResolverSuccess<TFieldValues>' is not assignable to type 'ResolverSuccess<{ description: string; consumption_mwh: number; emission_factor: number; }>'.
              Type 'TFieldValues' is not assignable to type '{ description: string; consumption_mwh: number; emission_factor: number; }'.
                Type 'FieldValues' is missing the following properties from type '{ description: string; consumption_mwh: number; emission_factor: number; }': description, consumption_mwh, emission_factor
src/components/forms/LocationBasedForm.tsx(282,52): error TS2322: Type 'Control<{ description: string; consumption_mwh: number; emission_factor: number; }, any, TFieldValues>' is not assignable to type 'Control<{ description: string; consumption_mwh: number; emission_factor: number; }, any, { description: string; consumption_mwh: number; emission_factor: number; }>'.
  The types of '_options.resolver' are incompatible between these types.
    Type 'Resolver<{ description: string; consumption_mwh: number; emission_factor: number; }, any, TFieldValues> | undefined' is not assignable to type 'Resolver<{ description: string; consumption_mwh: number; emission_factor: number; }, any, { description: string; consumption_mwh: number; emission_factor: number; }> | undefined'.
      Type 'Resolver<{ description: string; consumption_mwh: number; emission_factor: number; }, any, TFieldValues>' is not assignable to type 'Resolver<{ description: string; consumption_mwh: number; emission_factor: number; }, any, { description: string; consumption_mwh: number; emission_factor: number; }>'.
        Type 'ResolverResult<{ description: string; consumption_mwh: number; emission_factor: number; }, TFieldValues> | Promise<ResolverResult<{ description: string; consumption_mwh: number; emission_factor: number; }, TFieldValues>>' is not assignable to type 'ResolverResult<{ description: string; consumption_mwh: number; emission_factor: number; }, { description: string; consumption_mwh: number; emission_factor: number; }> | Promise<...>'.
          Type 'ResolverSuccess<TFieldValues>' is not assignable to type 'ResolverResult<{ description: string; consumption_mwh: number; emission_factor: number; }, { description: string; consumption_mwh: number; emission_factor: number; }> | Promise<...>'.
            Type 'ResolverSuccess<TFieldValues>' is not assignable to type 'ResolverSuccess<{ description: string; consumption_mwh: number; emission_factor: number; }>'.
              Type 'TFieldValues' is not assignable to type '{ description: string; consumption_mwh: number; emission_factor: number; }'.
                Type 'FieldValues' is missing the following properties from type '{ description: string; consumption_mwh: number; emission_factor: number; }': description, consumption_mwh, emission_factor
src/components/forms/MarketElectricityForm.tsx(99,9): error TS2322: Type 'Resolver<{ description: string; source_type: "thermal" | "renewable" | "other"; has_factor: "yes" | "no"; method: "annual" | "monthly"; fuel_id?: string | undefined; boiler_efficiency?: unknown; ... 16 more ...; annual_mwh?: unknown; }, any, { ...; }>' is not assignable to type 'Resolver<{ description: string; source_type: "thermal" | "renewable" | "other"; has_factor: "yes" | "no"; method: "annual" | "monthly"; fuel_id?: string | undefined; boiler_efficiency?: number | undefined; ... 16 more ...; annual_mwh?: number | undefined; }, any, { ...; }>'.
  Types of parameters 'options' and 'options' are incompatible.
    Type 'ResolverOptions<{ description: string; source_type: "thermal" | "renewable" | "other"; has_factor: "yes" | "no"; method: "annual" | "monthly"; fuel_id?: string | undefined; boiler_efficiency?: number | undefined; ... 16 more ...; annual_mwh?: number | undefined; }>' is not assignable to type 'ResolverOptions<{ description: string; source_type: "thermal" | "renewable" | "other"; has_factor: "yes" | "no"; method: "annual" | "monthly"; fuel_id?: string | undefined; boiler_efficiency?: unknown; ... 16 more ...; annual_mwh?: unknown; }>'.
      Type 'unknown' is not assignable to type 'number | undefined'.
src/components/forms/MarketElectricityForm.tsx(109,9): error TS2322: Type 'Resolver<{ description: string; co2_t: unknown; ch4_t: unknown; n2o_t: unknown; bio_t: unknown; }, any, { description: string; co2_t: number; ch4_t: number; n2o_t: number; bio_t: number; }>' is not assignable to type 'Resolver<{ description: string; co2_t: number; ch4_t: number; n2o_t: number; bio_t: number; }, any, { description: string; co2_t: number; ch4_t: number; n2o_t: number; bio_t: number; }>'.
  Types of parameters 'options' and 'options' are incompatible.
    Type 'ResolverOptions<{ description: string; co2_t: number; ch4_t: number; n2o_t: number; bio_t: number; }>' is not assignable to type 'ResolverOptions<{ description: string; co2_t: unknown; ch4_t: unknown; n2o_t: unknown; bio_t: unknown; }>'.
      Type 'unknown' is not assignable to type 'number'.
src/components/forms/MarketElectricityForm.tsx(201,73): error TS2345: Argument of type '(data: { description: string; source_type: "thermal" | "renewable" | "other"; has_factor: "yes" | "no"; method: "annual" | "monthly"; fuel_id?: string | undefined; boiler_efficiency?: number | undefined; ... 16 more ...; annual_mwh?: number | undefined; }) => void' is not assignable to parameter of type 'SubmitHandler<TFieldValues>'.
  Types of parameters 'data' and 'data' are incompatible.
    Type 'TFieldValues' is not assignable to type '{ description: string; source_type: "thermal" | "renewable" | "other"; has_factor: "yes" | "no"; method: "annual" | "monthly"; fuel_id?: string | undefined; boiler_efficiency?: number | undefined; ... 16 more ...; annual_mwh?: number | undefined; }'.
      Type 'FieldValues' is missing the following properties from type '{ description: string; source_type: "thermal" | "renewable" | "other"; has_factor: "yes" | "no"; method: "annual" | "monthly"; fuel_id?: string | undefined; boiler_efficiency?: number | undefined; ... 16 more ...; annual_mwh?: number | undefined; }': description, source_type, has_factor, method
src/components/forms/MarketElectricityForm.tsx(203,52): error TS2322: Type 'Control<{ description: string; source_type: "thermal" | "renewable" | "other"; has_factor: "yes" | "no"; method: "annual" | "monthly"; fuel_id?: string | undefined; boiler_efficiency?: number | undefined; ... 16 more ...; annual_mwh?: number | undefined; }, any, TFieldValues>' is not assignable to type 'Control<{ description: string; source_type: "thermal" | "renewable" | "other"; has_factor: "yes" | "no"; method: "annual" | "monthly"; fuel_id?: string | undefined; boiler_efficiency?: number | undefined; ... 16 more ...; annual_mwh?: number | undefined; }, any, { ...; }>'.
  The types of '_options.resolver' are incompatible between these types.
    Type 'Resolver<{ description: string; source_type: "thermal" | "renewable" | "other"; has_factor: "yes" | "no"; method: "annual" | "monthly"; fuel_id?: string | undefined; boiler_efficiency?: number | undefined; ... 16 more ...; annual_mwh?: number | undefined; }, any, TFieldValues> | undefined' is not assignable to type 'Resolver<{ description: string; source_type: "thermal" | "renewable" | "other"; has_factor: "yes" | "no"; method: "annual" | "monthly"; fuel_id?: string | undefined; boiler_efficiency?: number | undefined; ... 16 more ...; annual_mwh?: number | undefined; }, any, { ...; }> | undefined'.
      Type 'Resolver<{ description: string; source_type: "thermal" | "renewable" | "other"; has_factor: "yes" | "no"; method: "annual" | "monthly"; fuel_id?: string | undefined; boiler_efficiency?: number | undefined; ... 16 more ...; annual_mwh?: number | undefined; }, any, TFieldValues>' is not assignable to type 'Resolver<{ description: string; source_type: "thermal" | "renewable" | "other"; has_factor: "yes" | "no"; method: "annual" | "monthly"; fuel_id?: string | undefined; boiler_efficiency?: number | undefined; ... 16 more ...; annual_mwh?: number | undefined; }, any, { ...; }>'.
        Type 'ResolverResult<{ description: string; source_type: "thermal" | "renewable" | "other"; has_factor: "yes" | "no"; method: "annual" | "monthly"; fuel_id?: string | undefined; boiler_efficiency?: number | undefined; ... 16 more ...; annual_mwh?: number | undefined; }, TFieldValues> | Promise<...>' is not assignable to type 'ResolverResult<{ description: string; source_type: "thermal" | "renewable" | "other"; has_factor: "yes" | "no"; method: "annual" | "monthly"; fuel_id?: string | undefined; boiler_efficiency?: number | undefined; ... 16 more ...; annual_mwh?: number | undefined; }, { ...; }> | Promise<...>'.
          Type 'ResolverSuccess<TFieldValues>' is not assignable to type 'ResolverResult<{ description: string; source_type: "thermal" | "renewable" | "other"; has_factor: "yes" | "no"; method: "annual" | "monthly"; fuel_id?: string | undefined; boiler_efficiency?: number | undefined; ... 16 more ...; annual_mwh?: number | undefined; }, { ...; }> | Promise<...>'.
            Type 'ResolverSuccess<TFieldValues>' is not assignable to type 'ResolverSuccess<{ description: string; source_type: "thermal" | "renewable" | "other"; has_factor: "yes" | "no"; method: "annual" | "monthly"; fuel_id?: string | undefined; boiler_efficiency?: number | undefined; ... 16 more ...; annual_mwh?: number | undefined; }>'.
              Type 'TFieldValues' is not assignable to type '{ description: string; source_type: "thermal" | "renewable" | "other"; has_factor: "yes" | "no"; method: "annual" | "monthly"; fuel_id?: string | undefined; boiler_efficiency?: number | undefined; ... 16 more ...; annual_mwh?: number | undefined; }'.
                Type 'FieldValues' is missing the following properties from type '{ description: string; source_type: "thermal" | "renewable" | "other"; has_factor: "yes" | "no"; method: "annual" | "monthly"; fuel_id?: string | undefined; boiler_efficiency?: number | undefined; ... 16 more ...; annual_mwh?: number | undefined; }': description, source_type, has_factor, method
src/components/forms/MarketElectricityForm.tsx(206,52): error TS2322: Type 'Control<{ description: string; source_type: "thermal" | "renewable" | "other"; has_factor: "yes" | "no"; method: "annual" | "monthly"; fuel_id?: string | undefined; boiler_efficiency?: number | undefined; ... 16 more ...; annual_mwh?: number | undefined; }, any, TFieldValues>' is not assignable to type 'Control<{ description: string; source_type: "thermal" | "renewable" | "other"; has_factor: "yes" | "no"; method: "annual" | "monthly"; fuel_id?: string | undefined; boiler_efficiency?: number | undefined; ... 16 more ...; annual_mwh?: number | undefined; }, any, { ...; }>'.
  The types of '_options.resolver' are incompatible between these types.
    Type 'Resolver<{ description: string; source_type: "thermal" | "renewable" | "other"; has_factor: "yes" | "no"; method: "annual" | "monthly"; fuel_id?: string | undefined; boiler_efficiency?: number | undefined; ... 16 more ...; annual_mwh?: number | undefined; }, any, TFieldValues> | undefined' is not assignable to type 'Resolver<{ description: string; source_type: "thermal" | "renewable" | "other"; has_factor: "yes" | "no"; method: "annual" | "monthly"; fuel_id?: string | undefined; boiler_efficiency?: number | undefined; ... 16 more ...; annual_mwh?: number | undefined; }, any, { ...; }> | undefined'.
      Type 'Resolver<{ description: string; source_type: "thermal" | "renewable" | "other"; has_factor: "yes" | "no"; method: "annual" | "monthly"; fuel_id?: string | undefined; boiler_efficiency?: number | undefined; ... 16 more ...; annual_mwh?: number | undefined; }, any, TFieldValues>' is not assignable to type 'Resolver<{ description: string; source_type: "thermal" | "renewable" | "other"; has_factor: "yes" | "no"; method: "annual" | "monthly"; fuel_id?: string | undefined; boiler_efficiency?: number | undefined; ... 16 more ...; annual_mwh?: number | undefined; }, any, { ...; }>'.
        Type 'ResolverResult<{ description: string; source_type: "thermal" | "renewable" | "other"; has_factor: "yes" | "no"; method: "annual" | "monthly"; fuel_id?: string | undefined; boiler_efficiency?: number | undefined; ... 16 more ...; annual_mwh?: number | undefined; }, TFieldValues> | Promise<...>' is not assignable to type 'ResolverResult<{ description: string; source_type: "thermal" | "renewable" | "other"; has_factor: "yes" | "no"; method: "annual" | "monthly"; fuel_id?: string | undefined; boiler_efficiency?: number | undefined; ... 16 more ...; annual_mwh?: number | undefined; }, { ...; }> | Promise<...>'.
          Type 'ResolverSuccess<TFieldValues>' is not assignable to type 'ResolverResult<{ description: string; source_type: "thermal" | "renewable" | "other"; has_factor: "yes" | "no"; method: "annual" | "monthly"; fuel_id?: string | undefined; boiler_efficiency?: number | undefined; ... 16 more ...; annual_mwh?: number | undefined; }, { ...; }> | Promise<...>'.
            Type 'ResolverSuccess<TFieldValues>' is not assignable to type 'ResolverSuccess<{ description: string; source_type: "thermal" | "renewable" | "other"; has_factor: "yes" | "no"; method: "annual" | "monthly"; fuel_id?: string | undefined; boiler_efficiency?: number | undefined; ... 16 more ...; annual_mwh?: number | undefined; }>'.
              Type 'TFieldValues' is not assignable to type '{ description: string; source_type: "thermal" | "renewable" | "other"; has_factor: "yes" | "no"; method: "annual" | "monthly"; fuel_id?: string | undefined; boiler_efficiency?: number | undefined; ... 16 more ...; annual_mwh?: number | undefined; }'.
                Type 'FieldValues' is missing the following properties from type '{ description: string; source_type: "thermal" | "renewable" | "other"; has_factor: "yes" | "no"; method: "annual" | "monthly"; fuel_id?: string | undefined; boiler_efficiency?: number | undefined; ... 16 more ...; annual_mwh?: number | undefined; }': description, source_type, has_factor, method
src/components/forms/MarketElectricityForm.tsx(223,56): error TS2322: Type 'Control<{ description: string; source_type: "thermal" | "renewable" | "other"; has_factor: "yes" | "no"; method: "annual" | "monthly"; fuel_id?: string | undefined; boiler_efficiency?: number | undefined; ... 16 more ...; annual_mwh?: number | undefined; }, any, TFieldValues>' is not assignable to type 'Control<{ description: string; source_type: "thermal" | "renewable" | "other"; has_factor: "yes" | "no"; method: "annual" | "monthly"; fuel_id?: string | undefined; boiler_efficiency?: number | undefined; ... 16 more ...; annual_mwh?: number | undefined; }, any, { ...; }>'.
  The types of '_options.resolver' are incompatible between these types.
    Type 'Resolver<{ description: string; source_type: "thermal" | "renewable" | "other"; has_factor: "yes" | "no"; method: "annual" | "monthly"; fuel_id?: string | undefined; boiler_efficiency?: number | undefined; ... 16 more ...; annual_mwh?: number | undefined; }, any, TFieldValues> | undefined' is not assignable to type 'Resolver<{ description: string; source_type: "thermal" | "renewable" | "other"; has_factor: "yes" | "no"; method: "annual" | "monthly"; fuel_id?: string | undefined; boiler_efficiency?: number | undefined; ... 16 more ...; annual_mwh?: number | undefined; }, any, { ...; }> | undefined'.
      Type 'Resolver<{ description: string; source_type: "thermal" | "renewable" | "other"; has_factor: "yes" | "no"; method: "annual" | "monthly"; fuel_id?: string | undefined; boiler_efficiency?: number | undefined; ... 16 more ...; annual_mwh?: number | undefined; }, any, TFieldValues>' is not assignable to type 'Resolver<{ description: string; source_type: "thermal" | "renewable" | "other"; has_factor: "yes" | "no"; method: "annual" | "monthly"; fuel_id?: string | undefined; boiler_efficiency?: number | undefined; ... 16 more ...; annual_mwh?: number | undefined; }, any, { ...; }>'.
        Type 'ResolverResult<{ description: string; source_type: "thermal" | "renewable" | "other"; has_factor: "yes" | "no"; method: "annual" | "monthly"; fuel_id?: string | undefined; boiler_efficiency?: number | undefined; ... 16 more ...; annual_mwh?: number | undefined; }, TFieldValues> | Promise<...>' is not assignable to type 'ResolverResult<{ description: string; source_type: "thermal" | "renewable" | "other"; has_factor: "yes" | "no"; method: "annual" | "monthly"; fuel_id?: string | undefined; boiler_efficiency?: number | undefined; ... 16 more ...; annual_mwh?: number | undefined; }, { ...; }> | Promise<...>'.
          Type 'ResolverSuccess<TFieldValues>' is not assignable to type 'ResolverResult<{ description: string; source_type: "thermal" | "renewable" | "other"; has_factor: "yes" | "no"; method: "annual" | "monthly"; fuel_id?: string | undefined; boiler_efficiency?: number | undefined; ... 16 more ...; annual_mwh?: number | undefined; }, { ...; }> | Promise<...>'.
            Type 'ResolverSuccess<TFieldValues>' is not assignable to type 'ResolverSuccess<{ description: string; source_type: "thermal" | "renewable" | "other"; has_factor: "yes" | "no"; method: "annual" | "monthly"; fuel_id?: string | undefined; boiler_efficiency?: number | undefined; ... 16 more ...; annual_mwh?: number | undefined; }>'.
              Type 'TFieldValues' is not assignable to type '{ description: string; source_type: "thermal" | "renewable" | "other"; has_factor: "yes" | "no"; method: "annual" | "monthly"; fuel_id?: string | undefined; boiler_efficiency?: number | undefined; ... 16 more ...; annual_mwh?: number | undefined; }'.
                Type 'FieldValues' is missing the following properties from type '{ description: string; source_type: "thermal" | "renewable" | "other"; has_factor: "yes" | "no"; method: "annual" | "monthly"; fuel_id?: string | undefined; boiler_efficiency?: number | undefined; ... 16 more ...; annual_mwh?: number | undefined; }': description, source_type, has_factor, method
src/components/forms/MarketElectricityForm.tsx(234,56): error TS2322: Type 'Control<{ description: string; source_type: "thermal" | "renewable" | "other"; has_factor: "yes" | "no"; method: "annual" | "monthly"; fuel_id?: string | undefined; boiler_efficiency?: number | undefined; ... 16 more ...; annual_mwh?: number | undefined; }, any, TFieldValues>' is not assignable to type 'Control<{ description: string; source_type: "thermal" | "renewable" | "other"; has_factor: "yes" | "no"; method: "annual" | "monthly"; fuel_id?: string | undefined; boiler_efficiency?: number | undefined; ... 16 more ...; annual_mwh?: number | undefined; }, any, { ...; }>'.
  The types of '_options.resolver' are incompatible between these types.
    Type 'Resolver<{ description: string; source_type: "thermal" | "renewable" | "other"; has_factor: "yes" | "no"; method: "annual" | "monthly"; fuel_id?: string | undefined; boiler_efficiency?: number | undefined; ... 16 more ...; annual_mwh?: number | undefined; }, any, TFieldValues> | undefined' is not assignable to type 'Resolver<{ description: string; source_type: "thermal" | "renewable" | "other"; has_factor: "yes" | "no"; method: "annual" | "monthly"; fuel_id?: string | undefined; boiler_efficiency?: number | undefined; ... 16 more ...; annual_mwh?: number | undefined; }, any, { ...; }> | undefined'.
      Type 'Resolver<{ description: string; source_type: "thermal" | "renewable" | "other"; has_factor: "yes" | "no"; method: "annual" | "monthly"; fuel_id?: string | undefined; boiler_efficiency?: number | undefined; ... 16 more ...; annual_mwh?: number | undefined; }, any, TFieldValues>' is not assignable to type 'Resolver<{ description: string; source_type: "thermal" | "renewable" | "other"; has_factor: "yes" | "no"; method: "annual" | "monthly"; fuel_id?: string | undefined; boiler_efficiency?: number | undefined; ... 16 more ...; annual_mwh?: number | undefined; }, any, { ...; }>'.
        Type 'ResolverResult<{ description: string; source_type: "thermal" | "renewable" | "other"; has_factor: "yes" | "no"; method: "annual" | "monthly"; fuel_id?: string | undefined; boiler_efficiency?: number | undefined; ... 16 more ...; annual_mwh?: number | undefined; }, TFieldValues> | Promise<...>' is not assignable to type 'ResolverResult<{ description: string; source_type: "thermal" | "renewable" | "other"; has_factor: "yes" | "no"; method: "annual" | "monthly"; fuel_id?: string | undefined; boiler_efficiency?: number | undefined; ... 16 more ...; annual_mwh?: number | undefined; }, { ...; }> | Promise<...>'.
          Type 'ResolverSuccess<TFieldValues>' is not assignable to type 'ResolverResult<{ description: string; source_type: "thermal" | "renewable" | "other"; has_factor: "yes" | "no"; method: "annual" | "monthly"; fuel_id?: string | undefined; boiler_efficiency?: number | undefined; ... 16 more ...; annual_mwh?: number | undefined; }, { ...; }> | Promise<...>'.
            Type 'ResolverSuccess<TFieldValues>' is not assignable to type 'ResolverSuccess<{ description: string; source_type: "thermal" | "renewable" | "other"; has_factor: "yes" | "no"; method: "annual" | "monthly"; fuel_id?: string | undefined; boiler_efficiency?: number | undefined; ... 16 more ...; annual_mwh?: number | undefined; }>'.
              Type 'TFieldValues' is not assignable to type '{ description: string; source_type: "thermal" | "renewable" | "other"; has_factor: "yes" | "no"; method: "annual" | "monthly"; fuel_id?: string | undefined; boiler_efficiency?: number | undefined; ... 16 more ...; annual_mwh?: number | undefined; }'.
                Type 'FieldValues' is missing the following properties from type '{ description: string; source_type: "thermal" | "renewable" | "other"; has_factor: "yes" | "no"; method: "annual" | "monthly"; fuel_id?: string | undefined; boiler_efficiency?: number | undefined; ... 16 more ...; annual_mwh?: number | undefined; }': description, source_type, has_factor, method
src/components/forms/MarketElectricityForm.tsx(240,48): error TS2322: Type 'Control<{ description: string; source_type: "thermal" | "renewable" | "other"; has_factor: "yes" | "no"; method: "annual" | "monthly"; fuel_id?: string | undefined; boiler_efficiency?: number | undefined; ... 16 more ...; annual_mwh?: number | undefined; }, any, TFieldValues>' is not assignable to type 'Control<{ description: string; source_type: "thermal" | "renewable" | "other"; has_factor: "yes" | "no"; method: "annual" | "monthly"; fuel_id?: string | undefined; boiler_efficiency?: number | undefined; ... 16 more ...; annual_mwh?: number | undefined; }, any, { ...; }>'.
  The types of '_options.resolver' are incompatible between these types.
    Type 'Resolver<{ description: string; source_type: "thermal" | "renewable" | "other"; has_factor: "yes" | "no"; method: "annual" | "monthly"; fuel_id?: string | undefined; boiler_efficiency?: number | undefined; ... 16 more ...; annual_mwh?: number | undefined; }, any, TFieldValues> | undefined' is not assignable to type 'Resolver<{ description: string; source_type: "thermal" | "renewable" | "other"; has_factor: "yes" | "no"; method: "annual" | "monthly"; fuel_id?: string | undefined; boiler_efficiency?: number | undefined; ... 16 more ...; annual_mwh?: number | undefined; }, any, { ...; }> | undefined'.
      Type 'Resolver<{ description: string; source_type: "thermal" | "renewable" | "other"; has_factor: "yes" | "no"; method: "annual" | "monthly"; fuel_id?: string | undefined; boiler_efficiency?: number | undefined; ... 16 more ...; annual_mwh?: number | undefined; }, any, TFieldValues>' is not assignable to type 'Resolver<{ description: string; source_type: "thermal" | "renewable" | "other"; has_factor: "yes" | "no"; method: "annual" | "monthly"; fuel_id?: string | undefined; boiler_efficiency?: number | undefined; ... 16 more ...; annual_mwh?: number | undefined; }, any, { ...; }>'.
        Type 'ResolverResult<{ description: string; source_type: "thermal" | "renewable" | "other"; has_factor: "yes" | "no"; method: "annual" | "monthly"; fuel_id?: string | undefined; boiler_efficiency?: number | undefined; ... 16 more ...; annual_mwh?: number | undefined; }, TFieldValues> | Promise<...>' is not assignable to type 'ResolverResult<{ description: string; source_type: "thermal" | "renewable" | "other"; has_factor: "yes" | "no"; method: "annual" | "monthly"; fuel_id?: string | undefined; boiler_efficiency?: number | undefined; ... 16 more ...; annual_mwh?: number | undefined; }, { ...; }> | Promise<...>'.
          Type 'ResolverSuccess<TFieldValues>' is not assignable to type 'ResolverResult<{ description: string; source_type: "thermal" | "renewable" | "other"; has_factor: "yes" | "no"; method: "annual" | "monthly"; fuel_id?: string | undefined; boiler_efficiency?: number | undefined; ... 16 more ...; annual_mwh?: number | undefined; }, { ...; }> | Promise<...>'.
            Type 'ResolverSuccess<TFieldValues>' is not assignable to type 'ResolverSuccess<{ description: string; source_type: "thermal" | "renewable" | "other"; has_factor: "yes" | "no"; method: "annual" | "monthly"; fuel_id?: string | undefined; boiler_efficiency?: number | undefined; ... 16 more ...; annual_mwh?: number | undefined; }>'.
              Type 'TFieldValues' is not assignable to type '{ description: string; source_type: "thermal" | "renewable" | "other"; has_factor: "yes" | "no"; method: "annual" | "monthly"; fuel_id?: string | undefined; boiler_efficiency?: number | undefined; ... 16 more ...; annual_mwh?: number | undefined; }'.
                Type 'FieldValues' is missing the following properties from type '{ description: string; source_type: "thermal" | "renewable" | "other"; has_factor: "yes" | "no"; method: "annual" | "monthly"; fuel_id?: string | undefined; boiler_efficiency?: number | undefined; ... 16 more ...; annual_mwh?: number | undefined; }': description, source_type, has_factor, method
src/components/forms/MarketElectricityForm.tsx(252,56): error TS2322: Type 'Control<{ description: string; source_type: "thermal" | "renewable" | "other"; has_factor: "yes" | "no"; method: "annual" | "monthly"; fuel_id?: string | undefined; boiler_efficiency?: number | undefined; ... 16 more ...; annual_mwh?: number | undefined; }, any, TFieldValues>' is not assignable to type 'Control<{ description: string; source_type: "thermal" | "renewable" | "other"; has_factor: "yes" | "no"; method: "annual" | "monthly"; fuel_id?: string | undefined; boiler_efficiency?: number | undefined; ... 16 more ...; annual_mwh?: number | undefined; }, any, { ...; }>'.
  The types of '_options.resolver' are incompatible between these types.
    Type 'Resolver<{ description: string; source_type: "thermal" | "renewable" | "other"; has_factor: "yes" | "no"; method: "annual" | "monthly"; fuel_id?: string | undefined; boiler_efficiency?: number | undefined; ... 16 more ...; annual_mwh?: number | undefined; }, any, TFieldValues> | undefined' is not assignable to type 'Resolver<{ description: string; source_type: "thermal" | "renewable" | "other"; has_factor: "yes" | "no"; method: "annual" | "monthly"; fuel_id?: string | undefined; boiler_efficiency?: number | undefined; ... 16 more ...; annual_mwh?: number | undefined; }, any, { ...; }> | undefined'.
      Type 'Resolver<{ description: string; source_type: "thermal" | "renewable" | "other"; has_factor: "yes" | "no"; method: "annual" | "monthly"; fuel_id?: string | undefined; boiler_efficiency?: number | undefined; ... 16 more ...; annual_mwh?: number | undefined; }, any, TFieldValues>' is not assignable to type 'Resolver<{ description: string; source_type: "thermal" | "renewable" | "other"; has_factor: "yes" | "no"; method: "annual" | "monthly"; fuel_id?: string | undefined; boiler_efficiency?: number | undefined; ... 16 more ...; annual_mwh?: number | undefined; }, any, { ...; }>'.
        Type 'ResolverResult<{ description: string; source_type: "thermal" | "renewable" | "other"; has_factor: "yes" | "no"; method: "annual" | "monthly"; fuel_id?: string | undefined; boiler_efficiency?: number | undefined; ... 16 more ...; annual_mwh?: number | undefined; }, TFieldValues> | Promise<...>' is not assignable to type 'ResolverResult<{ description: string; source_type: "thermal" | "renewable" | "other"; has_factor: "yes" | "no"; method: "annual" | "monthly"; fuel_id?: string | undefined; boiler_efficiency?: number | undefined; ... 16 more ...; annual_mwh?: number | undefined; }, { ...; }> | Promise<...>'.
          Type 'ResolverSuccess<TFieldValues>' is not assignable to type 'ResolverResult<{ description: string; source_type: "thermal" | "renewable" | "other"; has_factor: "yes" | "no"; method: "annual" | "monthly"; fuel_id?: string | undefined; boiler_efficiency?: number | undefined; ... 16 more ...; annual_mwh?: number | undefined; }, { ...; }> | Promise<...>'.
            Type 'ResolverSuccess<TFieldValues>' is not assignable to type 'ResolverSuccess<{ description: string; source_type: "thermal" | "renewable" | "other"; has_factor: "yes" | "no"; method: "annual" | "monthly"; fuel_id?: string | undefined; boiler_efficiency?: number | undefined; ... 16 more ...; annual_mwh?: number | undefined; }>'.
              Type 'TFieldValues' is not assignable to type '{ description: string; source_type: "thermal" | "renewable" | "other"; has_factor: "yes" | "no"; method: "annual" | "monthly"; fuel_id?: string | undefined; boiler_efficiency?: number | undefined; ... 16 more ...; annual_mwh?: number | undefined; }'.
                Type 'FieldValues' is missing the following properties from type '{ description: string; source_type: "thermal" | "renewable" | "other"; has_factor: "yes" | "no"; method: "annual" | "monthly"; fuel_id?: string | undefined; boiler_efficiency?: number | undefined; ... 16 more ...; annual_mwh?: number | undefined; }': description, source_type, has_factor, method
src/components/forms/MarketElectricityForm.tsx(255,56): error TS2322: Type 'Control<{ description: string; source_type: "thermal" | "renewable" | "other"; has_factor: "yes" | "no"; method: "annual" | "monthly"; fuel_id?: string | undefined; boiler_efficiency?: number | undefined; ... 16 more ...; annual_mwh?: number | undefined; }, any, TFieldValues>' is not assignable to type 'Control<{ description: string; source_type: "thermal" | "renewable" | "other"; has_factor: "yes" | "no"; method: "annual" | "monthly"; fuel_id?: string | undefined; boiler_efficiency?: number | undefined; ... 16 more ...; annual_mwh?: number | undefined; }, any, { ...; }>'.
  The types of '_options.resolver' are incompatible between these types.
    Type 'Resolver<{ description: string; source_type: "thermal" | "renewable" | "other"; has_factor: "yes" | "no"; method: "annual" | "monthly"; fuel_id?: string | undefined; boiler_efficiency?: number | undefined; ... 16 more ...; annual_mwh?: number | undefined; }, any, TFieldValues> | undefined' is not assignable to type 'Resolver<{ description: string; source_type: "thermal" | "renewable" | "other"; has_factor: "yes" | "no"; method: "annual" | "monthly"; fuel_id?: string | undefined; boiler_efficiency?: number | undefined; ... 16 more ...; annual_mwh?: number | undefined; }, any, { ...; }> | undefined'.
      Type 'Resolver<{ description: string; source_type: "thermal" | "renewable" | "other"; has_factor: "yes" | "no"; method: "annual" | "monthly"; fuel_id?: string | undefined; boiler_efficiency?: number | undefined; ... 16 more ...; annual_mwh?: number | undefined; }, any, TFieldValues>' is not assignable to type 'Resolver<{ description: string; source_type: "thermal" | "renewable" | "other"; has_factor: "yes" | "no"; method: "annual" | "monthly"; fuel_id?: string | undefined; boiler_efficiency?: number | undefined; ... 16 more ...; annual_mwh?: number | undefined; }, any, { ...; }>'.
        Type 'ResolverResult<{ description: string; source_type: "thermal" | "renewable" | "other"; has_factor: "yes" | "no"; method: "annual" | "monthly"; fuel_id?: string | undefined; boiler_efficiency?: number | undefined; ... 16 more ...; annual_mwh?: number | undefined; }, TFieldValues> | Promise<...>' is not assignable to type 'ResolverResult<{ description: string; source_type: "thermal" | "renewable" | "other"; has_factor: "yes" | "no"; method: "annual" | "monthly"; fuel_id?: string | undefined; boiler_efficiency?: number | undefined; ... 16 more ...; annual_mwh?: number | undefined; }, { ...; }> | Promise<...>'.
          Type 'ResolverSuccess<TFieldValues>' is not assignable to type 'ResolverResult<{ description: string; source_type: "thermal" | "renewable" | "other"; has_factor: "yes" | "no"; method: "annual" | "monthly"; fuel_id?: string | undefined; boiler_efficiency?: number | undefined; ... 16 more ...; annual_mwh?: number | undefined; }, { ...; }> | Promise<...>'.
            Type 'ResolverSuccess<TFieldValues>' is not assignable to type 'ResolverSuccess<{ description: string; source_type: "thermal" | "renewable" | "other"; has_factor: "yes" | "no"; method: "annual" | "monthly"; fuel_id?: string | undefined; boiler_efficiency?: number | undefined; ... 16 more ...; annual_mwh?: number | undefined; }>'.
              Type 'TFieldValues' is not assignable to type '{ description: string; source_type: "thermal" | "renewable" | "other"; has_factor: "yes" | "no"; method: "annual" | "monthly"; fuel_id?: string | undefined; boiler_efficiency?: number | undefined; ... 16 more ...; annual_mwh?: number | undefined; }'.
                Type 'FieldValues' is missing the following properties from type '{ description: string; source_type: "thermal" | "renewable" | "other"; has_factor: "yes" | "no"; method: "annual" | "monthly"; fuel_id?: string | undefined; boiler_efficiency?: number | undefined; ... 16 more ...; annual_mwh?: number | undefined; }': description, source_type, has_factor, method
src/components/forms/MarketElectricityForm.tsx(258,56): error TS2322: Type 'Control<{ description: string; source_type: "thermal" | "renewable" | "other"; has_factor: "yes" | "no"; method: "annual" | "monthly"; fuel_id?: string | undefined; boiler_efficiency?: number | undefined; ... 16 more ...; annual_mwh?: number | undefined; }, any, TFieldValues>' is not assignable to type 'Control<{ description: string; source_type: "thermal" | "renewable" | "other"; has_factor: "yes" | "no"; method: "annual" | "monthly"; fuel_id?: string | undefined; boiler_efficiency?: number | undefined; ... 16 more ...; annual_mwh?: number | undefined; }, any, { ...; }>'.
  The types of '_options.resolver' are incompatible between these types.
    Type 'Resolver<{ description: string; source_type: "thermal" | "renewable" | "other"; has_factor: "yes" | "no"; method: "annual" | "monthly"; fuel_id?: string | undefined; boiler_efficiency?: number | undefined; ... 16 more ...; annual_mwh?: number | undefined; }, any, TFieldValues> | undefined' is not assignable to type 'Resolver<{ description: string; source_type: "thermal" | "renewable" | "other"; has_factor: "yes" | "no"; method: "annual" | "monthly"; fuel_id?: string | undefined; boiler_efficiency?: number | undefined; ... 16 more ...; annual_mwh?: number | undefined; }, any, { ...; }> | undefined'.
      Type 'Resolver<{ description: string; source_type: "thermal" | "renewable" | "other"; has_factor: "yes" | "no"; method: "annual" | "monthly"; fuel_id?: string | undefined; boiler_efficiency?: number | undefined; ... 16 more ...; annual_mwh?: number | undefined; }, any, TFieldValues>' is not assignable to type 'Resolver<{ description: string; source_type: "thermal" | "renewable" | "other"; has_factor: "yes" | "no"; method: "annual" | "monthly"; fuel_id?: string | undefined; boiler_efficiency?: number | undefined; ... 16 more ...; annual_mwh?: number | undefined; }, any, { ...; }>'.
        Type 'ResolverResult<{ description: string; source_type: "thermal" | "renewable" | "other"; has_factor: "yes" | "no"; method: "annual" | "monthly"; fuel_id?: string | undefined; boiler_efficiency?: number | undefined; ... 16 more ...; annual_mwh?: number | undefined; }, TFieldValues> | Promise<...>' is not assignable to type 'ResolverResult<{ description: string; source_type: "thermal" | "renewable" | "other"; has_factor: "yes" | "no"; method: "annual" | "monthly"; fuel_id?: string | undefined; boiler_efficiency?: number | undefined; ... 16 more ...; annual_mwh?: number | undefined; }, { ...; }> | Promise<...>'.
          Type 'ResolverSuccess<TFieldValues>' is not assignable to type 'ResolverResult<{ description: string; source_type: "thermal" | "renewable" | "other"; has_factor: "yes" | "no"; method: "annual" | "monthly"; fuel_id?: string | undefined; boiler_efficiency?: number | undefined; ... 16 more ...; annual_mwh?: number | undefined; }, { ...; }> | Promise<...>'.
            Type 'ResolverSuccess<TFieldValues>' is not assignable to type 'ResolverSuccess<{ description: string; source_type: "thermal" | "renewable" | "other"; has_factor: "yes" | "no"; method: "annual" | "monthly"; fuel_id?: string | undefined; boiler_efficiency?: number | undefined; ... 16 more ...; annual_mwh?: number | undefined; }>'.
              Type 'TFieldValues' is not assignable to type '{ description: string; source_type: "thermal" | "renewable" | "other"; has_factor: "yes" | "no"; method: "annual" | "monthly"; fuel_id?: string | undefined; boiler_efficiency?: number | undefined; ... 16 more ...; annual_mwh?: number | undefined; }'.
                Type 'FieldValues' is missing the following properties from type '{ description: string; source_type: "thermal" | "renewable" | "other"; has_factor: "yes" | "no"; method: "annual" | "monthly"; fuel_id?: string | undefined; boiler_efficiency?: number | undefined; ... 16 more ...; annual_mwh?: number | undefined; }': description, source_type, has_factor, method
src/components/forms/MarketElectricityForm.tsx(261,56): error TS2322: Type 'Control<{ description: string; source_type: "thermal" | "renewable" | "other"; has_factor: "yes" | "no"; method: "annual" | "monthly"; fuel_id?: string | undefined; boiler_efficiency?: number | undefined; ... 16 more ...; annual_mwh?: number | undefined; }, any, TFieldValues>' is not assignable to type 'Control<{ description: string; source_type: "thermal" | "renewable" | "other"; has_factor: "yes" | "no"; method: "annual" | "monthly"; fuel_id?: string | undefined; boiler_efficiency?: number | undefined; ... 16 more ...; annual_mwh?: number | undefined; }, any, { ...; }>'.
  The types of '_options.resolver' are incompatible between these types.
    Type 'Resolver<{ description: string; source_type: "thermal" | "renewable" | "other"; has_factor: "yes" | "no"; method: "annual" | "monthly"; fuel_id?: string | undefined; boiler_efficiency?: number | undefined; ... 16 more ...; annual_mwh?: number | undefined; }, any, TFieldValues> | undefined' is not assignable to type 'Resolver<{ description: string; source_type: "thermal" | "renewable" | "other"; has_factor: "yes" | "no"; method: "annual" | "monthly"; fuel_id?: string | undefined; boiler_efficiency?: number | undefined; ... 16 more ...; annual_mwh?: number | undefined; }, any, { ...; }> | undefined'.
      Type 'Resolver<{ description: string; source_type: "thermal" | "renewable" | "other"; has_factor: "yes" | "no"; method: "annual" | "monthly"; fuel_id?: string | undefined; boiler_efficiency?: number | undefined; ... 16 more ...; annual_mwh?: number | undefined; }, any, TFieldValues>' is not assignable to type 'Resolver<{ description: string; source_type: "thermal" | "renewable" | "other"; has_factor: "yes" | "no"; method: "annual" | "monthly"; fuel_id?: string | undefined; boiler_efficiency?: number | undefined; ... 16 more ...; annual_mwh?: number | undefined; }, any, { ...; }>'.
        Type 'ResolverResult<{ description: string; source_type: "thermal" | "renewable" | "other"; has_factor: "yes" | "no"; method: "annual" | "monthly"; fuel_id?: string | undefined; boiler_efficiency?: number | undefined; ... 16 more ...; annual_mwh?: number | undefined; }, TFieldValues> | Promise<...>' is not assignable to type 'ResolverResult<{ description: string; source_type: "thermal" | "renewable" | "other"; has_factor: "yes" | "no"; method: "annual" | "monthly"; fuel_id?: string | undefined; boiler_efficiency?: number | undefined; ... 16 more ...; annual_mwh?: number | undefined; }, { ...; }> | Promise<...>'.
          Type 'ResolverSuccess<TFieldValues>' is not assignable to type 'ResolverResult<{ description: string; source_type: "thermal" | "renewable" | "other"; has_factor: "yes" | "no"; method: "annual" | "monthly"; fuel_id?: string | undefined; boiler_efficiency?: number | undefined; ... 16 more ...; annual_mwh?: number | undefined; }, { ...; }> | Promise<...>'.
            Type 'ResolverSuccess<TFieldValues>' is not assignable to type 'ResolverSuccess<{ description: string; source_type: "thermal" | "renewable" | "other"; has_factor: "yes" | "no"; method: "annual" | "monthly"; fuel_id?: string | undefined; boiler_efficiency?: number | undefined; ... 16 more ...; annual_mwh?: number | undefined; }>'.
              Type 'TFieldValues' is not assignable to type '{ description: string; source_type: "thermal" | "renewable" | "other"; has_factor: "yes" | "no"; method: "annual" | "monthly"; fuel_id?: string | undefined; boiler_efficiency?: number | undefined; ... 16 more ...; annual_mwh?: number | undefined; }'.
                Type 'FieldValues' is missing the following properties from type '{ description: string; source_type: "thermal" | "renewable" | "other"; has_factor: "yes" | "no"; method: "annual" | "monthly"; fuel_id?: string | undefined; boiler_efficiency?: number | undefined; ... 16 more ...; annual_mwh?: number | undefined; }': description, source_type, has_factor, method
src/components/forms/MarketElectricityForm.tsx(268,52): error TS2322: Type 'Control<{ description: string; source_type: "thermal" | "renewable" | "other"; has_factor: "yes" | "no"; method: "annual" | "monthly"; fuel_id?: string | undefined; boiler_efficiency?: number | undefined; ... 16 more ...; annual_mwh?: number | undefined; }, any, TFieldValues>' is not assignable to type 'Control<{ description: string; source_type: "thermal" | "renewable" | "other"; has_factor: "yes" | "no"; method: "annual" | "monthly"; fuel_id?: string | undefined; boiler_efficiency?: number | undefined; ... 16 more ...; annual_mwh?: number | undefined; }, any, { ...; }>'.
  The types of '_options.resolver' are incompatible between these types.
    Type 'Resolver<{ description: string; source_type: "thermal" | "renewable" | "other"; has_factor: "yes" | "no"; method: "annual" | "monthly"; fuel_id?: string | undefined; boiler_efficiency?: number | undefined; ... 16 more ...; annual_mwh?: number | undefined; }, any, TFieldValues> | undefined' is not assignable to type 'Resolver<{ description: string; source_type: "thermal" | "renewable" | "other"; has_factor: "yes" | "no"; method: "annual" | "monthly"; fuel_id?: string | undefined; boiler_efficiency?: number | undefined; ... 16 more ...; annual_mwh?: number | undefined; }, any, { ...; }> | undefined'.
      Type 'Resolver<{ description: string; source_type: "thermal" | "renewable" | "other"; has_factor: "yes" | "no"; method: "annual" | "monthly"; fuel_id?: string | undefined; boiler_efficiency?: number | undefined; ... 16 more ...; annual_mwh?: number | undefined; }, any, TFieldValues>' is not assignable to type 'Resolver<{ description: string; source_type: "thermal" | "renewable" | "other"; has_factor: "yes" | "no"; method: "annual" | "monthly"; fuel_id?: string | undefined; boiler_efficiency?: number | undefined; ... 16 more ...; annual_mwh?: number | undefined; }, any, { ...; }>'.
        Type 'ResolverResult<{ description: string; source_type: "thermal" | "renewable" | "other"; has_factor: "yes" | "no"; method: "annual" | "monthly"; fuel_id?: string | undefined; boiler_efficiency?: number | undefined; ... 16 more ...; annual_mwh?: number | undefined; }, TFieldValues> | Promise<...>' is not assignable to type 'ResolverResult<{ description: string; source_type: "thermal" | "renewable" | "other"; has_factor: "yes" | "no"; method: "annual" | "monthly"; fuel_id?: string | undefined; boiler_efficiency?: number | undefined; ... 16 more ...; annual_mwh?: number | undefined; }, { ...; }> | Promise<...>'.
          Type 'ResolverSuccess<TFieldValues>' is not assignable to type 'ResolverResult<{ description: string; source_type: "thermal" | "renewable" | "other"; has_factor: "yes" | "no"; method: "annual" | "monthly"; fuel_id?: string | undefined; boiler_efficiency?: number | undefined; ... 16 more ...; annual_mwh?: number | undefined; }, { ...; }> | Promise<...>'.
            Type 'ResolverSuccess<TFieldValues>' is not assignable to type 'ResolverSuccess<{ description: string; source_type: "thermal" | "renewable" | "other"; has_factor: "yes" | "no"; method: "annual" | "monthly"; fuel_id?: string | undefined; boiler_efficiency?: number | undefined; ... 16 more ...; annual_mwh?: number | undefined; }>'.
              Type 'TFieldValues' is not assignable to type '{ description: string; source_type: "thermal" | "renewable" | "other"; has_factor: "yes" | "no"; method: "annual" | "monthly"; fuel_id?: string | undefined; boiler_efficiency?: number | undefined; ... 16 more ...; annual_mwh?: number | undefined; }'.
                Type 'FieldValues' is missing the following properties from type '{ description: string; source_type: "thermal" | "renewable" | "other"; has_factor: "yes" | "no"; method: "annual" | "monthly"; fuel_id?: string | undefined; boiler_efficiency?: number | undefined; ... 16 more ...; annual_mwh?: number | undefined; }': description, source_type, has_factor, method
src/components/forms/MarketElectricityForm.tsx(281,76): error TS2322: Type 'Control<{ description: string; source_type: "thermal" | "renewable" | "other"; has_factor: "yes" | "no"; method: "annual" | "monthly"; fuel_id?: string | undefined; boiler_efficiency?: number | undefined; ... 16 more ...; annual_mwh?: number | undefined; }, any, TFieldValues>' is not assignable to type 'Control<{ description: string; source_type: "thermal" | "renewable" | "other"; has_factor: "yes" | "no"; method: "annual" | "monthly"; fuel_id?: string | undefined; boiler_efficiency?: number | undefined; ... 16 more ...; annual_mwh?: number | undefined; }, any, { ...; }>'.
  The types of '_options.resolver' are incompatible between these types.
    Type 'Resolver<{ description: string; source_type: "thermal" | "renewable" | "other"; has_factor: "yes" | "no"; method: "annual" | "monthly"; fuel_id?: string | undefined; boiler_efficiency?: number | undefined; ... 16 more ...; annual_mwh?: number | undefined; }, any, TFieldValues> | undefined' is not assignable to type 'Resolver<{ description: string; source_type: "thermal" | "renewable" | "other"; has_factor: "yes" | "no"; method: "annual" | "monthly"; fuel_id?: string | undefined; boiler_efficiency?: number | undefined; ... 16 more ...; annual_mwh?: number | undefined; }, any, { ...; }> | undefined'.
      Type 'Resolver<{ description: string; source_type: "thermal" | "renewable" | "other"; has_factor: "yes" | "no"; method: "annual" | "monthly"; fuel_id?: string | undefined; boiler_efficiency?: number | undefined; ... 16 more ...; annual_mwh?: number | undefined; }, any, TFieldValues>' is not assignable to type 'Resolver<{ description: string; source_type: "thermal" | "renewable" | "other"; has_factor: "yes" | "no"; method: "annual" | "monthly"; fuel_id?: string | undefined; boiler_efficiency?: number | undefined; ... 16 more ...; annual_mwh?: number | undefined; }, any, { ...; }>'.
        Type 'ResolverResult<{ description: string; source_type: "thermal" | "renewable" | "other"; has_factor: "yes" | "no"; method: "annual" | "monthly"; fuel_id?: string | undefined; boiler_efficiency?: number | undefined; ... 16 more ...; annual_mwh?: number | undefined; }, TFieldValues> | Promise<...>' is not assignable to type 'ResolverResult<{ description: string; source_type: "thermal" | "renewable" | "other"; has_factor: "yes" | "no"; method: "annual" | "monthly"; fuel_id?: string | undefined; boiler_efficiency?: number | undefined; ... 16 more ...; annual_mwh?: number | undefined; }, { ...; }> | Promise<...>'.
          Type 'ResolverSuccess<TFieldValues>' is not assignable to type 'ResolverResult<{ description: string; source_type: "thermal" | "renewable" | "other"; has_factor: "yes" | "no"; method: "annual" | "monthly"; fuel_id?: string | undefined; boiler_efficiency?: number | undefined; ... 16 more ...; annual_mwh?: number | undefined; }, { ...; }> | Promise<...>'.
            Type 'ResolverSuccess<TFieldValues>' is not assignable to type 'ResolverSuccess<{ description: string; source_type: "thermal" | "renewable" | "other"; has_factor: "yes" | "no"; method: "annual" | "monthly"; fuel_id?: string | undefined; boiler_efficiency?: number | undefined; ... 16 more ...; annual_mwh?: number | undefined; }>'.
              Type 'TFieldValues' is not assignable to type '{ description: string; source_type: "thermal" | "renewable" | "other"; has_factor: "yes" | "no"; method: "annual" | "monthly"; fuel_id?: string | undefined; boiler_efficiency?: number | undefined; ... 16 more ...; annual_mwh?: number | undefined; }'.
                Type 'FieldValues' is missing the following properties from type '{ description: string; source_type: "thermal" | "renewable" | "other"; has_factor: "yes" | "no"; method: "annual" | "monthly"; fuel_id?: string | undefined; boiler_efficiency?: number | undefined; ... 16 more ...; annual_mwh?: number | undefined; }': description, source_type, has_factor, method
src/components/forms/MarketElectricityForm.tsx(290,56): error TS2322: Type 'Control<{ description: string; source_type: "thermal" | "renewable" | "other"; has_factor: "yes" | "no"; method: "annual" | "monthly"; fuel_id?: string | undefined; boiler_efficiency?: number | undefined; ... 16 more ...; annual_mwh?: number | undefined; }, any, TFieldValues>' is not assignable to type 'Control<{ description: string; source_type: "thermal" | "renewable" | "other"; has_factor: "yes" | "no"; method: "annual" | "monthly"; fuel_id?: string | undefined; boiler_efficiency?: number | undefined; ... 16 more ...; annual_mwh?: number | undefined; }, any, { ...; }>'.
  The types of '_options.resolver' are incompatible between these types.
    Type 'Resolver<{ description: string; source_type: "thermal" | "renewable" | "other"; has_factor: "yes" | "no"; method: "annual" | "monthly"; fuel_id?: string | undefined; boiler_efficiency?: number | undefined; ... 16 more ...; annual_mwh?: number | undefined; }, any, TFieldValues> | undefined' is not assignable to type 'Resolver<{ description: string; source_type: "thermal" | "renewable" | "other"; has_factor: "yes" | "no"; method: "annual" | "monthly"; fuel_id?: string | undefined; boiler_efficiency?: number | undefined; ... 16 more ...; annual_mwh?: number | undefined; }, any, { ...; }> | undefined'.
      Type 'Resolver<{ description: string; source_type: "thermal" | "renewable" | "other"; has_factor: "yes" | "no"; method: "annual" | "monthly"; fuel_id?: string | undefined; boiler_efficiency?: number | undefined; ... 16 more ...; annual_mwh?: number | undefined; }, any, TFieldValues>' is not assignable to type 'Resolver<{ description: string; source_type: "thermal" | "renewable" | "other"; has_factor: "yes" | "no"; method: "annual" | "monthly"; fuel_id?: string | undefined; boiler_efficiency?: number | undefined; ... 16 more ...; annual_mwh?: number | undefined; }, any, { ...; }>'.
        Type 'ResolverResult<{ description: string; source_type: "thermal" | "renewable" | "other"; has_factor: "yes" | "no"; method: "annual" | "monthly"; fuel_id?: string | undefined; boiler_efficiency?: number | undefined; ... 16 more ...; annual_mwh?: number | undefined; }, TFieldValues> | Promise<...>' is not assignable to type 'ResolverResult<{ description: string; source_type: "thermal" | "renewable" | "other"; has_factor: "yes" | "no"; method: "annual" | "monthly"; fuel_id?: string | undefined; boiler_efficiency?: number | undefined; ... 16 more ...; annual_mwh?: number | undefined; }, { ...; }> | Promise<...>'.
          Type 'ResolverSuccess<TFieldValues>' is not assignable to type 'ResolverResult<{ description: string; source_type: "thermal" | "renewable" | "other"; has_factor: "yes" | "no"; method: "annual" | "monthly"; fuel_id?: string | undefined; boiler_efficiency?: number | undefined; ... 16 more ...; annual_mwh?: number | undefined; }, { ...; }> | Promise<...>'.
            Type 'ResolverSuccess<TFieldValues>' is not assignable to type 'ResolverSuccess<{ description: string; source_type: "thermal" | "renewable" | "other"; has_factor: "yes" | "no"; method: "annual" | "monthly"; fuel_id?: string | undefined; boiler_efficiency?: number | undefined; ... 16 more ...; annual_mwh?: number | undefined; }>'.
              Type 'TFieldValues' is not assignable to type '{ description: string; source_type: "thermal" | "renewable" | "other"; has_factor: "yes" | "no"; method: "annual" | "monthly"; fuel_id?: string | undefined; boiler_efficiency?: number | undefined; ... 16 more ...; annual_mwh?: number | undefined; }'.
                Type 'FieldValues' is missing the following properties from type '{ description: string; source_type: "thermal" | "renewable" | "other"; has_factor: "yes" | "no"; method: "annual" | "monthly"; fuel_id?: string | undefined; boiler_efficiency?: number | undefined; ... 16 more ...; annual_mwh?: number | undefined; }': description, source_type, has_factor, method
src/components/forms/MarketElectricityForm.tsx(304,77): error TS2345: Argument of type '(data: { description: string; co2_t: number; ch4_t: number; n2o_t: number; bio_t: number; }) => void' is not assignable to parameter of type 'SubmitHandler<TFieldValues>'.
  Types of parameters 'data' and 'data' are incompatible.
    Type 'TFieldValues' is not assignable to type '{ description: string; co2_t: number; ch4_t: number; n2o_t: number; bio_t: number; }'.
      Type 'FieldValues' is missing the following properties from type '{ description: string; co2_t: number; ch4_t: number; n2o_t: number; bio_t: number; }': description, co2_t, ch4_t, n2o_t, bio_t
src/components/forms/MarketElectricityForm.tsx(305,48): error TS2322: Type 'Control<{ description: string; co2_t: number; ch4_t: number; n2o_t: number; bio_t: number; }, any, TFieldValues>' is not assignable to type 'Control<{ description: string; co2_t: number; ch4_t: number; n2o_t: number; bio_t: number; }, any, { description: string; co2_t: number; ch4_t: number; n2o_t: number; bio_t: number; }>'.
  The types of '_options.resolver' are incompatible between these types.
    Type 'Resolver<{ description: string; co2_t: number; ch4_t: number; n2o_t: number; bio_t: number; }, any, TFieldValues> | undefined' is not assignable to type 'Resolver<{ description: string; co2_t: number; ch4_t: number; n2o_t: number; bio_t: number; }, any, { description: string; co2_t: number; ch4_t: number; n2o_t: number; bio_t: number; }> | undefined'.
      Type 'Resolver<{ description: string; co2_t: number; ch4_t: number; n2o_t: number; bio_t: number; }, any, TFieldValues>' is not assignable to type 'Resolver<{ description: string; co2_t: number; ch4_t: number; n2o_t: number; bio_t: number; }, any, { description: string; co2_t: number; ch4_t: number; n2o_t: number; bio_t: number; }>'.
        Type 'ResolverResult<{ description: string; co2_t: number; ch4_t: number; n2o_t: number; bio_t: number; }, TFieldValues> | Promise<ResolverResult<{ description: string; co2_t: number; ch4_t: number; n2o_t: number; bio_t: number; }, TFieldValues>>' is not assignable to type 'ResolverResult<{ description: string; co2_t: number; ch4_t: number; n2o_t: number; bio_t: number; }, { description: string; co2_t: number; ch4_t: number; n2o_t: number; bio_t: number; }> | Promise<...>'.
          Type 'ResolverSuccess<TFieldValues>' is not assignable to type 'ResolverResult<{ description: string; co2_t: number; ch4_t: number; n2o_t: number; bio_t: number; }, { description: string; co2_t: number; ch4_t: number; n2o_t: number; bio_t: number; }> | Promise<...>'.
            Type 'ResolverSuccess<TFieldValues>' is not assignable to type 'ResolverSuccess<{ description: string; co2_t: number; ch4_t: number; n2o_t: number; bio_t: number; }>'.
              Type 'TFieldValues' is not assignable to type '{ description: string; co2_t: number; ch4_t: number; n2o_t: number; bio_t: number; }'.
                Type 'FieldValues' is missing the following properties from type '{ description: string; co2_t: number; ch4_t: number; n2o_t: number; bio_t: number; }': description, co2_t, ch4_t, n2o_t, bio_t
src/components/forms/MarketElectricityForm.tsx(309,52): error TS2322: Type 'Control<{ description: string; co2_t: number; ch4_t: number; n2o_t: number; bio_t: number; }, any, TFieldValues>' is not assignable to type 'Control<{ description: string; co2_t: number; ch4_t: number; n2o_t: number; bio_t: number; }, any, { description: string; co2_t: number; ch4_t: number; n2o_t: number; bio_t: number; }>'.
  The types of '_options.resolver' are incompatible between these types.
    Type 'Resolver<{ description: string; co2_t: number; ch4_t: number; n2o_t: number; bio_t: number; }, any, TFieldValues> | undefined' is not assignable to type 'Resolver<{ description: string; co2_t: number; ch4_t: number; n2o_t: number; bio_t: number; }, any, { description: string; co2_t: number; ch4_t: number; n2o_t: number; bio_t: number; }> | undefined'.
      Type 'Resolver<{ description: string; co2_t: number; ch4_t: number; n2o_t: number; bio_t: number; }, any, TFieldValues>' is not assignable to type 'Resolver<{ description: string; co2_t: number; ch4_t: number; n2o_t: number; bio_t: number; }, any, { description: string; co2_t: number; ch4_t: number; n2o_t: number; bio_t: number; }>'.
        Type 'ResolverResult<{ description: string; co2_t: number; ch4_t: number; n2o_t: number; bio_t: number; }, TFieldValues> | Promise<ResolverResult<{ description: string; co2_t: number; ch4_t: number; n2o_t: number; bio_t: number; }, TFieldValues>>' is not assignable to type 'ResolverResult<{ description: string; co2_t: number; ch4_t: number; n2o_t: number; bio_t: number; }, { description: string; co2_t: number; ch4_t: number; n2o_t: number; bio_t: number; }> | Promise<...>'.
          Type 'ResolverSuccess<TFieldValues>' is not assignable to type 'ResolverResult<{ description: string; co2_t: number; ch4_t: number; n2o_t: number; bio_t: number; }, { description: string; co2_t: number; ch4_t: number; n2o_t: number; bio_t: number; }> | Promise<...>'.
            Type 'ResolverSuccess<TFieldValues>' is not assignable to type 'ResolverSuccess<{ description: string; co2_t: number; ch4_t: number; n2o_t: number; bio_t: number; }>'.
              Type 'TFieldValues' is not assignable to type '{ description: string; co2_t: number; ch4_t: number; n2o_t: number; bio_t: number; }'.
                Type 'FieldValues' is missing the following properties from type '{ description: string; co2_t: number; ch4_t: number; n2o_t: number; bio_t: number; }': description, co2_t, ch4_t, n2o_t, bio_t
src/components/forms/MarketElectricityForm.tsx(312,52): error TS2322: Type 'Control<{ description: string; co2_t: number; ch4_t: number; n2o_t: number; bio_t: number; }, any, TFieldValues>' is not assignable to type 'Control<{ description: string; co2_t: number; ch4_t: number; n2o_t: number; bio_t: number; }, any, { description: string; co2_t: number; ch4_t: number; n2o_t: number; bio_t: number; }>'.
  The types of '_options.resolver' are incompatible between these types.
    Type 'Resolver<{ description: string; co2_t: number; ch4_t: number; n2o_t: number; bio_t: number; }, any, TFieldValues> | undefined' is not assignable to type 'Resolver<{ description: string; co2_t: number; ch4_t: number; n2o_t: number; bio_t: number; }, any, { description: string; co2_t: number; ch4_t: number; n2o_t: number; bio_t: number; }> | undefined'.
      Type 'Resolver<{ description: string; co2_t: number; ch4_t: number; n2o_t: number; bio_t: number; }, any, TFieldValues>' is not assignable to type 'Resolver<{ description: string; co2_t: number; ch4_t: number; n2o_t: number; bio_t: number; }, any, { description: string; co2_t: number; ch4_t: number; n2o_t: number; bio_t: number; }>'.
        Type 'ResolverResult<{ description: string; co2_t: number; ch4_t: number; n2o_t: number; bio_t: number; }, TFieldValues> | Promise<ResolverResult<{ description: string; co2_t: number; ch4_t: number; n2o_t: number; bio_t: number; }, TFieldValues>>' is not assignable to type 'ResolverResult<{ description: string; co2_t: number; ch4_t: number; n2o_t: number; bio_t: number; }, { description: string; co2_t: number; ch4_t: number; n2o_t: number; bio_t: number; }> | Promise<...>'.
          Type 'ResolverSuccess<TFieldValues>' is not assignable to type 'ResolverResult<{ description: string; co2_t: number; ch4_t: number; n2o_t: number; bio_t: number; }, { description: string; co2_t: number; ch4_t: number; n2o_t: number; bio_t: number; }> | Promise<...>'.
            Type 'ResolverSuccess<TFieldValues>' is not assignable to type 'ResolverSuccess<{ description: string; co2_t: number; ch4_t: number; n2o_t: number; bio_t: number; }>'.
              Type 'TFieldValues' is not assignable to type '{ description: string; co2_t: number; ch4_t: number; n2o_t: number; bio_t: number; }'.
                Type 'FieldValues' is missing the following properties from type '{ description: string; co2_t: number; ch4_t: number; n2o_t: number; bio_t: number; }': description, co2_t, ch4_t, n2o_t, bio_t
src/components/forms/MarketElectricityForm.tsx(315,52): error TS2322: Type 'Control<{ description: string; co2_t: number; ch4_t: number; n2o_t: number; bio_t: number; }, any, TFieldValues>' is not assignable to type 'Control<{ description: string; co2_t: number; ch4_t: number; n2o_t: number; bio_t: number; }, any, { description: string; co2_t: number; ch4_t: number; n2o_t: number; bio_t: number; }>'.
  The types of '_options.resolver' are incompatible between these types.
    Type 'Resolver<{ description: string; co2_t: number; ch4_t: number; n2o_t: number; bio_t: number; }, any, TFieldValues> | undefined' is not assignable to type 'Resolver<{ description: string; co2_t: number; ch4_t: number; n2o_t: number; bio_t: number; }, any, { description: string; co2_t: number; ch4_t: number; n2o_t: number; bio_t: number; }> | undefined'.
      Type 'Resolver<{ description: string; co2_t: number; ch4_t: number; n2o_t: number; bio_t: number; }, any, TFieldValues>' is not assignable to type 'Resolver<{ description: string; co2_t: number; ch4_t: number; n2o_t: number; bio_t: number; }, any, { description: string; co2_t: number; ch4_t: number; n2o_t: number; bio_t: number; }>'.
        Type 'ResolverResult<{ description: string; co2_t: number; ch4_t: number; n2o_t: number; bio_t: number; }, TFieldValues> | Promise<ResolverResult<{ description: string; co2_t: number; ch4_t: number; n2o_t: number; bio_t: number; }, TFieldValues>>' is not assignable to type 'ResolverResult<{ description: string; co2_t: number; ch4_t: number; n2o_t: number; bio_t: number; }, { description: string; co2_t: number; ch4_t: number; n2o_t: number; bio_t: number; }> | Promise<...>'.
          Type 'ResolverSuccess<TFieldValues>' is not assignable to type 'ResolverResult<{ description: string; co2_t: number; ch4_t: number; n2o_t: number; bio_t: number; }, { description: string; co2_t: number; ch4_t: number; n2o_t: number; bio_t: number; }> | Promise<...>'.
            Type 'ResolverSuccess<TFieldValues>' is not assignable to type 'ResolverSuccess<{ description: string; co2_t: number; ch4_t: number; n2o_t: number; bio_t: number; }>'.
              Type 'TFieldValues' is not assignable to type '{ description: string; co2_t: number; ch4_t: number; n2o_t: number; bio_t: number; }'.
                Type 'FieldValues' is missing the following properties from type '{ description: string; co2_t: number; ch4_t: number; n2o_t: number; bio_t: number; }': description, co2_t, ch4_t, n2o_t, bio_t
src/components/forms/MarketElectricityForm.tsx(318,52): error TS2322: Type 'Control<{ description: string; co2_t: number; ch4_t: number; n2o_t: number; bio_t: number; }, any, TFieldValues>' is not assignable to type 'Control<{ description: string; co2_t: number; ch4_t: number; n2o_t: number; bio_t: number; }, any, { description: string; co2_t: number; ch4_t: number; n2o_t: number; bio_t: number; }>'.
  The types of '_options.resolver' are incompatible between these types.
    Type 'Resolver<{ description: string; co2_t: number; ch4_t: number; n2o_t: number; bio_t: number; }, any, TFieldValues> | undefined' is not assignable to type 'Resolver<{ description: string; co2_t: number; ch4_t: number; n2o_t: number; bio_t: number; }, any, { description: string; co2_t: number; ch4_t: number; n2o_t: number; bio_t: number; }> | undefined'.
      Type 'Resolver<{ description: string; co2_t: number; ch4_t: number; n2o_t: number; bio_t: number; }, any, TFieldValues>' is not assignable to type 'Resolver<{ description: string; co2_t: number; ch4_t: number; n2o_t: number; bio_t: number; }, any, { description: string; co2_t: number; ch4_t: number; n2o_t: number; bio_t: number; }>'.
        Type 'ResolverResult<{ description: string; co2_t: number; ch4_t: number; n2o_t: number; bio_t: number; }, TFieldValues> | Promise<ResolverResult<{ description: string; co2_t: number; ch4_t: number; n2o_t: number; bio_t: number; }, TFieldValues>>' is not assignable to type 'ResolverResult<{ description: string; co2_t: number; ch4_t: number; n2o_t: number; bio_t: number; }, { description: string; co2_t: number; ch4_t: number; n2o_t: number; bio_t: number; }> | Promise<...>'.
          Type 'ResolverSuccess<TFieldValues>' is not assignable to type 'ResolverResult<{ description: string; co2_t: number; ch4_t: number; n2o_t: number; bio_t: number; }, { description: string; co2_t: number; ch4_t: number; n2o_t: number; bio_t: number; }> | Promise<...>'.
            Type 'ResolverSuccess<TFieldValues>' is not assignable to type 'ResolverSuccess<{ description: string; co2_t: number; ch4_t: number; n2o_t: number; bio_t: number; }>'.
              Type 'TFieldValues' is not assignable to type '{ description: string; co2_t: number; ch4_t: number; n2o_t: number; bio_t: number; }'.
                Type 'FieldValues' is missing the following properties from type '{ description: string; co2_t: number; ch4_t: number; n2o_t: number; bio_t: number; }': description, co2_t, ch4_t, n2o_t, bio_t
src/components/forms/MobileCombustionForm.tsx(78,9): error TS2322: Type 'Resolver<{ fleetId: string; description: string; transportMode: string; fuelSourceId: string; period: "annual" | "monthly"; quantity: unknown; unit: string; monthlyQuantities?: number[] | undefined; details?: any; }, any, { ...; }>' is not assignable to type 'Resolver<{ fleetId: string; description: string; transportMode: string; fuelSourceId: string; period: "annual" | "monthly"; quantity: number; unit: string; monthlyQuantities?: number[] | undefined; details?: any; }, any, { ...; }>'.
  Types of parameters 'options' and 'options' are incompatible.
    Type 'ResolverOptions<{ fleetId: string; description: string; transportMode: string; fuelSourceId: string; period: "annual" | "monthly"; quantity: number; unit: string; monthlyQuantities?: number[] | undefined; details?: any; }>' is not assignable to type 'ResolverOptions<{ fleetId: string; description: string; transportMode: string; fuelSourceId: string; period: "annual" | "monthly"; quantity: unknown; unit: string; monthlyQuantities?: number[] | undefined; details?: any; }>'.
      Type 'unknown' is not assignable to type 'number'.
src/components/forms/MobileCombustionForm.tsx(147,59): error TS2345: Argument of type '(data: { fleetId: string; description: string; transportMode: string; fuelSourceId: string; period: "annual" | "monthly"; quantity: number; unit: string; monthlyQuantities?: number[] | undefined; details?: any; }) => void' is not assignable to parameter of type 'SubmitHandler<TFieldValues>'.
  Types of parameters 'data' and 'data' are incompatible.
    Type 'TFieldValues' is not assignable to type '{ fleetId: string; description: string; transportMode: string; fuelSourceId: string; period: "annual" | "monthly"; quantity: number; unit: string; monthlyQuantities?: number[] | undefined; details?: any; }'.
      Type 'FieldValues' is missing the following properties from type '{ fleetId: string; description: string; transportMode: string; fuelSourceId: string; period: "annual" | "monthly"; quantity: number; unit: string; monthlyQuantities?: number[] | undefined; details?: any; }': fleetId, description, transportMode, fuelSourceId, and 3 more.
src/components/forms/MobileCombustionForm.tsx(151,37): error TS2322: Type 'Control<{ fleetId: string; description: string; transportMode: string; fuelSourceId: string; period: "annual" | "monthly"; quantity: number; unit: string; monthlyQuantities?: number[] | undefined; details?: any; }, any, TFieldValues>' is not assignable to type 'Control<{ fleetId: string; description: string; transportMode: string; fuelSourceId: string; period: "annual" | "monthly"; quantity: number; unit: string; monthlyQuantities?: number[] | undefined; details?: any; }, any, { ...; }>'.
  The types of '_options.resolver' are incompatible between these types.
    Type 'Resolver<{ fleetId: string; description: string; transportMode: string; fuelSourceId: string; period: "annual" | "monthly"; quantity: number; unit: string; monthlyQuantities?: number[] | undefined; details?: any; }, any, TFieldValues> | undefined' is not assignable to type 'Resolver<{ fleetId: string; description: string; transportMode: string; fuelSourceId: string; period: "annual" | "monthly"; quantity: number; unit: string; monthlyQuantities?: number[] | undefined; details?: any; }, any, { ...; }> | undefined'.
      Type 'Resolver<{ fleetId: string; description: string; transportMode: string; fuelSourceId: string; period: "annual" | "monthly"; quantity: number; unit: string; monthlyQuantities?: number[] | undefined; details?: any; }, any, TFieldValues>' is not assignable to type 'Resolver<{ fleetId: string; description: string; transportMode: string; fuelSourceId: string; period: "annual" | "monthly"; quantity: number; unit: string; monthlyQuantities?: number[] | undefined; details?: any; }, any, { ...; }>'.
        Type 'ResolverResult<{ fleetId: string; description: string; transportMode: string; fuelSourceId: string; period: "annual" | "monthly"; quantity: number; unit: string; monthlyQuantities?: number[] | undefined; details?: any; }, TFieldValues> | Promise<...>' is not assignable to type 'ResolverResult<{ fleetId: string; description: string; transportMode: string; fuelSourceId: string; period: "annual" | "monthly"; quantity: number; unit: string; monthlyQuantities?: number[] | undefined; details?: any; }, { ...; }> | Promise<...>'.
          Type 'ResolverSuccess<TFieldValues>' is not assignable to type 'ResolverResult<{ fleetId: string; description: string; transportMode: string; fuelSourceId: string; period: "annual" | "monthly"; quantity: number; unit: string; monthlyQuantities?: number[] | undefined; details?: any; }, { ...; }> | Promise<...>'.
            Type 'ResolverSuccess<TFieldValues>' is not assignable to type 'ResolverSuccess<{ fleetId: string; description: string; transportMode: string; fuelSourceId: string; period: "annual" | "monthly"; quantity: number; unit: string; monthlyQuantities?: number[] | undefined; details?: any; }>'.
              Type 'TFieldValues' is not assignable to type '{ fleetId: string; description: string; transportMode: string; fuelSourceId: string; period: "annual" | "monthly"; quantity: number; unit: string; monthlyQuantities?: number[] | undefined; details?: any; }'.
                Type 'FieldValues' is missing the following properties from type '{ fleetId: string; description: string; transportMode: string; fuelSourceId: string; period: "annual" | "monthly"; quantity: number; unit: string; monthlyQuantities?: number[] | undefined; details?: any; }': fleetId, description, transportMode, fuelSourceId, and 3 more.
src/components/forms/MobileCombustionForm.tsx(165,37): error TS2322: Type 'Control<{ fleetId: string; description: string; transportMode: string; fuelSourceId: string; period: "annual" | "monthly"; quantity: number; unit: string; monthlyQuantities?: number[] | undefined; details?: any; }, any, TFieldValues>' is not assignable to type 'Control<{ fleetId: string; description: string; transportMode: string; fuelSourceId: string; period: "annual" | "monthly"; quantity: number; unit: string; monthlyQuantities?: number[] | undefined; details?: any; }, any, { ...; }>'.
  The types of '_options.resolver' are incompatible between these types.
    Type 'Resolver<{ fleetId: string; description: string; transportMode: string; fuelSourceId: string; period: "annual" | "monthly"; quantity: number; unit: string; monthlyQuantities?: number[] | undefined; details?: any; }, any, TFieldValues> | undefined' is not assignable to type 'Resolver<{ fleetId: string; description: string; transportMode: string; fuelSourceId: string; period: "annual" | "monthly"; quantity: number; unit: string; monthlyQuantities?: number[] | undefined; details?: any; }, any, { ...; }> | undefined'.
      Type 'Resolver<{ fleetId: string; description: string; transportMode: string; fuelSourceId: string; period: "annual" | "monthly"; quantity: number; unit: string; monthlyQuantities?: number[] | undefined; details?: any; }, any, TFieldValues>' is not assignable to type 'Resolver<{ fleetId: string; description: string; transportMode: string; fuelSourceId: string; period: "annual" | "monthly"; quantity: number; unit: string; monthlyQuantities?: number[] | undefined; details?: any; }, any, { ...; }>'.
        Type 'ResolverResult<{ fleetId: string; description: string; transportMode: string; fuelSourceId: string; period: "annual" | "monthly"; quantity: number; unit: string; monthlyQuantities?: number[] | undefined; details?: any; }, TFieldValues> | Promise<...>' is not assignable to type 'ResolverResult<{ fleetId: string; description: string; transportMode: string; fuelSourceId: string; period: "annual" | "monthly"; quantity: number; unit: string; monthlyQuantities?: number[] | undefined; details?: any; }, { ...; }> | Promise<...>'.
          Type 'ResolverSuccess<TFieldValues>' is not assignable to type 'ResolverResult<{ fleetId: string; description: string; transportMode: string; fuelSourceId: string; period: "annual" | "monthly"; quantity: number; unit: string; monthlyQuantities?: number[] | undefined; details?: any; }, { ...; }> | Promise<...>'.
            Type 'ResolverSuccess<TFieldValues>' is not assignable to type 'ResolverSuccess<{ fleetId: string; description: string; transportMode: string; fuelSourceId: string; period: "annual" | "monthly"; quantity: number; unit: string; monthlyQuantities?: number[] | undefined; details?: any; }>'.
              Type 'TFieldValues' is not assignable to type '{ fleetId: string; description: string; transportMode: string; fuelSourceId: string; period: "annual" | "monthly"; quantity: number; unit: string; monthlyQuantities?: number[] | undefined; details?: any; }'.
                Type 'FieldValues' is missing the following properties from type '{ fleetId: string; description: string; transportMode: string; fuelSourceId: string; period: "annual" | "monthly"; quantity: number; unit: string; monthlyQuantities?: number[] | undefined; details?: any; }': fleetId, description, transportMode, fuelSourceId, and 3 more.
src/components/forms/MobileCombustionForm.tsx(181,37): error TS2322: Type 'Control<{ fleetId: string; description: string; transportMode: string; fuelSourceId: string; period: "annual" | "monthly"; quantity: number; unit: string; monthlyQuantities?: number[] | undefined; details?: any; }, any, TFieldValues>' is not assignable to type 'Control<{ fleetId: string; description: string; transportMode: string; fuelSourceId: string; period: "annual" | "monthly"; quantity: number; unit: string; monthlyQuantities?: number[] | undefined; details?: any; }, any, { ...; }>'.
  The types of '_options.resolver' are incompatible between these types.
    Type 'Resolver<{ fleetId: string; description: string; transportMode: string; fuelSourceId: string; period: "annual" | "monthly"; quantity: number; unit: string; monthlyQuantities?: number[] | undefined; details?: any; }, any, TFieldValues> | undefined' is not assignable to type 'Resolver<{ fleetId: string; description: string; transportMode: string; fuelSourceId: string; period: "annual" | "monthly"; quantity: number; unit: string; monthlyQuantities?: number[] | undefined; details?: any; }, any, { ...; }> | undefined'.
      Type 'Resolver<{ fleetId: string; description: string; transportMode: string; fuelSourceId: string; period: "annual" | "monthly"; quantity: number; unit: string; monthlyQuantities?: number[] | undefined; details?: any; }, any, TFieldValues>' is not assignable to type 'Resolver<{ fleetId: string; description: string; transportMode: string; fuelSourceId: string; period: "annual" | "monthly"; quantity: number; unit: string; monthlyQuantities?: number[] | undefined; details?: any; }, any, { ...; }>'.
        Type 'ResolverResult<{ fleetId: string; description: string; transportMode: string; fuelSourceId: string; period: "annual" | "monthly"; quantity: number; unit: string; monthlyQuantities?: number[] | undefined; details?: any; }, TFieldValues> | Promise<...>' is not assignable to type 'ResolverResult<{ fleetId: string; description: string; transportMode: string; fuelSourceId: string; period: "annual" | "monthly"; quantity: number; unit: string; monthlyQuantities?: number[] | undefined; details?: any; }, { ...; }> | Promise<...>'.
          Type 'ResolverSuccess<TFieldValues>' is not assignable to type 'ResolverResult<{ fleetId: string; description: string; transportMode: string; fuelSourceId: string; period: "annual" | "monthly"; quantity: number; unit: string; monthlyQuantities?: number[] | undefined; details?: any; }, { ...; }> | Promise<...>'.
            Type 'ResolverSuccess<TFieldValues>' is not assignable to type 'ResolverSuccess<{ fleetId: string; description: string; transportMode: string; fuelSourceId: string; period: "annual" | "monthly"; quantity: number; unit: string; monthlyQuantities?: number[] | undefined; details?: any; }>'.
              Type 'TFieldValues' is not assignable to type '{ fleetId: string; description: string; transportMode: string; fuelSourceId: string; period: "annual" | "monthly"; quantity: number; unit: string; monthlyQuantities?: number[] | undefined; details?: any; }'.
                Type 'FieldValues' is missing the following properties from type '{ fleetId: string; description: string; transportMode: string; fuelSourceId: string; period: "annual" | "monthly"; quantity: number; unit: string; monthlyQuantities?: number[] | undefined; details?: any; }': fleetId, description, transportMode, fuelSourceId, and 3 more.
src/components/forms/MobileCombustionForm.tsx(206,37): error TS2322: Type 'Control<{ fleetId: string; description: string; transportMode: string; fuelSourceId: string; period: "annual" | "monthly"; quantity: number; unit: string; monthlyQuantities?: number[] | undefined; details?: any; }, any, TFieldValues>' is not assignable to type 'Control<{ fleetId: string; description: string; transportMode: string; fuelSourceId: string; period: "annual" | "monthly"; quantity: number; unit: string; monthlyQuantities?: number[] | undefined; details?: any; }, any, { ...; }>'.
  The types of '_options.resolver' are incompatible between these types.
    Type 'Resolver<{ fleetId: string; description: string; transportMode: string; fuelSourceId: string; period: "annual" | "monthly"; quantity: number; unit: string; monthlyQuantities?: number[] | undefined; details?: any; }, any, TFieldValues> | undefined' is not assignable to type 'Resolver<{ fleetId: string; description: string; transportMode: string; fuelSourceId: string; period: "annual" | "monthly"; quantity: number; unit: string; monthlyQuantities?: number[] | undefined; details?: any; }, any, { ...; }> | undefined'.
      Type 'Resolver<{ fleetId: string; description: string; transportMode: string; fuelSourceId: string; period: "annual" | "monthly"; quantity: number; unit: string; monthlyQuantities?: number[] | undefined; details?: any; }, any, TFieldValues>' is not assignable to type 'Resolver<{ fleetId: string; description: string; transportMode: string; fuelSourceId: string; period: "annual" | "monthly"; quantity: number; unit: string; monthlyQuantities?: number[] | undefined; details?: any; }, any, { ...; }>'.
        Type 'ResolverResult<{ fleetId: string; description: string; transportMode: string; fuelSourceId: string; period: "annual" | "monthly"; quantity: number; unit: string; monthlyQuantities?: number[] | undefined; details?: any; }, TFieldValues> | Promise<...>' is not assignable to type 'ResolverResult<{ fleetId: string; description: string; transportMode: string; fuelSourceId: string; period: "annual" | "monthly"; quantity: number; unit: string; monthlyQuantities?: number[] | undefined; details?: any; }, { ...; }> | Promise<...>'.
          Type 'ResolverSuccess<TFieldValues>' is not assignable to type 'ResolverResult<{ fleetId: string; description: string; transportMode: string; fuelSourceId: string; period: "annual" | "monthly"; quantity: number; unit: string; monthlyQuantities?: number[] | undefined; details?: any; }, { ...; }> | Promise<...>'.
            Type 'ResolverSuccess<TFieldValues>' is not assignable to type 'ResolverSuccess<{ fleetId: string; description: string; transportMode: string; fuelSourceId: string; period: "annual" | "monthly"; quantity: number; unit: string; monthlyQuantities?: number[] | undefined; details?: any; }>'.
              Type 'TFieldValues' is not assignable to type '{ fleetId: string; description: string; transportMode: string; fuelSourceId: string; period: "annual" | "monthly"; quantity: number; unit: string; monthlyQuantities?: number[] | undefined; details?: any; }'.
                Type 'FieldValues' is missing the following properties from type '{ fleetId: string; description: string; transportMode: string; fuelSourceId: string; period: "annual" | "monthly"; quantity: number; unit: string; monthlyQuantities?: number[] | undefined; details?: any; }': fleetId, description, transportMode, fuelSourceId, and 3 more.
src/components/forms/MobileCombustionForm.tsx(236,33): error TS2322: Type 'Control<{ fleetId: string; description: string; transportMode: string; fuelSourceId: string; period: "annual" | "monthly"; quantity: number; unit: string; monthlyQuantities?: number[] | undefined; details?: any; }, any, TFieldValues>' is not assignable to type 'Control<{ fleetId: string; description: string; transportMode: string; fuelSourceId: string; period: "annual" | "monthly"; quantity: number; unit: string; monthlyQuantities?: number[] | undefined; details?: any; }, any, { ...; }>'.
  The types of '_options.resolver' are incompatible between these types.
    Type 'Resolver<{ fleetId: string; description: string; transportMode: string; fuelSourceId: string; period: "annual" | "monthly"; quantity: number; unit: string; monthlyQuantities?: number[] | undefined; details?: any; }, any, TFieldValues> | undefined' is not assignable to type 'Resolver<{ fleetId: string; description: string; transportMode: string; fuelSourceId: string; period: "annual" | "monthly"; quantity: number; unit: string; monthlyQuantities?: number[] | undefined; details?: any; }, any, { ...; }> | undefined'.
      Type 'Resolver<{ fleetId: string; description: string; transportMode: string; fuelSourceId: string; period: "annual" | "monthly"; quantity: number; unit: string; monthlyQuantities?: number[] | undefined; details?: any; }, any, TFieldValues>' is not assignable to type 'Resolver<{ fleetId: string; description: string; transportMode: string; fuelSourceId: string; period: "annual" | "monthly"; quantity: number; unit: string; monthlyQuantities?: number[] | undefined; details?: any; }, any, { ...; }>'.
        Type 'ResolverResult<{ fleetId: string; description: string; transportMode: string; fuelSourceId: string; period: "annual" | "monthly"; quantity: number; unit: string; monthlyQuantities?: number[] | undefined; details?: any; }, TFieldValues> | Promise<...>' is not assignable to type 'ResolverResult<{ fleetId: string; description: string; transportMode: string; fuelSourceId: string; period: "annual" | "monthly"; quantity: number; unit: string; monthlyQuantities?: number[] | undefined; details?: any; }, { ...; }> | Promise<...>'.
          Type 'ResolverSuccess<TFieldValues>' is not assignable to type 'ResolverResult<{ fleetId: string; description: string; transportMode: string; fuelSourceId: string; period: "annual" | "monthly"; quantity: number; unit: string; monthlyQuantities?: number[] | undefined; details?: any; }, { ...; }> | Promise<...>'.
            Type 'ResolverSuccess<TFieldValues>' is not assignable to type 'ResolverSuccess<{ fleetId: string; description: string; transportMode: string; fuelSourceId: string; period: "annual" | "monthly"; quantity: number; unit: string; monthlyQuantities?: number[] | undefined; details?: any; }>'.
              Type 'TFieldValues' is not assignable to type '{ fleetId: string; description: string; transportMode: string; fuelSourceId: string; period: "annual" | "monthly"; quantity: number; unit: string; monthlyQuantities?: number[] | undefined; details?: any; }'.
                Type 'FieldValues' is missing the following properties from type '{ fleetId: string; description: string; transportMode: string; fuelSourceId: string; period: "annual" | "monthly"; quantity: number; unit: string; monthlyQuantities?: number[] | undefined; details?: any; }': fleetId, description, transportMode, fuelSourceId, and 3 more.
src/components/forms/MobileCombustionForm.tsx(266,41): error TS2322: Type 'Control<{ fleetId: string; description: string; transportMode: string; fuelSourceId: string; period: "annual" | "monthly"; quantity: number; unit: string; monthlyQuantities?: number[] | undefined; details?: any; }, any, TFieldValues>' is not assignable to type 'Control<{ fleetId: string; description: string; transportMode: string; fuelSourceId: string; period: "annual" | "monthly"; quantity: number; unit: string; monthlyQuantities?: number[] | undefined; details?: any; }, any, { ...; }>'.
  The types of '_options.resolver' are incompatible between these types.
    Type 'Resolver<{ fleetId: string; description: string; transportMode: string; fuelSourceId: string; period: "annual" | "monthly"; quantity: number; unit: string; monthlyQuantities?: number[] | undefined; details?: any; }, any, TFieldValues> | undefined' is not assignable to type 'Resolver<{ fleetId: string; description: string; transportMode: string; fuelSourceId: string; period: "annual" | "monthly"; quantity: number; unit: string; monthlyQuantities?: number[] | undefined; details?: any; }, any, { ...; }> | undefined'.
      Type 'Resolver<{ fleetId: string; description: string; transportMode: string; fuelSourceId: string; period: "annual" | "monthly"; quantity: number; unit: string; monthlyQuantities?: number[] | undefined; details?: any; }, any, TFieldValues>' is not assignable to type 'Resolver<{ fleetId: string; description: string; transportMode: string; fuelSourceId: string; period: "annual" | "monthly"; quantity: number; unit: string; monthlyQuantities?: number[] | undefined; details?: any; }, any, { ...; }>'.
        Type 'ResolverResult<{ fleetId: string; description: string; transportMode: string; fuelSourceId: string; period: "annual" | "monthly"; quantity: number; unit: string; monthlyQuantities?: number[] | undefined; details?: any; }, TFieldValues> | Promise<...>' is not assignable to type 'ResolverResult<{ fleetId: string; description: string; transportMode: string; fuelSourceId: string; period: "annual" | "monthly"; quantity: number; unit: string; monthlyQuantities?: number[] | undefined; details?: any; }, { ...; }> | Promise<...>'.
          Type 'ResolverSuccess<TFieldValues>' is not assignable to type 'ResolverResult<{ fleetId: string; description: string; transportMode: string; fuelSourceId: string; period: "annual" | "monthly"; quantity: number; unit: string; monthlyQuantities?: number[] | undefined; details?: any; }, { ...; }> | Promise<...>'.
            Type 'ResolverSuccess<TFieldValues>' is not assignable to type 'ResolverSuccess<{ fleetId: string; description: string; transportMode: string; fuelSourceId: string; period: "annual" | "monthly"; quantity: number; unit: string; monthlyQuantities?: number[] | undefined; details?: any; }>'.
              Type 'TFieldValues' is not assignable to type '{ fleetId: string; description: string; transportMode: string; fuelSourceId: string; period: "annual" | "monthly"; quantity: number; unit: string; monthlyQuantities?: number[] | undefined; details?: any; }'.
                Type 'FieldValues' is missing the following properties from type '{ fleetId: string; description: string; transportMode: string; fuelSourceId: string; period: "annual" | "monthly"; quantity: number; unit: string; monthlyQuantities?: number[] | undefined; details?: any; }': fleetId, description, transportMode, fuelSourceId, and 3 more.
src/components/forms/MobileCombustionForm.tsx(279,41): error TS2322: Type 'Control<{ fleetId: string; description: string; transportMode: string; fuelSourceId: string; period: "annual" | "monthly"; quantity: number; unit: string; monthlyQuantities?: number[] | undefined; details?: any; }, any, TFieldValues>' is not assignable to type 'Control<{ fleetId: string; description: string; transportMode: string; fuelSourceId: string; period: "annual" | "monthly"; quantity: number; unit: string; monthlyQuantities?: number[] | undefined; details?: any; }, any, { ...; }>'.
  The types of '_options.resolver' are incompatible between these types.
    Type 'Resolver<{ fleetId: string; description: string; transportMode: string; fuelSourceId: string; period: "annual" | "monthly"; quantity: number; unit: string; monthlyQuantities?: number[] | undefined; details?: any; }, any, TFieldValues> | undefined' is not assignable to type 'Resolver<{ fleetId: string; description: string; transportMode: string; fuelSourceId: string; period: "annual" | "monthly"; quantity: number; unit: string; monthlyQuantities?: number[] | undefined; details?: any; }, any, { ...; }> | undefined'.
      Type 'Resolver<{ fleetId: string; description: string; transportMode: string; fuelSourceId: string; period: "annual" | "monthly"; quantity: number; unit: string; monthlyQuantities?: number[] | undefined; details?: any; }, any, TFieldValues>' is not assignable to type 'Resolver<{ fleetId: string; description: string; transportMode: string; fuelSourceId: string; period: "annual" | "monthly"; quantity: number; unit: string; monthlyQuantities?: number[] | undefined; details?: any; }, any, { ...; }>'.
        Type 'ResolverResult<{ fleetId: string; description: string; transportMode: string; fuelSourceId: string; period: "annual" | "monthly"; quantity: number; unit: string; monthlyQuantities?: number[] | undefined; details?: any; }, TFieldValues> | Promise<...>' is not assignable to type 'ResolverResult<{ fleetId: string; description: string; transportMode: string; fuelSourceId: string; period: "annual" | "monthly"; quantity: number; unit: string; monthlyQuantities?: number[] | undefined; details?: any; }, { ...; }> | Promise<...>'.
          Type 'ResolverSuccess<TFieldValues>' is not assignable to type 'ResolverResult<{ fleetId: string; description: string; transportMode: string; fuelSourceId: string; period: "annual" | "monthly"; quantity: number; unit: string; monthlyQuantities?: number[] | undefined; details?: any; }, { ...; }> | Promise<...>'.
            Type 'ResolverSuccess<TFieldValues>' is not assignable to type 'ResolverSuccess<{ fleetId: string; description: string; transportMode: string; fuelSourceId: string; period: "annual" | "monthly"; quantity: number; unit: string; monthlyQuantities?: number[] | undefined; details?: any; }>'.
              Type 'TFieldValues' is not assignable to type '{ fleetId: string; description: string; transportMode: string; fuelSourceId: string; period: "annual" | "monthly"; quantity: number; unit: string; monthlyQuantities?: number[] | undefined; details?: any; }'.
                Type 'FieldValues' is missing the following properties from type '{ fleetId: string; description: string; transportMode: string; fuelSourceId: string; period: "annual" | "monthly"; quantity: number; unit: string; monthlyQuantities?: number[] | undefined; details?: any; }': fleetId, description, transportMode, fuelSourceId, and 3 more.
src/components/forms/MobileCombustionForm.tsx(308,49): error TS2322: Type 'Control<{ fleetId: string; description: string; transportMode: string; fuelSourceId: string; period: "annual" | "monthly"; quantity: number; unit: string; monthlyQuantities?: number[] | undefined; details?: any; }, any, TFieldValues>' is not assignable to type 'Control<{ fleetId: string; description: string; transportMode: string; fuelSourceId: string; period: "annual" | "monthly"; quantity: number; unit: string; monthlyQuantities?: number[] | undefined; details?: any; }, any, { ...; }>'.
  The types of '_options.resolver' are incompatible between these types.
    Type 'Resolver<{ fleetId: string; description: string; transportMode: string; fuelSourceId: string; period: "annual" | "monthly"; quantity: number; unit: string; monthlyQuantities?: number[] | undefined; details?: any; }, any, TFieldValues> | undefined' is not assignable to type 'Resolver<{ fleetId: string; description: string; transportMode: string; fuelSourceId: string; period: "annual" | "monthly"; quantity: number; unit: string; monthlyQuantities?: number[] | undefined; details?: any; }, any, { ...; }> | undefined'.
      Type 'Resolver<{ fleetId: string; description: string; transportMode: string; fuelSourceId: string; period: "annual" | "monthly"; quantity: number; unit: string; monthlyQuantities?: number[] | undefined; details?: any; }, any, TFieldValues>' is not assignable to type 'Resolver<{ fleetId: string; description: string; transportMode: string; fuelSourceId: string; period: "annual" | "monthly"; quantity: number; unit: string; monthlyQuantities?: number[] | undefined; details?: any; }, any, { ...; }>'.
        Type 'ResolverResult<{ fleetId: string; description: string; transportMode: string; fuelSourceId: string; period: "annual" | "monthly"; quantity: number; unit: string; monthlyQuantities?: number[] | undefined; details?: any; }, TFieldValues> | Promise<...>' is not assignable to type 'ResolverResult<{ fleetId: string; description: string; transportMode: string; fuelSourceId: string; period: "annual" | "monthly"; quantity: number; unit: string; monthlyQuantities?: number[] | undefined; details?: any; }, { ...; }> | Promise<...>'.
          Type 'ResolverSuccess<TFieldValues>' is not assignable to type 'ResolverResult<{ fleetId: string; description: string; transportMode: string; fuelSourceId: string; period: "annual" | "monthly"; quantity: number; unit: string; monthlyQuantities?: number[] | undefined; details?: any; }, { ...; }> | Promise<...>'.
            Type 'ResolverSuccess<TFieldValues>' is not assignable to type 'ResolverSuccess<{ fleetId: string; description: string; transportMode: string; fuelSourceId: string; period: "annual" | "monthly"; quantity: number; unit: string; monthlyQuantities?: number[] | undefined; details?: any; }>'.
              Type 'TFieldValues' is not assignable to type '{ fleetId: string; description: string; transportMode: string; fuelSourceId: string; period: "annual" | "monthly"; quantity: number; unit: string; monthlyQuantities?: number[] | undefined; details?: any; }'.
                Type 'FieldValues' is missing the following properties from type '{ fleetId: string; description: string; transportMode: string; fuelSourceId: string; period: "annual" | "monthly"; quantity: number; unit: string; monthlyQuantities?: number[] | undefined; details?: any; }': fleetId, description, transportMode, fuelSourceId, and 3 more.
src/components/forms/Scope3BusinessTravelForm.tsx(90,9): error TS2322: Type 'Resolver<{ description: string; active_tab: string; date?: string | undefined; air_calc_method?: "airport_iata" | "distance" | undefined; air_origin_iata?: string | undefined; air_dest_iata?: string | undefined; ... 18 more ...; ferry_trechos?: unknown; }, any, { ...; }>' is not assignable to type 'Resolver<{ description: string; active_tab: string; date?: string | undefined; air_calc_method?: "airport_iata" | "distance" | undefined; air_origin_iata?: string | undefined; air_dest_iata?: string | undefined; ... 18 more ...; ferry_trechos?: number | undefined; }, any, { ...; }>'.
  Types of parameters 'options' and 'options' are incompatible.
    Type 'ResolverOptions<{ description: string; active_tab: string; date?: string | undefined; air_calc_method?: "airport_iata" | "distance" | undefined; air_origin_iata?: string | undefined; air_dest_iata?: string | undefined; ... 18 more ...; ferry_trechos?: number | undefined; }>' is not assignable to type 'ResolverOptions<{ description: string; active_tab: string; date?: string | undefined; air_calc_method?: "airport_iata" | "distance" | undefined; air_origin_iata?: string | undefined; air_dest_iata?: string | undefined; ... 18 more ...; ferry_trechos?: unknown; }>'.
      Type 'unknown' is not assignable to type 'number | undefined'.
src/components/forms/Scope3BusinessTravelForm.tsx(217,67): error TS2345: Argument of type '(data: BusinessTravelFormValues) => void' is not assignable to parameter of type 'SubmitHandler<TFieldValues>'.
  Types of parameters 'data' and 'data' are incompatible.
    Type 'TFieldValues' is not assignable to type '{ description: string; active_tab: string; date?: string | undefined; air_calc_method?: "airport_iata" | "distance" | undefined; air_origin_iata?: string | undefined; air_dest_iata?: string | undefined; ... 18 more ...; ferry_trechos?: number | undefined; }'.
      Type 'FieldValues' is missing the following properties from type '{ description: string; active_tab: string; date?: string | undefined; air_calc_method?: "airport_iata" | "distance" | undefined; air_origin_iata?: string | undefined; air_dest_iata?: string | undefined; ... 18 more ...; ferry_trechos?: number | undefined; }': description, active_tab
src/components/forms/Scope3BusinessTravelForm.tsx(220,45): error TS2322: Type 'Control<{ description: string; active_tab: string; date?: string | undefined; air_calc_method?: "airport_iata" | "distance" | undefined; air_origin_iata?: string | undefined; air_dest_iata?: string | undefined; ... 18 more ...; ferry_trechos?: number | undefined; }, any, TFieldValues>' is not assignable to type 'Control<{ description: string; active_tab: string; date?: string | undefined; air_calc_method?: "airport_iata" | "distance" | undefined; air_origin_iata?: string | undefined; air_dest_iata?: string | undefined; ... 18 more ...; ferry_trechos?: number | undefined; }, any, { ...; }>'.
  The types of '_options.resolver' are incompatible between these types.
    Type 'Resolver<{ description: string; active_tab: string; date?: string | undefined; air_calc_method?: "airport_iata" | "distance" | undefined; air_origin_iata?: string | undefined; air_dest_iata?: string | undefined; ... 18 more ...; ferry_trechos?: number | undefined; }, any, TFieldValues> | undefined' is not assignable to type 'Resolver<{ description: string; active_tab: string; date?: string | undefined; air_calc_method?: "airport_iata" | "distance" | undefined; air_origin_iata?: string | undefined; air_dest_iata?: string | undefined; ... 18 more ...; ferry_trechos?: number | undefined; }, any, { ...; }> | undefined'.
      Type 'Resolver<{ description: string; active_tab: string; date?: string | undefined; air_calc_method?: "airport_iata" | "distance" | undefined; air_origin_iata?: string | undefined; air_dest_iata?: string | undefined; ... 18 more ...; ferry_trechos?: number | undefined; }, any, TFieldValues>' is not assignable to type 'Resolver<{ description: string; active_tab: string; date?: string | undefined; air_calc_method?: "airport_iata" | "distance" | undefined; air_origin_iata?: string | undefined; air_dest_iata?: string | undefined; ... 18 more ...; ferry_trechos?: number | undefined; }, any, { ...; }>'.
        Type 'ResolverResult<{ description: string; active_tab: string; date?: string | undefined; air_calc_method?: "airport_iata" | "distance" | undefined; air_origin_iata?: string | undefined; air_dest_iata?: string | undefined; ... 18 more ...; ferry_trechos?: number | undefined; }, TFieldValues> | Promise<...>' is not assignable to type 'ResolverResult<{ description: string; active_tab: string; date?: string | undefined; air_calc_method?: "airport_iata" | "distance" | undefined; air_origin_iata?: string | undefined; air_dest_iata?: string | undefined; ... 18 more ...; ferry_trechos?: number | undefined; }, { ...; }> | Promise<...>'.
          Type 'ResolverSuccess<TFieldValues>' is not assignable to type 'ResolverResult<{ description: string; active_tab: string; date?: string | undefined; air_calc_method?: "airport_iata" | "distance" | undefined; air_origin_iata?: string | undefined; air_dest_iata?: string | undefined; ... 18 more ...; ferry_trechos?: number | undefined; }, { ...; }> | Promise<...>'.
            Type 'ResolverSuccess<TFieldValues>' is not assignable to type 'ResolverSuccess<{ description: string; active_tab: string; date?: string | undefined; air_calc_method?: "airport_iata" | "distance" | undefined; air_origin_iata?: string | undefined; air_dest_iata?: string | undefined; ... 18 more ...; ferry_trechos?: number | undefined; }>'.
              Type 'TFieldValues' is not assignable to type '{ description: string; active_tab: string; date?: string | undefined; air_calc_method?: "airport_iata" | "distance" | undefined; air_origin_iata?: string | undefined; air_dest_iata?: string | undefined; ... 18 more ...; ferry_trechos?: number | undefined; }'.
                Type 'FieldValues' is missing the following properties from type '{ description: string; active_tab: string; date?: string | undefined; air_calc_method?: "airport_iata" | "distance" | undefined; air_origin_iata?: string | undefined; air_dest_iata?: string | undefined; ... 18 more ...; ferry_trechos?: number | undefined; }': description, active_tab
src/components/forms/Scope3BusinessTravelForm.tsx(231,45): error TS2322: Type 'Control<{ description: string; active_tab: string; date?: string | undefined; air_calc_method?: "airport_iata" | "distance" | undefined; air_origin_iata?: string | undefined; air_dest_iata?: string | undefined; ... 18 more ...; ferry_trechos?: number | undefined; }, any, TFieldValues>' is not assignable to type 'Control<{ description: string; active_tab: string; date?: string | undefined; air_calc_method?: "airport_iata" | "distance" | undefined; air_origin_iata?: string | undefined; air_dest_iata?: string | undefined; ... 18 more ...; ferry_trechos?: number | undefined; }, any, { ...; }>'.
  The types of '_options.resolver' are incompatible between these types.
    Type 'Resolver<{ description: string; active_tab: string; date?: string | undefined; air_calc_method?: "airport_iata" | "distance" | undefined; air_origin_iata?: string | undefined; air_dest_iata?: string | undefined; ... 18 more ...; ferry_trechos?: number | undefined; }, any, TFieldValues> | undefined' is not assignable to type 'Resolver<{ description: string; active_tab: string; date?: string | undefined; air_calc_method?: "airport_iata" | "distance" | undefined; air_origin_iata?: string | undefined; air_dest_iata?: string | undefined; ... 18 more ...; ferry_trechos?: number | undefined; }, any, { ...; }> | undefined'.
      Type 'Resolver<{ description: string; active_tab: string; date?: string | undefined; air_calc_method?: "airport_iata" | "distance" | undefined; air_origin_iata?: string | undefined; air_dest_iata?: string | undefined; ... 18 more ...; ferry_trechos?: number | undefined; }, any, TFieldValues>' is not assignable to type 'Resolver<{ description: string; active_tab: string; date?: string | undefined; air_calc_method?: "airport_iata" | "distance" | undefined; air_origin_iata?: string | undefined; air_dest_iata?: string | undefined; ... 18 more ...; ferry_trechos?: number | undefined; }, any, { ...; }>'.
        Type 'ResolverResult<{ description: string; active_tab: string; date?: string | undefined; air_calc_method?: "airport_iata" | "distance" | undefined; air_origin_iata?: string | undefined; air_dest_iata?: string | undefined; ... 18 more ...; ferry_trechos?: number | undefined; }, TFieldValues> | Promise<...>' is not assignable to type 'ResolverResult<{ description: string; active_tab: string; date?: string | undefined; air_calc_method?: "airport_iata" | "distance" | undefined; air_origin_iata?: string | undefined; air_dest_iata?: string | undefined; ... 18 more ...; ferry_trechos?: number | undefined; }, { ...; }> | Promise<...>'.
          Type 'ResolverSuccess<TFieldValues>' is not assignable to type 'ResolverResult<{ description: string; active_tab: string; date?: string | undefined; air_calc_method?: "airport_iata" | "distance" | undefined; air_origin_iata?: string | undefined; air_dest_iata?: string | undefined; ... 18 more ...; ferry_trechos?: number | undefined; }, { ...; }> | Promise<...>'.
            Type 'ResolverSuccess<TFieldValues>' is not assignable to type 'ResolverSuccess<{ description: string; active_tab: string; date?: string | undefined; air_calc_method?: "airport_iata" | "distance" | undefined; air_origin_iata?: string | undefined; air_dest_iata?: string | undefined; ... 18 more ...; ferry_trechos?: number | undefined; }>'.
              Type 'TFieldValues' is not assignable to type '{ description: string; active_tab: string; date?: string | undefined; air_calc_method?: "airport_iata" | "distance" | undefined; air_origin_iata?: string | undefined; air_dest_iata?: string | undefined; ... 18 more ...; ferry_trechos?: number | undefined; }'.
                Type 'FieldValues' is missing the following properties from type '{ description: string; active_tab: string; date?: string | undefined; air_calc_method?: "airport_iata" | "distance" | undefined; air_origin_iata?: string | undefined; air_dest_iata?: string | undefined; ... 18 more ...; ferry_trechos?: number | undefined; }': description, active_tab
src/components/forms/Scope3BusinessTravelForm.tsx(248,45): error TS2322: Type 'Control<{ description: string; active_tab: string; date?: string | undefined; air_calc_method?: "airport_iata" | "distance" | undefined; air_origin_iata?: string | undefined; air_dest_iata?: string | undefined; ... 18 more ...; ferry_trechos?: number | undefined; }, any, TFieldValues>' is not assignable to type 'Control<{ description: string; active_tab: string; date?: string | undefined; air_calc_method?: "airport_iata" | "distance" | undefined; air_origin_iata?: string | undefined; air_dest_iata?: string | undefined; ... 18 more ...; ferry_trechos?: number | undefined; }, any, { ...; }>'.
  The types of '_options.resolver' are incompatible between these types.
    Type 'Resolver<{ description: string; active_tab: string; date?: string | undefined; air_calc_method?: "airport_iata" | "distance" | undefined; air_origin_iata?: string | undefined; air_dest_iata?: string | undefined; ... 18 more ...; ferry_trechos?: number | undefined; }, any, TFieldValues> | undefined' is not assignable to type 'Resolver<{ description: string; active_tab: string; date?: string | undefined; air_calc_method?: "airport_iata" | "distance" | undefined; air_origin_iata?: string | undefined; air_dest_iata?: string | undefined; ... 18 more ...; ferry_trechos?: number | undefined; }, any, { ...; }> | undefined'.
      Type 'Resolver<{ description: string; active_tab: string; date?: string | undefined; air_calc_method?: "airport_iata" | "distance" | undefined; air_origin_iata?: string | undefined; air_dest_iata?: string | undefined; ... 18 more ...; ferry_trechos?: number | undefined; }, any, TFieldValues>' is not assignable to type 'Resolver<{ description: string; active_tab: string; date?: string | undefined; air_calc_method?: "airport_iata" | "distance" | undefined; air_origin_iata?: string | undefined; air_dest_iata?: string | undefined; ... 18 more ...; ferry_trechos?: number | undefined; }, any, { ...; }>'.
        Type 'ResolverResult<{ description: string; active_tab: string; date?: string | undefined; air_calc_method?: "airport_iata" | "distance" | undefined; air_origin_iata?: string | undefined; air_dest_iata?: string | undefined; ... 18 more ...; ferry_trechos?: number | undefined; }, TFieldValues> | Promise<...>' is not assignable to type 'ResolverResult<{ description: string; active_tab: string; date?: string | undefined; air_calc_method?: "airport_iata" | "distance" | undefined; air_origin_iata?: string | undefined; air_dest_iata?: string | undefined; ... 18 more ...; ferry_trechos?: number | undefined; }, { ...; }> | Promise<...>'.
          Type 'ResolverSuccess<TFieldValues>' is not assignable to type 'ResolverResult<{ description: string; active_tab: string; date?: string | undefined; air_calc_method?: "airport_iata" | "distance" | undefined; air_origin_iata?: string | undefined; air_dest_iata?: string | undefined; ... 18 more ...; ferry_trechos?: number | undefined; }, { ...; }> | Promise<...>'.
            Type 'ResolverSuccess<TFieldValues>' is not assignable to type 'ResolverSuccess<{ description: string; active_tab: string; date?: string | undefined; air_calc_method?: "airport_iata" | "distance" | undefined; air_origin_iata?: string | undefined; air_dest_iata?: string | undefined; ... 18 more ...; ferry_trechos?: number | undefined; }>'.
              Type 'TFieldValues' is not assignable to type '{ description: string; active_tab: string; date?: string | undefined; air_calc_method?: "airport_iata" | "distance" | undefined; air_origin_iata?: string | undefined; air_dest_iata?: string | undefined; ... 18 more ...; ferry_trechos?: number | undefined; }'.
                Type 'FieldValues' is missing the following properties from type '{ description: string; active_tab: string; date?: string | undefined; air_calc_method?: "airport_iata" | "distance" | undefined; air_origin_iata?: string | undefined; air_dest_iata?: string | undefined; ... 18 more ...; ferry_trechos?: number | undefined; }': description, active_tab
src/components/forms/Scope3BusinessTravelForm.tsx(267,53): error TS2322: Type 'Control<{ description: string; active_tab: string; date?: string | undefined; air_calc_method?: "airport_iata" | "distance" | undefined; air_origin_iata?: string | undefined; air_dest_iata?: string | undefined; ... 18 more ...; ferry_trechos?: number | undefined; }, any, TFieldValues>' is not assignable to type 'Control<{ description: string; active_tab: string; date?: string | undefined; air_calc_method?: "airport_iata" | "distance" | undefined; air_origin_iata?: string | undefined; air_dest_iata?: string | undefined; ... 18 more ...; ferry_trechos?: number | undefined; }, any, { ...; }>'.
  The types of '_options.resolver' are incompatible between these types.
    Type 'Resolver<{ description: string; active_tab: string; date?: string | undefined; air_calc_method?: "airport_iata" | "distance" | undefined; air_origin_iata?: string | undefined; air_dest_iata?: string | undefined; ... 18 more ...; ferry_trechos?: number | undefined; }, any, TFieldValues> | undefined' is not assignable to type 'Resolver<{ description: string; active_tab: string; date?: string | undefined; air_calc_method?: "airport_iata" | "distance" | undefined; air_origin_iata?: string | undefined; air_dest_iata?: string | undefined; ... 18 more ...; ferry_trechos?: number | undefined; }, any, { ...; }> | undefined'.
      Type 'Resolver<{ description: string; active_tab: string; date?: string | undefined; air_calc_method?: "airport_iata" | "distance" | undefined; air_origin_iata?: string | undefined; air_dest_iata?: string | undefined; ... 18 more ...; ferry_trechos?: number | undefined; }, any, TFieldValues>' is not assignable to type 'Resolver<{ description: string; active_tab: string; date?: string | undefined; air_calc_method?: "airport_iata" | "distance" | undefined; air_origin_iata?: string | undefined; air_dest_iata?: string | undefined; ... 18 more ...; ferry_trechos?: number | undefined; }, any, { ...; }>'.
        Type 'ResolverResult<{ description: string; active_tab: string; date?: string | undefined; air_calc_method?: "airport_iata" | "distance" | undefined; air_origin_iata?: string | undefined; air_dest_iata?: string | undefined; ... 18 more ...; ferry_trechos?: number | undefined; }, TFieldValues> | Promise<...>' is not assignable to type 'ResolverResult<{ description: string; active_tab: string; date?: string | undefined; air_calc_method?: "airport_iata" | "distance" | undefined; air_origin_iata?: string | undefined; air_dest_iata?: string | undefined; ... 18 more ...; ferry_trechos?: number | undefined; }, { ...; }> | Promise<...>'.
          Type 'ResolverSuccess<TFieldValues>' is not assignable to type 'ResolverResult<{ description: string; active_tab: string; date?: string | undefined; air_calc_method?: "airport_iata" | "distance" | undefined; air_origin_iata?: string | undefined; air_dest_iata?: string | undefined; ... 18 more ...; ferry_trechos?: number | undefined; }, { ...; }> | Promise<...>'.
            Type 'ResolverSuccess<TFieldValues>' is not assignable to type 'ResolverSuccess<{ description: string; active_tab: string; date?: string | undefined; air_calc_method?: "airport_iata" | "distance" | undefined; air_origin_iata?: string | undefined; air_dest_iata?: string | undefined; ... 18 more ...; ferry_trechos?: number | undefined; }>'.
              Type 'TFieldValues' is not assignable to type '{ description: string; active_tab: string; date?: string | undefined; air_calc_method?: "airport_iata" | "distance" | undefined; air_origin_iata?: string | undefined; air_dest_iata?: string | undefined; ... 18 more ...; ferry_trechos?: number | undefined; }'.
                Type 'FieldValues' is missing the following properties from type '{ description: string; active_tab: string; date?: string | undefined; air_calc_method?: "airport_iata" | "distance" | undefined; air_origin_iata?: string | undefined; air_dest_iata?: string | undefined; ... 18 more ...; ferry_trechos?: number | undefined; }': description, active_tab
src/components/forms/Scope3BusinessTravelForm.tsx(277,53): error TS2322: Type 'Control<{ description: string; active_tab: string; date?: string | undefined; air_calc_method?: "airport_iata" | "distance" | undefined; air_origin_iata?: string | undefined; air_dest_iata?: string | undefined; ... 18 more ...; ferry_trechos?: number | undefined; }, any, TFieldValues>' is not assignable to type 'Control<{ description: string; active_tab: string; date?: string | undefined; air_calc_method?: "airport_iata" | "distance" | undefined; air_origin_iata?: string | undefined; air_dest_iata?: string | undefined; ... 18 more ...; ferry_trechos?: number | undefined; }, any, { ...; }>'.
  The types of '_options.resolver' are incompatible between these types.
    Type 'Resolver<{ description: string; active_tab: string; date?: string | undefined; air_calc_method?: "airport_iata" | "distance" | undefined; air_origin_iata?: string | undefined; air_dest_iata?: string | undefined; ... 18 more ...; ferry_trechos?: number | undefined; }, any, TFieldValues> | undefined' is not assignable to type 'Resolver<{ description: string; active_tab: string; date?: string | undefined; air_calc_method?: "airport_iata" | "distance" | undefined; air_origin_iata?: string | undefined; air_dest_iata?: string | undefined; ... 18 more ...; ferry_trechos?: number | undefined; }, any, { ...; }> | undefined'.
      Type 'Resolver<{ description: string; active_tab: string; date?: string | undefined; air_calc_method?: "airport_iata" | "distance" | undefined; air_origin_iata?: string | undefined; air_dest_iata?: string | undefined; ... 18 more ...; ferry_trechos?: number | undefined; }, any, TFieldValues>' is not assignable to type 'Resolver<{ description: string; active_tab: string; date?: string | undefined; air_calc_method?: "airport_iata" | "distance" | undefined; air_origin_iata?: string | undefined; air_dest_iata?: string | undefined; ... 18 more ...; ferry_trechos?: number | undefined; }, any, { ...; }>'.
        Type 'ResolverResult<{ description: string; active_tab: string; date?: string | undefined; air_calc_method?: "airport_iata" | "distance" | undefined; air_origin_iata?: string | undefined; air_dest_iata?: string | undefined; ... 18 more ...; ferry_trechos?: number | undefined; }, TFieldValues> | Promise<...>' is not assignable to type 'ResolverResult<{ description: string; active_tab: string; date?: string | undefined; air_calc_method?: "airport_iata" | "distance" | undefined; air_origin_iata?: string | undefined; air_dest_iata?: string | undefined; ... 18 more ...; ferry_trechos?: number | undefined; }, { ...; }> | Promise<...>'.
          Type 'ResolverSuccess<TFieldValues>' is not assignable to type 'ResolverResult<{ description: string; active_tab: string; date?: string | undefined; air_calc_method?: "airport_iata" | "distance" | undefined; air_origin_iata?: string | undefined; air_dest_iata?: string | undefined; ... 18 more ...; ferry_trechos?: number | undefined; }, { ...; }> | Promise<...>'.
            Type 'ResolverSuccess<TFieldValues>' is not assignable to type 'ResolverSuccess<{ description: string; active_tab: string; date?: string | undefined; air_calc_method?: "airport_iata" | "distance" | undefined; air_origin_iata?: string | undefined; air_dest_iata?: string | undefined; ... 18 more ...; ferry_trechos?: number | undefined; }>'.
              Type 'TFieldValues' is not assignable to type '{ description: string; active_tab: string; date?: string | undefined; air_calc_method?: "airport_iata" | "distance" | undefined; air_origin_iata?: string | undefined; air_dest_iata?: string | undefined; ... 18 more ...; ferry_trechos?: number | undefined; }'.
                Type 'FieldValues' is missing the following properties from type '{ description: string; active_tab: string; date?: string | undefined; air_calc_method?: "airport_iata" | "distance" | undefined; air_origin_iata?: string | undefined; air_dest_iata?: string | undefined; ... 18 more ...; ferry_trechos?: number | undefined; }': description, active_tab
src/components/forms/Scope3BusinessTravelForm.tsx(289,49): error TS2322: Type 'Control<{ description: string; active_tab: string; date?: string | undefined; air_calc_method?: "airport_iata" | "distance" | undefined; air_origin_iata?: string | undefined; air_dest_iata?: string | undefined; ... 18 more ...; ferry_trechos?: number | undefined; }, any, TFieldValues>' is not assignable to type 'Control<{ description: string; active_tab: string; date?: string | undefined; air_calc_method?: "airport_iata" | "distance" | undefined; air_origin_iata?: string | undefined; air_dest_iata?: string | undefined; ... 18 more ...; ferry_trechos?: number | undefined; }, any, { ...; }>'.
  The types of '_options.resolver' are incompatible between these types.
    Type 'Resolver<{ description: string; active_tab: string; date?: string | undefined; air_calc_method?: "airport_iata" | "distance" | undefined; air_origin_iata?: string | undefined; air_dest_iata?: string | undefined; ... 18 more ...; ferry_trechos?: number | undefined; }, any, TFieldValues> | undefined' is not assignable to type 'Resolver<{ description: string; active_tab: string; date?: string | undefined; air_calc_method?: "airport_iata" | "distance" | undefined; air_origin_iata?: string | undefined; air_dest_iata?: string | undefined; ... 18 more ...; ferry_trechos?: number | undefined; }, any, { ...; }> | undefined'.
      Type 'Resolver<{ description: string; active_tab: string; date?: string | undefined; air_calc_method?: "airport_iata" | "distance" | undefined; air_origin_iata?: string | undefined; air_dest_iata?: string | undefined; ... 18 more ...; ferry_trechos?: number | undefined; }, any, TFieldValues>' is not assignable to type 'Resolver<{ description: string; active_tab: string; date?: string | undefined; air_calc_method?: "airport_iata" | "distance" | undefined; air_origin_iata?: string | undefined; air_dest_iata?: string | undefined; ... 18 more ...; ferry_trechos?: number | undefined; }, any, { ...; }>'.
        Type 'ResolverResult<{ description: string; active_tab: string; date?: string | undefined; air_calc_method?: "airport_iata" | "distance" | undefined; air_origin_iata?: string | undefined; air_dest_iata?: string | undefined; ... 18 more ...; ferry_trechos?: number | undefined; }, TFieldValues> | Promise<...>' is not assignable to type 'ResolverResult<{ description: string; active_tab: string; date?: string | undefined; air_calc_method?: "airport_iata" | "distance" | undefined; air_origin_iata?: string | undefined; air_dest_iata?: string | undefined; ... 18 more ...; ferry_trechos?: number | undefined; }, { ...; }> | Promise<...>'.
          Type 'ResolverSuccess<TFieldValues>' is not assignable to type 'ResolverResult<{ description: string; active_tab: string; date?: string | undefined; air_calc_method?: "airport_iata" | "distance" | undefined; air_origin_iata?: string | undefined; air_dest_iata?: string | undefined; ... 18 more ...; ferry_trechos?: number | undefined; }, { ...; }> | Promise<...>'.
            Type 'ResolverSuccess<TFieldValues>' is not assignable to type 'ResolverSuccess<{ description: string; active_tab: string; date?: string | undefined; air_calc_method?: "airport_iata" | "distance" | undefined; air_origin_iata?: string | undefined; air_dest_iata?: string | undefined; ... 18 more ...; ferry_trechos?: number | undefined; }>'.
              Type 'TFieldValues' is not assignable to type '{ description: string; active_tab: string; date?: string | undefined; air_calc_method?: "airport_iata" | "distance" | undefined; air_origin_iata?: string | undefined; air_dest_iata?: string | undefined; ... 18 more ...; ferry_trechos?: number | undefined; }'.
                Type 'FieldValues' is missing the following properties from type '{ description: string; active_tab: string; date?: string | undefined; air_calc_method?: "airport_iata" | "distance" | undefined; air_origin_iata?: string | undefined; air_dest_iata?: string | undefined; ... 18 more ...; ferry_trechos?: number | undefined; }': description, active_tab
src/components/forms/Scope3BusinessTravelForm.tsx(302,49): error TS2322: Type 'Control<{ description: string; active_tab: string; date?: string | undefined; air_calc_method?: "airport_iata" | "distance" | undefined; air_origin_iata?: string | undefined; air_dest_iata?: string | undefined; ... 18 more ...; ferry_trechos?: number | undefined; }, any, TFieldValues>' is not assignable to type 'Control<{ description: string; active_tab: string; date?: string | undefined; air_calc_method?: "airport_iata" | "distance" | undefined; air_origin_iata?: string | undefined; air_dest_iata?: string | undefined; ... 18 more ...; ferry_trechos?: number | undefined; }, any, { ...; }>'.
  The types of '_options.resolver' are incompatible between these types.
    Type 'Resolver<{ description: string; active_tab: string; date?: string | undefined; air_calc_method?: "airport_iata" | "distance" | undefined; air_origin_iata?: string | undefined; air_dest_iata?: string | undefined; ... 18 more ...; ferry_trechos?: number | undefined; }, any, TFieldValues> | undefined' is not assignable to type 'Resolver<{ description: string; active_tab: string; date?: string | undefined; air_calc_method?: "airport_iata" | "distance" | undefined; air_origin_iata?: string | undefined; air_dest_iata?: string | undefined; ... 18 more ...; ferry_trechos?: number | undefined; }, any, { ...; }> | undefined'.
      Type 'Resolver<{ description: string; active_tab: string; date?: string | undefined; air_calc_method?: "airport_iata" | "distance" | undefined; air_origin_iata?: string | undefined; air_dest_iata?: string | undefined; ... 18 more ...; ferry_trechos?: number | undefined; }, any, TFieldValues>' is not assignable to type 'Resolver<{ description: string; active_tab: string; date?: string | undefined; air_calc_method?: "airport_iata" | "distance" | undefined; air_origin_iata?: string | undefined; air_dest_iata?: string | undefined; ... 18 more ...; ferry_trechos?: number | undefined; }, any, { ...; }>'.
        Type 'ResolverResult<{ description: string; active_tab: string; date?: string | undefined; air_calc_method?: "airport_iata" | "distance" | undefined; air_origin_iata?: string | undefined; air_dest_iata?: string | undefined; ... 18 more ...; ferry_trechos?: number | undefined; }, TFieldValues> | Promise<...>' is not assignable to type 'ResolverResult<{ description: string; active_tab: string; date?: string | undefined; air_calc_method?: "airport_iata" | "distance" | undefined; air_origin_iata?: string | undefined; air_dest_iata?: string | undefined; ... 18 more ...; ferry_trechos?: number | undefined; }, { ...; }> | Promise<...>'.
          Type 'ResolverSuccess<TFieldValues>' is not assignable to type 'ResolverResult<{ description: string; active_tab: string; date?: string | undefined; air_calc_method?: "airport_iata" | "distance" | undefined; air_origin_iata?: string | undefined; air_dest_iata?: string | undefined; ... 18 more ...; ferry_trechos?: number | undefined; }, { ...; }> | Promise<...>'.
            Type 'ResolverSuccess<TFieldValues>' is not assignable to type 'ResolverSuccess<{ description: string; active_tab: string; date?: string | undefined; air_calc_method?: "airport_iata" | "distance" | undefined; air_origin_iata?: string | undefined; air_dest_iata?: string | undefined; ... 18 more ...; ferry_trechos?: number | undefined; }>'.
              Type 'TFieldValues' is not assignable to type '{ description: string; active_tab: string; date?: string | undefined; air_calc_method?: "airport_iata" | "distance" | undefined; air_origin_iata?: string | undefined; air_dest_iata?: string | undefined; ... 18 more ...; ferry_trechos?: number | undefined; }'.
                Type 'FieldValues' is missing the following properties from type '{ description: string; active_tab: string; date?: string | undefined; air_calc_method?: "airport_iata" | "distance" | undefined; air_origin_iata?: string | undefined; air_dest_iata?: string | undefined; ... 18 more ...; ferry_trechos?: number | undefined; }': description, active_tab
src/components/forms/Scope3BusinessTravelForm.tsx(312,49): error TS2322: Type 'Control<{ description: string; active_tab: string; date?: string | undefined; air_calc_method?: "airport_iata" | "distance" | undefined; air_origin_iata?: string | undefined; air_dest_iata?: string | undefined; ... 18 more ...; ferry_trechos?: number | undefined; }, any, TFieldValues>' is not assignable to type 'Control<{ description: string; active_tab: string; date?: string | undefined; air_calc_method?: "airport_iata" | "distance" | undefined; air_origin_iata?: string | undefined; air_dest_iata?: string | undefined; ... 18 more ...; ferry_trechos?: number | undefined; }, any, { ...; }>'.
  The types of '_options.resolver' are incompatible between these types.
    Type 'Resolver<{ description: string; active_tab: string; date?: string | undefined; air_calc_method?: "airport_iata" | "distance" | undefined; air_origin_iata?: string | undefined; air_dest_iata?: string | undefined; ... 18 more ...; ferry_trechos?: number | undefined; }, any, TFieldValues> | undefined' is not assignable to type 'Resolver<{ description: string; active_tab: string; date?: string | undefined; air_calc_method?: "airport_iata" | "distance" | undefined; air_origin_iata?: string | undefined; air_dest_iata?: string | undefined; ... 18 more ...; ferry_trechos?: number | undefined; }, any, { ...; }> | undefined'.
      Type 'Resolver<{ description: string; active_tab: string; date?: string | undefined; air_calc_method?: "airport_iata" | "distance" | undefined; air_origin_iata?: string | undefined; air_dest_iata?: string | undefined; ... 18 more ...; ferry_trechos?: number | undefined; }, any, TFieldValues>' is not assignable to type 'Resolver<{ description: string; active_tab: string; date?: string | undefined; air_calc_method?: "airport_iata" | "distance" | undefined; air_origin_iata?: string | undefined; air_dest_iata?: string | undefined; ... 18 more ...; ferry_trechos?: number | undefined; }, any, { ...; }>'.
        Type 'ResolverResult<{ description: string; active_tab: string; date?: string | undefined; air_calc_method?: "airport_iata" | "distance" | undefined; air_origin_iata?: string | undefined; air_dest_iata?: string | undefined; ... 18 more ...; ferry_trechos?: number | undefined; }, TFieldValues> | Promise<...>' is not assignable to type 'ResolverResult<{ description: string; active_tab: string; date?: string | undefined; air_calc_method?: "airport_iata" | "distance" | undefined; air_origin_iata?: string | undefined; air_dest_iata?: string | undefined; ... 18 more ...; ferry_trechos?: number | undefined; }, { ...; }> | Promise<...>'.
          Type 'ResolverSuccess<TFieldValues>' is not assignable to type 'ResolverResult<{ description: string; active_tab: string; date?: string | undefined; air_calc_method?: "airport_iata" | "distance" | undefined; air_origin_iata?: string | undefined; air_dest_iata?: string | undefined; ... 18 more ...; ferry_trechos?: number | undefined; }, { ...; }> | Promise<...>'.
            Type 'ResolverSuccess<TFieldValues>' is not assignable to type 'ResolverSuccess<{ description: string; active_tab: string; date?: string | undefined; air_calc_method?: "airport_iata" | "distance" | undefined; air_origin_iata?: string | undefined; air_dest_iata?: string | undefined; ... 18 more ...; ferry_trechos?: number | undefined; }>'.
              Type 'TFieldValues' is not assignable to type '{ description: string; active_tab: string; date?: string | undefined; air_calc_method?: "airport_iata" | "distance" | undefined; air_origin_iata?: string | undefined; air_dest_iata?: string | undefined; ... 18 more ...; ferry_trechos?: number | undefined; }'.
                Type 'FieldValues' is missing the following properties from type '{ description: string; active_tab: string; date?: string | undefined; air_calc_method?: "airport_iata" | "distance" | undefined; air_origin_iata?: string | undefined; air_dest_iata?: string | undefined; ... 18 more ...; ferry_trechos?: number | undefined; }': description, active_tab
src/components/forms/Scope3BusinessTravelForm.tsx(327,45): error TS2322: Type 'Control<{ description: string; active_tab: string; date?: string | undefined; air_calc_method?: "airport_iata" | "distance" | undefined; air_origin_iata?: string | undefined; air_dest_iata?: string | undefined; ... 18 more ...; ferry_trechos?: number | undefined; }, any, TFieldValues>' is not assignable to type 'Control<{ description: string; active_tab: string; date?: string | undefined; air_calc_method?: "airport_iata" | "distance" | undefined; air_origin_iata?: string | undefined; air_dest_iata?: string | undefined; ... 18 more ...; ferry_trechos?: number | undefined; }, any, { ...; }>'.
  The types of '_options.resolver' are incompatible between these types.
    Type 'Resolver<{ description: string; active_tab: string; date?: string | undefined; air_calc_method?: "airport_iata" | "distance" | undefined; air_origin_iata?: string | undefined; air_dest_iata?: string | undefined; ... 18 more ...; ferry_trechos?: number | undefined; }, any, TFieldValues> | undefined' is not assignable to type 'Resolver<{ description: string; active_tab: string; date?: string | undefined; air_calc_method?: "airport_iata" | "distance" | undefined; air_origin_iata?: string | undefined; air_dest_iata?: string | undefined; ... 18 more ...; ferry_trechos?: number | undefined; }, any, { ...; }> | undefined'.
      Type 'Resolver<{ description: string; active_tab: string; date?: string | undefined; air_calc_method?: "airport_iata" | "distance" | undefined; air_origin_iata?: string | undefined; air_dest_iata?: string | undefined; ... 18 more ...; ferry_trechos?: number | undefined; }, any, TFieldValues>' is not assignable to type 'Resolver<{ description: string; active_tab: string; date?: string | undefined; air_calc_method?: "airport_iata" | "distance" | undefined; air_origin_iata?: string | undefined; air_dest_iata?: string | undefined; ... 18 more ...; ferry_trechos?: number | undefined; }, any, { ...; }>'.
        Type 'ResolverResult<{ description: string; active_tab: string; date?: string | undefined; air_calc_method?: "airport_iata" | "distance" | undefined; air_origin_iata?: string | undefined; air_dest_iata?: string | undefined; ... 18 more ...; ferry_trechos?: number | undefined; }, TFieldValues> | Promise<...>' is not assignable to type 'ResolverResult<{ description: string; active_tab: string; date?: string | undefined; air_calc_method?: "airport_iata" | "distance" | undefined; air_origin_iata?: string | undefined; air_dest_iata?: string | undefined; ... 18 more ...; ferry_trechos?: number | undefined; }, { ...; }> | Promise<...>'.
          Type 'ResolverSuccess<TFieldValues>' is not assignable to type 'ResolverResult<{ description: string; active_tab: string; date?: string | undefined; air_calc_method?: "airport_iata" | "distance" | undefined; air_origin_iata?: string | undefined; air_dest_iata?: string | undefined; ... 18 more ...; ferry_trechos?: number | undefined; }, { ...; }> | Promise<...>'.
            Type 'ResolverSuccess<TFieldValues>' is not assignable to type 'ResolverSuccess<{ description: string; active_tab: string; date?: string | undefined; air_calc_method?: "airport_iata" | "distance" | undefined; air_origin_iata?: string | undefined; air_dest_iata?: string | undefined; ... 18 more ...; ferry_trechos?: number | undefined; }>'.
              Type 'TFieldValues' is not assignable to type '{ description: string; active_tab: string; date?: string | undefined; air_calc_method?: "airport_iata" | "distance" | undefined; air_origin_iata?: string | undefined; air_dest_iata?: string | undefined; ... 18 more ...; ferry_trechos?: number | undefined; }'.
                Type 'FieldValues' is missing the following properties from type '{ description: string; active_tab: string; date?: string | undefined; air_calc_method?: "airport_iata" | "distance" | undefined; air_origin_iata?: string | undefined; air_dest_iata?: string | undefined; ... 18 more ...; ferry_trechos?: number | undefined; }': description, active_tab
src/components/forms/Scope3BusinessTravelForm.tsx(344,49): error TS2322: Type 'Control<{ description: string; active_tab: string; date?: string | undefined; air_calc_method?: "airport_iata" | "distance" | undefined; air_origin_iata?: string | undefined; air_dest_iata?: string | undefined; ... 18 more ...; ferry_trechos?: number | undefined; }, any, TFieldValues>' is not assignable to type 'Control<{ description: string; active_tab: string; date?: string | undefined; air_calc_method?: "airport_iata" | "distance" | undefined; air_origin_iata?: string | undefined; air_dest_iata?: string | undefined; ... 18 more ...; ferry_trechos?: number | undefined; }, any, { ...; }>'.
  The types of '_options.resolver' are incompatible between these types.
    Type 'Resolver<{ description: string; active_tab: string; date?: string | undefined; air_calc_method?: "airport_iata" | "distance" | undefined; air_origin_iata?: string | undefined; air_dest_iata?: string | undefined; ... 18 more ...; ferry_trechos?: number | undefined; }, any, TFieldValues> | undefined' is not assignable to type 'Resolver<{ description: string; active_tab: string; date?: string | undefined; air_calc_method?: "airport_iata" | "distance" | undefined; air_origin_iata?: string | undefined; air_dest_iata?: string | undefined; ... 18 more ...; ferry_trechos?: number | undefined; }, any, { ...; }> | undefined'.
      Type 'Resolver<{ description: string; active_tab: string; date?: string | undefined; air_calc_method?: "airport_iata" | "distance" | undefined; air_origin_iata?: string | undefined; air_dest_iata?: string | undefined; ... 18 more ...; ferry_trechos?: number | undefined; }, any, TFieldValues>' is not assignable to type 'Resolver<{ description: string; active_tab: string; date?: string | undefined; air_calc_method?: "airport_iata" | "distance" | undefined; air_origin_iata?: string | undefined; air_dest_iata?: string | undefined; ... 18 more ...; ferry_trechos?: number | undefined; }, any, { ...; }>'.
        Type 'ResolverResult<{ description: string; active_tab: string; date?: string | undefined; air_calc_method?: "airport_iata" | "distance" | undefined; air_origin_iata?: string | undefined; air_dest_iata?: string | undefined; ... 18 more ...; ferry_trechos?: number | undefined; }, TFieldValues> | Promise<...>' is not assignable to type 'ResolverResult<{ description: string; active_tab: string; date?: string | undefined; air_calc_method?: "airport_iata" | "distance" | undefined; air_origin_iata?: string | undefined; air_dest_iata?: string | undefined; ... 18 more ...; ferry_trechos?: number | undefined; }, { ...; }> | Promise<...>'.
          Type 'ResolverSuccess<TFieldValues>' is not assignable to type 'ResolverResult<{ description: string; active_tab: string; date?: string | undefined; air_calc_method?: "airport_iata" | "distance" | undefined; air_origin_iata?: string | undefined; air_dest_iata?: string | undefined; ... 18 more ...; ferry_trechos?: number | undefined; }, { ...; }> | Promise<...>'.
            Type 'ResolverSuccess<TFieldValues>' is not assignable to type 'ResolverSuccess<{ description: string; active_tab: string; date?: string | undefined; air_calc_method?: "airport_iata" | "distance" | undefined; air_origin_iata?: string | undefined; air_dest_iata?: string | undefined; ... 18 more ...; ferry_trechos?: number | undefined; }>'.
              Type 'TFieldValues' is not assignable to type '{ description: string; active_tab: string; date?: string | undefined; air_calc_method?: "airport_iata" | "distance" | undefined; air_origin_iata?: string | undefined; air_dest_iata?: string | undefined; ... 18 more ...; ferry_trechos?: number | undefined; }'.
                Type 'FieldValues' is missing the following properties from type '{ description: string; active_tab: string; date?: string | undefined; air_calc_method?: "airport_iata" | "distance" | undefined; air_origin_iata?: string | undefined; air_dest_iata?: string | undefined; ... 18 more ...; ferry_trechos?: number | undefined; }': description, active_tab
src/components/forms/Scope3BusinessTravelForm.tsx(354,49): error TS2322: Type 'Control<{ description: string; active_tab: string; date?: string | undefined; air_calc_method?: "airport_iata" | "distance" | undefined; air_origin_iata?: string | undefined; air_dest_iata?: string | undefined; ... 18 more ...; ferry_trechos?: number | undefined; }, any, TFieldValues>' is not assignable to type 'Control<{ description: string; active_tab: string; date?: string | undefined; air_calc_method?: "airport_iata" | "distance" | undefined; air_origin_iata?: string | undefined; air_dest_iata?: string | undefined; ... 18 more ...; ferry_trechos?: number | undefined; }, any, { ...; }>'.
  The types of '_options.resolver' are incompatible between these types.
    Type 'Resolver<{ description: string; active_tab: string; date?: string | undefined; air_calc_method?: "airport_iata" | "distance" | undefined; air_origin_iata?: string | undefined; air_dest_iata?: string | undefined; ... 18 more ...; ferry_trechos?: number | undefined; }, any, TFieldValues> | undefined' is not assignable to type 'Resolver<{ description: string; active_tab: string; date?: string | undefined; air_calc_method?: "airport_iata" | "distance" | undefined; air_origin_iata?: string | undefined; air_dest_iata?: string | undefined; ... 18 more ...; ferry_trechos?: number | undefined; }, any, { ...; }> | undefined'.
      Type 'Resolver<{ description: string; active_tab: string; date?: string | undefined; air_calc_method?: "airport_iata" | "distance" | undefined; air_origin_iata?: string | undefined; air_dest_iata?: string | undefined; ... 18 more ...; ferry_trechos?: number | undefined; }, any, TFieldValues>' is not assignable to type 'Resolver<{ description: string; active_tab: string; date?: string | undefined; air_calc_method?: "airport_iata" | "distance" | undefined; air_origin_iata?: string | undefined; air_dest_iata?: string | undefined; ... 18 more ...; ferry_trechos?: number | undefined; }, any, { ...; }>'.
        Type 'ResolverResult<{ description: string; active_tab: string; date?: string | undefined; air_calc_method?: "airport_iata" | "distance" | undefined; air_origin_iata?: string | undefined; air_dest_iata?: string | undefined; ... 18 more ...; ferry_trechos?: number | undefined; }, TFieldValues> | Promise<...>' is not assignable to type 'ResolverResult<{ description: string; active_tab: string; date?: string | undefined; air_calc_method?: "airport_iata" | "distance" | undefined; air_origin_iata?: string | undefined; air_dest_iata?: string | undefined; ... 18 more ...; ferry_trechos?: number | undefined; }, { ...; }> | Promise<...>'.
          Type 'ResolverSuccess<TFieldValues>' is not assignable to type 'ResolverResult<{ description: string; active_tab: string; date?: string | undefined; air_calc_method?: "airport_iata" | "distance" | undefined; air_origin_iata?: string | undefined; air_dest_iata?: string | undefined; ... 18 more ...; ferry_trechos?: number | undefined; }, { ...; }> | Promise<...>'.
            Type 'ResolverSuccess<TFieldValues>' is not assignable to type 'ResolverSuccess<{ description: string; active_tab: string; date?: string | undefined; air_calc_method?: "airport_iata" | "distance" | undefined; air_origin_iata?: string | undefined; air_dest_iata?: string | undefined; ... 18 more ...; ferry_trechos?: number | undefined; }>'.
              Type 'TFieldValues' is not assignable to type '{ description: string; active_tab: string; date?: string | undefined; air_calc_method?: "airport_iata" | "distance" | undefined; air_origin_iata?: string | undefined; air_dest_iata?: string | undefined; ... 18 more ...; ferry_trechos?: number | undefined; }'.
                Type 'FieldValues' is missing the following properties from type '{ description: string; active_tab: string; date?: string | undefined; air_calc_method?: "airport_iata" | "distance" | undefined; air_origin_iata?: string | undefined; air_dest_iata?: string | undefined; ... 18 more ...; ferry_trechos?: number | undefined; }': description, active_tab
src/components/forms/Scope3BusinessTravelForm.tsx(364,49): error TS2322: Type 'Control<{ description: string; active_tab: string; date?: string | undefined; air_calc_method?: "airport_iata" | "distance" | undefined; air_origin_iata?: string | undefined; air_dest_iata?: string | undefined; ... 18 more ...; ferry_trechos?: number | undefined; }, any, TFieldValues>' is not assignable to type 'Control<{ description: string; active_tab: string; date?: string | undefined; air_calc_method?: "airport_iata" | "distance" | undefined; air_origin_iata?: string | undefined; air_dest_iata?: string | undefined; ... 18 more ...; ferry_trechos?: number | undefined; }, any, { ...; }>'.
  The types of '_options.resolver' are incompatible between these types.
    Type 'Resolver<{ description: string; active_tab: string; date?: string | undefined; air_calc_method?: "airport_iata" | "distance" | undefined; air_origin_iata?: string | undefined; air_dest_iata?: string | undefined; ... 18 more ...; ferry_trechos?: number | undefined; }, any, TFieldValues> | undefined' is not assignable to type 'Resolver<{ description: string; active_tab: string; date?: string | undefined; air_calc_method?: "airport_iata" | "distance" | undefined; air_origin_iata?: string | undefined; air_dest_iata?: string | undefined; ... 18 more ...; ferry_trechos?: number | undefined; }, any, { ...; }> | undefined'.
      Type 'Resolver<{ description: string; active_tab: string; date?: string | undefined; air_calc_method?: "airport_iata" | "distance" | undefined; air_origin_iata?: string | undefined; air_dest_iata?: string | undefined; ... 18 more ...; ferry_trechos?: number | undefined; }, any, TFieldValues>' is not assignable to type 'Resolver<{ description: string; active_tab: string; date?: string | undefined; air_calc_method?: "airport_iata" | "distance" | undefined; air_origin_iata?: string | undefined; air_dest_iata?: string | undefined; ... 18 more ...; ferry_trechos?: number | undefined; }, any, { ...; }>'.
        Type 'ResolverResult<{ description: string; active_tab: string; date?: string | undefined; air_calc_method?: "airport_iata" | "distance" | undefined; air_origin_iata?: string | undefined; air_dest_iata?: string | undefined; ... 18 more ...; ferry_trechos?: number | undefined; }, TFieldValues> | Promise<...>' is not assignable to type 'ResolverResult<{ description: string; active_tab: string; date?: string | undefined; air_calc_method?: "airport_iata" | "distance" | undefined; air_origin_iata?: string | undefined; air_dest_iata?: string | undefined; ... 18 more ...; ferry_trechos?: number | undefined; }, { ...; }> | Promise<...>'.
          Type 'ResolverSuccess<TFieldValues>' is not assignable to type 'ResolverResult<{ description: string; active_tab: string; date?: string | undefined; air_calc_method?: "airport_iata" | "distance" | undefined; air_origin_iata?: string | undefined; air_dest_iata?: string | undefined; ... 18 more ...; ferry_trechos?: number | undefined; }, { ...; }> | Promise<...>'.
            Type 'ResolverSuccess<TFieldValues>' is not assignable to type 'ResolverSuccess<{ description: string; active_tab: string; date?: string | undefined; air_calc_method?: "airport_iata" | "distance" | undefined; air_origin_iata?: string | undefined; air_dest_iata?: string | undefined; ... 18 more ...; ferry_trechos?: number | undefined; }>'.
              Type 'TFieldValues' is not assignable to type '{ description: string; active_tab: string; date?: string | undefined; air_calc_method?: "airport_iata" | "distance" | undefined; air_origin_iata?: string | undefined; air_dest_iata?: string | undefined; ... 18 more ...; ferry_trechos?: number | undefined; }'.
                Type 'FieldValues' is missing the following properties from type '{ description: string; active_tab: string; date?: string | undefined; air_calc_method?: "airport_iata" | "distance" | undefined; air_origin_iata?: string | undefined; air_dest_iata?: string | undefined; ... 18 more ...; ferry_trechos?: number | undefined; }': description, active_tab
src/components/forms/Scope3BusinessTravelForm.tsx(379,45): error TS2322: Type 'Control<{ description: string; active_tab: string; date?: string | undefined; air_calc_method?: "airport_iata" | "distance" | undefined; air_origin_iata?: string | undefined; air_dest_iata?: string | undefined; ... 18 more ...; ferry_trechos?: number | undefined; }, any, TFieldValues>' is not assignable to type 'Control<{ description: string; active_tab: string; date?: string | undefined; air_calc_method?: "airport_iata" | "distance" | undefined; air_origin_iata?: string | undefined; air_dest_iata?: string | undefined; ... 18 more ...; ferry_trechos?: number | undefined; }, any, { ...; }>'.
  The types of '_options.resolver' are incompatible between these types.
    Type 'Resolver<{ description: string; active_tab: string; date?: string | undefined; air_calc_method?: "airport_iata" | "distance" | undefined; air_origin_iata?: string | undefined; air_dest_iata?: string | undefined; ... 18 more ...; ferry_trechos?: number | undefined; }, any, TFieldValues> | undefined' is not assignable to type 'Resolver<{ description: string; active_tab: string; date?: string | undefined; air_calc_method?: "airport_iata" | "distance" | undefined; air_origin_iata?: string | undefined; air_dest_iata?: string | undefined; ... 18 more ...; ferry_trechos?: number | undefined; }, any, { ...; }> | undefined'.
      Type 'Resolver<{ description: string; active_tab: string; date?: string | undefined; air_calc_method?: "airport_iata" | "distance" | undefined; air_origin_iata?: string | undefined; air_dest_iata?: string | undefined; ... 18 more ...; ferry_trechos?: number | undefined; }, any, TFieldValues>' is not assignable to type 'Resolver<{ description: string; active_tab: string; date?: string | undefined; air_calc_method?: "airport_iata" | "distance" | undefined; air_origin_iata?: string | undefined; air_dest_iata?: string | undefined; ... 18 more ...; ferry_trechos?: number | undefined; }, any, { ...; }>'.
        Type 'ResolverResult<{ description: string; active_tab: string; date?: string | undefined; air_calc_method?: "airport_iata" | "distance" | undefined; air_origin_iata?: string | undefined; air_dest_iata?: string | undefined; ... 18 more ...; ferry_trechos?: number | undefined; }, TFieldValues> | Promise<...>' is not assignable to type 'ResolverResult<{ description: string; active_tab: string; date?: string | undefined; air_calc_method?: "airport_iata" | "distance" | undefined; air_origin_iata?: string | undefined; air_dest_iata?: string | undefined; ... 18 more ...; ferry_trechos?: number | undefined; }, { ...; }> | Promise<...>'.
          Type 'ResolverSuccess<TFieldValues>' is not assignable to type 'ResolverResult<{ description: string; active_tab: string; date?: string | undefined; air_calc_method?: "airport_iata" | "distance" | undefined; air_origin_iata?: string | undefined; air_dest_iata?: string | undefined; ... 18 more ...; ferry_trechos?: number | undefined; }, { ...; }> | Promise<...>'.
            Type 'ResolverSuccess<TFieldValues>' is not assignable to type 'ResolverSuccess<{ description: string; active_tab: string; date?: string | undefined; air_calc_method?: "airport_iata" | "distance" | undefined; air_origin_iata?: string | undefined; air_dest_iata?: string | undefined; ... 18 more ...; ferry_trechos?: number | undefined; }>'.
              Type 'TFieldValues' is not assignable to type '{ description: string; active_tab: string; date?: string | undefined; air_calc_method?: "airport_iata" | "distance" | undefined; air_origin_iata?: string | undefined; air_dest_iata?: string | undefined; ... 18 more ...; ferry_trechos?: number | undefined; }'.
                Type 'FieldValues' is missing the following properties from type '{ description: string; active_tab: string; date?: string | undefined; air_calc_method?: "airport_iata" | "distance" | undefined; air_origin_iata?: string | undefined; air_dest_iata?: string | undefined; ... 18 more ...; ferry_trechos?: number | undefined; }': description, active_tab
src/components/forms/Scope3BusinessTravelForm.tsx(396,49): error TS2322: Type 'Control<{ description: string; active_tab: string; date?: string | undefined; air_calc_method?: "airport_iata" | "distance" | undefined; air_origin_iata?: string | undefined; air_dest_iata?: string | undefined; ... 18 more ...; ferry_trechos?: number | undefined; }, any, TFieldValues>' is not assignable to type 'Control<{ description: string; active_tab: string; date?: string | undefined; air_calc_method?: "airport_iata" | "distance" | undefined; air_origin_iata?: string | undefined; air_dest_iata?: string | undefined; ... 18 more ...; ferry_trechos?: number | undefined; }, any, { ...; }>'.
  The types of '_options.resolver' are incompatible between these types.
    Type 'Resolver<{ description: string; active_tab: string; date?: string | undefined; air_calc_method?: "airport_iata" | "distance" | undefined; air_origin_iata?: string | undefined; air_dest_iata?: string | undefined; ... 18 more ...; ferry_trechos?: number | undefined; }, any, TFieldValues> | undefined' is not assignable to type 'Resolver<{ description: string; active_tab: string; date?: string | undefined; air_calc_method?: "airport_iata" | "distance" | undefined; air_origin_iata?: string | undefined; air_dest_iata?: string | undefined; ... 18 more ...; ferry_trechos?: number | undefined; }, any, { ...; }> | undefined'.
      Type 'Resolver<{ description: string; active_tab: string; date?: string | undefined; air_calc_method?: "airport_iata" | "distance" | undefined; air_origin_iata?: string | undefined; air_dest_iata?: string | undefined; ... 18 more ...; ferry_trechos?: number | undefined; }, any, TFieldValues>' is not assignable to type 'Resolver<{ description: string; active_tab: string; date?: string | undefined; air_calc_method?: "airport_iata" | "distance" | undefined; air_origin_iata?: string | undefined; air_dest_iata?: string | undefined; ... 18 more ...; ferry_trechos?: number | undefined; }, any, { ...; }>'.
        Type 'ResolverResult<{ description: string; active_tab: string; date?: string | undefined; air_calc_method?: "airport_iata" | "distance" | undefined; air_origin_iata?: string | undefined; air_dest_iata?: string | undefined; ... 18 more ...; ferry_trechos?: number | undefined; }, TFieldValues> | Promise<...>' is not assignable to type 'ResolverResult<{ description: string; active_tab: string; date?: string | undefined; air_calc_method?: "airport_iata" | "distance" | undefined; air_origin_iata?: string | undefined; air_dest_iata?: string | undefined; ... 18 more ...; ferry_trechos?: number | undefined; }, { ...; }> | Promise<...>'.
          Type 'ResolverSuccess<TFieldValues>' is not assignable to type 'ResolverResult<{ description: string; active_tab: string; date?: string | undefined; air_calc_method?: "airport_iata" | "distance" | undefined; air_origin_iata?: string | undefined; air_dest_iata?: string | undefined; ... 18 more ...; ferry_trechos?: number | undefined; }, { ...; }> | Promise<...>'.
            Type 'ResolverSuccess<TFieldValues>' is not assignable to type 'ResolverSuccess<{ description: string; active_tab: string; date?: string | undefined; air_calc_method?: "airport_iata" | "distance" | undefined; air_origin_iata?: string | undefined; air_dest_iata?: string | undefined; ... 18 more ...; ferry_trechos?: number | undefined; }>'.
              Type 'TFieldValues' is not assignable to type '{ description: string; active_tab: string; date?: string | undefined; air_calc_method?: "airport_iata" | "distance" | undefined; air_origin_iata?: string | undefined; air_dest_iata?: string | undefined; ... 18 more ...; ferry_trechos?: number | undefined; }'.
                Type 'FieldValues' is missing the following properties from type '{ description: string; active_tab: string; date?: string | undefined; air_calc_method?: "airport_iata" | "distance" | undefined; air_origin_iata?: string | undefined; air_dest_iata?: string | undefined; ... 18 more ...; ferry_trechos?: number | undefined; }': description, active_tab
src/components/forms/Scope3BusinessTravelForm.tsx(406,49): error TS2322: Type 'Control<{ description: string; active_tab: string; date?: string | undefined; air_calc_method?: "airport_iata" | "distance" | undefined; air_origin_iata?: string | undefined; air_dest_iata?: string | undefined; ... 18 more ...; ferry_trechos?: number | undefined; }, any, TFieldValues>' is not assignable to type 'Control<{ description: string; active_tab: string; date?: string | undefined; air_calc_method?: "airport_iata" | "distance" | undefined; air_origin_iata?: string | undefined; air_dest_iata?: string | undefined; ... 18 more ...; ferry_trechos?: number | undefined; }, any, { ...; }>'.
  The types of '_options.resolver' are incompatible between these types.
    Type 'Resolver<{ description: string; active_tab: string; date?: string | undefined; air_calc_method?: "airport_iata" | "distance" | undefined; air_origin_iata?: string | undefined; air_dest_iata?: string | undefined; ... 18 more ...; ferry_trechos?: number | undefined; }, any, TFieldValues> | undefined' is not assignable to type 'Resolver<{ description: string; active_tab: string; date?: string | undefined; air_calc_method?: "airport_iata" | "distance" | undefined; air_origin_iata?: string | undefined; air_dest_iata?: string | undefined; ... 18 more ...; ferry_trechos?: number | undefined; }, any, { ...; }> | undefined'.
      Type 'Resolver<{ description: string; active_tab: string; date?: string | undefined; air_calc_method?: "airport_iata" | "distance" | undefined; air_origin_iata?: string | undefined; air_dest_iata?: string | undefined; ... 18 more ...; ferry_trechos?: number | undefined; }, any, TFieldValues>' is not assignable to type 'Resolver<{ description: string; active_tab: string; date?: string | undefined; air_calc_method?: "airport_iata" | "distance" | undefined; air_origin_iata?: string | undefined; air_dest_iata?: string | undefined; ... 18 more ...; ferry_trechos?: number | undefined; }, any, { ...; }>'.
        Type 'ResolverResult<{ description: string; active_tab: string; date?: string | undefined; air_calc_method?: "airport_iata" | "distance" | undefined; air_origin_iata?: string | undefined; air_dest_iata?: string | undefined; ... 18 more ...; ferry_trechos?: number | undefined; }, TFieldValues> | Promise<...>' is not assignable to type 'ResolverResult<{ description: string; active_tab: string; date?: string | undefined; air_calc_method?: "airport_iata" | "distance" | undefined; air_origin_iata?: string | undefined; air_dest_iata?: string | undefined; ... 18 more ...; ferry_trechos?: number | undefined; }, { ...; }> | Promise<...>'.
          Type 'ResolverSuccess<TFieldValues>' is not assignable to type 'ResolverResult<{ description: string; active_tab: string; date?: string | undefined; air_calc_method?: "airport_iata" | "distance" | undefined; air_origin_iata?: string | undefined; air_dest_iata?: string | undefined; ... 18 more ...; ferry_trechos?: number | undefined; }, { ...; }> | Promise<...>'.
            Type 'ResolverSuccess<TFieldValues>' is not assignable to type 'ResolverSuccess<{ description: string; active_tab: string; date?: string | undefined; air_calc_method?: "airport_iata" | "distance" | undefined; air_origin_iata?: string | undefined; air_dest_iata?: string | undefined; ... 18 more ...; ferry_trechos?: number | undefined; }>'.
              Type 'TFieldValues' is not assignable to type '{ description: string; active_tab: string; date?: string | undefined; air_calc_method?: "airport_iata" | "distance" | undefined; air_origin_iata?: string | undefined; air_dest_iata?: string | undefined; ... 18 more ...; ferry_trechos?: number | undefined; }'.
                Type 'FieldValues' is missing the following properties from type '{ description: string; active_tab: string; date?: string | undefined; air_calc_method?: "airport_iata" | "distance" | undefined; air_origin_iata?: string | undefined; air_dest_iata?: string | undefined; ... 18 more ...; ferry_trechos?: number | undefined; }': description, active_tab
src/components/forms/Scope3BusinessTravelForm.tsx(416,49): error TS2322: Type 'Control<{ description: string; active_tab: string; date?: string | undefined; air_calc_method?: "airport_iata" | "distance" | undefined; air_origin_iata?: string | undefined; air_dest_iata?: string | undefined; ... 18 more ...; ferry_trechos?: number | undefined; }, any, TFieldValues>' is not assignable to type 'Control<{ description: string; active_tab: string; date?: string | undefined; air_calc_method?: "airport_iata" | "distance" | undefined; air_origin_iata?: string | undefined; air_dest_iata?: string | undefined; ... 18 more ...; ferry_trechos?: number | undefined; }, any, { ...; }>'.
  The types of '_options.resolver' are incompatible between these types.
    Type 'Resolver<{ description: string; active_tab: string; date?: string | undefined; air_calc_method?: "airport_iata" | "distance" | undefined; air_origin_iata?: string | undefined; air_dest_iata?: string | undefined; ... 18 more ...; ferry_trechos?: number | undefined; }, any, TFieldValues> | undefined' is not assignable to type 'Resolver<{ description: string; active_tab: string; date?: string | undefined; air_calc_method?: "airport_iata" | "distance" | undefined; air_origin_iata?: string | undefined; air_dest_iata?: string | undefined; ... 18 more ...; ferry_trechos?: number | undefined; }, any, { ...; }> | undefined'.
      Type 'Resolver<{ description: string; active_tab: string; date?: string | undefined; air_calc_method?: "airport_iata" | "distance" | undefined; air_origin_iata?: string | undefined; air_dest_iata?: string | undefined; ... 18 more ...; ferry_trechos?: number | undefined; }, any, TFieldValues>' is not assignable to type 'Resolver<{ description: string; active_tab: string; date?: string | undefined; air_calc_method?: "airport_iata" | "distance" | undefined; air_origin_iata?: string | undefined; air_dest_iata?: string | undefined; ... 18 more ...; ferry_trechos?: number | undefined; }, any, { ...; }>'.
        Type 'ResolverResult<{ description: string; active_tab: string; date?: string | undefined; air_calc_method?: "airport_iata" | "distance" | undefined; air_origin_iata?: string | undefined; air_dest_iata?: string | undefined; ... 18 more ...; ferry_trechos?: number | undefined; }, TFieldValues> | Promise<...>' is not assignable to type 'ResolverResult<{ description: string; active_tab: string; date?: string | undefined; air_calc_method?: "airport_iata" | "distance" | undefined; air_origin_iata?: string | undefined; air_dest_iata?: string | undefined; ... 18 more ...; ferry_trechos?: number | undefined; }, { ...; }> | Promise<...>'.
          Type 'ResolverSuccess<TFieldValues>' is not assignable to type 'ResolverResult<{ description: string; active_tab: string; date?: string | undefined; air_calc_method?: "airport_iata" | "distance" | undefined; air_origin_iata?: string | undefined; air_dest_iata?: string | undefined; ... 18 more ...; ferry_trechos?: number | undefined; }, { ...; }> | Promise<...>'.
            Type 'ResolverSuccess<TFieldValues>' is not assignable to type 'ResolverSuccess<{ description: string; active_tab: string; date?: string | undefined; air_calc_method?: "airport_iata" | "distance" | undefined; air_origin_iata?: string | undefined; air_dest_iata?: string | undefined; ... 18 more ...; ferry_trechos?: number | undefined; }>'.
              Type 'TFieldValues' is not assignable to type '{ description: string; active_tab: string; date?: string | undefined; air_calc_method?: "airport_iata" | "distance" | undefined; air_origin_iata?: string | undefined; air_dest_iata?: string | undefined; ... 18 more ...; ferry_trechos?: number | undefined; }'.
                Type 'FieldValues' is missing the following properties from type '{ description: string; active_tab: string; date?: string | undefined; air_calc_method?: "airport_iata" | "distance" | undefined; air_origin_iata?: string | undefined; air_dest_iata?: string | undefined; ... 18 more ...; ferry_trechos?: number | undefined; }': description, active_tab
src/components/forms/Scope3BusinessTravelForm.tsx(431,45): error TS2322: Type 'Control<{ description: string; active_tab: string; date?: string | undefined; air_calc_method?: "airport_iata" | "distance" | undefined; air_origin_iata?: string | undefined; air_dest_iata?: string | undefined; ... 18 more ...; ferry_trechos?: number | undefined; }, any, TFieldValues>' is not assignable to type 'Control<{ description: string; active_tab: string; date?: string | undefined; air_calc_method?: "airport_iata" | "distance" | undefined; air_origin_iata?: string | undefined; air_dest_iata?: string | undefined; ... 18 more ...; ferry_trechos?: number | undefined; }, any, { ...; }>'.
  The types of '_options.resolver' are incompatible between these types.
    Type 'Resolver<{ description: string; active_tab: string; date?: string | undefined; air_calc_method?: "airport_iata" | "distance" | undefined; air_origin_iata?: string | undefined; air_dest_iata?: string | undefined; ... 18 more ...; ferry_trechos?: number | undefined; }, any, TFieldValues> | undefined' is not assignable to type 'Resolver<{ description: string; active_tab: string; date?: string | undefined; air_calc_method?: "airport_iata" | "distance" | undefined; air_origin_iata?: string | undefined; air_dest_iata?: string | undefined; ... 18 more ...; ferry_trechos?: number | undefined; }, any, { ...; }> | undefined'.
      Type 'Resolver<{ description: string; active_tab: string; date?: string | undefined; air_calc_method?: "airport_iata" | "distance" | undefined; air_origin_iata?: string | undefined; air_dest_iata?: string | undefined; ... 18 more ...; ferry_trechos?: number | undefined; }, any, TFieldValues>' is not assignable to type 'Resolver<{ description: string; active_tab: string; date?: string | undefined; air_calc_method?: "airport_iata" | "distance" | undefined; air_origin_iata?: string | undefined; air_dest_iata?: string | undefined; ... 18 more ...; ferry_trechos?: number | undefined; }, any, { ...; }>'.
        Type 'ResolverResult<{ description: string; active_tab: string; date?: string | undefined; air_calc_method?: "airport_iata" | "distance" | undefined; air_origin_iata?: string | undefined; air_dest_iata?: string | undefined; ... 18 more ...; ferry_trechos?: number | undefined; }, TFieldValues> | Promise<...>' is not assignable to type 'ResolverResult<{ description: string; active_tab: string; date?: string | undefined; air_calc_method?: "airport_iata" | "distance" | undefined; air_origin_iata?: string | undefined; air_dest_iata?: string | undefined; ... 18 more ...; ferry_trechos?: number | undefined; }, { ...; }> | Promise<...>'.
          Type 'ResolverSuccess<TFieldValues>' is not assignable to type 'ResolverResult<{ description: string; active_tab: string; date?: string | undefined; air_calc_method?: "airport_iata" | "distance" | undefined; air_origin_iata?: string | undefined; air_dest_iata?: string | undefined; ... 18 more ...; ferry_trechos?: number | undefined; }, { ...; }> | Promise<...>'.
            Type 'ResolverSuccess<TFieldValues>' is not assignable to type 'ResolverSuccess<{ description: string; active_tab: string; date?: string | undefined; air_calc_method?: "airport_iata" | "distance" | undefined; air_origin_iata?: string | undefined; air_dest_iata?: string | undefined; ... 18 more ...; ferry_trechos?: number | undefined; }>'.
              Type 'TFieldValues' is not assignable to type '{ description: string; active_tab: string; date?: string | undefined; air_calc_method?: "airport_iata" | "distance" | undefined; air_origin_iata?: string | undefined; air_dest_iata?: string | undefined; ... 18 more ...; ferry_trechos?: number | undefined; }'.
                Type 'FieldValues' is missing the following properties from type '{ description: string; active_tab: string; date?: string | undefined; air_calc_method?: "airport_iata" | "distance" | undefined; air_origin_iata?: string | undefined; air_dest_iata?: string | undefined; ... 18 more ...; ferry_trechos?: number | undefined; }': description, active_tab
src/components/forms/Scope3BusinessTravelForm.tsx(450,49): error TS2322: Type 'Control<{ description: string; active_tab: string; date?: string | undefined; air_calc_method?: "airport_iata" | "distance" | undefined; air_origin_iata?: string | undefined; air_dest_iata?: string | undefined; ... 18 more ...; ferry_trechos?: number | undefined; }, any, TFieldValues>' is not assignable to type 'Control<{ description: string; active_tab: string; date?: string | undefined; air_calc_method?: "airport_iata" | "distance" | undefined; air_origin_iata?: string | undefined; air_dest_iata?: string | undefined; ... 18 more ...; ferry_trechos?: number | undefined; }, any, { ...; }>'.
  The types of '_options.resolver' are incompatible between these types.
    Type 'Resolver<{ description: string; active_tab: string; date?: string | undefined; air_calc_method?: "airport_iata" | "distance" | undefined; air_origin_iata?: string | undefined; air_dest_iata?: string | undefined; ... 18 more ...; ferry_trechos?: number | undefined; }, any, TFieldValues> | undefined' is not assignable to type 'Resolver<{ description: string; active_tab: string; date?: string | undefined; air_calc_method?: "airport_iata" | "distance" | undefined; air_origin_iata?: string | undefined; air_dest_iata?: string | undefined; ... 18 more ...; ferry_trechos?: number | undefined; }, any, { ...; }> | undefined'.
      Type 'Resolver<{ description: string; active_tab: string; date?: string | undefined; air_calc_method?: "airport_iata" | "distance" | undefined; air_origin_iata?: string | undefined; air_dest_iata?: string | undefined; ... 18 more ...; ferry_trechos?: number | undefined; }, any, TFieldValues>' is not assignable to type 'Resolver<{ description: string; active_tab: string; date?: string | undefined; air_calc_method?: "airport_iata" | "distance" | undefined; air_origin_iata?: string | undefined; air_dest_iata?: string | undefined; ... 18 more ...; ferry_trechos?: number | undefined; }, any, { ...; }>'.
        Type 'ResolverResult<{ description: string; active_tab: string; date?: string | undefined; air_calc_method?: "airport_iata" | "distance" | undefined; air_origin_iata?: string | undefined; air_dest_iata?: string | undefined; ... 18 more ...; ferry_trechos?: number | undefined; }, TFieldValues> | Promise<...>' is not assignable to type 'ResolverResult<{ description: string; active_tab: string; date?: string | undefined; air_calc_method?: "airport_iata" | "distance" | undefined; air_origin_iata?: string | undefined; air_dest_iata?: string | undefined; ... 18 more ...; ferry_trechos?: number | undefined; }, { ...; }> | Promise<...>'.
          Type 'ResolverSuccess<TFieldValues>' is not assignable to type 'ResolverResult<{ description: string; active_tab: string; date?: string | undefined; air_calc_method?: "airport_iata" | "distance" | undefined; air_origin_iata?: string | undefined; air_dest_iata?: string | undefined; ... 18 more ...; ferry_trechos?: number | undefined; }, { ...; }> | Promise<...>'.
            Type 'ResolverSuccess<TFieldValues>' is not assignable to type 'ResolverSuccess<{ description: string; active_tab: string; date?: string | undefined; air_calc_method?: "airport_iata" | "distance" | undefined; air_origin_iata?: string | undefined; air_dest_iata?: string | undefined; ... 18 more ...; ferry_trechos?: number | undefined; }>'.
              Type 'TFieldValues' is not assignable to type '{ description: string; active_tab: string; date?: string | undefined; air_calc_method?: "airport_iata" | "distance" | undefined; air_origin_iata?: string | undefined; air_dest_iata?: string | undefined; ... 18 more ...; ferry_trechos?: number | undefined; }'.
                Type 'FieldValues' is missing the following properties from type '{ description: string; active_tab: string; date?: string | undefined; air_calc_method?: "airport_iata" | "distance" | undefined; air_origin_iata?: string | undefined; air_dest_iata?: string | undefined; ... 18 more ...; ferry_trechos?: number | undefined; }': description, active_tab
src/components/forms/Scope3BusinessTravelForm.tsx(465,53): error TS2322: Type 'Control<{ description: string; active_tab: string; date?: string | undefined; air_calc_method?: "airport_iata" | "distance" | undefined; air_origin_iata?: string | undefined; air_dest_iata?: string | undefined; ... 18 more ...; ferry_trechos?: number | undefined; }, any, TFieldValues>' is not assignable to type 'Control<{ description: string; active_tab: string; date?: string | undefined; air_calc_method?: "airport_iata" | "distance" | undefined; air_origin_iata?: string | undefined; air_dest_iata?: string | undefined; ... 18 more ...; ferry_trechos?: number | undefined; }, any, { ...; }>'.
  The types of '_options.resolver' are incompatible between these types.
    Type 'Resolver<{ description: string; active_tab: string; date?: string | undefined; air_calc_method?: "airport_iata" | "distance" | undefined; air_origin_iata?: string | undefined; air_dest_iata?: string | undefined; ... 18 more ...; ferry_trechos?: number | undefined; }, any, TFieldValues> | undefined' is not assignable to type 'Resolver<{ description: string; active_tab: string; date?: string | undefined; air_calc_method?: "airport_iata" | "distance" | undefined; air_origin_iata?: string | undefined; air_dest_iata?: string | undefined; ... 18 more ...; ferry_trechos?: number | undefined; }, any, { ...; }> | undefined'.
      Type 'Resolver<{ description: string; active_tab: string; date?: string | undefined; air_calc_method?: "airport_iata" | "distance" | undefined; air_origin_iata?: string | undefined; air_dest_iata?: string | undefined; ... 18 more ...; ferry_trechos?: number | undefined; }, any, TFieldValues>' is not assignable to type 'Resolver<{ description: string; active_tab: string; date?: string | undefined; air_calc_method?: "airport_iata" | "distance" | undefined; air_origin_iata?: string | undefined; air_dest_iata?: string | undefined; ... 18 more ...; ferry_trechos?: number | undefined; }, any, { ...; }>'.
        Type 'ResolverResult<{ description: string; active_tab: string; date?: string | undefined; air_calc_method?: "airport_iata" | "distance" | undefined; air_origin_iata?: string | undefined; air_dest_iata?: string | undefined; ... 18 more ...; ferry_trechos?: number | undefined; }, TFieldValues> | Promise<...>' is not assignable to type 'ResolverResult<{ description: string; active_tab: string; date?: string | undefined; air_calc_method?: "airport_iata" | "distance" | undefined; air_origin_iata?: string | undefined; air_dest_iata?: string | undefined; ... 18 more ...; ferry_trechos?: number | undefined; }, { ...; }> | Promise<...>'.
          Type 'ResolverSuccess<TFieldValues>' is not assignable to type 'ResolverResult<{ description: string; active_tab: string; date?: string | undefined; air_calc_method?: "airport_iata" | "distance" | undefined; air_origin_iata?: string | undefined; air_dest_iata?: string | undefined; ... 18 more ...; ferry_trechos?: number | undefined; }, { ...; }> | Promise<...>'.
            Type 'ResolverSuccess<TFieldValues>' is not assignable to type 'ResolverSuccess<{ description: string; active_tab: string; date?: string | undefined; air_calc_method?: "airport_iata" | "distance" | undefined; air_origin_iata?: string | undefined; air_dest_iata?: string | undefined; ... 18 more ...; ferry_trechos?: number | undefined; }>'.
              Type 'TFieldValues' is not assignable to type '{ description: string; active_tab: string; date?: string | undefined; air_calc_method?: "airport_iata" | "distance" | undefined; air_origin_iata?: string | undefined; air_dest_iata?: string | undefined; ... 18 more ...; ferry_trechos?: number | undefined; }'.
                Type 'FieldValues' is missing the following properties from type '{ description: string; active_tab: string; date?: string | undefined; air_calc_method?: "airport_iata" | "distance" | undefined; air_origin_iata?: string | undefined; air_dest_iata?: string | undefined; ... 18 more ...; ferry_trechos?: number | undefined; }': description, active_tab
src/components/forms/Scope3BusinessTravelForm.tsx(482,53): error TS2322: Type 'Control<{ description: string; active_tab: string; date?: string | undefined; air_calc_method?: "airport_iata" | "distance" | undefined; air_origin_iata?: string | undefined; air_dest_iata?: string | undefined; ... 18 more ...; ferry_trechos?: number | undefined; }, any, TFieldValues>' is not assignable to type 'Control<{ description: string; active_tab: string; date?: string | undefined; air_calc_method?: "airport_iata" | "distance" | undefined; air_origin_iata?: string | undefined; air_dest_iata?: string | undefined; ... 18 more ...; ferry_trechos?: number | undefined; }, any, { ...; }>'.
  The types of '_options.resolver' are incompatible between these types.
    Type 'Resolver<{ description: string; active_tab: string; date?: string | undefined; air_calc_method?: "airport_iata" | "distance" | undefined; air_origin_iata?: string | undefined; air_dest_iata?: string | undefined; ... 18 more ...; ferry_trechos?: number | undefined; }, any, TFieldValues> | undefined' is not assignable to type 'Resolver<{ description: string; active_tab: string; date?: string | undefined; air_calc_method?: "airport_iata" | "distance" | undefined; air_origin_iata?: string | undefined; air_dest_iata?: string | undefined; ... 18 more ...; ferry_trechos?: number | undefined; }, any, { ...; }> | undefined'.
      Type 'Resolver<{ description: string; active_tab: string; date?: string | undefined; air_calc_method?: "airport_iata" | "distance" | undefined; air_origin_iata?: string | undefined; air_dest_iata?: string | undefined; ... 18 more ...; ferry_trechos?: number | undefined; }, any, TFieldValues>' is not assignable to type 'Resolver<{ description: string; active_tab: string; date?: string | undefined; air_calc_method?: "airport_iata" | "distance" | undefined; air_origin_iata?: string | undefined; air_dest_iata?: string | undefined; ... 18 more ...; ferry_trechos?: number | undefined; }, any, { ...; }>'.
        Type 'ResolverResult<{ description: string; active_tab: string; date?: string | undefined; air_calc_method?: "airport_iata" | "distance" | undefined; air_origin_iata?: string | undefined; air_dest_iata?: string | undefined; ... 18 more ...; ferry_trechos?: number | undefined; }, TFieldValues> | Promise<...>' is not assignable to type 'ResolverResult<{ description: string; active_tab: string; date?: string | undefined; air_calc_method?: "airport_iata" | "distance" | undefined; air_origin_iata?: string | undefined; air_dest_iata?: string | undefined; ... 18 more ...; ferry_trechos?: number | undefined; }, { ...; }> | Promise<...>'.
          Type 'ResolverSuccess<TFieldValues>' is not assignable to type 'ResolverResult<{ description: string; active_tab: string; date?: string | undefined; air_calc_method?: "airport_iata" | "distance" | undefined; air_origin_iata?: string | undefined; air_dest_iata?: string | undefined; ... 18 more ...; ferry_trechos?: number | undefined; }, { ...; }> | Promise<...>'.
            Type 'ResolverSuccess<TFieldValues>' is not assignable to type 'ResolverSuccess<{ description: string; active_tab: string; date?: string | undefined; air_calc_method?: "airport_iata" | "distance" | undefined; air_origin_iata?: string | undefined; air_dest_iata?: string | undefined; ... 18 more ...; ferry_trechos?: number | undefined; }>'.
              Type 'TFieldValues' is not assignable to type '{ description: string; active_tab: string; date?: string | undefined; air_calc_method?: "airport_iata" | "distance" | undefined; air_origin_iata?: string | undefined; air_dest_iata?: string | undefined; ... 18 more ...; ferry_trechos?: number | undefined; }'.
                Type 'FieldValues' is missing the following properties from type '{ description: string; active_tab: string; date?: string | undefined; air_calc_method?: "airport_iata" | "distance" | undefined; air_origin_iata?: string | undefined; air_dest_iata?: string | undefined; ... 18 more ...; ferry_trechos?: number | undefined; }': description, active_tab
src/components/forms/Scope3BusinessTravelForm.tsx(499,49): error TS2322: Type 'Control<{ description: string; active_tab: string; date?: string | undefined; air_calc_method?: "airport_iata" | "distance" | undefined; air_origin_iata?: string | undefined; air_dest_iata?: string | undefined; ... 18 more ...; ferry_trechos?: number | undefined; }, any, TFieldValues>' is not assignable to type 'Control<{ description: string; active_tab: string; date?: string | undefined; air_calc_method?: "airport_iata" | "distance" | undefined; air_origin_iata?: string | undefined; air_dest_iata?: string | undefined; ... 18 more ...; ferry_trechos?: number | undefined; }, any, { ...; }>'.
  The types of '_options.resolver' are incompatible between these types.
    Type 'Resolver<{ description: string; active_tab: string; date?: string | undefined; air_calc_method?: "airport_iata" | "distance" | undefined; air_origin_iata?: string | undefined; air_dest_iata?: string | undefined; ... 18 more ...; ferry_trechos?: number | undefined; }, any, TFieldValues> | undefined' is not assignable to type 'Resolver<{ description: string; active_tab: string; date?: string | undefined; air_calc_method?: "airport_iata" | "distance" | undefined; air_origin_iata?: string | undefined; air_dest_iata?: string | undefined; ... 18 more ...; ferry_trechos?: number | undefined; }, any, { ...; }> | undefined'.
      Type 'Resolver<{ description: string; active_tab: string; date?: string | undefined; air_calc_method?: "airport_iata" | "distance" | undefined; air_origin_iata?: string | undefined; air_dest_iata?: string | undefined; ... 18 more ...; ferry_trechos?: number | undefined; }, any, TFieldValues>' is not assignable to type 'Resolver<{ description: string; active_tab: string; date?: string | undefined; air_calc_method?: "airport_iata" | "distance" | undefined; air_origin_iata?: string | undefined; air_dest_iata?: string | undefined; ... 18 more ...; ferry_trechos?: number | undefined; }, any, { ...; }>'.
        Type 'ResolverResult<{ description: string; active_tab: string; date?: string | undefined; air_calc_method?: "airport_iata" | "distance" | undefined; air_origin_iata?: string | undefined; air_dest_iata?: string | undefined; ... 18 more ...; ferry_trechos?: number | undefined; }, TFieldValues> | Promise<...>' is not assignable to type 'ResolverResult<{ description: string; active_tab: string; date?: string | undefined; air_calc_method?: "airport_iata" | "distance" | undefined; air_origin_iata?: string | undefined; air_dest_iata?: string | undefined; ... 18 more ...; ferry_trechos?: number | undefined; }, { ...; }> | Promise<...>'.
          Type 'ResolverSuccess<TFieldValues>' is not assignable to type 'ResolverResult<{ description: string; active_tab: string; date?: string | undefined; air_calc_method?: "airport_iata" | "distance" | undefined; air_origin_iata?: string | undefined; air_dest_iata?: string | undefined; ... 18 more ...; ferry_trechos?: number | undefined; }, { ...; }> | Promise<...>'.
            Type 'ResolverSuccess<TFieldValues>' is not assignable to type 'ResolverSuccess<{ description: string; active_tab: string; date?: string | undefined; air_calc_method?: "airport_iata" | "distance" | undefined; air_origin_iata?: string | undefined; air_dest_iata?: string | undefined; ... 18 more ...; ferry_trechos?: number | undefined; }>'.
              Type 'TFieldValues' is not assignable to type '{ description: string; active_tab: string; date?: string | undefined; air_calc_method?: "airport_iata" | "distance" | undefined; air_origin_iata?: string | undefined; air_dest_iata?: string | undefined; ... 18 more ...; ferry_trechos?: number | undefined; }'.
                Type 'FieldValues' is missing the following properties from type '{ description: string; active_tab: string; date?: string | undefined; air_calc_method?: "airport_iata" | "distance" | undefined; air_origin_iata?: string | undefined; air_dest_iata?: string | undefined; ... 18 more ...; ferry_trechos?: number | undefined; }': description, active_tab
src/components/forms/Scope3BusinessTravelForm.tsx(509,49): error TS2322: Type 'Control<{ description: string; active_tab: string; date?: string | undefined; air_calc_method?: "airport_iata" | "distance" | undefined; air_origin_iata?: string | undefined; air_dest_iata?: string | undefined; ... 18 more ...; ferry_trechos?: number | undefined; }, any, TFieldValues>' is not assignable to type 'Control<{ description: string; active_tab: string; date?: string | undefined; air_calc_method?: "airport_iata" | "distance" | undefined; air_origin_iata?: string | undefined; air_dest_iata?: string | undefined; ... 18 more ...; ferry_trechos?: number | undefined; }, any, { ...; }>'.
  The types of '_options.resolver' are incompatible between these types.
    Type 'Resolver<{ description: string; active_tab: string; date?: string | undefined; air_calc_method?: "airport_iata" | "distance" | undefined; air_origin_iata?: string | undefined; air_dest_iata?: string | undefined; ... 18 more ...; ferry_trechos?: number | undefined; }, any, TFieldValues> | undefined' is not assignable to type 'Resolver<{ description: string; active_tab: string; date?: string | undefined; air_calc_method?: "airport_iata" | "distance" | undefined; air_origin_iata?: string | undefined; air_dest_iata?: string | undefined; ... 18 more ...; ferry_trechos?: number | undefined; }, any, { ...; }> | undefined'.
      Type 'Resolver<{ description: string; active_tab: string; date?: string | undefined; air_calc_method?: "airport_iata" | "distance" | undefined; air_origin_iata?: string | undefined; air_dest_iata?: string | undefined; ... 18 more ...; ferry_trechos?: number | undefined; }, any, TFieldValues>' is not assignable to type 'Resolver<{ description: string; active_tab: string; date?: string | undefined; air_calc_method?: "airport_iata" | "distance" | undefined; air_origin_iata?: string | undefined; air_dest_iata?: string | undefined; ... 18 more ...; ferry_trechos?: number | undefined; }, any, { ...; }>'.
        Type 'ResolverResult<{ description: string; active_tab: string; date?: string | undefined; air_calc_method?: "airport_iata" | "distance" | undefined; air_origin_iata?: string | undefined; air_dest_iata?: string | undefined; ... 18 more ...; ferry_trechos?: number | undefined; }, TFieldValues> | Promise<...>' is not assignable to type 'ResolverResult<{ description: string; active_tab: string; date?: string | undefined; air_calc_method?: "airport_iata" | "distance" | undefined; air_origin_iata?: string | undefined; air_dest_iata?: string | undefined; ... 18 more ...; ferry_trechos?: number | undefined; }, { ...; }> | Promise<...>'.
          Type 'ResolverSuccess<TFieldValues>' is not assignable to type 'ResolverResult<{ description: string; active_tab: string; date?: string | undefined; air_calc_method?: "airport_iata" | "distance" | undefined; air_origin_iata?: string | undefined; air_dest_iata?: string | undefined; ... 18 more ...; ferry_trechos?: number | undefined; }, { ...; }> | Promise<...>'.
            Type 'ResolverSuccess<TFieldValues>' is not assignable to type 'ResolverSuccess<{ description: string; active_tab: string; date?: string | undefined; air_calc_method?: "airport_iata" | "distance" | undefined; air_origin_iata?: string | undefined; air_dest_iata?: string | undefined; ... 18 more ...; ferry_trechos?: number | undefined; }>'.
              Type 'TFieldValues' is not assignable to type '{ description: string; active_tab: string; date?: string | undefined; air_calc_method?: "airport_iata" | "distance" | undefined; air_origin_iata?: string | undefined; air_dest_iata?: string | undefined; ... 18 more ...; ferry_trechos?: number | undefined; }'.
                Type 'FieldValues' is missing the following properties from type '{ description: string; active_tab: string; date?: string | undefined; air_calc_method?: "airport_iata" | "distance" | undefined; air_origin_iata?: string | undefined; air_dest_iata?: string | undefined; ... 18 more ...; ferry_trechos?: number | undefined; }': description, active_tab
src/components/forms/Scope3BusinessTravelForm.tsx(519,49): error TS2322: Type 'Control<{ description: string; active_tab: string; date?: string | undefined; air_calc_method?: "airport_iata" | "distance" | undefined; air_origin_iata?: string | undefined; air_dest_iata?: string | undefined; ... 18 more ...; ferry_trechos?: number | undefined; }, any, TFieldValues>' is not assignable to type 'Control<{ description: string; active_tab: string; date?: string | undefined; air_calc_method?: "airport_iata" | "distance" | undefined; air_origin_iata?: string | undefined; air_dest_iata?: string | undefined; ... 18 more ...; ferry_trechos?: number | undefined; }, any, { ...; }>'.
  The types of '_options.resolver' are incompatible between these types.
    Type 'Resolver<{ description: string; active_tab: string; date?: string | undefined; air_calc_method?: "airport_iata" | "distance" | undefined; air_origin_iata?: string | undefined; air_dest_iata?: string | undefined; ... 18 more ...; ferry_trechos?: number | undefined; }, any, TFieldValues> | undefined' is not assignable to type 'Resolver<{ description: string; active_tab: string; date?: string | undefined; air_calc_method?: "airport_iata" | "distance" | undefined; air_origin_iata?: string | undefined; air_dest_iata?: string | undefined; ... 18 more ...; ferry_trechos?: number | undefined; }, any, { ...; }> | undefined'.
      Type 'Resolver<{ description: string; active_tab: string; date?: string | undefined; air_calc_method?: "airport_iata" | "distance" | undefined; air_origin_iata?: string | undefined; air_dest_iata?: string | undefined; ... 18 more ...; ferry_trechos?: number | undefined; }, any, TFieldValues>' is not assignable to type 'Resolver<{ description: string; active_tab: string; date?: string | undefined; air_calc_method?: "airport_iata" | "distance" | undefined; air_origin_iata?: string | undefined; air_dest_iata?: string | undefined; ... 18 more ...; ferry_trechos?: number | undefined; }, any, { ...; }>'.
        Type 'ResolverResult<{ description: string; active_tab: string; date?: string | undefined; air_calc_method?: "airport_iata" | "distance" | undefined; air_origin_iata?: string | undefined; air_dest_iata?: string | undefined; ... 18 more ...; ferry_trechos?: number | undefined; }, TFieldValues> | Promise<...>' is not assignable to type 'ResolverResult<{ description: string; active_tab: string; date?: string | undefined; air_calc_method?: "airport_iata" | "distance" | undefined; air_origin_iata?: string | undefined; air_dest_iata?: string | undefined; ... 18 more ...; ferry_trechos?: number | undefined; }, { ...; }> | Promise<...>'.
          Type 'ResolverSuccess<TFieldValues>' is not assignable to type 'ResolverResult<{ description: string; active_tab: string; date?: string | undefined; air_calc_method?: "airport_iata" | "distance" | undefined; air_origin_iata?: string | undefined; air_dest_iata?: string | undefined; ... 18 more ...; ferry_trechos?: number | undefined; }, { ...; }> | Promise<...>'.
            Type 'ResolverSuccess<TFieldValues>' is not assignable to type 'ResolverSuccess<{ description: string; active_tab: string; date?: string | undefined; air_calc_method?: "airport_iata" | "distance" | undefined; air_origin_iata?: string | undefined; air_dest_iata?: string | undefined; ... 18 more ...; ferry_trechos?: number | undefined; }>'.
              Type 'TFieldValues' is not assignable to type '{ description: string; active_tab: string; date?: string | undefined; air_calc_method?: "airport_iata" | "distance" | undefined; air_origin_iata?: string | undefined; air_dest_iata?: string | undefined; ... 18 more ...; ferry_trechos?: number | undefined; }'.
                Type 'FieldValues' is missing the following properties from type '{ description: string; active_tab: string; date?: string | undefined; air_calc_method?: "airport_iata" | "distance" | undefined; air_origin_iata?: string | undefined; air_dest_iata?: string | undefined; ... 18 more ...; ferry_trechos?: number | undefined; }': description, active_tab
src/components/forms/Scope3DownstreamForm.tsx(95,9): error TS2322: Type 'Resolver<{ description?: string | undefined; road_calc_method?: string | undefined; road_fuel_id?: string | undefined; road_fuel_amount?: unknown; road_dist_vehicle_type?: string | undefined; road_dist_distance?: unknown; ... 21 more ...; air_fuel_amount?: unknown; }, any, { ...; }>' is not assignable to type 'Resolver<{ description?: string | undefined; road_calc_method?: string | undefined; road_fuel_id?: string | undefined; road_fuel_amount?: number | undefined; road_dist_vehicle_type?: string | undefined; ... 22 more ...; air_fuel_amount?: number | undefined; }, any, { ...; }>'.
  Types of parameters 'options' and 'options' are incompatible.
    Type 'ResolverOptions<{ description?: string | undefined; road_calc_method?: string | undefined; road_fuel_id?: string | undefined; road_fuel_amount?: number | undefined; road_dist_vehicle_type?: string | undefined; ... 22 more ...; air_fuel_amount?: number | undefined; }>' is not assignable to type 'ResolverOptions<{ description?: string | undefined; road_calc_method?: string | undefined; road_fuel_id?: string | undefined; road_fuel_amount?: unknown; road_dist_vehicle_type?: string | undefined; road_dist_distance?: unknown; ... 21 more ...; air_fuel_amount?: unknown; }>'.
      Type 'unknown' is not assignable to type 'number | undefined'.
src/components/forms/Scope3EffluentsForm.tsx(106,9): error TS2322: Type 'Resolver<{ description: string; flow_m3_year: unknown; organic_load: unknown; load_type: "bod" | "cod"; nitrogen_load: unknown; treatment_type: string; methane_recovery?: unknown; has_sequential?: boolean | undefined; treatment_type_2?: string | undefined; methane_recovery_2?: unknown; has_disposal?: boolean | undef...' is not assignable to type 'Resolver<{ description: string; flow_m3_year: number; organic_load: number; load_type: "bod" | "cod"; nitrogen_load: number; treatment_type: string; methane_recovery: number; has_sequential: boolean; has_disposal: boolean; treatment_type_2?: string | undefined; methane_recovery_2?: number | undefined; disposal_type?...'.
  Types of parameters 'options' and 'options' are incompatible.
    Type 'ResolverOptions<{ description: string; flow_m3_year: number; organic_load: number; load_type: "bod" | "cod"; nitrogen_load: number; treatment_type: string; methane_recovery: number; has_sequential: boolean; has_disposal: boolean; treatment_type_2?: string | undefined; methane_recovery_2?: number | undefined; disposa...' is not assignable to type 'ResolverOptions<{ description: string; flow_m3_year: unknown; organic_load: unknown; load_type: "bod" | "cod"; nitrogen_load: unknown; treatment_type: string; methane_recovery?: unknown; has_sequential?: boolean | undefined; treatment_type_2?: string | undefined; methane_recovery_2?: unknown; has_disposal?: boolean ...'.
      Type 'unknown' is not assignable to type 'number'.
src/components/forms/Scope3EffluentsForm.tsx(114,9): error TS2322: Type 'Resolver<{ description: string; population: unknown; treatment_type: string; has_sequential?: boolean | undefined; treatment_type_2?: string | undefined; has_disposal?: boolean | undefined; disposal_type?: string | undefined; }, any, { ...; }>' is not assignable to type 'Resolver<{ description: string; population: number; treatment_type: string; has_sequential: boolean; has_disposal: boolean; treatment_type_2?: string | undefined; disposal_type?: string | undefined; }, any, { ...; }>'.
  Types of parameters 'options' and 'options' are incompatible.
    Type 'ResolverOptions<{ description: string; population: number; treatment_type: string; has_sequential: boolean; has_disposal: boolean; treatment_type_2?: string | undefined; disposal_type?: string | undefined; }>' is not assignable to type 'ResolverOptions<{ description: string; population: unknown; treatment_type: string; has_sequential?: boolean | undefined; treatment_type_2?: string | undefined; has_disposal?: boolean | undefined; disposal_type?: string | undefined; }>'.
      Type 'unknown' is not assignable to type 'number'.
src/components/forms/Scope3EffluentsForm.tsx(122,9): error TS2322: Type 'Resolver<{ description: string; flow_m3_year: unknown; organic_load: unknown; load_type: "bod" | "cod"; nitrogen_load: unknown; treatment_type: string; effluent_type?: string | undefined; methane_recovery?: unknown; has_sequential?: boolean | undefined; treatment_type_2?: string | undefined; methane_recovery_2?: unk...' is not assignable to type 'Resolver<{ description: string; flow_m3_year: number; organic_load: number; load_type: "bod" | "cod"; nitrogen_load: number; treatment_type: string; methane_recovery: number; has_sequential: boolean; ... 4 more ...; disposal_type?: string | undefined; }, any, { ...; }>'.
  Types of parameters 'options' and 'options' are incompatible.
    Type 'ResolverOptions<{ description: string; flow_m3_year: number; organic_load: number; load_type: "bod" | "cod"; nitrogen_load: number; treatment_type: string; methane_recovery: number; has_sequential: boolean; ... 4 more ...; disposal_type?: string | undefined; }>' is not assignable to type 'ResolverOptions<{ description: string; flow_m3_year: unknown; organic_load: unknown; load_type: "bod" | "cod"; nitrogen_load: unknown; treatment_type: string; effluent_type?: string | undefined; methane_recovery?: unknown; has_sequential?: boolean | undefined; treatment_type_2?: string | undefined; methane_recovery_...'.
      Type 'unknown' is not assignable to type 'number'.
src/components/forms/Scope3EffluentsForm.tsx(296,82): error TS2345: Argument of type '(data: z.infer<typeof domesticAlt2Schema>) => void' is not assignable to parameter of type 'SubmitHandler<TFieldValues>'.
  Types of parameters 'data' and 'data' are incompatible.
    Type 'TFieldValues' is not assignable to type '{ description: string; population: number; treatment_type: string; has_sequential: boolean; has_disposal: boolean; treatment_type_2?: string | undefined; disposal_type?: string | undefined; }'.
      Type 'FieldValues' is missing the following properties from type '{ description: string; population: number; treatment_type: string; has_sequential: boolean; has_disposal: boolean; treatment_type_2?: string | undefined; disposal_type?: string | undefined; }': description, population, treatment_type, has_sequential, has_disposal
src/components/forms/Scope3EffluentsForm.tsx(297,56): error TS2322: Type 'Control<{ description: string; population: number; treatment_type: string; has_sequential: boolean; has_disposal: boolean; treatment_type_2?: string | undefined; disposal_type?: string | undefined; }, any, TFieldValues>' is not assignable to type 'Control<{ description: string; population: number; treatment_type: string; has_sequential: boolean; has_disposal: boolean; treatment_type_2?: string | undefined; disposal_type?: string | undefined; }, any, { ...; }>'.
  The types of '_options.resolver' are incompatible between these types.
    Type 'Resolver<{ description: string; population: number; treatment_type: string; has_sequential: boolean; has_disposal: boolean; treatment_type_2?: string | undefined; disposal_type?: string | undefined; }, any, TFieldValues> | undefined' is not assignable to type 'Resolver<{ description: string; population: number; treatment_type: string; has_sequential: boolean; has_disposal: boolean; treatment_type_2?: string | undefined; disposal_type?: string | undefined; }, any, { ...; }> | undefined'.
      Type 'Resolver<{ description: string; population: number; treatment_type: string; has_sequential: boolean; has_disposal: boolean; treatment_type_2?: string | undefined; disposal_type?: string | undefined; }, any, TFieldValues>' is not assignable to type 'Resolver<{ description: string; population: number; treatment_type: string; has_sequential: boolean; has_disposal: boolean; treatment_type_2?: string | undefined; disposal_type?: string | undefined; }, any, { ...; }>'.
        Type 'ResolverResult<{ description: string; population: number; treatment_type: string; has_sequential: boolean; has_disposal: boolean; treatment_type_2?: string | undefined; disposal_type?: string | undefined; }, TFieldValues> | Promise<...>' is not assignable to type 'ResolverResult<{ description: string; population: number; treatment_type: string; has_sequential: boolean; has_disposal: boolean; treatment_type_2?: string | undefined; disposal_type?: string | undefined; }, { ...; }> | Promise<...>'.
          Type 'ResolverSuccess<TFieldValues>' is not assignable to type 'ResolverResult<{ description: string; population: number; treatment_type: string; has_sequential: boolean; has_disposal: boolean; treatment_type_2?: string | undefined; disposal_type?: string | undefined; }, { ...; }> | Promise<...>'.
            Type 'ResolverSuccess<TFieldValues>' is not assignable to type 'ResolverSuccess<{ description: string; population: number; treatment_type: string; has_sequential: boolean; has_disposal: boolean; treatment_type_2?: string | undefined; disposal_type?: string | undefined; }>'.
              Type 'TFieldValues' is not assignable to type '{ description: string; population: number; treatment_type: string; has_sequential: boolean; has_disposal: boolean; treatment_type_2?: string | undefined; disposal_type?: string | undefined; }'.
                Type 'FieldValues' is missing the following properties from type '{ description: string; population: number; treatment_type: string; has_sequential: boolean; has_disposal: boolean; treatment_type_2?: string | undefined; disposal_type?: string | undefined; }': description, population, treatment_type, has_sequential, has_disposal
src/components/forms/Scope3EffluentsForm.tsx(300,56): error TS2322: Type 'Control<{ description: string; population: number; treatment_type: string; has_sequential: boolean; has_disposal: boolean; treatment_type_2?: string | undefined; disposal_type?: string | undefined; }, any, TFieldValues>' is not assignable to type 'Control<{ description: string; population: number; treatment_type: string; has_sequential: boolean; has_disposal: boolean; treatment_type_2?: string | undefined; disposal_type?: string | undefined; }, any, { ...; }>'.
  The types of '_options.resolver' are incompatible between these types.
    Type 'Resolver<{ description: string; population: number; treatment_type: string; has_sequential: boolean; has_disposal: boolean; treatment_type_2?: string | undefined; disposal_type?: string | undefined; }, any, TFieldValues> | undefined' is not assignable to type 'Resolver<{ description: string; population: number; treatment_type: string; has_sequential: boolean; has_disposal: boolean; treatment_type_2?: string | undefined; disposal_type?: string | undefined; }, any, { ...; }> | undefined'.
      Type 'Resolver<{ description: string; population: number; treatment_type: string; has_sequential: boolean; has_disposal: boolean; treatment_type_2?: string | undefined; disposal_type?: string | undefined; }, any, TFieldValues>' is not assignable to type 'Resolver<{ description: string; population: number; treatment_type: string; has_sequential: boolean; has_disposal: boolean; treatment_type_2?: string | undefined; disposal_type?: string | undefined; }, any, { ...; }>'.
        Type 'ResolverResult<{ description: string; population: number; treatment_type: string; has_sequential: boolean; has_disposal: boolean; treatment_type_2?: string | undefined; disposal_type?: string | undefined; }, TFieldValues> | Promise<...>' is not assignable to type 'ResolverResult<{ description: string; population: number; treatment_type: string; has_sequential: boolean; has_disposal: boolean; treatment_type_2?: string | undefined; disposal_type?: string | undefined; }, { ...; }> | Promise<...>'.
          Type 'ResolverSuccess<TFieldValues>' is not assignable to type 'ResolverResult<{ description: string; population: number; treatment_type: string; has_sequential: boolean; has_disposal: boolean; treatment_type_2?: string | undefined; disposal_type?: string | undefined; }, { ...; }> | Promise<...>'.
            Type 'ResolverSuccess<TFieldValues>' is not assignable to type 'ResolverSuccess<{ description: string; population: number; treatment_type: string; has_sequential: boolean; has_disposal: boolean; treatment_type_2?: string | undefined; disposal_type?: string | undefined; }>'.
              Type 'TFieldValues' is not assignable to type '{ description: string; population: number; treatment_type: string; has_sequential: boolean; has_disposal: boolean; treatment_type_2?: string | undefined; disposal_type?: string | undefined; }'.
                Type 'FieldValues' is missing the following properties from type '{ description: string; population: number; treatment_type: string; has_sequential: boolean; has_disposal: boolean; treatment_type_2?: string | undefined; disposal_type?: string | undefined; }': description, population, treatment_type, has_sequential, has_disposal
src/components/forms/Scope3EffluentsForm.tsx(303,56): error TS2322: Type 'Control<{ description: string; population: number; treatment_type: string; has_sequential: boolean; has_disposal: boolean; treatment_type_2?: string | undefined; disposal_type?: string | undefined; }, any, TFieldValues>' is not assignable to type 'Control<{ description: string; population: number; treatment_type: string; has_sequential: boolean; has_disposal: boolean; treatment_type_2?: string | undefined; disposal_type?: string | undefined; }, any, { ...; }>'.
  The types of '_options.resolver' are incompatible between these types.
    Type 'Resolver<{ description: string; population: number; treatment_type: string; has_sequential: boolean; has_disposal: boolean; treatment_type_2?: string | undefined; disposal_type?: string | undefined; }, any, TFieldValues> | undefined' is not assignable to type 'Resolver<{ description: string; population: number; treatment_type: string; has_sequential: boolean; has_disposal: boolean; treatment_type_2?: string | undefined; disposal_type?: string | undefined; }, any, { ...; }> | undefined'.
      Type 'Resolver<{ description: string; population: number; treatment_type: string; has_sequential: boolean; has_disposal: boolean; treatment_type_2?: string | undefined; disposal_type?: string | undefined; }, any, TFieldValues>' is not assignable to type 'Resolver<{ description: string; population: number; treatment_type: string; has_sequential: boolean; has_disposal: boolean; treatment_type_2?: string | undefined; disposal_type?: string | undefined; }, any, { ...; }>'.
        Type 'ResolverResult<{ description: string; population: number; treatment_type: string; has_sequential: boolean; has_disposal: boolean; treatment_type_2?: string | undefined; disposal_type?: string | undefined; }, TFieldValues> | Promise<...>' is not assignable to type 'ResolverResult<{ description: string; population: number; treatment_type: string; has_sequential: boolean; has_disposal: boolean; treatment_type_2?: string | undefined; disposal_type?: string | undefined; }, { ...; }> | Promise<...>'.
          Type 'ResolverSuccess<TFieldValues>' is not assignable to type 'ResolverResult<{ description: string; population: number; treatment_type: string; has_sequential: boolean; has_disposal: boolean; treatment_type_2?: string | undefined; disposal_type?: string | undefined; }, { ...; }> | Promise<...>'.
            Type 'ResolverSuccess<TFieldValues>' is not assignable to type 'ResolverSuccess<{ description: string; population: number; treatment_type: string; has_sequential: boolean; has_disposal: boolean; treatment_type_2?: string | undefined; disposal_type?: string | undefined; }>'.
              Type 'TFieldValues' is not assignable to type '{ description: string; population: number; treatment_type: string; has_sequential: boolean; has_disposal: boolean; treatment_type_2?: string | undefined; disposal_type?: string | undefined; }'.
                Type 'FieldValues' is missing the following properties from type '{ description: string; population: number; treatment_type: string; has_sequential: boolean; has_disposal: boolean; treatment_type_2?: string | undefined; disposal_type?: string | undefined; }': description, population, treatment_type, has_sequential, has_disposal
src/components/forms/Scope3EffluentsForm.tsx(318,60): error TS2322: Type 'Control<{ description: string; population: number; treatment_type: string; has_sequential: boolean; has_disposal: boolean; treatment_type_2?: string | undefined; disposal_type?: string | undefined; }, any, TFieldValues>' is not assignable to type 'Control<{ description: string; population: number; treatment_type: string; has_sequential: boolean; has_disposal: boolean; treatment_type_2?: string | undefined; disposal_type?: string | undefined; }, any, { ...; }>'.
  The types of '_options.resolver' are incompatible between these types.
    Type 'Resolver<{ description: string; population: number; treatment_type: string; has_sequential: boolean; has_disposal: boolean; treatment_type_2?: string | undefined; disposal_type?: string | undefined; }, any, TFieldValues> | undefined' is not assignable to type 'Resolver<{ description: string; population: number; treatment_type: string; has_sequential: boolean; has_disposal: boolean; treatment_type_2?: string | undefined; disposal_type?: string | undefined; }, any, { ...; }> | undefined'.
      Type 'Resolver<{ description: string; population: number; treatment_type: string; has_sequential: boolean; has_disposal: boolean; treatment_type_2?: string | undefined; disposal_type?: string | undefined; }, any, TFieldValues>' is not assignable to type 'Resolver<{ description: string; population: number; treatment_type: string; has_sequential: boolean; has_disposal: boolean; treatment_type_2?: string | undefined; disposal_type?: string | undefined; }, any, { ...; }>'.
        Type 'ResolverResult<{ description: string; population: number; treatment_type: string; has_sequential: boolean; has_disposal: boolean; treatment_type_2?: string | undefined; disposal_type?: string | undefined; }, TFieldValues> | Promise<...>' is not assignable to type 'ResolverResult<{ description: string; population: number; treatment_type: string; has_sequential: boolean; has_disposal: boolean; treatment_type_2?: string | undefined; disposal_type?: string | undefined; }, { ...; }> | Promise<...>'.
          Type 'ResolverSuccess<TFieldValues>' is not assignable to type 'ResolverResult<{ description: string; population: number; treatment_type: string; has_sequential: boolean; has_disposal: boolean; treatment_type_2?: string | undefined; disposal_type?: string | undefined; }, { ...; }> | Promise<...>'.
            Type 'ResolverSuccess<TFieldValues>' is not assignable to type 'ResolverSuccess<{ description: string; population: number; treatment_type: string; has_sequential: boolean; has_disposal: boolean; treatment_type_2?: string | undefined; disposal_type?: string | undefined; }>'.
              Type 'TFieldValues' is not assignable to type '{ description: string; population: number; treatment_type: string; has_sequential: boolean; has_disposal: boolean; treatment_type_2?: string | undefined; disposal_type?: string | undefined; }'.
                Type 'FieldValues' is missing the following properties from type '{ description: string; population: number; treatment_type: string; has_sequential: boolean; has_disposal: boolean; treatment_type_2?: string | undefined; disposal_type?: string | undefined; }': description, population, treatment_type, has_sequential, has_disposal
src/components/forms/Scope3EffluentsForm.tsx(322,64): error TS2322: Type 'Control<{ description: string; population: number; treatment_type: string; has_sequential: boolean; has_disposal: boolean; treatment_type_2?: string | undefined; disposal_type?: string | undefined; }, any, TFieldValues>' is not assignable to type 'Control<{ description: string; population: number; treatment_type: string; has_sequential: boolean; has_disposal: boolean; treatment_type_2?: string | undefined; disposal_type?: string | undefined; }, any, { ...; }>'.
  The types of '_options.resolver' are incompatible between these types.
    Type 'Resolver<{ description: string; population: number; treatment_type: string; has_sequential: boolean; has_disposal: boolean; treatment_type_2?: string | undefined; disposal_type?: string | undefined; }, any, TFieldValues> | undefined' is not assignable to type 'Resolver<{ description: string; population: number; treatment_type: string; has_sequential: boolean; has_disposal: boolean; treatment_type_2?: string | undefined; disposal_type?: string | undefined; }, any, { ...; }> | undefined'.
      Type 'Resolver<{ description: string; population: number; treatment_type: string; has_sequential: boolean; has_disposal: boolean; treatment_type_2?: string | undefined; disposal_type?: string | undefined; }, any, TFieldValues>' is not assignable to type 'Resolver<{ description: string; population: number; treatment_type: string; has_sequential: boolean; has_disposal: boolean; treatment_type_2?: string | undefined; disposal_type?: string | undefined; }, any, { ...; }>'.
        Type 'ResolverResult<{ description: string; population: number; treatment_type: string; has_sequential: boolean; has_disposal: boolean; treatment_type_2?: string | undefined; disposal_type?: string | undefined; }, TFieldValues> | Promise<...>' is not assignable to type 'ResolverResult<{ description: string; population: number; treatment_type: string; has_sequential: boolean; has_disposal: boolean; treatment_type_2?: string | undefined; disposal_type?: string | undefined; }, { ...; }> | Promise<...>'.
          Type 'ResolverSuccess<TFieldValues>' is not assignable to type 'ResolverResult<{ description: string; population: number; treatment_type: string; has_sequential: boolean; has_disposal: boolean; treatment_type_2?: string | undefined; disposal_type?: string | undefined; }, { ...; }> | Promise<...>'.
            Type 'ResolverSuccess<TFieldValues>' is not assignable to type 'ResolverSuccess<{ description: string; population: number; treatment_type: string; has_sequential: boolean; has_disposal: boolean; treatment_type_2?: string | undefined; disposal_type?: string | undefined; }>'.
              Type 'TFieldValues' is not assignable to type '{ description: string; population: number; treatment_type: string; has_sequential: boolean; has_disposal: boolean; treatment_type_2?: string | undefined; disposal_type?: string | undefined; }'.
                Type 'FieldValues' is missing the following properties from type '{ description: string; population: number; treatment_type: string; has_sequential: boolean; has_disposal: boolean; treatment_type_2?: string | undefined; disposal_type?: string | undefined; }': description, population, treatment_type, has_sequential, has_disposal
src/components/forms/Scope3EffluentsForm.tsx(348,82): error TS2345: Argument of type '(data: z.infer<typeof domesticAlt1Schema>) => void' is not assignable to parameter of type 'SubmitHandler<TFieldValues>'.
  Types of parameters 'data' and 'data' are incompatible.
    Type 'TFieldValues' is not assignable to type '{ description: string; flow_m3_year: number; organic_load: number; load_type: "bod" | "cod"; nitrogen_load: number; treatment_type: string; methane_recovery: number; has_sequential: boolean; has_disposal: boolean; treatment_type_2?: string | undefined; methane_recovery_2?: number | undefined; disposal_type?: string ...'.
      Type 'FieldValues' is missing the following properties from type '{ description: string; flow_m3_year: number; organic_load: number; load_type: "bod" | "cod"; nitrogen_load: number; treatment_type: string; methane_recovery: number; has_sequential: boolean; has_disposal: boolean; treatment_type_2?: string | undefined; methane_recovery_2?: number | undefined; disposal_type?: string ...': description, flow_m3_year, organic_load, load_type, and 5 more.
src/components/forms/Scope3EffluentsForm.tsx(350,60): error TS2719: Type 'import("C:/Users/CumpadiBigos/Desktop/cuiudos/lotus/ideia4-GHG/ghg2-antigravidade/ghg-saas/node_modules/react-hook-form/dist/types/form").Control<{ description: string; flow_m3_year: number; organic_load: number; load_type: "bod" | "cod"; nitrogen_load: number; treatment_type: string; methane_recovery: number; has_s...' is not assignable to type 'import("C:/Users/CumpadiBigos/Desktop/cuiudos/lotus/ideia4-GHG/ghg2-antigravidade/ghg-saas/node_modules/react-hook-form/dist/types/form").Control<{ description: string; flow_m3_year: number; organic_load: number; load_type: "bod" | "cod"; nitrogen_load: number; treatment_type: string; methane_recovery: number; has_s...'. Two different types with this name exist, but they are unrelated.
  The types of '_options.resolver' are incompatible between these types.
    Type 'import("C:/Users/CumpadiBigos/Desktop/cuiudos/lotus/ideia4-GHG/ghg2-antigravidade/ghg-saas/node_modules/react-hook-form/dist/types/resolvers").Resolver<{ description: string; flow_m3_year: number; organic_load: number; load_type: "bod" | "cod"; nitrogen_load: number; treatment_type: string; methane_recovery: number;...' is not assignable to type 'import("C:/Users/CumpadiBigos/Desktop/cuiudos/lotus/ideia4-GHG/ghg2-antigravidade/ghg-saas/node_modules/react-hook-form/dist/types/resolvers").Resolver<{ description: string; flow_m3_year: number; organic_load: number; load_type: "bod" | "cod"; nitrogen_load: number; treatment_type: string; methane_recovery: number;...'. Two different types with this name exist, but they are unrelated.
      Type 'import("C:/Users/CumpadiBigos/Desktop/cuiudos/lotus/ideia4-GHG/ghg2-antigravidade/ghg-saas/node_modules/react-hook-form/dist/types/resolvers").Resolver<{ description: string; flow_m3_year: number; organic_load: number; load_type: "bod" | "cod"; nitrogen_load: number; treatment_type: string; methane_recovery: number;...' is not assignable to type 'import("C:/Users/CumpadiBigos/Desktop/cuiudos/lotus/ideia4-GHG/ghg2-antigravidade/ghg-saas/node_modules/react-hook-form/dist/types/resolvers").Resolver<{ description: string; flow_m3_year: number; organic_load: number; load_type: "bod" | "cod"; nitrogen_load: number; treatment_type: string; methane_recovery: number;...'. Two different types with this name exist, but they are unrelated.
        Type 'import("C:/Users/CumpadiBigos/Desktop/cuiudos/lotus/ideia4-GHG/ghg2-antigravidade/ghg-saas/node_modules/react-hook-form/dist/types/resolvers").ResolverResult<{ description: string; flow_m3_year: number; organic_load: number; load_type: "bod" | "cod"; nitrogen_load: number; treatment_type: string; methane_recovery: n...' is not assignable to type 'import("C:/Users/CumpadiBigos/Desktop/cuiudos/lotus/ideia4-GHG/ghg2-antigravidade/ghg-saas/node_modules/react-hook-form/dist/types/resolvers").ResolverResult<{ description: string; flow_m3_year: number; organic_load: number; load_type: "bod" | "cod"; nitrogen_load: number; treatment_type: string; methane_recovery: n...'. Two different types with this name exist, but they are unrelated.
          Type 'ResolverSuccess<TFieldValues>' is not assignable to type 'ResolverResult<{ description: string; flow_m3_year: number; organic_load: number; load_type: "bod" | "cod"; nitrogen_load: number; treatment_type: string; methane_recovery: number; has_sequential: boolean; has_disposal: boolean; treatment_type_2?: string | undefined; methane_recovery_2?: number | undefined; disposal...'.
            Type 'ResolverSuccess<TFieldValues>' is not assignable to type 'ResolverSuccess<{ description: string; flow_m3_year: number; organic_load: number; load_type: "bod" | "cod"; nitrogen_load: number; treatment_type: string; methane_recovery: number; has_sequential: boolean; has_disposal: boolean; treatment_type_2?: string | undefined; methane_recovery_2?: number | undefined; disposa...'.
              Type 'TFieldValues' is not assignable to type '{ description: string; flow_m3_year: number; organic_load: number; load_type: "bod" | "cod"; nitrogen_load: number; treatment_type: string; methane_recovery: number; has_sequential: boolean; has_disposal: boolean; treatment_type_2?: string | undefined; methane_recovery_2?: number | undefined; disposal_type?: string ...'.
                Type 'FieldValues' is missing the following properties from type '{ description: string; flow_m3_year: number; organic_load: number; load_type: "bod" | "cod"; nitrogen_load: number; treatment_type: string; methane_recovery: number; has_sequential: boolean; has_disposal: boolean; treatment_type_2?: string | undefined; methane_recovery_2?: number | undefined; disposal_type?: string ...': description, flow_m3_year, organic_load, load_type, and 5 more.
src/components/forms/Scope3EffluentsForm.tsx(353,60): error TS2719: Type 'import("C:/Users/CumpadiBigos/Desktop/cuiudos/lotus/ideia4-GHG/ghg2-antigravidade/ghg-saas/node_modules/react-hook-form/dist/types/form").Control<{ description: string; flow_m3_year: number; organic_load: number; load_type: "bod" | "cod"; nitrogen_load: number; treatment_type: string; methane_recovery: number; has_s...' is not assignable to type 'import("C:/Users/CumpadiBigos/Desktop/cuiudos/lotus/ideia4-GHG/ghg2-antigravidade/ghg-saas/node_modules/react-hook-form/dist/types/form").Control<{ description: string; flow_m3_year: number; organic_load: number; load_type: "bod" | "cod"; nitrogen_load: number; treatment_type: string; methane_recovery: number; has_s...'. Two different types with this name exist, but they are unrelated.
  The types of '_options.resolver' are incompatible between these types.
    Type 'import("C:/Users/CumpadiBigos/Desktop/cuiudos/lotus/ideia4-GHG/ghg2-antigravidade/ghg-saas/node_modules/react-hook-form/dist/types/resolvers").Resolver<{ description: string; flow_m3_year: number; organic_load: number; load_type: "bod" | "cod"; nitrogen_load: number; treatment_type: string; methane_recovery: number;...' is not assignable to type 'import("C:/Users/CumpadiBigos/Desktop/cuiudos/lotus/ideia4-GHG/ghg2-antigravidade/ghg-saas/node_modules/react-hook-form/dist/types/resolvers").Resolver<{ description: string; flow_m3_year: number; organic_load: number; load_type: "bod" | "cod"; nitrogen_load: number; treatment_type: string; methane_recovery: number;...'. Two different types with this name exist, but they are unrelated.
      Type 'import("C:/Users/CumpadiBigos/Desktop/cuiudos/lotus/ideia4-GHG/ghg2-antigravidade/ghg-saas/node_modules/react-hook-form/dist/types/resolvers").Resolver<{ description: string; flow_m3_year: number; organic_load: number; load_type: "bod" | "cod"; nitrogen_load: number; treatment_type: string; methane_recovery: number;...' is not assignable to type 'import("C:/Users/CumpadiBigos/Desktop/cuiudos/lotus/ideia4-GHG/ghg2-antigravidade/ghg-saas/node_modules/react-hook-form/dist/types/resolvers").Resolver<{ description: string; flow_m3_year: number; organic_load: number; load_type: "bod" | "cod"; nitrogen_load: number; treatment_type: string; methane_recovery: number;...'. Two different types with this name exist, but they are unrelated.
        Type 'import("C:/Users/CumpadiBigos/Desktop/cuiudos/lotus/ideia4-GHG/ghg2-antigravidade/ghg-saas/node_modules/react-hook-form/dist/types/resolvers").ResolverResult<{ description: string; flow_m3_year: number; organic_load: number; load_type: "bod" | "cod"; nitrogen_load: number; treatment_type: string; methane_recovery: n...' is not assignable to type 'import("C:/Users/CumpadiBigos/Desktop/cuiudos/lotus/ideia4-GHG/ghg2-antigravidade/ghg-saas/node_modules/react-hook-form/dist/types/resolvers").ResolverResult<{ description: string; flow_m3_year: number; organic_load: number; load_type: "bod" | "cod"; nitrogen_load: number; treatment_type: string; methane_recovery: n...'. Two different types with this name exist, but they are unrelated.
          Type 'ResolverSuccess<TFieldValues>' is not assignable to type 'ResolverResult<{ description: string; flow_m3_year: number; organic_load: number; load_type: "bod" | "cod"; nitrogen_load: number; treatment_type: string; methane_recovery: number; has_sequential: boolean; has_disposal: boolean; treatment_type_2?: string | undefined; methane_recovery_2?: number | undefined; disposal...'.
            Type 'ResolverSuccess<TFieldValues>' is not assignable to type 'ResolverSuccess<{ description: string; flow_m3_year: number; organic_load: number; load_type: "bod" | "cod"; nitrogen_load: number; treatment_type: string; methane_recovery: number; has_sequential: boolean; has_disposal: boolean; treatment_type_2?: string | undefined; methane_recovery_2?: number | undefined; disposa...'.
              Type 'TFieldValues' is not assignable to type '{ description: string; flow_m3_year: number; organic_load: number; load_type: "bod" | "cod"; nitrogen_load: number; treatment_type: string; methane_recovery: number; has_sequential: boolean; has_disposal: boolean; treatment_type_2?: string | undefined; methane_recovery_2?: number | undefined; disposal_type?: string ...'.
                Type 'FieldValues' is missing the following properties from type '{ description: string; flow_m3_year: number; organic_load: number; load_type: "bod" | "cod"; nitrogen_load: number; treatment_type: string; methane_recovery: number; has_sequential: boolean; has_disposal: boolean; treatment_type_2?: string | undefined; methane_recovery_2?: number | undefined; disposal_type?: string ...': description, flow_m3_year, organic_load, load_type, and 5 more.
src/components/forms/Scope3EffluentsForm.tsx(356,60): error TS2719: Type 'import("C:/Users/CumpadiBigos/Desktop/cuiudos/lotus/ideia4-GHG/ghg2-antigravidade/ghg-saas/node_modules/react-hook-form/dist/types/form").Control<{ description: string; flow_m3_year: number; organic_load: number; load_type: "bod" | "cod"; nitrogen_load: number; treatment_type: string; methane_recovery: number; has_s...' is not assignable to type 'import("C:/Users/CumpadiBigos/Desktop/cuiudos/lotus/ideia4-GHG/ghg2-antigravidade/ghg-saas/node_modules/react-hook-form/dist/types/form").Control<{ description: string; flow_m3_year: number; organic_load: number; load_type: "bod" | "cod"; nitrogen_load: number; treatment_type: string; methane_recovery: number; has_s...'. Two different types with this name exist, but they are unrelated.
  The types of '_options.resolver' are incompatible between these types.
    Type 'import("C:/Users/CumpadiBigos/Desktop/cuiudos/lotus/ideia4-GHG/ghg2-antigravidade/ghg-saas/node_modules/react-hook-form/dist/types/resolvers").Resolver<{ description: string; flow_m3_year: number; organic_load: number; load_type: "bod" | "cod"; nitrogen_load: number; treatment_type: string; methane_recovery: number;...' is not assignable to type 'import("C:/Users/CumpadiBigos/Desktop/cuiudos/lotus/ideia4-GHG/ghg2-antigravidade/ghg-saas/node_modules/react-hook-form/dist/types/resolvers").Resolver<{ description: string; flow_m3_year: number; organic_load: number; load_type: "bod" | "cod"; nitrogen_load: number; treatment_type: string; methane_recovery: number;...'. Two different types with this name exist, but they are unrelated.
      Type 'import("C:/Users/CumpadiBigos/Desktop/cuiudos/lotus/ideia4-GHG/ghg2-antigravidade/ghg-saas/node_modules/react-hook-form/dist/types/resolvers").Resolver<{ description: string; flow_m3_year: number; organic_load: number; load_type: "bod" | "cod"; nitrogen_load: number; treatment_type: string; methane_recovery: number;...' is not assignable to type 'import("C:/Users/CumpadiBigos/Desktop/cuiudos/lotus/ideia4-GHG/ghg2-antigravidade/ghg-saas/node_modules/react-hook-form/dist/types/resolvers").Resolver<{ description: string; flow_m3_year: number; organic_load: number; load_type: "bod" | "cod"; nitrogen_load: number; treatment_type: string; methane_recovery: number;...'. Two different types with this name exist, but they are unrelated.
        Type 'import("C:/Users/CumpadiBigos/Desktop/cuiudos/lotus/ideia4-GHG/ghg2-antigravidade/ghg-saas/node_modules/react-hook-form/dist/types/resolvers").ResolverResult<{ description: string; flow_m3_year: number; organic_load: number; load_type: "bod" | "cod"; nitrogen_load: number; treatment_type: string; methane_recovery: n...' is not assignable to type 'import("C:/Users/CumpadiBigos/Desktop/cuiudos/lotus/ideia4-GHG/ghg2-antigravidade/ghg-saas/node_modules/react-hook-form/dist/types/resolvers").ResolverResult<{ description: string; flow_m3_year: number; organic_load: number; load_type: "bod" | "cod"; nitrogen_load: number; treatment_type: string; methane_recovery: n...'. Two different types with this name exist, but they are unrelated.
          Type 'ResolverSuccess<TFieldValues>' is not assignable to type 'ResolverResult<{ description: string; flow_m3_year: number; organic_load: number; load_type: "bod" | "cod"; nitrogen_load: number; treatment_type: string; methane_recovery: number; has_sequential: boolean; has_disposal: boolean; treatment_type_2?: string | undefined; methane_recovery_2?: number | undefined; disposal...'.
            Type 'ResolverSuccess<TFieldValues>' is not assignable to type 'ResolverSuccess<{ description: string; flow_m3_year: number; organic_load: number; load_type: "bod" | "cod"; nitrogen_load: number; treatment_type: string; methane_recovery: number; has_sequential: boolean; has_disposal: boolean; treatment_type_2?: string | undefined; methane_recovery_2?: number | undefined; disposa...'.
              Type 'TFieldValues' is not assignable to type '{ description: string; flow_m3_year: number; organic_load: number; load_type: "bod" | "cod"; nitrogen_load: number; treatment_type: string; methane_recovery: number; has_sequential: boolean; has_disposal: boolean; treatment_type_2?: string | undefined; methane_recovery_2?: number | undefined; disposal_type?: string ...'.
                Type 'FieldValues' is missing the following properties from type '{ description: string; flow_m3_year: number; organic_load: number; load_type: "bod" | "cod"; nitrogen_load: number; treatment_type: string; methane_recovery: number; has_sequential: boolean; has_disposal: boolean; treatment_type_2?: string | undefined; methane_recovery_2?: number | undefined; disposal_type?: string ...': description, flow_m3_year, organic_load, load_type, and 5 more.
src/components/forms/Scope3EffluentsForm.tsx(359,60): error TS2719: Type 'import("C:/Users/CumpadiBigos/Desktop/cuiudos/lotus/ideia4-GHG/ghg2-antigravidade/ghg-saas/node_modules/react-hook-form/dist/types/form").Control<{ description: string; flow_m3_year: number; organic_load: number; load_type: "bod" | "cod"; nitrogen_load: number; treatment_type: string; methane_recovery: number; has_s...' is not assignable to type 'import("C:/Users/CumpadiBigos/Desktop/cuiudos/lotus/ideia4-GHG/ghg2-antigravidade/ghg-saas/node_modules/react-hook-form/dist/types/form").Control<{ description: string; flow_m3_year: number; organic_load: number; load_type: "bod" | "cod"; nitrogen_load: number; treatment_type: string; methane_recovery: number; has_s...'. Two different types with this name exist, but they are unrelated.
  The types of '_options.resolver' are incompatible between these types.
    Type 'import("C:/Users/CumpadiBigos/Desktop/cuiudos/lotus/ideia4-GHG/ghg2-antigravidade/ghg-saas/node_modules/react-hook-form/dist/types/resolvers").Resolver<{ description: string; flow_m3_year: number; organic_load: number; load_type: "bod" | "cod"; nitrogen_load: number; treatment_type: string; methane_recovery: number;...' is not assignable to type 'import("C:/Users/CumpadiBigos/Desktop/cuiudos/lotus/ideia4-GHG/ghg2-antigravidade/ghg-saas/node_modules/react-hook-form/dist/types/resolvers").Resolver<{ description: string; flow_m3_year: number; organic_load: number; load_type: "bod" | "cod"; nitrogen_load: number; treatment_type: string; methane_recovery: number;...'. Two different types with this name exist, but they are unrelated.
      Type 'import("C:/Users/CumpadiBigos/Desktop/cuiudos/lotus/ideia4-GHG/ghg2-antigravidade/ghg-saas/node_modules/react-hook-form/dist/types/resolvers").Resolver<{ description: string; flow_m3_year: number; organic_load: number; load_type: "bod" | "cod"; nitrogen_load: number; treatment_type: string; methane_recovery: number;...' is not assignable to type 'import("C:/Users/CumpadiBigos/Desktop/cuiudos/lotus/ideia4-GHG/ghg2-antigravidade/ghg-saas/node_modules/react-hook-form/dist/types/resolvers").Resolver<{ description: string; flow_m3_year: number; organic_load: number; load_type: "bod" | "cod"; nitrogen_load: number; treatment_type: string; methane_recovery: number;...'. Two different types with this name exist, but they are unrelated.
        Type 'import("C:/Users/CumpadiBigos/Desktop/cuiudos/lotus/ideia4-GHG/ghg2-antigravidade/ghg-saas/node_modules/react-hook-form/dist/types/resolvers").ResolverResult<{ description: string; flow_m3_year: number; organic_load: number; load_type: "bod" | "cod"; nitrogen_load: number; treatment_type: string; methane_recovery: n...' is not assignable to type 'import("C:/Users/CumpadiBigos/Desktop/cuiudos/lotus/ideia4-GHG/ghg2-antigravidade/ghg-saas/node_modules/react-hook-form/dist/types/resolvers").ResolverResult<{ description: string; flow_m3_year: number; organic_load: number; load_type: "bod" | "cod"; nitrogen_load: number; treatment_type: string; methane_recovery: n...'. Two different types with this name exist, but they are unrelated.
          Type 'ResolverSuccess<TFieldValues>' is not assignable to type 'ResolverResult<{ description: string; flow_m3_year: number; organic_load: number; load_type: "bod" | "cod"; nitrogen_load: number; treatment_type: string; methane_recovery: number; has_sequential: boolean; has_disposal: boolean; treatment_type_2?: string | undefined; methane_recovery_2?: number | undefined; disposal...'.
            Type 'ResolverSuccess<TFieldValues>' is not assignable to type 'ResolverSuccess<{ description: string; flow_m3_year: number; organic_load: number; load_type: "bod" | "cod"; nitrogen_load: number; treatment_type: string; methane_recovery: number; has_sequential: boolean; has_disposal: boolean; treatment_type_2?: string | undefined; methane_recovery_2?: number | undefined; disposa...'.
              Type 'TFieldValues' is not assignable to type '{ description: string; flow_m3_year: number; organic_load: number; load_type: "bod" | "cod"; nitrogen_load: number; treatment_type: string; methane_recovery: number; has_sequential: boolean; has_disposal: boolean; treatment_type_2?: string | undefined; methane_recovery_2?: number | undefined; disposal_type?: string ...'.
                Type 'FieldValues' is missing the following properties from type '{ description: string; flow_m3_year: number; organic_load: number; load_type: "bod" | "cod"; nitrogen_load: number; treatment_type: string; methane_recovery: number; has_sequential: boolean; has_disposal: boolean; treatment_type_2?: string | undefined; methane_recovery_2?: number | undefined; disposal_type?: string ...': description, flow_m3_year, organic_load, load_type, and 5 more.
src/components/forms/Scope3EffluentsForm.tsx(363,56): error TS2719: Type 'import("C:/Users/CumpadiBigos/Desktop/cuiudos/lotus/ideia4-GHG/ghg2-antigravidade/ghg-saas/node_modules/react-hook-form/dist/types/form").Control<{ description: string; flow_m3_year: number; organic_load: number; load_type: "bod" | "cod"; nitrogen_load: number; treatment_type: string; methane_recovery: number; has_s...' is not assignable to type 'import("C:/Users/CumpadiBigos/Desktop/cuiudos/lotus/ideia4-GHG/ghg2-antigravidade/ghg-saas/node_modules/react-hook-form/dist/types/form").Control<{ description: string; flow_m3_year: number; organic_load: number; load_type: "bod" | "cod"; nitrogen_load: number; treatment_type: string; methane_recovery: number; has_s...'. Two different types with this name exist, but they are unrelated.
  The types of '_options.resolver' are incompatible between these types.
    Type 'import("C:/Users/CumpadiBigos/Desktop/cuiudos/lotus/ideia4-GHG/ghg2-antigravidade/ghg-saas/node_modules/react-hook-form/dist/types/resolvers").Resolver<{ description: string; flow_m3_year: number; organic_load: number; load_type: "bod" | "cod"; nitrogen_load: number; treatment_type: string; methane_recovery: number;...' is not assignable to type 'import("C:/Users/CumpadiBigos/Desktop/cuiudos/lotus/ideia4-GHG/ghg2-antigravidade/ghg-saas/node_modules/react-hook-form/dist/types/resolvers").Resolver<{ description: string; flow_m3_year: number; organic_load: number; load_type: "bod" | "cod"; nitrogen_load: number; treatment_type: string; methane_recovery: number;...'. Two different types with this name exist, but they are unrelated.
      Type 'import("C:/Users/CumpadiBigos/Desktop/cuiudos/lotus/ideia4-GHG/ghg2-antigravidade/ghg-saas/node_modules/react-hook-form/dist/types/resolvers").Resolver<{ description: string; flow_m3_year: number; organic_load: number; load_type: "bod" | "cod"; nitrogen_load: number; treatment_type: string; methane_recovery: number;...' is not assignable to type 'import("C:/Users/CumpadiBigos/Desktop/cuiudos/lotus/ideia4-GHG/ghg2-antigravidade/ghg-saas/node_modules/react-hook-form/dist/types/resolvers").Resolver<{ description: string; flow_m3_year: number; organic_load: number; load_type: "bod" | "cod"; nitrogen_load: number; treatment_type: string; methane_recovery: number;...'. Two different types with this name exist, but they are unrelated.
        Type 'import("C:/Users/CumpadiBigos/Desktop/cuiudos/lotus/ideia4-GHG/ghg2-antigravidade/ghg-saas/node_modules/react-hook-form/dist/types/resolvers").ResolverResult<{ description: string; flow_m3_year: number; organic_load: number; load_type: "bod" | "cod"; nitrogen_load: number; treatment_type: string; methane_recovery: n...' is not assignable to type 'import("C:/Users/CumpadiBigos/Desktop/cuiudos/lotus/ideia4-GHG/ghg2-antigravidade/ghg-saas/node_modules/react-hook-form/dist/types/resolvers").ResolverResult<{ description: string; flow_m3_year: number; organic_load: number; load_type: "bod" | "cod"; nitrogen_load: number; treatment_type: string; methane_recovery: n...'. Two different types with this name exist, but they are unrelated.
          Type 'ResolverSuccess<TFieldValues>' is not assignable to type 'ResolverResult<{ description: string; flow_m3_year: number; organic_load: number; load_type: "bod" | "cod"; nitrogen_load: number; treatment_type: string; methane_recovery: number; has_sequential: boolean; has_disposal: boolean; treatment_type_2?: string | undefined; methane_recovery_2?: number | undefined; disposal...'.
            Type 'ResolverSuccess<TFieldValues>' is not assignable to type 'ResolverSuccess<{ description: string; flow_m3_year: number; organic_load: number; load_type: "bod" | "cod"; nitrogen_load: number; treatment_type: string; methane_recovery: number; has_sequential: boolean; has_disposal: boolean; treatment_type_2?: string | undefined; methane_recovery_2?: number | undefined; disposa...'.
              Type 'TFieldValues' is not assignable to type '{ description: string; flow_m3_year: number; organic_load: number; load_type: "bod" | "cod"; nitrogen_load: number; treatment_type: string; methane_recovery: number; has_sequential: boolean; has_disposal: boolean; treatment_type_2?: string | undefined; methane_recovery_2?: number | undefined; disposal_type?: string ...'.
                Type 'FieldValues' is missing the following properties from type '{ description: string; flow_m3_year: number; organic_load: number; load_type: "bod" | "cod"; nitrogen_load: number; treatment_type: string; methane_recovery: number; has_sequential: boolean; has_disposal: boolean; treatment_type_2?: string | undefined; methane_recovery_2?: number | undefined; disposal_type?: string ...': description, flow_m3_year, organic_load, load_type, and 5 more.
src/components/forms/Scope3EffluentsForm.tsx(378,60): error TS2719: Type 'import("C:/Users/CumpadiBigos/Desktop/cuiudos/lotus/ideia4-GHG/ghg2-antigravidade/ghg-saas/node_modules/react-hook-form/dist/types/form").Control<{ description: string; flow_m3_year: number; organic_load: number; load_type: "bod" | "cod"; nitrogen_load: number; treatment_type: string; methane_recovery: number; has_s...' is not assignable to type 'import("C:/Users/CumpadiBigos/Desktop/cuiudos/lotus/ideia4-GHG/ghg2-antigravidade/ghg-saas/node_modules/react-hook-form/dist/types/form").Control<{ description: string; flow_m3_year: number; organic_load: number; load_type: "bod" | "cod"; nitrogen_load: number; treatment_type: string; methane_recovery: number; has_s...'. Two different types with this name exist, but they are unrelated.
  The types of '_options.resolver' are incompatible between these types.
    Type 'import("C:/Users/CumpadiBigos/Desktop/cuiudos/lotus/ideia4-GHG/ghg2-antigravidade/ghg-saas/node_modules/react-hook-form/dist/types/resolvers").Resolver<{ description: string; flow_m3_year: number; organic_load: number; load_type: "bod" | "cod"; nitrogen_load: number; treatment_type: string; methane_recovery: number;...' is not assignable to type 'import("C:/Users/CumpadiBigos/Desktop/cuiudos/lotus/ideia4-GHG/ghg2-antigravidade/ghg-saas/node_modules/react-hook-form/dist/types/resolvers").Resolver<{ description: string; flow_m3_year: number; organic_load: number; load_type: "bod" | "cod"; nitrogen_load: number; treatment_type: string; methane_recovery: number;...'. Two different types with this name exist, but they are unrelated.
      Type 'import("C:/Users/CumpadiBigos/Desktop/cuiudos/lotus/ideia4-GHG/ghg2-antigravidade/ghg-saas/node_modules/react-hook-form/dist/types/resolvers").Resolver<{ description: string; flow_m3_year: number; organic_load: number; load_type: "bod" | "cod"; nitrogen_load: number; treatment_type: string; methane_recovery: number;...' is not assignable to type 'import("C:/Users/CumpadiBigos/Desktop/cuiudos/lotus/ideia4-GHG/ghg2-antigravidade/ghg-saas/node_modules/react-hook-form/dist/types/resolvers").Resolver<{ description: string; flow_m3_year: number; organic_load: number; load_type: "bod" | "cod"; nitrogen_load: number; treatment_type: string; methane_recovery: number;...'. Two different types with this name exist, but they are unrelated.
        Type 'import("C:/Users/CumpadiBigos/Desktop/cuiudos/lotus/ideia4-GHG/ghg2-antigravidade/ghg-saas/node_modules/react-hook-form/dist/types/resolvers").ResolverResult<{ description: string; flow_m3_year: number; organic_load: number; load_type: "bod" | "cod"; nitrogen_load: number; treatment_type: string; methane_recovery: n...' is not assignable to type 'import("C:/Users/CumpadiBigos/Desktop/cuiudos/lotus/ideia4-GHG/ghg2-antigravidade/ghg-saas/node_modules/react-hook-form/dist/types/resolvers").ResolverResult<{ description: string; flow_m3_year: number; organic_load: number; load_type: "bod" | "cod"; nitrogen_load: number; treatment_type: string; methane_recovery: n...'. Two different types with this name exist, but they are unrelated.
          Type 'ResolverSuccess<TFieldValues>' is not assignable to type 'ResolverResult<{ description: string; flow_m3_year: number; organic_load: number; load_type: "bod" | "cod"; nitrogen_load: number; treatment_type: string; methane_recovery: number; has_sequential: boolean; has_disposal: boolean; treatment_type_2?: string | undefined; methane_recovery_2?: number | undefined; disposal...'.
            Type 'ResolverSuccess<TFieldValues>' is not assignable to type 'ResolverSuccess<{ description: string; flow_m3_year: number; organic_load: number; load_type: "bod" | "cod"; nitrogen_load: number; treatment_type: string; methane_recovery: number; has_sequential: boolean; has_disposal: boolean; treatment_type_2?: string | undefined; methane_recovery_2?: number | undefined; disposa...'.
              Type 'TFieldValues' is not assignable to type '{ description: string; flow_m3_year: number; organic_load: number; load_type: "bod" | "cod"; nitrogen_load: number; treatment_type: string; methane_recovery: number; has_sequential: boolean; has_disposal: boolean; treatment_type_2?: string | undefined; methane_recovery_2?: number | undefined; disposal_type?: string ...'.
                Type 'FieldValues' is missing the following properties from type '{ description: string; flow_m3_year: number; organic_load: number; load_type: "bod" | "cod"; nitrogen_load: number; treatment_type: string; methane_recovery: number; has_sequential: boolean; has_disposal: boolean; treatment_type_2?: string | undefined; methane_recovery_2?: number | undefined; disposal_type?: string ...': description, flow_m3_year, organic_load, load_type, and 5 more.
src/components/forms/Scope3EffluentsForm.tsx(382,64): error TS2719: Type 'import("C:/Users/CumpadiBigos/Desktop/cuiudos/lotus/ideia4-GHG/ghg2-antigravidade/ghg-saas/node_modules/react-hook-form/dist/types/form").Control<{ description: string; flow_m3_year: number; organic_load: number; load_type: "bod" | "cod"; nitrogen_load: number; treatment_type: string; methane_recovery: number; has_s...' is not assignable to type 'import("C:/Users/CumpadiBigos/Desktop/cuiudos/lotus/ideia4-GHG/ghg2-antigravidade/ghg-saas/node_modules/react-hook-form/dist/types/form").Control<{ description: string; flow_m3_year: number; organic_load: number; load_type: "bod" | "cod"; nitrogen_load: number; treatment_type: string; methane_recovery: number; has_s...'. Two different types with this name exist, but they are unrelated.
  The types of '_options.resolver' are incompatible between these types.
    Type 'import("C:/Users/CumpadiBigos/Desktop/cuiudos/lotus/ideia4-GHG/ghg2-antigravidade/ghg-saas/node_modules/react-hook-form/dist/types/resolvers").Resolver<{ description: string; flow_m3_year: number; organic_load: number; load_type: "bod" | "cod"; nitrogen_load: number; treatment_type: string; methane_recovery: number;...' is not assignable to type 'import("C:/Users/CumpadiBigos/Desktop/cuiudos/lotus/ideia4-GHG/ghg2-antigravidade/ghg-saas/node_modules/react-hook-form/dist/types/resolvers").Resolver<{ description: string; flow_m3_year: number; organic_load: number; load_type: "bod" | "cod"; nitrogen_load: number; treatment_type: string; methane_recovery: number;...'. Two different types with this name exist, but they are unrelated.
      Type 'import("C:/Users/CumpadiBigos/Desktop/cuiudos/lotus/ideia4-GHG/ghg2-antigravidade/ghg-saas/node_modules/react-hook-form/dist/types/resolvers").Resolver<{ description: string; flow_m3_year: number; organic_load: number; load_type: "bod" | "cod"; nitrogen_load: number; treatment_type: string; methane_recovery: number;...' is not assignable to type 'import("C:/Users/CumpadiBigos/Desktop/cuiudos/lotus/ideia4-GHG/ghg2-antigravidade/ghg-saas/node_modules/react-hook-form/dist/types/resolvers").Resolver<{ description: string; flow_m3_year: number; organic_load: number; load_type: "bod" | "cod"; nitrogen_load: number; treatment_type: string; methane_recovery: number;...'. Two different types with this name exist, but they are unrelated.
        Type 'import("C:/Users/CumpadiBigos/Desktop/cuiudos/lotus/ideia4-GHG/ghg2-antigravidade/ghg-saas/node_modules/react-hook-form/dist/types/resolvers").ResolverResult<{ description: string; flow_m3_year: number; organic_load: number; load_type: "bod" | "cod"; nitrogen_load: number; treatment_type: string; methane_recovery: n...' is not assignable to type 'import("C:/Users/CumpadiBigos/Desktop/cuiudos/lotus/ideia4-GHG/ghg2-antigravidade/ghg-saas/node_modules/react-hook-form/dist/types/resolvers").ResolverResult<{ description: string; flow_m3_year: number; organic_load: number; load_type: "bod" | "cod"; nitrogen_load: number; treatment_type: string; methane_recovery: n...'. Two different types with this name exist, but they are unrelated.
          Type 'ResolverSuccess<TFieldValues>' is not assignable to type 'ResolverResult<{ description: string; flow_m3_year: number; organic_load: number; load_type: "bod" | "cod"; nitrogen_load: number; treatment_type: string; methane_recovery: number; has_sequential: boolean; has_disposal: boolean; treatment_type_2?: string | undefined; methane_recovery_2?: number | undefined; disposal...'.
            Type 'ResolverSuccess<TFieldValues>' is not assignable to type 'ResolverSuccess<{ description: string; flow_m3_year: number; organic_load: number; load_type: "bod" | "cod"; nitrogen_load: number; treatment_type: string; methane_recovery: number; has_sequential: boolean; has_disposal: boolean; treatment_type_2?: string | undefined; methane_recovery_2?: number | undefined; disposa...'.
              Type 'TFieldValues' is not assignable to type '{ description: string; flow_m3_year: number; organic_load: number; load_type: "bod" | "cod"; nitrogen_load: number; treatment_type: string; methane_recovery: number; has_sequential: boolean; has_disposal: boolean; treatment_type_2?: string | undefined; methane_recovery_2?: number | undefined; disposal_type?: string ...'.
                Type 'FieldValues' is missing the following properties from type '{ description: string; flow_m3_year: number; organic_load: number; load_type: "bod" | "cod"; nitrogen_load: number; treatment_type: string; methane_recovery: number; has_sequential: boolean; has_disposal: boolean; treatment_type_2?: string | undefined; methane_recovery_2?: number | undefined; disposal_type?: string ...': description, flow_m3_year, organic_load, load_type, and 5 more.
src/components/forms/Scope3EffluentsForm.tsx(407,70): error TS2345: Argument of type '(data: z.infer<typeof industrialSchema>) => void' is not assignable to parameter of type 'SubmitHandler<TFieldValues>'.
  Types of parameters 'data' and 'data' are incompatible.
    Type 'TFieldValues' is not assignable to type '{ description: string; flow_m3_year: number; organic_load: number; load_type: "bod" | "cod"; nitrogen_load: number; treatment_type: string; methane_recovery: number; has_sequential: boolean; ... 4 more ...; disposal_type?: string | undefined; }'.
      Type 'FieldValues' is missing the following properties from type '{ description: string; flow_m3_year: number; organic_load: number; load_type: "bod" | "cod"; nitrogen_load: number; treatment_type: string; methane_recovery: number; has_sequential: boolean; ... 4 more ...; disposal_type?: string | undefined; }': description, flow_m3_year, organic_load, load_type, and 5 more.
src/components/forms/Scope3EffluentsForm.tsx(409,52): error TS2322: Type 'Control<{ description: string; flow_m3_year: number; organic_load: number; load_type: "bod" | "cod"; nitrogen_load: number; treatment_type: string; methane_recovery: number; has_sequential: boolean; ... 4 more ...; disposal_type?: string | undefined; }, any, TFieldValues>' is not assignable to type 'Control<{ description: string; flow_m3_year: number; organic_load: number; load_type: "bod" | "cod"; nitrogen_load: number; treatment_type: string; methane_recovery: number; has_sequential: boolean; ... 4 more ...; disposal_type?: string | undefined; }, any, { ...; }>'.
  The types of '_options.resolver' are incompatible between these types.
    Type 'Resolver<{ description: string; flow_m3_year: number; organic_load: number; load_type: "bod" | "cod"; nitrogen_load: number; treatment_type: string; methane_recovery: number; has_sequential: boolean; ... 4 more ...; disposal_type?: string | undefined; }, any, TFieldValues> | undefined' is not assignable to type 'Resolver<{ description: string; flow_m3_year: number; organic_load: number; load_type: "bod" | "cod"; nitrogen_load: number; treatment_type: string; methane_recovery: number; has_sequential: boolean; ... 4 more ...; disposal_type?: string | undefined; }, any, { ...; }> | undefined'.
      Type 'Resolver<{ description: string; flow_m3_year: number; organic_load: number; load_type: "bod" | "cod"; nitrogen_load: number; treatment_type: string; methane_recovery: number; has_sequential: boolean; ... 4 more ...; disposal_type?: string | undefined; }, any, TFieldValues>' is not assignable to type 'Resolver<{ description: string; flow_m3_year: number; organic_load: number; load_type: "bod" | "cod"; nitrogen_load: number; treatment_type: string; methane_recovery: number; has_sequential: boolean; ... 4 more ...; disposal_type?: string | undefined; }, any, { ...; }>'.
        Type 'ResolverResult<{ description: string; flow_m3_year: number; organic_load: number; load_type: "bod" | "cod"; nitrogen_load: number; treatment_type: string; methane_recovery: number; has_sequential: boolean; ... 4 more ...; disposal_type?: string | undefined; }, TFieldValues> | Promise<...>' is not assignable to type 'ResolverResult<{ description: string; flow_m3_year: number; organic_load: number; load_type: "bod" | "cod"; nitrogen_load: number; treatment_type: string; methane_recovery: number; has_sequential: boolean; ... 4 more ...; disposal_type?: string | undefined; }, { ...; }> | Promise<...>'.
          Type 'ResolverSuccess<TFieldValues>' is not assignable to type 'ResolverResult<{ description: string; flow_m3_year: number; organic_load: number; load_type: "bod" | "cod"; nitrogen_load: number; treatment_type: string; methane_recovery: number; has_sequential: boolean; ... 4 more ...; disposal_type?: string | undefined; }, { ...; }> | Promise<...>'.
            Type 'ResolverSuccess<TFieldValues>' is not assignable to type 'ResolverSuccess<{ description: string; flow_m3_year: number; organic_load: number; load_type: "bod" | "cod"; nitrogen_load: number; treatment_type: string; methane_recovery: number; has_sequential: boolean; ... 4 more ...; disposal_type?: string | undefined; }>'.
              Type 'TFieldValues' is not assignable to type '{ description: string; flow_m3_year: number; organic_load: number; load_type: "bod" | "cod"; nitrogen_load: number; treatment_type: string; methane_recovery: number; has_sequential: boolean; ... 4 more ...; disposal_type?: string | undefined; }'.
                Type 'FieldValues' is missing the following properties from type '{ description: string; flow_m3_year: number; organic_load: number; load_type: "bod" | "cod"; nitrogen_load: number; treatment_type: string; methane_recovery: number; has_sequential: boolean; ... 4 more ...; disposal_type?: string | undefined; }': description, flow_m3_year, organic_load, load_type, and 5 more.
src/components/forms/Scope3EffluentsForm.tsx(412,52): error TS2322: Type 'Control<{ description: string; flow_m3_year: number; organic_load: number; load_type: "bod" | "cod"; nitrogen_load: number; treatment_type: string; methane_recovery: number; has_sequential: boolean; ... 4 more ...; disposal_type?: string | undefined; }, any, TFieldValues>' is not assignable to type 'Control<{ description: string; flow_m3_year: number; organic_load: number; load_type: "bod" | "cod"; nitrogen_load: number; treatment_type: string; methane_recovery: number; has_sequential: boolean; ... 4 more ...; disposal_type?: string | undefined; }, any, { ...; }>'.
  The types of '_options.resolver' are incompatible between these types.
    Type 'Resolver<{ description: string; flow_m3_year: number; organic_load: number; load_type: "bod" | "cod"; nitrogen_load: number; treatment_type: string; methane_recovery: number; has_sequential: boolean; ... 4 more ...; disposal_type?: string | undefined; }, any, TFieldValues> | undefined' is not assignable to type 'Resolver<{ description: string; flow_m3_year: number; organic_load: number; load_type: "bod" | "cod"; nitrogen_load: number; treatment_type: string; methane_recovery: number; has_sequential: boolean; ... 4 more ...; disposal_type?: string | undefined; }, any, { ...; }> | undefined'.
      Type 'Resolver<{ description: string; flow_m3_year: number; organic_load: number; load_type: "bod" | "cod"; nitrogen_load: number; treatment_type: string; methane_recovery: number; has_sequential: boolean; ... 4 more ...; disposal_type?: string | undefined; }, any, TFieldValues>' is not assignable to type 'Resolver<{ description: string; flow_m3_year: number; organic_load: number; load_type: "bod" | "cod"; nitrogen_load: number; treatment_type: string; methane_recovery: number; has_sequential: boolean; ... 4 more ...; disposal_type?: string | undefined; }, any, { ...; }>'.
        Type 'ResolverResult<{ description: string; flow_m3_year: number; organic_load: number; load_type: "bod" | "cod"; nitrogen_load: number; treatment_type: string; methane_recovery: number; has_sequential: boolean; ... 4 more ...; disposal_type?: string | undefined; }, TFieldValues> | Promise<...>' is not assignable to type 'ResolverResult<{ description: string; flow_m3_year: number; organic_load: number; load_type: "bod" | "cod"; nitrogen_load: number; treatment_type: string; methane_recovery: number; has_sequential: boolean; ... 4 more ...; disposal_type?: string | undefined; }, { ...; }> | Promise<...>'.
          Type 'ResolverSuccess<TFieldValues>' is not assignable to type 'ResolverResult<{ description: string; flow_m3_year: number; organic_load: number; load_type: "bod" | "cod"; nitrogen_load: number; treatment_type: string; methane_recovery: number; has_sequential: boolean; ... 4 more ...; disposal_type?: string | undefined; }, { ...; }> | Promise<...>'.
            Type 'ResolverSuccess<TFieldValues>' is not assignable to type 'ResolverSuccess<{ description: string; flow_m3_year: number; organic_load: number; load_type: "bod" | "cod"; nitrogen_load: number; treatment_type: string; methane_recovery: number; has_sequential: boolean; ... 4 more ...; disposal_type?: string | undefined; }>'.
              Type 'TFieldValues' is not assignable to type '{ description: string; flow_m3_year: number; organic_load: number; load_type: "bod" | "cod"; nitrogen_load: number; treatment_type: string; methane_recovery: number; has_sequential: boolean; ... 4 more ...; disposal_type?: string | undefined; }'.
                Type 'FieldValues' is missing the following properties from type '{ description: string; flow_m3_year: number; organic_load: number; load_type: "bod" | "cod"; nitrogen_load: number; treatment_type: string; methane_recovery: number; has_sequential: boolean; ... 4 more ...; disposal_type?: string | undefined; }': description, flow_m3_year, organic_load, load_type, and 5 more.
src/components/forms/Scope3EffluentsForm.tsx(415,52): error TS2322: Type 'Control<{ description: string; flow_m3_year: number; organic_load: number; load_type: "bod" | "cod"; nitrogen_load: number; treatment_type: string; methane_recovery: number; has_sequential: boolean; ... 4 more ...; disposal_type?: string | undefined; }, any, TFieldValues>' is not assignable to type 'Control<{ description: string; flow_m3_year: number; organic_load: number; load_type: "bod" | "cod"; nitrogen_load: number; treatment_type: string; methane_recovery: number; has_sequential: boolean; ... 4 more ...; disposal_type?: string | undefined; }, any, { ...; }>'.
  The types of '_options.resolver' are incompatible between these types.
    Type 'Resolver<{ description: string; flow_m3_year: number; organic_load: number; load_type: "bod" | "cod"; nitrogen_load: number; treatment_type: string; methane_recovery: number; has_sequential: boolean; ... 4 more ...; disposal_type?: string | undefined; }, any, TFieldValues> | undefined' is not assignable to type 'Resolver<{ description: string; flow_m3_year: number; organic_load: number; load_type: "bod" | "cod"; nitrogen_load: number; treatment_type: string; methane_recovery: number; has_sequential: boolean; ... 4 more ...; disposal_type?: string | undefined; }, any, { ...; }> | undefined'.
      Type 'Resolver<{ description: string; flow_m3_year: number; organic_load: number; load_type: "bod" | "cod"; nitrogen_load: number; treatment_type: string; methane_recovery: number; has_sequential: boolean; ... 4 more ...; disposal_type?: string | undefined; }, any, TFieldValues>' is not assignable to type 'Resolver<{ description: string; flow_m3_year: number; organic_load: number; load_type: "bod" | "cod"; nitrogen_load: number; treatment_type: string; methane_recovery: number; has_sequential: boolean; ... 4 more ...; disposal_type?: string | undefined; }, any, { ...; }>'.
        Type 'ResolverResult<{ description: string; flow_m3_year: number; organic_load: number; load_type: "bod" | "cod"; nitrogen_load: number; treatment_type: string; methane_recovery: number; has_sequential: boolean; ... 4 more ...; disposal_type?: string | undefined; }, TFieldValues> | Promise<...>' is not assignable to type 'ResolverResult<{ description: string; flow_m3_year: number; organic_load: number; load_type: "bod" | "cod"; nitrogen_load: number; treatment_type: string; methane_recovery: number; has_sequential: boolean; ... 4 more ...; disposal_type?: string | undefined; }, { ...; }> | Promise<...>'.
          Type 'ResolverSuccess<TFieldValues>' is not assignable to type 'ResolverResult<{ description: string; flow_m3_year: number; organic_load: number; load_type: "bod" | "cod"; nitrogen_load: number; treatment_type: string; methane_recovery: number; has_sequential: boolean; ... 4 more ...; disposal_type?: string | undefined; }, { ...; }> | Promise<...>'.
            Type 'ResolverSuccess<TFieldValues>' is not assignable to type 'ResolverSuccess<{ description: string; flow_m3_year: number; organic_load: number; load_type: "bod" | "cod"; nitrogen_load: number; treatment_type: string; methane_recovery: number; has_sequential: boolean; ... 4 more ...; disposal_type?: string | undefined; }>'.
              Type 'TFieldValues' is not assignable to type '{ description: string; flow_m3_year: number; organic_load: number; load_type: "bod" | "cod"; nitrogen_load: number; treatment_type: string; methane_recovery: number; has_sequential: boolean; ... 4 more ...; disposal_type?: string | undefined; }'.
                Type 'FieldValues' is missing the following properties from type '{ description: string; flow_m3_year: number; organic_load: number; load_type: "bod" | "cod"; nitrogen_load: number; treatment_type: string; methane_recovery: number; has_sequential: boolean; ... 4 more ...; disposal_type?: string | undefined; }': description, flow_m3_year, organic_load, load_type, and 5 more.
src/components/forms/Scope3EffluentsForm.tsx(418,52): error TS2322: Type 'Control<{ description: string; flow_m3_year: number; organic_load: number; load_type: "bod" | "cod"; nitrogen_load: number; treatment_type: string; methane_recovery: number; has_sequential: boolean; ... 4 more ...; disposal_type?: string | undefined; }, any, TFieldValues>' is not assignable to type 'Control<{ description: string; flow_m3_year: number; organic_load: number; load_type: "bod" | "cod"; nitrogen_load: number; treatment_type: string; methane_recovery: number; has_sequential: boolean; ... 4 more ...; disposal_type?: string | undefined; }, any, { ...; }>'.
  The types of '_options.resolver' are incompatible between these types.
    Type 'Resolver<{ description: string; flow_m3_year: number; organic_load: number; load_type: "bod" | "cod"; nitrogen_load: number; treatment_type: string; methane_recovery: number; has_sequential: boolean; ... 4 more ...; disposal_type?: string | undefined; }, any, TFieldValues> | undefined' is not assignable to type 'Resolver<{ description: string; flow_m3_year: number; organic_load: number; load_type: "bod" | "cod"; nitrogen_load: number; treatment_type: string; methane_recovery: number; has_sequential: boolean; ... 4 more ...; disposal_type?: string | undefined; }, any, { ...; }> | undefined'.
      Type 'Resolver<{ description: string; flow_m3_year: number; organic_load: number; load_type: "bod" | "cod"; nitrogen_load: number; treatment_type: string; methane_recovery: number; has_sequential: boolean; ... 4 more ...; disposal_type?: string | undefined; }, any, TFieldValues>' is not assignable to type 'Resolver<{ description: string; flow_m3_year: number; organic_load: number; load_type: "bod" | "cod"; nitrogen_load: number; treatment_type: string; methane_recovery: number; has_sequential: boolean; ... 4 more ...; disposal_type?: string | undefined; }, any, { ...; }>'.
        Type 'ResolverResult<{ description: string; flow_m3_year: number; organic_load: number; load_type: "bod" | "cod"; nitrogen_load: number; treatment_type: string; methane_recovery: number; has_sequential: boolean; ... 4 more ...; disposal_type?: string | undefined; }, TFieldValues> | Promise<...>' is not assignable to type 'ResolverResult<{ description: string; flow_m3_year: number; organic_load: number; load_type: "bod" | "cod"; nitrogen_load: number; treatment_type: string; methane_recovery: number; has_sequential: boolean; ... 4 more ...; disposal_type?: string | undefined; }, { ...; }> | Promise<...>'.
          Type 'ResolverSuccess<TFieldValues>' is not assignable to type 'ResolverResult<{ description: string; flow_m3_year: number; organic_load: number; load_type: "bod" | "cod"; nitrogen_load: number; treatment_type: string; methane_recovery: number; has_sequential: boolean; ... 4 more ...; disposal_type?: string | undefined; }, { ...; }> | Promise<...>'.
            Type 'ResolverSuccess<TFieldValues>' is not assignable to type 'ResolverSuccess<{ description: string; flow_m3_year: number; organic_load: number; load_type: "bod" | "cod"; nitrogen_load: number; treatment_type: string; methane_recovery: number; has_sequential: boolean; ... 4 more ...; disposal_type?: string | undefined; }>'.
              Type 'TFieldValues' is not assignable to type '{ description: string; flow_m3_year: number; organic_load: number; load_type: "bod" | "cod"; nitrogen_load: number; treatment_type: string; methane_recovery: number; has_sequential: boolean; ... 4 more ...; disposal_type?: string | undefined; }'.
                Type 'FieldValues' is missing the following properties from type '{ description: string; flow_m3_year: number; organic_load: number; load_type: "bod" | "cod"; nitrogen_load: number; treatment_type: string; methane_recovery: number; has_sequential: boolean; ... 4 more ...; disposal_type?: string | undefined; }': description, flow_m3_year, organic_load, load_type, and 5 more.
src/components/forms/Scope3EffluentsForm.tsx(422,48): error TS2322: Type 'Control<{ description: string; flow_m3_year: number; organic_load: number; load_type: "bod" | "cod"; nitrogen_load: number; treatment_type: string; methane_recovery: number; has_sequential: boolean; ... 4 more ...; disposal_type?: string | undefined; }, any, TFieldValues>' is not assignable to type 'Control<{ description: string; flow_m3_year: number; organic_load: number; load_type: "bod" | "cod"; nitrogen_load: number; treatment_type: string; methane_recovery: number; has_sequential: boolean; ... 4 more ...; disposal_type?: string | undefined; }, any, { ...; }>'.
  The types of '_options.resolver' are incompatible between these types.
    Type 'Resolver<{ description: string; flow_m3_year: number; organic_load: number; load_type: "bod" | "cod"; nitrogen_load: number; treatment_type: string; methane_recovery: number; has_sequential: boolean; ... 4 more ...; disposal_type?: string | undefined; }, any, TFieldValues> | undefined' is not assignable to type 'Resolver<{ description: string; flow_m3_year: number; organic_load: number; load_type: "bod" | "cod"; nitrogen_load: number; treatment_type: string; methane_recovery: number; has_sequential: boolean; ... 4 more ...; disposal_type?: string | undefined; }, any, { ...; }> | undefined'.
      Type 'Resolver<{ description: string; flow_m3_year: number; organic_load: number; load_type: "bod" | "cod"; nitrogen_load: number; treatment_type: string; methane_recovery: number; has_sequential: boolean; ... 4 more ...; disposal_type?: string | undefined; }, any, TFieldValues>' is not assignable to type 'Resolver<{ description: string; flow_m3_year: number; organic_load: number; load_type: "bod" | "cod"; nitrogen_load: number; treatment_type: string; methane_recovery: number; has_sequential: boolean; ... 4 more ...; disposal_type?: string | undefined; }, any, { ...; }>'.
        Type 'ResolverResult<{ description: string; flow_m3_year: number; organic_load: number; load_type: "bod" | "cod"; nitrogen_load: number; treatment_type: string; methane_recovery: number; has_sequential: boolean; ... 4 more ...; disposal_type?: string | undefined; }, TFieldValues> | Promise<...>' is not assignable to type 'ResolverResult<{ description: string; flow_m3_year: number; organic_load: number; load_type: "bod" | "cod"; nitrogen_load: number; treatment_type: string; methane_recovery: number; has_sequential: boolean; ... 4 more ...; disposal_type?: string | undefined; }, { ...; }> | Promise<...>'.
          Type 'ResolverSuccess<TFieldValues>' is not assignable to type 'ResolverResult<{ description: string; flow_m3_year: number; organic_load: number; load_type: "bod" | "cod"; nitrogen_load: number; treatment_type: string; methane_recovery: number; has_sequential: boolean; ... 4 more ...; disposal_type?: string | undefined; }, { ...; }> | Promise<...>'.
            Type 'ResolverSuccess<TFieldValues>' is not assignable to type 'ResolverSuccess<{ description: string; flow_m3_year: number; organic_load: number; load_type: "bod" | "cod"; nitrogen_load: number; treatment_type: string; methane_recovery: number; has_sequential: boolean; ... 4 more ...; disposal_type?: string | undefined; }>'.
              Type 'TFieldValues' is not assignable to type '{ description: string; flow_m3_year: number; organic_load: number; load_type: "bod" | "cod"; nitrogen_load: number; treatment_type: string; methane_recovery: number; has_sequential: boolean; ... 4 more ...; disposal_type?: string | undefined; }'.
                Type 'FieldValues' is missing the following properties from type '{ description: string; flow_m3_year: number; organic_load: number; load_type: "bod" | "cod"; nitrogen_load: number; treatment_type: string; methane_recovery: number; has_sequential: boolean; ... 4 more ...; disposal_type?: string | undefined; }': description, flow_m3_year, organic_load, load_type, and 5 more.
src/components/forms/Scope3EffluentsForm.tsx(437,52): error TS2322: Type 'Control<{ description: string; flow_m3_year: number; organic_load: number; load_type: "bod" | "cod"; nitrogen_load: number; treatment_type: string; methane_recovery: number; has_sequential: boolean; ... 4 more ...; disposal_type?: string | undefined; }, any, TFieldValues>' is not assignable to type 'Control<{ description: string; flow_m3_year: number; organic_load: number; load_type: "bod" | "cod"; nitrogen_load: number; treatment_type: string; methane_recovery: number; has_sequential: boolean; ... 4 more ...; disposal_type?: string | undefined; }, any, { ...; }>'.
  The types of '_options.resolver' are incompatible between these types.
    Type 'Resolver<{ description: string; flow_m3_year: number; organic_load: number; load_type: "bod" | "cod"; nitrogen_load: number; treatment_type: string; methane_recovery: number; has_sequential: boolean; ... 4 more ...; disposal_type?: string | undefined; }, any, TFieldValues> | undefined' is not assignable to type 'Resolver<{ description: string; flow_m3_year: number; organic_load: number; load_type: "bod" | "cod"; nitrogen_load: number; treatment_type: string; methane_recovery: number; has_sequential: boolean; ... 4 more ...; disposal_type?: string | undefined; }, any, { ...; }> | undefined'.
      Type 'Resolver<{ description: string; flow_m3_year: number; organic_load: number; load_type: "bod" | "cod"; nitrogen_load: number; treatment_type: string; methane_recovery: number; has_sequential: boolean; ... 4 more ...; disposal_type?: string | undefined; }, any, TFieldValues>' is not assignable to type 'Resolver<{ description: string; flow_m3_year: number; organic_load: number; load_type: "bod" | "cod"; nitrogen_load: number; treatment_type: string; methane_recovery: number; has_sequential: boolean; ... 4 more ...; disposal_type?: string | undefined; }, any, { ...; }>'.
        Type 'ResolverResult<{ description: string; flow_m3_year: number; organic_load: number; load_type: "bod" | "cod"; nitrogen_load: number; treatment_type: string; methane_recovery: number; has_sequential: boolean; ... 4 more ...; disposal_type?: string | undefined; }, TFieldValues> | Promise<...>' is not assignable to type 'ResolverResult<{ description: string; flow_m3_year: number; organic_load: number; load_type: "bod" | "cod"; nitrogen_load: number; treatment_type: string; methane_recovery: number; has_sequential: boolean; ... 4 more ...; disposal_type?: string | undefined; }, { ...; }> | Promise<...>'.
          Type 'ResolverSuccess<TFieldValues>' is not assignable to type 'ResolverResult<{ description: string; flow_m3_year: number; organic_load: number; load_type: "bod" | "cod"; nitrogen_load: number; treatment_type: string; methane_recovery: number; has_sequential: boolean; ... 4 more ...; disposal_type?: string | undefined; }, { ...; }> | Promise<...>'.
            Type 'ResolverSuccess<TFieldValues>' is not assignable to type 'ResolverSuccess<{ description: string; flow_m3_year: number; organic_load: number; load_type: "bod" | "cod"; nitrogen_load: number; treatment_type: string; methane_recovery: number; has_sequential: boolean; ... 4 more ...; disposal_type?: string | undefined; }>'.
              Type 'TFieldValues' is not assignable to type '{ description: string; flow_m3_year: number; organic_load: number; load_type: "bod" | "cod"; nitrogen_load: number; treatment_type: string; methane_recovery: number; has_sequential: boolean; ... 4 more ...; disposal_type?: string | undefined; }'.
                Type 'FieldValues' is missing the following properties from type '{ description: string; flow_m3_year: number; organic_load: number; load_type: "bod" | "cod"; nitrogen_load: number; treatment_type: string; methane_recovery: number; has_sequential: boolean; ... 4 more ...; disposal_type?: string | undefined; }': description, flow_m3_year, organic_load, load_type, and 5 more.
src/components/forms/Scope3EffluentsForm.tsx(441,56): error TS2322: Type 'Control<{ description: string; flow_m3_year: number; organic_load: number; load_type: "bod" | "cod"; nitrogen_load: number; treatment_type: string; methane_recovery: number; has_sequential: boolean; ... 4 more ...; disposal_type?: string | undefined; }, any, TFieldValues>' is not assignable to type 'Control<{ description: string; flow_m3_year: number; organic_load: number; load_type: "bod" | "cod"; nitrogen_load: number; treatment_type: string; methane_recovery: number; has_sequential: boolean; ... 4 more ...; disposal_type?: string | undefined; }, any, { ...; }>'.
  The types of '_options.resolver' are incompatible between these types.
    Type 'Resolver<{ description: string; flow_m3_year: number; organic_load: number; load_type: "bod" | "cod"; nitrogen_load: number; treatment_type: string; methane_recovery: number; has_sequential: boolean; ... 4 more ...; disposal_type?: string | undefined; }, any, TFieldValues> | undefined' is not assignable to type 'Resolver<{ description: string; flow_m3_year: number; organic_load: number; load_type: "bod" | "cod"; nitrogen_load: number; treatment_type: string; methane_recovery: number; has_sequential: boolean; ... 4 more ...; disposal_type?: string | undefined; }, any, { ...; }> | undefined'.
      Type 'Resolver<{ description: string; flow_m3_year: number; organic_load: number; load_type: "bod" | "cod"; nitrogen_load: number; treatment_type: string; methane_recovery: number; has_sequential: boolean; ... 4 more ...; disposal_type?: string | undefined; }, any, TFieldValues>' is not assignable to type 'Resolver<{ description: string; flow_m3_year: number; organic_load: number; load_type: "bod" | "cod"; nitrogen_load: number; treatment_type: string; methane_recovery: number; has_sequential: boolean; ... 4 more ...; disposal_type?: string | undefined; }, any, { ...; }>'.
        Type 'ResolverResult<{ description: string; flow_m3_year: number; organic_load: number; load_type: "bod" | "cod"; nitrogen_load: number; treatment_type: string; methane_recovery: number; has_sequential: boolean; ... 4 more ...; disposal_type?: string | undefined; }, TFieldValues> | Promise<...>' is not assignable to type 'ResolverResult<{ description: string; flow_m3_year: number; organic_load: number; load_type: "bod" | "cod"; nitrogen_load: number; treatment_type: string; methane_recovery: number; has_sequential: boolean; ... 4 more ...; disposal_type?: string | undefined; }, { ...; }> | Promise<...>'.
          Type 'ResolverSuccess<TFieldValues>' is not assignable to type 'ResolverResult<{ description: string; flow_m3_year: number; organic_load: number; load_type: "bod" | "cod"; nitrogen_load: number; treatment_type: string; methane_recovery: number; has_sequential: boolean; ... 4 more ...; disposal_type?: string | undefined; }, { ...; }> | Promise<...>'.
            Type 'ResolverSuccess<TFieldValues>' is not assignable to type 'ResolverSuccess<{ description: string; flow_m3_year: number; organic_load: number; load_type: "bod" | "cod"; nitrogen_load: number; treatment_type: string; methane_recovery: number; has_sequential: boolean; ... 4 more ...; disposal_type?: string | undefined; }>'.
              Type 'TFieldValues' is not assignable to type '{ description: string; flow_m3_year: number; organic_load: number; load_type: "bod" | "cod"; nitrogen_load: number; treatment_type: string; methane_recovery: number; has_sequential: boolean; ... 4 more ...; disposal_type?: string | undefined; }'.
                Type 'FieldValues' is missing the following properties from type '{ description: string; flow_m3_year: number; organic_load: number; load_type: "bod" | "cod"; nitrogen_load: number; treatment_type: string; methane_recovery: number; has_sequential: boolean; ... 4 more ...; disposal_type?: string | undefined; }': description, flow_m3_year, organic_load, load_type, and 5 more.
src/components/forms/Scope3InventoryForm.tsx(81,72): error TS2367: This comparison appears to be unintentional because the types 'number' and 'string' have no overlap.
src/components/forms/Scope3InventoryForm.tsx(146,73): error TS2367: This comparison appears to be unintentional because the types 'number' and 'string' have no overlap.
src/components/forms/Scope3InventoryForm.tsx(175,114): error TS2367: This comparison appears to be unintentional because the types 'number' and 'string' have no overlap.
src/components/forms/Scope3WasteForm.tsx(115,9): error TS2322: Type 'Resolver<{ description: string; state: string; city: string; temp_avg: unknown; precip_annual: unknown; amount_t: unknown; mcf_type: "managed" | "unmanaged_deep" | "unmanaged_shallow" | "uncategorized"; composition: { ...; }; date?: string | undefined; methane_recovery_t?: unknown; }, any, { ...; }>' is not assignable to type 'Resolver<{ description: string; state: string; city: string; temp_avg: number; precip_annual: number; amount_t: number; mcf_type: "managed" | "unmanaged_deep" | "unmanaged_shallow" | "uncategorized"; methane_recovery_t: number; composition: { ...; }; date?: string | undefined; }, any, { ...; }>'.
  Types of parameters 'options' and 'options' are incompatible.
    Type 'ResolverOptions<{ description: string; state: string; city: string; temp_avg: number; precip_annual: number; amount_t: number; mcf_type: "managed" | "unmanaged_deep" | "unmanaged_shallow" | "uncategorized"; methane_recovery_t: number; composition: { ...; }; date?: string | undefined; }>' is not assignable to type 'ResolverOptions<{ description: string; state: string; city: string; temp_avg: unknown; precip_annual: unknown; amount_t: unknown; mcf_type: "managed" | "unmanaged_deep" | "unmanaged_shallow" | "uncategorized"; composition: { ...; }; date?: string | undefined; methane_recovery_t?: unknown; }>'.
      Types of property 'names' are incompatible.
        Type 'string[] | undefined' is not assignable to type '("description" | "date" | "state" | "city" | "temp_avg" | "precip_annual" | "amount_t" | "mcf_type" | "methane_recovery_t" | "composition")[] | undefined'.
          Type 'string[]' is not assignable to type '("description" | "date" | "state" | "city" | "temp_avg" | "precip_annual" | "amount_t" | "mcf_type" | "methane_recovery_t" | "composition")[]'.
            Type 'string' is not assignable to type '"description" | "date" | "state" | "city" | "temp_avg" | "precip_annual" | "amount_t" | "mcf_type" | "methane_recovery_t" | "composition"'.
src/components/forms/Scope3WasteForm.tsx(124,9): error TS2322: Type 'Resolver<{ description: string; amount_t: unknown; date?: string | undefined; recovery_ch4_t?: unknown; ch4_factor?: unknown; n2o_factor?: unknown; }, any, { description: string; amount_t: number; recovery_ch4_t: number; date?: string | undefined; ch4_factor?: number | undefined; n2o_factor?: number | undefined; }>' is not assignable to type 'Resolver<{ description: string; amount_t: number; recovery_ch4_t: number; date?: string | undefined; ch4_factor?: number | undefined; n2o_factor?: number | undefined; }, any, { description: string; ... 4 more ...; n2o_factor?: number | undefined; }>'.
  Types of parameters 'options' and 'options' are incompatible.
    Type 'ResolverOptions<{ description: string; amount_t: number; recovery_ch4_t: number; date?: string | undefined; ch4_factor?: number | undefined; n2o_factor?: number | undefined; }>' is not assignable to type 'ResolverOptions<{ description: string; amount_t: unknown; date?: string | undefined; recovery_ch4_t?: unknown; ch4_factor?: unknown; n2o_factor?: unknown; }>'.
      Type 'unknown' is not assignable to type 'number'.
src/components/forms/Scope3WasteForm.tsx(129,9): error TS2322: Type 'Resolver<{ description: string; amount_t: unknown; composition: { paper?: unknown; textile?: unknown; wood?: unknown; food?: unknown; garden?: unknown; sludge?: unknown; plastic?: unknown; metal?: unknown; glass?: unknown; other?: unknown; }; date?: string | undefined; ch4_factor?: unknown; n2o_factor?: unknown; }, ...' is not assignable to type 'Resolver<{ description: string; amount_t: number; composition: { paper: number; textile: number; wood: number; food: number; garden: number; sludge: number; plastic: number; metal: number; glass: number; other: number; }; date?: string | undefined; ch4_factor?: number | undefined; n2o_factor?: number | undefined; },...'.
  Types of parameters 'options' and 'options' are incompatible.
    Type 'ResolverOptions<{ description: string; amount_t: number; composition: { paper: number; textile: number; wood: number; food: number; garden: number; sludge: number; plastic: number; metal: number; glass: number; other: number; }; date?: string | undefined; ch4_factor?: number | undefined; n2o_factor?: number | undefi...' is not assignable to type 'ResolverOptions<{ description: string; amount_t: unknown; composition: { paper?: unknown; textile?: unknown; wood?: unknown; food?: unknown; garden?: unknown; sludge?: unknown; plastic?: unknown; metal?: unknown; glass?: unknown; other?: unknown; }; date?: string | undefined; ch4_factor?: unknown; n2o_factor?: unkno...'.
      Types of property 'names' are incompatible.
        Type 'string[] | undefined' is not assignable to type '("description" | "date" | "amount_t" | "composition" | "ch4_factor" | "n2o_factor")[] | undefined'.
          Type 'string[]' is not assignable to type '("description" | "date" | "amount_t" | "composition" | "ch4_factor" | "n2o_factor")[]'.
            Type 'string' is not assignable to type '"description" | "date" | "amount_t" | "composition" | "ch4_factor" | "n2o_factor"'.
src/components/forms/Scope3WasteForm.tsx(226,75): error TS2345: Argument of type '(data: { description: string; state: string; city: string; temp_avg: number; precip_annual: number; amount_t: number; mcf_type: "managed" | "unmanaged_deep" | "unmanaged_shallow" | "uncategorized"; methane_recovery_t: number; composition: { ...; }; date?: string | undefined; }) => void' is not assignable to parameter of type 'SubmitHandler<TFieldValues>'.
  Types of parameters 'data' and 'data' are incompatible.
    Type 'TFieldValues' is not assignable to type '{ description: string; state: string; city: string; temp_avg: number; precip_annual: number; amount_t: number; mcf_type: "managed" | "unmanaged_deep" | "unmanaged_shallow" | "uncategorized"; methane_recovery_t: number; composition: { ...; }; date?: string | undefined; }'.
      Type 'FieldValues' is missing the following properties from type '{ description: string; state: string; city: string; temp_avg: number; precip_annual: number; amount_t: number; mcf_type: "managed" | "unmanaged_deep" | "unmanaged_shallow" | "uncategorized"; methane_recovery_t: number; composition: { ...; }; date?: string | undefined; }': description, state, city, temp_avg, and 5 more.
src/components/forms/Scope3WasteForm.tsx(228,52): error TS2322: Type 'Control<{ description: string; state: string; city: string; temp_avg: number; precip_annual: number; amount_t: number; mcf_type: "managed" | "unmanaged_deep" | "unmanaged_shallow" | "uncategorized"; methane_recovery_t: number; composition: { ...; }; date?: string | undefined; }, any, TFieldValues>' is not assignable to type 'Control<{ description: string; state: string; city: string; temp_avg: number; precip_annual: number; amount_t: number; mcf_type: "managed" | "unmanaged_deep" | "unmanaged_shallow" | "uncategorized"; methane_recovery_t: number; composition: { ...; }; date?: string | undefined; }, any, { ...; }>'.
  The types of '_options.resolver' are incompatible between these types.
    Type 'Resolver<{ description: string; state: string; city: string; temp_avg: number; precip_annual: number; amount_t: number; mcf_type: "managed" | "unmanaged_deep" | "unmanaged_shallow" | "uncategorized"; methane_recovery_t: number; composition: { ...; }; date?: string | undefined; }, any, TFieldValues> | undefined' is not assignable to type 'Resolver<{ description: string; state: string; city: string; temp_avg: number; precip_annual: number; amount_t: number; mcf_type: "managed" | "unmanaged_deep" | "unmanaged_shallow" | "uncategorized"; methane_recovery_t: number; composition: { ...; }; date?: string | undefined; }, any, { ...; }> | undefined'.
      Type 'Resolver<{ description: string; state: string; city: string; temp_avg: number; precip_annual: number; amount_t: number; mcf_type: "managed" | "unmanaged_deep" | "unmanaged_shallow" | "uncategorized"; methane_recovery_t: number; composition: { ...; }; date?: string | undefined; }, any, TFieldValues>' is not assignable to type 'Resolver<{ description: string; state: string; city: string; temp_avg: number; precip_annual: number; amount_t: number; mcf_type: "managed" | "unmanaged_deep" | "unmanaged_shallow" | "uncategorized"; methane_recovery_t: number; composition: { ...; }; date?: string | undefined; }, any, { ...; }>'.
        Type 'ResolverResult<{ description: string; state: string; city: string; temp_avg: number; precip_annual: number; amount_t: number; mcf_type: "managed" | "unmanaged_deep" | "unmanaged_shallow" | "uncategorized"; methane_recovery_t: number; composition: { ...; }; date?: string | undefined; }, TFieldValues> | Promise<...>' is not assignable to type 'ResolverResult<{ description: string; state: string; city: string; temp_avg: number; precip_annual: number; amount_t: number; mcf_type: "managed" | "unmanaged_deep" | "unmanaged_shallow" | "uncategorized"; methane_recovery_t: number; composition: { ...; }; date?: string | undefined; }, { ...; }> | Promise<...>'.
          Type 'ResolverSuccess<TFieldValues>' is not assignable to type 'ResolverResult<{ description: string; state: string; city: string; temp_avg: number; precip_annual: number; amount_t: number; mcf_type: "managed" | "unmanaged_deep" | "unmanaged_shallow" | "uncategorized"; methane_recovery_t: number; composition: { ...; }; date?: string | undefined; }, { ...; }> | Promise<...>'.
            Type 'ResolverSuccess<TFieldValues>' is not assignable to type 'ResolverSuccess<{ description: string; state: string; city: string; temp_avg: number; precip_annual: number; amount_t: number; mcf_type: "managed" | "unmanaged_deep" | "unmanaged_shallow" | "uncategorized"; methane_recovery_t: number; composition: { ...; }; date?: string | undefined; }>'.
              Type 'TFieldValues' is not assignable to type '{ description: string; state: string; city: string; temp_avg: number; precip_annual: number; amount_t: number; mcf_type: "managed" | "unmanaged_deep" | "unmanaged_shallow" | "uncategorized"; methane_recovery_t: number; composition: { ...; }; date?: string | undefined; }'.
                Type 'FieldValues' is missing the following properties from type '{ description: string; state: string; city: string; temp_avg: number; precip_annual: number; amount_t: number; mcf_type: "managed" | "unmanaged_deep" | "unmanaged_shallow" | "uncategorized"; methane_recovery_t: number; composition: { ...; }; date?: string | undefined; }': description, state, city, temp_avg, and 5 more.
src/components/forms/Scope3WasteForm.tsx(231,52): error TS2322: Type 'Control<{ description: string; state: string; city: string; temp_avg: number; precip_annual: number; amount_t: number; mcf_type: "managed" | "unmanaged_deep" | "unmanaged_shallow" | "uncategorized"; methane_recovery_t: number; composition: { ...; }; date?: string | undefined; }, any, TFieldValues>' is not assignable to type 'Control<{ description: string; state: string; city: string; temp_avg: number; precip_annual: number; amount_t: number; mcf_type: "managed" | "unmanaged_deep" | "unmanaged_shallow" | "uncategorized"; methane_recovery_t: number; composition: { ...; }; date?: string | undefined; }, any, { ...; }>'.
  The types of '_options.resolver' are incompatible between these types.
    Type 'Resolver<{ description: string; state: string; city: string; temp_avg: number; precip_annual: number; amount_t: number; mcf_type: "managed" | "unmanaged_deep" | "unmanaged_shallow" | "uncategorized"; methane_recovery_t: number; composition: { ...; }; date?: string | undefined; }, any, TFieldValues> | undefined' is not assignable to type 'Resolver<{ description: string; state: string; city: string; temp_avg: number; precip_annual: number; amount_t: number; mcf_type: "managed" | "unmanaged_deep" | "unmanaged_shallow" | "uncategorized"; methane_recovery_t: number; composition: { ...; }; date?: string | undefined; }, any, { ...; }> | undefined'.
      Type 'Resolver<{ description: string; state: string; city: string; temp_avg: number; precip_annual: number; amount_t: number; mcf_type: "managed" | "unmanaged_deep" | "unmanaged_shallow" | "uncategorized"; methane_recovery_t: number; composition: { ...; }; date?: string | undefined; }, any, TFieldValues>' is not assignable to type 'Resolver<{ description: string; state: string; city: string; temp_avg: number; precip_annual: number; amount_t: number; mcf_type: "managed" | "unmanaged_deep" | "unmanaged_shallow" | "uncategorized"; methane_recovery_t: number; composition: { ...; }; date?: string | undefined; }, any, { ...; }>'.
        Type 'ResolverResult<{ description: string; state: string; city: string; temp_avg: number; precip_annual: number; amount_t: number; mcf_type: "managed" | "unmanaged_deep" | "unmanaged_shallow" | "uncategorized"; methane_recovery_t: number; composition: { ...; }; date?: string | undefined; }, TFieldValues> | Promise<...>' is not assignable to type 'ResolverResult<{ description: string; state: string; city: string; temp_avg: number; precip_annual: number; amount_t: number; mcf_type: "managed" | "unmanaged_deep" | "unmanaged_shallow" | "uncategorized"; methane_recovery_t: number; composition: { ...; }; date?: string | undefined; }, { ...; }> | Promise<...>'.
          Type 'ResolverSuccess<TFieldValues>' is not assignable to type 'ResolverResult<{ description: string; state: string; city: string; temp_avg: number; precip_annual: number; amount_t: number; mcf_type: "managed" | "unmanaged_deep" | "unmanaged_shallow" | "uncategorized"; methane_recovery_t: number; composition: { ...; }; date?: string | undefined; }, { ...; }> | Promise<...>'.
            Type 'ResolverSuccess<TFieldValues>' is not assignable to type 'ResolverSuccess<{ description: string; state: string; city: string; temp_avg: number; precip_annual: number; amount_t: number; mcf_type: "managed" | "unmanaged_deep" | "unmanaged_shallow" | "uncategorized"; methane_recovery_t: number; composition: { ...; }; date?: string | undefined; }>'.
              Type 'TFieldValues' is not assignable to type '{ description: string; state: string; city: string; temp_avg: number; precip_annual: number; amount_t: number; mcf_type: "managed" | "unmanaged_deep" | "unmanaged_shallow" | "uncategorized"; methane_recovery_t: number; composition: { ...; }; date?: string | undefined; }'.
                Type 'FieldValues' is missing the following properties from type '{ description: string; state: string; city: string; temp_avg: number; precip_annual: number; amount_t: number; mcf_type: "managed" | "unmanaged_deep" | "unmanaged_shallow" | "uncategorized"; methane_recovery_t: number; composition: { ...; }; date?: string | undefined; }': description, state, city, temp_avg, and 5 more.
src/components/forms/Scope3WasteForm.tsx(234,52): error TS2322: Type 'Control<{ description: string; state: string; city: string; temp_avg: number; precip_annual: number; amount_t: number; mcf_type: "managed" | "unmanaged_deep" | "unmanaged_shallow" | "uncategorized"; methane_recovery_t: number; composition: { ...; }; date?: string | undefined; }, any, TFieldValues>' is not assignable to type 'Control<{ description: string; state: string; city: string; temp_avg: number; precip_annual: number; amount_t: number; mcf_type: "managed" | "unmanaged_deep" | "unmanaged_shallow" | "uncategorized"; methane_recovery_t: number; composition: { ...; }; date?: string | undefined; }, any, { ...; }>'.
  The types of '_options.resolver' are incompatible between these types.
    Type 'Resolver<{ description: string; state: string; city: string; temp_avg: number; precip_annual: number; amount_t: number; mcf_type: "managed" | "unmanaged_deep" | "unmanaged_shallow" | "uncategorized"; methane_recovery_t: number; composition: { ...; }; date?: string | undefined; }, any, TFieldValues> | undefined' is not assignable to type 'Resolver<{ description: string; state: string; city: string; temp_avg: number; precip_annual: number; amount_t: number; mcf_type: "managed" | "unmanaged_deep" | "unmanaged_shallow" | "uncategorized"; methane_recovery_t: number; composition: { ...; }; date?: string | undefined; }, any, { ...; }> | undefined'.
      Type 'Resolver<{ description: string; state: string; city: string; temp_avg: number; precip_annual: number; amount_t: number; mcf_type: "managed" | "unmanaged_deep" | "unmanaged_shallow" | "uncategorized"; methane_recovery_t: number; composition: { ...; }; date?: string | undefined; }, any, TFieldValues>' is not assignable to type 'Resolver<{ description: string; state: string; city: string; temp_avg: number; precip_annual: number; amount_t: number; mcf_type: "managed" | "unmanaged_deep" | "unmanaged_shallow" | "uncategorized"; methane_recovery_t: number; composition: { ...; }; date?: string | undefined; }, any, { ...; }>'.
        Type 'ResolverResult<{ description: string; state: string; city: string; temp_avg: number; precip_annual: number; amount_t: number; mcf_type: "managed" | "unmanaged_deep" | "unmanaged_shallow" | "uncategorized"; methane_recovery_t: number; composition: { ...; }; date?: string | undefined; }, TFieldValues> | Promise<...>' is not assignable to type 'ResolverResult<{ description: string; state: string; city: string; temp_avg: number; precip_annual: number; amount_t: number; mcf_type: "managed" | "unmanaged_deep" | "unmanaged_shallow" | "uncategorized"; methane_recovery_t: number; composition: { ...; }; date?: string | undefined; }, { ...; }> | Promise<...>'.
          Type 'ResolverSuccess<TFieldValues>' is not assignable to type 'ResolverResult<{ description: string; state: string; city: string; temp_avg: number; precip_annual: number; amount_t: number; mcf_type: "managed" | "unmanaged_deep" | "unmanaged_shallow" | "uncategorized"; methane_recovery_t: number; composition: { ...; }; date?: string | undefined; }, { ...; }> | Promise<...>'.
            Type 'ResolverSuccess<TFieldValues>' is not assignable to type 'ResolverSuccess<{ description: string; state: string; city: string; temp_avg: number; precip_annual: number; amount_t: number; mcf_type: "managed" | "unmanaged_deep" | "unmanaged_shallow" | "uncategorized"; methane_recovery_t: number; composition: { ...; }; date?: string | undefined; }>'.
              Type 'TFieldValues' is not assignable to type '{ description: string; state: string; city: string; temp_avg: number; precip_annual: number; amount_t: number; mcf_type: "managed" | "unmanaged_deep" | "unmanaged_shallow" | "uncategorized"; methane_recovery_t: number; composition: { ...; }; date?: string | undefined; }'.
                Type 'FieldValues' is missing the following properties from type '{ description: string; state: string; city: string; temp_avg: number; precip_annual: number; amount_t: number; mcf_type: "managed" | "unmanaged_deep" | "unmanaged_shallow" | "uncategorized"; methane_recovery_t: number; composition: { ...; }; date?: string | undefined; }': description, state, city, temp_avg, and 5 more.
src/components/forms/Scope3WasteForm.tsx(237,52): error TS2322: Type 'Control<{ description: string; state: string; city: string; temp_avg: number; precip_annual: number; amount_t: number; mcf_type: "managed" | "unmanaged_deep" | "unmanaged_shallow" | "uncategorized"; methane_recovery_t: number; composition: { ...; }; date?: string | undefined; }, any, TFieldValues>' is not assignable to type 'Control<{ description: string; state: string; city: string; temp_avg: number; precip_annual: number; amount_t: number; mcf_type: "managed" | "unmanaged_deep" | "unmanaged_shallow" | "uncategorized"; methane_recovery_t: number; composition: { ...; }; date?: string | undefined; }, any, { ...; }>'.
  The types of '_options.resolver' are incompatible between these types.
    Type 'Resolver<{ description: string; state: string; city: string; temp_avg: number; precip_annual: number; amount_t: number; mcf_type: "managed" | "unmanaged_deep" | "unmanaged_shallow" | "uncategorized"; methane_recovery_t: number; composition: { ...; }; date?: string | undefined; }, any, TFieldValues> | undefined' is not assignable to type 'Resolver<{ description: string; state: string; city: string; temp_avg: number; precip_annual: number; amount_t: number; mcf_type: "managed" | "unmanaged_deep" | "unmanaged_shallow" | "uncategorized"; methane_recovery_t: number; composition: { ...; }; date?: string | undefined; }, any, { ...; }> | undefined'.
      Type 'Resolver<{ description: string; state: string; city: string; temp_avg: number; precip_annual: number; amount_t: number; mcf_type: "managed" | "unmanaged_deep" | "unmanaged_shallow" | "uncategorized"; methane_recovery_t: number; composition: { ...; }; date?: string | undefined; }, any, TFieldValues>' is not assignable to type 'Resolver<{ description: string; state: string; city: string; temp_avg: number; precip_annual: number; amount_t: number; mcf_type: "managed" | "unmanaged_deep" | "unmanaged_shallow" | "uncategorized"; methane_recovery_t: number; composition: { ...; }; date?: string | undefined; }, any, { ...; }>'.
        Type 'ResolverResult<{ description: string; state: string; city: string; temp_avg: number; precip_annual: number; amount_t: number; mcf_type: "managed" | "unmanaged_deep" | "unmanaged_shallow" | "uncategorized"; methane_recovery_t: number; composition: { ...; }; date?: string | undefined; }, TFieldValues> | Promise<...>' is not assignable to type 'ResolverResult<{ description: string; state: string; city: string; temp_avg: number; precip_annual: number; amount_t: number; mcf_type: "managed" | "unmanaged_deep" | "unmanaged_shallow" | "uncategorized"; methane_recovery_t: number; composition: { ...; }; date?: string | undefined; }, { ...; }> | Promise<...>'.
          Type 'ResolverSuccess<TFieldValues>' is not assignable to type 'ResolverResult<{ description: string; state: string; city: string; temp_avg: number; precip_annual: number; amount_t: number; mcf_type: "managed" | "unmanaged_deep" | "unmanaged_shallow" | "uncategorized"; methane_recovery_t: number; composition: { ...; }; date?: string | undefined; }, { ...; }> | Promise<...>'.
            Type 'ResolverSuccess<TFieldValues>' is not assignable to type 'ResolverSuccess<{ description: string; state: string; city: string; temp_avg: number; precip_annual: number; amount_t: number; mcf_type: "managed" | "unmanaged_deep" | "unmanaged_shallow" | "uncategorized"; methane_recovery_t: number; composition: { ...; }; date?: string | undefined; }>'.
              Type 'TFieldValues' is not assignable to type '{ description: string; state: string; city: string; temp_avg: number; precip_annual: number; amount_t: number; mcf_type: "managed" | "unmanaged_deep" | "unmanaged_shallow" | "uncategorized"; methane_recovery_t: number; composition: { ...; }; date?: string | undefined; }'.
                Type 'FieldValues' is missing the following properties from type '{ description: string; state: string; city: string; temp_avg: number; precip_annual: number; amount_t: number; mcf_type: "managed" | "unmanaged_deep" | "unmanaged_shallow" | "uncategorized"; methane_recovery_t: number; composition: { ...; }; date?: string | undefined; }': description, state, city, temp_avg, and 5 more.
src/components/forms/Scope3WasteForm.tsx(240,52): error TS2322: Type 'Control<{ description: string; state: string; city: string; temp_avg: number; precip_annual: number; amount_t: number; mcf_type: "managed" | "unmanaged_deep" | "unmanaged_shallow" | "uncategorized"; methane_recovery_t: number; composition: { ...; }; date?: string | undefined; }, any, TFieldValues>' is not assignable to type 'Control<{ description: string; state: string; city: string; temp_avg: number; precip_annual: number; amount_t: number; mcf_type: "managed" | "unmanaged_deep" | "unmanaged_shallow" | "uncategorized"; methane_recovery_t: number; composition: { ...; }; date?: string | undefined; }, any, { ...; }>'.
  The types of '_options.resolver' are incompatible between these types.
    Type 'Resolver<{ description: string; state: string; city: string; temp_avg: number; precip_annual: number; amount_t: number; mcf_type: "managed" | "unmanaged_deep" | "unmanaged_shallow" | "uncategorized"; methane_recovery_t: number; composition: { ...; }; date?: string | undefined; }, any, TFieldValues> | undefined' is not assignable to type 'Resolver<{ description: string; state: string; city: string; temp_avg: number; precip_annual: number; amount_t: number; mcf_type: "managed" | "unmanaged_deep" | "unmanaged_shallow" | "uncategorized"; methane_recovery_t: number; composition: { ...; }; date?: string | undefined; }, any, { ...; }> | undefined'.
      Type 'Resolver<{ description: string; state: string; city: string; temp_avg: number; precip_annual: number; amount_t: number; mcf_type: "managed" | "unmanaged_deep" | "unmanaged_shallow" | "uncategorized"; methane_recovery_t: number; composition: { ...; }; date?: string | undefined; }, any, TFieldValues>' is not assignable to type 'Resolver<{ description: string; state: string; city: string; temp_avg: number; precip_annual: number; amount_t: number; mcf_type: "managed" | "unmanaged_deep" | "unmanaged_shallow" | "uncategorized"; methane_recovery_t: number; composition: { ...; }; date?: string | undefined; }, any, { ...; }>'.
        Type 'ResolverResult<{ description: string; state: string; city: string; temp_avg: number; precip_annual: number; amount_t: number; mcf_type: "managed" | "unmanaged_deep" | "unmanaged_shallow" | "uncategorized"; methane_recovery_t: number; composition: { ...; }; date?: string | undefined; }, TFieldValues> | Promise<...>' is not assignable to type 'ResolverResult<{ description: string; state: string; city: string; temp_avg: number; precip_annual: number; amount_t: number; mcf_type: "managed" | "unmanaged_deep" | "unmanaged_shallow" | "uncategorized"; methane_recovery_t: number; composition: { ...; }; date?: string | undefined; }, { ...; }> | Promise<...>'.
          Type 'ResolverSuccess<TFieldValues>' is not assignable to type 'ResolverResult<{ description: string; state: string; city: string; temp_avg: number; precip_annual: number; amount_t: number; mcf_type: "managed" | "unmanaged_deep" | "unmanaged_shallow" | "uncategorized"; methane_recovery_t: number; composition: { ...; }; date?: string | undefined; }, { ...; }> | Promise<...>'.
            Type 'ResolverSuccess<TFieldValues>' is not assignable to type 'ResolverSuccess<{ description: string; state: string; city: string; temp_avg: number; precip_annual: number; amount_t: number; mcf_type: "managed" | "unmanaged_deep" | "unmanaged_shallow" | "uncategorized"; methane_recovery_t: number; composition: { ...; }; date?: string | undefined; }>'.
              Type 'TFieldValues' is not assignable to type '{ description: string; state: string; city: string; temp_avg: number; precip_annual: number; amount_t: number; mcf_type: "managed" | "unmanaged_deep" | "unmanaged_shallow" | "uncategorized"; methane_recovery_t: number; composition: { ...; }; date?: string | undefined; }'.
                Type 'FieldValues' is missing the following properties from type '{ description: string; state: string; city: string; temp_avg: number; precip_annual: number; amount_t: number; mcf_type: "managed" | "unmanaged_deep" | "unmanaged_shallow" | "uncategorized"; methane_recovery_t: number; composition: { ...; }; date?: string | undefined; }': description, state, city, temp_avg, and 5 more.
src/components/forms/Scope3WasteForm.tsx(243,52): error TS2322: Type 'Control<{ description: string; state: string; city: string; temp_avg: number; precip_annual: number; amount_t: number; mcf_type: "managed" | "unmanaged_deep" | "unmanaged_shallow" | "uncategorized"; methane_recovery_t: number; composition: { ...; }; date?: string | undefined; }, any, TFieldValues>' is not assignable to type 'Control<{ description: string; state: string; city: string; temp_avg: number; precip_annual: number; amount_t: number; mcf_type: "managed" | "unmanaged_deep" | "unmanaged_shallow" | "uncategorized"; methane_recovery_t: number; composition: { ...; }; date?: string | undefined; }, any, { ...; }>'.
  The types of '_options.resolver' are incompatible between these types.
    Type 'Resolver<{ description: string; state: string; city: string; temp_avg: number; precip_annual: number; amount_t: number; mcf_type: "managed" | "unmanaged_deep" | "unmanaged_shallow" | "uncategorized"; methane_recovery_t: number; composition: { ...; }; date?: string | undefined; }, any, TFieldValues> | undefined' is not assignable to type 'Resolver<{ description: string; state: string; city: string; temp_avg: number; precip_annual: number; amount_t: number; mcf_type: "managed" | "unmanaged_deep" | "unmanaged_shallow" | "uncategorized"; methane_recovery_t: number; composition: { ...; }; date?: string | undefined; }, any, { ...; }> | undefined'.
      Type 'Resolver<{ description: string; state: string; city: string; temp_avg: number; precip_annual: number; amount_t: number; mcf_type: "managed" | "unmanaged_deep" | "unmanaged_shallow" | "uncategorized"; methane_recovery_t: number; composition: { ...; }; date?: string | undefined; }, any, TFieldValues>' is not assignable to type 'Resolver<{ description: string; state: string; city: string; temp_avg: number; precip_annual: number; amount_t: number; mcf_type: "managed" | "unmanaged_deep" | "unmanaged_shallow" | "uncategorized"; methane_recovery_t: number; composition: { ...; }; date?: string | undefined; }, any, { ...; }>'.
        Type 'ResolverResult<{ description: string; state: string; city: string; temp_avg: number; precip_annual: number; amount_t: number; mcf_type: "managed" | "unmanaged_deep" | "unmanaged_shallow" | "uncategorized"; methane_recovery_t: number; composition: { ...; }; date?: string | undefined; }, TFieldValues> | Promise<...>' is not assignable to type 'ResolverResult<{ description: string; state: string; city: string; temp_avg: number; precip_annual: number; amount_t: number; mcf_type: "managed" | "unmanaged_deep" | "unmanaged_shallow" | "uncategorized"; methane_recovery_t: number; composition: { ...; }; date?: string | undefined; }, { ...; }> | Promise<...>'.
          Type 'ResolverSuccess<TFieldValues>' is not assignable to type 'ResolverResult<{ description: string; state: string; city: string; temp_avg: number; precip_annual: number; amount_t: number; mcf_type: "managed" | "unmanaged_deep" | "unmanaged_shallow" | "uncategorized"; methane_recovery_t: number; composition: { ...; }; date?: string | undefined; }, { ...; }> | Promise<...>'.
            Type 'ResolverSuccess<TFieldValues>' is not assignable to type 'ResolverSuccess<{ description: string; state: string; city: string; temp_avg: number; precip_annual: number; amount_t: number; mcf_type: "managed" | "unmanaged_deep" | "unmanaged_shallow" | "uncategorized"; methane_recovery_t: number; composition: { ...; }; date?: string | undefined; }>'.
              Type 'TFieldValues' is not assignable to type '{ description: string; state: string; city: string; temp_avg: number; precip_annual: number; amount_t: number; mcf_type: "managed" | "unmanaged_deep" | "unmanaged_shallow" | "uncategorized"; methane_recovery_t: number; composition: { ...; }; date?: string | undefined; }'.
                Type 'FieldValues' is missing the following properties from type '{ description: string; state: string; city: string; temp_avg: number; precip_annual: number; amount_t: number; mcf_type: "managed" | "unmanaged_deep" | "unmanaged_shallow" | "uncategorized"; methane_recovery_t: number; composition: { ...; }; date?: string | undefined; }': description, state, city, temp_avg, and 5 more.
src/components/forms/Scope3WasteForm.tsx(246,52): error TS2322: Type 'Control<{ description: string; state: string; city: string; temp_avg: number; precip_annual: number; amount_t: number; mcf_type: "managed" | "unmanaged_deep" | "unmanaged_shallow" | "uncategorized"; methane_recovery_t: number; composition: { ...; }; date?: string | undefined; }, any, TFieldValues>' is not assignable to type 'Control<{ description: string; state: string; city: string; temp_avg: number; precip_annual: number; amount_t: number; mcf_type: "managed" | "unmanaged_deep" | "unmanaged_shallow" | "uncategorized"; methane_recovery_t: number; composition: { ...; }; date?: string | undefined; }, any, { ...; }>'.
  The types of '_options.resolver' are incompatible between these types.
    Type 'Resolver<{ description: string; state: string; city: string; temp_avg: number; precip_annual: number; amount_t: number; mcf_type: "managed" | "unmanaged_deep" | "unmanaged_shallow" | "uncategorized"; methane_recovery_t: number; composition: { ...; }; date?: string | undefined; }, any, TFieldValues> | undefined' is not assignable to type 'Resolver<{ description: string; state: string; city: string; temp_avg: number; precip_annual: number; amount_t: number; mcf_type: "managed" | "unmanaged_deep" | "unmanaged_shallow" | "uncategorized"; methane_recovery_t: number; composition: { ...; }; date?: string | undefined; }, any, { ...; }> | undefined'.
      Type 'Resolver<{ description: string; state: string; city: string; temp_avg: number; precip_annual: number; amount_t: number; mcf_type: "managed" | "unmanaged_deep" | "unmanaged_shallow" | "uncategorized"; methane_recovery_t: number; composition: { ...; }; date?: string | undefined; }, any, TFieldValues>' is not assignable to type 'Resolver<{ description: string; state: string; city: string; temp_avg: number; precip_annual: number; amount_t: number; mcf_type: "managed" | "unmanaged_deep" | "unmanaged_shallow" | "uncategorized"; methane_recovery_t: number; composition: { ...; }; date?: string | undefined; }, any, { ...; }>'.
        Type 'ResolverResult<{ description: string; state: string; city: string; temp_avg: number; precip_annual: number; amount_t: number; mcf_type: "managed" | "unmanaged_deep" | "unmanaged_shallow" | "uncategorized"; methane_recovery_t: number; composition: { ...; }; date?: string | undefined; }, TFieldValues> | Promise<...>' is not assignable to type 'ResolverResult<{ description: string; state: string; city: string; temp_avg: number; precip_annual: number; amount_t: number; mcf_type: "managed" | "unmanaged_deep" | "unmanaged_shallow" | "uncategorized"; methane_recovery_t: number; composition: { ...; }; date?: string | undefined; }, { ...; }> | Promise<...>'.
          Type 'ResolverSuccess<TFieldValues>' is not assignable to type 'ResolverResult<{ description: string; state: string; city: string; temp_avg: number; precip_annual: number; amount_t: number; mcf_type: "managed" | "unmanaged_deep" | "unmanaged_shallow" | "uncategorized"; methane_recovery_t: number; composition: { ...; }; date?: string | undefined; }, { ...; }> | Promise<...>'.
            Type 'ResolverSuccess<TFieldValues>' is not assignable to type 'ResolverSuccess<{ description: string; state: string; city: string; temp_avg: number; precip_annual: number; amount_t: number; mcf_type: "managed" | "unmanaged_deep" | "unmanaged_shallow" | "uncategorized"; methane_recovery_t: number; composition: { ...; }; date?: string | undefined; }>'.
              Type 'TFieldValues' is not assignable to type '{ description: string; state: string; city: string; temp_avg: number; precip_annual: number; amount_t: number; mcf_type: "managed" | "unmanaged_deep" | "unmanaged_shallow" | "uncategorized"; methane_recovery_t: number; composition: { ...; }; date?: string | undefined; }'.
                Type 'FieldValues' is missing the following properties from type '{ description: string; state: string; city: string; temp_avg: number; precip_annual: number; amount_t: number; mcf_type: "managed" | "unmanaged_deep" | "unmanaged_shallow" | "uncategorized"; methane_recovery_t: number; composition: { ...; }; date?: string | undefined; }': description, state, city, temp_avg, and 5 more.
src/components/forms/Scope3WasteForm.tsx(263,52): error TS2322: Type 'Control<{ description: string; state: string; city: string; temp_avg: number; precip_annual: number; amount_t: number; mcf_type: "managed" | "unmanaged_deep" | "unmanaged_shallow" | "uncategorized"; methane_recovery_t: number; composition: { ...; }; date?: string | undefined; }, any, TFieldValues>' is not assignable to type 'Control<{ description: string; state: string; city: string; temp_avg: number; precip_annual: number; amount_t: number; mcf_type: "managed" | "unmanaged_deep" | "unmanaged_shallow" | "uncategorized"; methane_recovery_t: number; composition: { ...; }; date?: string | undefined; }, any, { ...; }>'.
  The types of '_options.resolver' are incompatible between these types.
    Type 'Resolver<{ description: string; state: string; city: string; temp_avg: number; precip_annual: number; amount_t: number; mcf_type: "managed" | "unmanaged_deep" | "unmanaged_shallow" | "uncategorized"; methane_recovery_t: number; composition: { ...; }; date?: string | undefined; }, any, TFieldValues> | undefined' is not assignable to type 'Resolver<{ description: string; state: string; city: string; temp_avg: number; precip_annual: number; amount_t: number; mcf_type: "managed" | "unmanaged_deep" | "unmanaged_shallow" | "uncategorized"; methane_recovery_t: number; composition: { ...; }; date?: string | undefined; }, any, { ...; }> | undefined'.
      Type 'Resolver<{ description: string; state: string; city: string; temp_avg: number; precip_annual: number; amount_t: number; mcf_type: "managed" | "unmanaged_deep" | "unmanaged_shallow" | "uncategorized"; methane_recovery_t: number; composition: { ...; }; date?: string | undefined; }, any, TFieldValues>' is not assignable to type 'Resolver<{ description: string; state: string; city: string; temp_avg: number; precip_annual: number; amount_t: number; mcf_type: "managed" | "unmanaged_deep" | "unmanaged_shallow" | "uncategorized"; methane_recovery_t: number; composition: { ...; }; date?: string | undefined; }, any, { ...; }>'.
        Type 'ResolverResult<{ description: string; state: string; city: string; temp_avg: number; precip_annual: number; amount_t: number; mcf_type: "managed" | "unmanaged_deep" | "unmanaged_shallow" | "uncategorized"; methane_recovery_t: number; composition: { ...; }; date?: string | undefined; }, TFieldValues> | Promise<...>' is not assignable to type 'ResolverResult<{ description: string; state: string; city: string; temp_avg: number; precip_annual: number; amount_t: number; mcf_type: "managed" | "unmanaged_deep" | "unmanaged_shallow" | "uncategorized"; methane_recovery_t: number; composition: { ...; }; date?: string | undefined; }, { ...; }> | Promise<...>'.
          Type 'ResolverSuccess<TFieldValues>' is not assignable to type 'ResolverResult<{ description: string; state: string; city: string; temp_avg: number; precip_annual: number; amount_t: number; mcf_type: "managed" | "unmanaged_deep" | "unmanaged_shallow" | "uncategorized"; methane_recovery_t: number; composition: { ...; }; date?: string | undefined; }, { ...; }> | Promise<...>'.
            Type 'ResolverSuccess<TFieldValues>' is not assignable to type 'ResolverSuccess<{ description: string; state: string; city: string; temp_avg: number; precip_annual: number; amount_t: number; mcf_type: "managed" | "unmanaged_deep" | "unmanaged_shallow" | "uncategorized"; methane_recovery_t: number; composition: { ...; }; date?: string | undefined; }>'.
              Type 'TFieldValues' is not assignable to type '{ description: string; state: string; city: string; temp_avg: number; precip_annual: number; amount_t: number; mcf_type: "managed" | "unmanaged_deep" | "unmanaged_shallow" | "uncategorized"; methane_recovery_t: number; composition: { ...; }; date?: string | undefined; }'.
                Type 'FieldValues' is missing the following properties from type '{ description: string; state: string; city: string; temp_avg: number; precip_annual: number; amount_t: number; mcf_type: "managed" | "unmanaged_deep" | "unmanaged_shallow" | "uncategorized"; methane_recovery_t: number; composition: { ...; }; date?: string | undefined; }': description, state, city, temp_avg, and 5 more.
src/components/forms/Scope3WasteForm.tsx(272,70): error TS2322: Type 'Control<{ description: string; state: string; city: string; temp_avg: number; precip_annual: number; amount_t: number; mcf_type: "managed" | "unmanaged_deep" | "unmanaged_shallow" | "uncategorized"; methane_recovery_t: number; composition: { ...; }; date?: string | undefined; }, any, TFieldValues>' is not assignable to type 'Control<{ description: string; state: string; city: string; temp_avg: number; precip_annual: number; amount_t: number; mcf_type: "managed" | "unmanaged_deep" | "unmanaged_shallow" | "uncategorized"; methane_recovery_t: number; composition: { ...; }; date?: string | undefined; }, any, { ...; }>'.
  The types of '_options.resolver' are incompatible between these types.
    Type 'Resolver<{ description: string; state: string; city: string; temp_avg: number; precip_annual: number; amount_t: number; mcf_type: "managed" | "unmanaged_deep" | "unmanaged_shallow" | "uncategorized"; methane_recovery_t: number; composition: { ...; }; date?: string | undefined; }, any, TFieldValues> | undefined' is not assignable to type 'Resolver<{ description: string; state: string; city: string; temp_avg: number; precip_annual: number; amount_t: number; mcf_type: "managed" | "unmanaged_deep" | "unmanaged_shallow" | "uncategorized"; methane_recovery_t: number; composition: { ...; }; date?: string | undefined; }, any, { ...; }> | undefined'.
      Type 'Resolver<{ description: string; state: string; city: string; temp_avg: number; precip_annual: number; amount_t: number; mcf_type: "managed" | "unmanaged_deep" | "unmanaged_shallow" | "uncategorized"; methane_recovery_t: number; composition: { ...; }; date?: string | undefined; }, any, TFieldValues>' is not assignable to type 'Resolver<{ description: string; state: string; city: string; temp_avg: number; precip_annual: number; amount_t: number; mcf_type: "managed" | "unmanaged_deep" | "unmanaged_shallow" | "uncategorized"; methane_recovery_t: number; composition: { ...; }; date?: string | undefined; }, any, { ...; }>'.
        Type 'ResolverResult<{ description: string; state: string; city: string; temp_avg: number; precip_annual: number; amount_t: number; mcf_type: "managed" | "unmanaged_deep" | "unmanaged_shallow" | "uncategorized"; methane_recovery_t: number; composition: { ...; }; date?: string | undefined; }, TFieldValues> | Promise<...>' is not assignable to type 'ResolverResult<{ description: string; state: string; city: string; temp_avg: number; precip_annual: number; amount_t: number; mcf_type: "managed" | "unmanaged_deep" | "unmanaged_shallow" | "uncategorized"; methane_recovery_t: number; composition: { ...; }; date?: string | undefined; }, { ...; }> | Promise<...>'.
          Type 'ResolverSuccess<TFieldValues>' is not assignable to type 'ResolverResult<{ description: string; state: string; city: string; temp_avg: number; precip_annual: number; amount_t: number; mcf_type: "managed" | "unmanaged_deep" | "unmanaged_shallow" | "uncategorized"; methane_recovery_t: number; composition: { ...; }; date?: string | undefined; }, { ...; }> | Promise<...>'.
            Type 'ResolverSuccess<TFieldValues>' is not assignable to type 'ResolverSuccess<{ description: string; state: string; city: string; temp_avg: number; precip_annual: number; amount_t: number; mcf_type: "managed" | "unmanaged_deep" | "unmanaged_shallow" | "uncategorized"; methane_recovery_t: number; composition: { ...; }; date?: string | undefined; }>'.
              Type 'TFieldValues' is not assignable to type '{ description: string; state: string; city: string; temp_avg: number; precip_annual: number; amount_t: number; mcf_type: "managed" | "unmanaged_deep" | "unmanaged_shallow" | "uncategorized"; methane_recovery_t: number; composition: { ...; }; date?: string | undefined; }'.
                Type 'FieldValues' is missing the following properties from type '{ description: string; state: string; city: string; temp_avg: number; precip_annual: number; amount_t: number; mcf_type: "managed" | "unmanaged_deep" | "unmanaged_shallow" | "uncategorized"; methane_recovery_t: number; composition: { ...; }; date?: string | undefined; }': description, state, city, temp_avg, and 5 more.
src/components/forms/Scope3WasteForm.tsx(272,101): error TS2322: Type '`composition.${any}`' is not assignable to type '"description" | "date" | "state" | "city" | "temp_avg" | "precip_annual" | "amount_t" | "mcf_type" | "methane_recovery_t" | "composition" | "composition.other" | "composition.garden" | ... 5 more ... | "composition.nappies"'.
src/components/forms/Scope3WasteForm.tsx(275,71): error TS2322: Type '{ onChange: (...event: any[]) => void; onBlur: Noop; value: string | number | { food_waste: number; garden: number; paper: number; wood: number; textile: number; nappies: number; sludge: number; other: number; } | undefined; disabled?: boolean | undefined; name: "description" | ... 16 more ... | "composition.nappies...' is not assignable to type 'InputHTMLAttributes<HTMLInputElement>'.
  Types of property 'value' are incompatible.
    Type 'string | number | { food_waste: number; garden: number; paper: number; wood: number; textile: number; nappies: number; sludge: number; other: number; } | undefined' is not assignable to type 'string | number | readonly string[] | undefined'.
      Type '{ food_waste: number; garden: number; paper: number; wood: number; textile: number; nappies: number; sludge: number; other: number; }' is not assignable to type 'string | number | readonly string[] | undefined'.
src/components/forms/Scope3WasteForm.tsx(291,74): error TS2345: Argument of type '(data: { description: string; amount_t: number; recovery_ch4_t: number; date?: string | undefined; ch4_factor?: number | undefined; n2o_factor?: number | undefined; }) => void' is not assignable to parameter of type 'SubmitHandler<TFieldValues>'.
  Types of parameters 'data' and 'data' are incompatible.
    Type 'TFieldValues' is not assignable to type '{ description: string; amount_t: number; recovery_ch4_t: number; date?: string | undefined; ch4_factor?: number | undefined; n2o_factor?: number | undefined; }'.
      Type 'FieldValues' is missing the following properties from type '{ description: string; amount_t: number; recovery_ch4_t: number; date?: string | undefined; ch4_factor?: number | undefined; n2o_factor?: number | undefined; }': description, amount_t, recovery_ch4_t
src/components/forms/Scope3WasteForm.tsx(293,52): error TS2322: Type 'Control<{ description: string; amount_t: number; recovery_ch4_t: number; date?: string | undefined; ch4_factor?: number | undefined; n2o_factor?: number | undefined; }, any, TFieldValues>' is not assignable to type 'Control<{ description: string; amount_t: number; recovery_ch4_t: number; date?: string | undefined; ch4_factor?: number | undefined; n2o_factor?: number | undefined; }, any, { description: string; ... 4 more ...; n2o_factor?: number | undefined; }>'.
  The types of '_options.resolver' are incompatible between these types.
    Type 'Resolver<{ description: string; amount_t: number; recovery_ch4_t: number; date?: string | undefined; ch4_factor?: number | undefined; n2o_factor?: number | undefined; }, any, TFieldValues> | undefined' is not assignable to type 'Resolver<{ description: string; amount_t: number; recovery_ch4_t: number; date?: string | undefined; ch4_factor?: number | undefined; n2o_factor?: number | undefined; }, any, { description: string; ... 4 more ...; n2o_factor?: number | undefined; }> | undefined'.
      Type 'Resolver<{ description: string; amount_t: number; recovery_ch4_t: number; date?: string | undefined; ch4_factor?: number | undefined; n2o_factor?: number | undefined; }, any, TFieldValues>' is not assignable to type 'Resolver<{ description: string; amount_t: number; recovery_ch4_t: number; date?: string | undefined; ch4_factor?: number | undefined; n2o_factor?: number | undefined; }, any, { description: string; ... 4 more ...; n2o_factor?: number | undefined; }>'.
        Type 'ResolverResult<{ description: string; amount_t: number; recovery_ch4_t: number; date?: string | undefined; ch4_factor?: number | undefined; n2o_factor?: number | undefined; }, TFieldValues> | Promise<...>' is not assignable to type 'ResolverResult<{ description: string; amount_t: number; recovery_ch4_t: number; date?: string | undefined; ch4_factor?: number | undefined; n2o_factor?: number | undefined; }, { description: string; ... 4 more ...; n2o_factor?: number | undefined; }> | Promise<...>'.
          Type 'ResolverSuccess<TFieldValues>' is not assignable to type 'ResolverResult<{ description: string; amount_t: number; recovery_ch4_t: number; date?: string | undefined; ch4_factor?: number | undefined; n2o_factor?: number | undefined; }, { description: string; ... 4 more ...; n2o_factor?: number | undefined; }> | Promise<...>'.
            Type 'ResolverSuccess<TFieldValues>' is not assignable to type 'ResolverSuccess<{ description: string; amount_t: number; recovery_ch4_t: number; date?: string | undefined; ch4_factor?: number | undefined; n2o_factor?: number | undefined; }>'.
              Type 'TFieldValues' is not assignable to type '{ description: string; amount_t: number; recovery_ch4_t: number; date?: string | undefined; ch4_factor?: number | undefined; n2o_factor?: number | undefined; }'.
                Type 'FieldValues' is missing the following properties from type '{ description: string; amount_t: number; recovery_ch4_t: number; date?: string | undefined; ch4_factor?: number | undefined; n2o_factor?: number | undefined; }': description, amount_t, recovery_ch4_t
src/components/forms/Scope3WasteForm.tsx(296,52): error TS2322: Type 'Control<{ description: string; amount_t: number; recovery_ch4_t: number; date?: string | undefined; ch4_factor?: number | undefined; n2o_factor?: number | undefined; }, any, TFieldValues>' is not assignable to type 'Control<{ description: string; amount_t: number; recovery_ch4_t: number; date?: string | undefined; ch4_factor?: number | undefined; n2o_factor?: number | undefined; }, any, { description: string; ... 4 more ...; n2o_factor?: number | undefined; }>'.
  The types of '_options.resolver' are incompatible between these types.
    Type 'Resolver<{ description: string; amount_t: number; recovery_ch4_t: number; date?: string | undefined; ch4_factor?: number | undefined; n2o_factor?: number | undefined; }, any, TFieldValues> | undefined' is not assignable to type 'Resolver<{ description: string; amount_t: number; recovery_ch4_t: number; date?: string | undefined; ch4_factor?: number | undefined; n2o_factor?: number | undefined; }, any, { description: string; ... 4 more ...; n2o_factor?: number | undefined; }> | undefined'.
      Type 'Resolver<{ description: string; amount_t: number; recovery_ch4_t: number; date?: string | undefined; ch4_factor?: number | undefined; n2o_factor?: number | undefined; }, any, TFieldValues>' is not assignable to type 'Resolver<{ description: string; amount_t: number; recovery_ch4_t: number; date?: string | undefined; ch4_factor?: number | undefined; n2o_factor?: number | undefined; }, any, { description: string; ... 4 more ...; n2o_factor?: number | undefined; }>'.
        Type 'ResolverResult<{ description: string; amount_t: number; recovery_ch4_t: number; date?: string | undefined; ch4_factor?: number | undefined; n2o_factor?: number | undefined; }, TFieldValues> | Promise<...>' is not assignable to type 'ResolverResult<{ description: string; amount_t: number; recovery_ch4_t: number; date?: string | undefined; ch4_factor?: number | undefined; n2o_factor?: number | undefined; }, { description: string; ... 4 more ...; n2o_factor?: number | undefined; }> | Promise<...>'.
          Type 'ResolverSuccess<TFieldValues>' is not assignable to type 'ResolverResult<{ description: string; amount_t: number; recovery_ch4_t: number; date?: string | undefined; ch4_factor?: number | undefined; n2o_factor?: number | undefined; }, { description: string; ... 4 more ...; n2o_factor?: number | undefined; }> | Promise<...>'.
            Type 'ResolverSuccess<TFieldValues>' is not assignable to type 'ResolverSuccess<{ description: string; amount_t: number; recovery_ch4_t: number; date?: string | undefined; ch4_factor?: number | undefined; n2o_factor?: number | undefined; }>'.
              Type 'TFieldValues' is not assignable to type '{ description: string; amount_t: number; recovery_ch4_t: number; date?: string | undefined; ch4_factor?: number | undefined; n2o_factor?: number | undefined; }'.
                Type 'FieldValues' is missing the following properties from type '{ description: string; amount_t: number; recovery_ch4_t: number; date?: string | undefined; ch4_factor?: number | undefined; n2o_factor?: number | undefined; }': description, amount_t, recovery_ch4_t
src/components/forms/Scope3WasteForm.tsx(301,52): error TS2322: Type 'Control<{ description: string; amount_t: number; recovery_ch4_t: number; date?: string | undefined; ch4_factor?: number | undefined; n2o_factor?: number | undefined; }, any, TFieldValues>' is not assignable to type 'Control<{ description: string; amount_t: number; recovery_ch4_t: number; date?: string | undefined; ch4_factor?: number | undefined; n2o_factor?: number | undefined; }, any, { description: string; ... 4 more ...; n2o_factor?: number | undefined; }>'.
  The types of '_options.resolver' are incompatible between these types.
    Type 'Resolver<{ description: string; amount_t: number; recovery_ch4_t: number; date?: string | undefined; ch4_factor?: number | undefined; n2o_factor?: number | undefined; }, any, TFieldValues> | undefined' is not assignable to type 'Resolver<{ description: string; amount_t: number; recovery_ch4_t: number; date?: string | undefined; ch4_factor?: number | undefined; n2o_factor?: number | undefined; }, any, { description: string; ... 4 more ...; n2o_factor?: number | undefined; }> | undefined'.
      Type 'Resolver<{ description: string; amount_t: number; recovery_ch4_t: number; date?: string | undefined; ch4_factor?: number | undefined; n2o_factor?: number | undefined; }, any, TFieldValues>' is not assignable to type 'Resolver<{ description: string; amount_t: number; recovery_ch4_t: number; date?: string | undefined; ch4_factor?: number | undefined; n2o_factor?: number | undefined; }, any, { description: string; ... 4 more ...; n2o_factor?: number | undefined; }>'.
        Type 'ResolverResult<{ description: string; amount_t: number; recovery_ch4_t: number; date?: string | undefined; ch4_factor?: number | undefined; n2o_factor?: number | undefined; }, TFieldValues> | Promise<...>' is not assignable to type 'ResolverResult<{ description: string; amount_t: number; recovery_ch4_t: number; date?: string | undefined; ch4_factor?: number | undefined; n2o_factor?: number | undefined; }, { description: string; ... 4 more ...; n2o_factor?: number | undefined; }> | Promise<...>'.
          Type 'ResolverSuccess<TFieldValues>' is not assignable to type 'ResolverResult<{ description: string; amount_t: number; recovery_ch4_t: number; date?: string | undefined; ch4_factor?: number | undefined; n2o_factor?: number | undefined; }, { description: string; ... 4 more ...; n2o_factor?: number | undefined; }> | Promise<...>'.
            Type 'ResolverSuccess<TFieldValues>' is not assignable to type 'ResolverSuccess<{ description: string; amount_t: number; recovery_ch4_t: number; date?: string | undefined; ch4_factor?: number | undefined; n2o_factor?: number | undefined; }>'.
              Type 'TFieldValues' is not assignable to type '{ description: string; amount_t: number; recovery_ch4_t: number; date?: string | undefined; ch4_factor?: number | undefined; n2o_factor?: number | undefined; }'.
                Type 'FieldValues' is missing the following properties from type '{ description: string; amount_t: number; recovery_ch4_t: number; date?: string | undefined; ch4_factor?: number | undefined; n2o_factor?: number | undefined; }': description, amount_t, recovery_ch4_t
src/components/forms/Scope3WasteForm.tsx(304,52): error TS2322: Type 'Control<{ description: string; amount_t: number; recovery_ch4_t: number; date?: string | undefined; ch4_factor?: number | undefined; n2o_factor?: number | undefined; }, any, TFieldValues>' is not assignable to type 'Control<{ description: string; amount_t: number; recovery_ch4_t: number; date?: string | undefined; ch4_factor?: number | undefined; n2o_factor?: number | undefined; }, any, { description: string; ... 4 more ...; n2o_factor?: number | undefined; }>'.
  The types of '_options.resolver' are incompatible between these types.
    Type 'Resolver<{ description: string; amount_t: number; recovery_ch4_t: number; date?: string | undefined; ch4_factor?: number | undefined; n2o_factor?: number | undefined; }, any, TFieldValues> | undefined' is not assignable to type 'Resolver<{ description: string; amount_t: number; recovery_ch4_t: number; date?: string | undefined; ch4_factor?: number | undefined; n2o_factor?: number | undefined; }, any, { description: string; ... 4 more ...; n2o_factor?: number | undefined; }> | undefined'.
      Type 'Resolver<{ description: string; amount_t: number; recovery_ch4_t: number; date?: string | undefined; ch4_factor?: number | undefined; n2o_factor?: number | undefined; }, any, TFieldValues>' is not assignable to type 'Resolver<{ description: string; amount_t: number; recovery_ch4_t: number; date?: string | undefined; ch4_factor?: number | undefined; n2o_factor?: number | undefined; }, any, { description: string; ... 4 more ...; n2o_factor?: number | undefined; }>'.
        Type 'ResolverResult<{ description: string; amount_t: number; recovery_ch4_t: number; date?: string | undefined; ch4_factor?: number | undefined; n2o_factor?: number | undefined; }, TFieldValues> | Promise<...>' is not assignable to type 'ResolverResult<{ description: string; amount_t: number; recovery_ch4_t: number; date?: string | undefined; ch4_factor?: number | undefined; n2o_factor?: number | undefined; }, { description: string; ... 4 more ...; n2o_factor?: number | undefined; }> | Promise<...>'.
          Type 'ResolverSuccess<TFieldValues>' is not assignable to type 'ResolverResult<{ description: string; amount_t: number; recovery_ch4_t: number; date?: string | undefined; ch4_factor?: number | undefined; n2o_factor?: number | undefined; }, { description: string; ... 4 more ...; n2o_factor?: number | undefined; }> | Promise<...>'.
            Type 'ResolverSuccess<TFieldValues>' is not assignable to type 'ResolverSuccess<{ description: string; amount_t: number; recovery_ch4_t: number; date?: string | undefined; ch4_factor?: number | undefined; n2o_factor?: number | undefined; }>'.
              Type 'TFieldValues' is not assignable to type '{ description: string; amount_t: number; recovery_ch4_t: number; date?: string | undefined; ch4_factor?: number | undefined; n2o_factor?: number | undefined; }'.
                Type 'FieldValues' is missing the following properties from type '{ description: string; amount_t: number; recovery_ch4_t: number; date?: string | undefined; ch4_factor?: number | undefined; n2o_factor?: number | undefined; }': description, amount_t, recovery_ch4_t
src/components/forms/Scope3WasteForm.tsx(316,79): error TS2345: Argument of type '(data: { description: string; amount_t: number; composition: { paper: number; textile: number; wood: number; food: number; garden: number; sludge: number; plastic: number; metal: number; glass: number; other: number; }; date?: string | undefined; ch4_factor?: number | undefined; n2o_factor?: number | undefined; }) =...' is not assignable to parameter of type 'SubmitHandler<TFieldValues>'.
  Types of parameters 'data' and 'data' are incompatible.
    Type 'TFieldValues' is not assignable to type '{ description: string; amount_t: number; composition: { paper: number; textile: number; wood: number; food: number; garden: number; sludge: number; plastic: number; metal: number; glass: number; other: number; }; date?: string | undefined; ch4_factor?: number | undefined; n2o_factor?: number | undefined; }'.
      Type 'FieldValues' is missing the following properties from type '{ description: string; amount_t: number; composition: { paper: number; textile: number; wood: number; food: number; garden: number; sludge: number; plastic: number; metal: number; glass: number; other: number; }; date?: string | undefined; ch4_factor?: number | undefined; n2o_factor?: number | undefined; }': description, amount_t, composition
src/components/forms/Scope3WasteForm.tsx(318,52): error TS2719: Type 'import("C:/Users/CumpadiBigos/Desktop/cuiudos/lotus/ideia4-GHG/ghg2-antigravidade/ghg-saas/node_modules/react-hook-form/dist/types/form").Control<{ description: string; amount_t: number; composition: { paper: number; textile: number; wood: number; food: number; garden: number; sludge: number; plastic: number; metal:...' is not assignable to type 'import("C:/Users/CumpadiBigos/Desktop/cuiudos/lotus/ideia4-GHG/ghg2-antigravidade/ghg-saas/node_modules/react-hook-form/dist/types/form").Control<{ description: string; amount_t: number; composition: { paper: number; textile: number; wood: number; food: number; garden: number; sludge: number; plastic: number; metal:...'. Two different types with this name exist, but they are unrelated.
  The types of '_options.resolver' are incompatible between these types.
    Type 'import("C:/Users/CumpadiBigos/Desktop/cuiudos/lotus/ideia4-GHG/ghg2-antigravidade/ghg-saas/node_modules/react-hook-form/dist/types/resolvers").Resolver<{ description: string; amount_t: number; composition: { paper: number; textile: number; wood: number; food: number; garden: number; sludge: number; plastic: number; ...' is not assignable to type 'import("C:/Users/CumpadiBigos/Desktop/cuiudos/lotus/ideia4-GHG/ghg2-antigravidade/ghg-saas/node_modules/react-hook-form/dist/types/resolvers").Resolver<{ description: string; amount_t: number; composition: { paper: number; textile: number; wood: number; food: number; garden: number; sludge: number; plastic: number; ...'. Two different types with this name exist, but they are unrelated.
      Type 'import("C:/Users/CumpadiBigos/Desktop/cuiudos/lotus/ideia4-GHG/ghg2-antigravidade/ghg-saas/node_modules/react-hook-form/dist/types/resolvers").Resolver<{ description: string; amount_t: number; composition: { paper: number; textile: number; wood: number; food: number; garden: number; sludge: number; plastic: number; ...' is not assignable to type 'import("C:/Users/CumpadiBigos/Desktop/cuiudos/lotus/ideia4-GHG/ghg2-antigravidade/ghg-saas/node_modules/react-hook-form/dist/types/resolvers").Resolver<{ description: string; amount_t: number; composition: { paper: number; textile: number; wood: number; food: number; garden: number; sludge: number; plastic: number; ...'. Two different types with this name exist, but they are unrelated.
        Type 'import("C:/Users/CumpadiBigos/Desktop/cuiudos/lotus/ideia4-GHG/ghg2-antigravidade/ghg-saas/node_modules/react-hook-form/dist/types/resolvers").ResolverResult<{ description: string; amount_t: number; composition: { paper: number; textile: number; wood: number; food: number; garden: number; sludge: number; plastic: nu...' is not assignable to type 'import("C:/Users/CumpadiBigos/Desktop/cuiudos/lotus/ideia4-GHG/ghg2-antigravidade/ghg-saas/node_modules/react-hook-form/dist/types/resolvers").ResolverResult<{ description: string; amount_t: number; composition: { paper: number; textile: number; wood: number; food: number; garden: number; sludge: number; plastic: nu...'. Two different types with this name exist, but they are unrelated.
          Type 'ResolverSuccess<TFieldValues>' is not assignable to type 'ResolverResult<{ description: string; amount_t: number; composition: { paper: number; textile: number; wood: number; food: number; garden: number; sludge: number; plastic: number; metal: number; glass: number; other: number; }; date?: string | undefined; ch4_factor?: number | undefined; n2o_factor?: number | undefin...'.
            Type 'ResolverSuccess<TFieldValues>' is not assignable to type 'ResolverSuccess<{ description: string; amount_t: number; composition: { paper: number; textile: number; wood: number; food: number; garden: number; sludge: number; plastic: number; metal: number; glass: number; other: number; }; date?: string | undefined; ch4_factor?: number | undefined; n2o_factor?: number | undefi...'.
              Type 'TFieldValues' is not assignable to type '{ description: string; amount_t: number; composition: { paper: number; textile: number; wood: number; food: number; garden: number; sludge: number; plastic: number; metal: number; glass: number; other: number; }; date?: string | undefined; ch4_factor?: number | undefined; n2o_factor?: number | undefined; }'.
                Type 'FieldValues' is missing the following properties from type '{ description: string; amount_t: number; composition: { paper: number; textile: number; wood: number; food: number; garden: number; sludge: number; plastic: number; metal: number; glass: number; other: number; }; date?: string | undefined; ch4_factor?: number | undefined; n2o_factor?: number | undefined; }': description, amount_t, composition
src/components/forms/Scope3WasteForm.tsx(321,52): error TS2719: Type 'import("C:/Users/CumpadiBigos/Desktop/cuiudos/lotus/ideia4-GHG/ghg2-antigravidade/ghg-saas/node_modules/react-hook-form/dist/types/form").Control<{ description: string; amount_t: number; composition: { paper: number; textile: number; wood: number; food: number; garden: number; sludge: number; plastic: number; metal:...' is not assignable to type 'import("C:/Users/CumpadiBigos/Desktop/cuiudos/lotus/ideia4-GHG/ghg2-antigravidade/ghg-saas/node_modules/react-hook-form/dist/types/form").Control<{ description: string; amount_t: number; composition: { paper: number; textile: number; wood: number; food: number; garden: number; sludge: number; plastic: number; metal:...'. Two different types with this name exist, but they are unrelated.
  The types of '_options.resolver' are incompatible between these types.
    Type 'import("C:/Users/CumpadiBigos/Desktop/cuiudos/lotus/ideia4-GHG/ghg2-antigravidade/ghg-saas/node_modules/react-hook-form/dist/types/resolvers").Resolver<{ description: string; amount_t: number; composition: { paper: number; textile: number; wood: number; food: number; garden: number; sludge: number; plastic: number; ...' is not assignable to type 'import("C:/Users/CumpadiBigos/Desktop/cuiudos/lotus/ideia4-GHG/ghg2-antigravidade/ghg-saas/node_modules/react-hook-form/dist/types/resolvers").Resolver<{ description: string; amount_t: number; composition: { paper: number; textile: number; wood: number; food: number; garden: number; sludge: number; plastic: number; ...'. Two different types with this name exist, but they are unrelated.
      Type 'import("C:/Users/CumpadiBigos/Desktop/cuiudos/lotus/ideia4-GHG/ghg2-antigravidade/ghg-saas/node_modules/react-hook-form/dist/types/resolvers").Resolver<{ description: string; amount_t: number; composition: { paper: number; textile: number; wood: number; food: number; garden: number; sludge: number; plastic: number; ...' is not assignable to type 'import("C:/Users/CumpadiBigos/Desktop/cuiudos/lotus/ideia4-GHG/ghg2-antigravidade/ghg-saas/node_modules/react-hook-form/dist/types/resolvers").Resolver<{ description: string; amount_t: number; composition: { paper: number; textile: number; wood: number; food: number; garden: number; sludge: number; plastic: number; ...'. Two different types with this name exist, but they are unrelated.
        Type 'import("C:/Users/CumpadiBigos/Desktop/cuiudos/lotus/ideia4-GHG/ghg2-antigravidade/ghg-saas/node_modules/react-hook-form/dist/types/resolvers").ResolverResult<{ description: string; amount_t: number; composition: { paper: number; textile: number; wood: number; food: number; garden: number; sludge: number; plastic: nu...' is not assignable to type 'import("C:/Users/CumpadiBigos/Desktop/cuiudos/lotus/ideia4-GHG/ghg2-antigravidade/ghg-saas/node_modules/react-hook-form/dist/types/resolvers").ResolverResult<{ description: string; amount_t: number; composition: { paper: number; textile: number; wood: number; food: number; garden: number; sludge: number; plastic: nu...'. Two different types with this name exist, but they are unrelated.
          Type 'ResolverSuccess<TFieldValues>' is not assignable to type 'ResolverResult<{ description: string; amount_t: number; composition: { paper: number; textile: number; wood: number; food: number; garden: number; sludge: number; plastic: number; metal: number; glass: number; other: number; }; date?: string | undefined; ch4_factor?: number | undefined; n2o_factor?: number | undefin...'.
            Type 'ResolverSuccess<TFieldValues>' is not assignable to type 'ResolverSuccess<{ description: string; amount_t: number; composition: { paper: number; textile: number; wood: number; food: number; garden: number; sludge: number; plastic: number; metal: number; glass: number; other: number; }; date?: string | undefined; ch4_factor?: number | undefined; n2o_factor?: number | undefi...'.
              Type 'TFieldValues' is not assignable to type '{ description: string; amount_t: number; composition: { paper: number; textile: number; wood: number; food: number; garden: number; sludge: number; plastic: number; metal: number; glass: number; other: number; }; date?: string | undefined; ch4_factor?: number | undefined; n2o_factor?: number | undefined; }'.
                Type 'FieldValues' is missing the following properties from type '{ description: string; amount_t: number; composition: { paper: number; textile: number; wood: number; food: number; garden: number; sludge: number; plastic: number; metal: number; glass: number; other: number; }; date?: string | undefined; ch4_factor?: number | undefined; n2o_factor?: number | undefined; }': description, amount_t, composition
src/components/forms/Scope3WasteForm.tsx(324,52): error TS2719: Type 'import("C:/Users/CumpadiBigos/Desktop/cuiudos/lotus/ideia4-GHG/ghg2-antigravidade/ghg-saas/node_modules/react-hook-form/dist/types/form").Control<{ description: string; amount_t: number; composition: { paper: number; textile: number; wood: number; food: number; garden: number; sludge: number; plastic: number; metal:...' is not assignable to type 'import("C:/Users/CumpadiBigos/Desktop/cuiudos/lotus/ideia4-GHG/ghg2-antigravidade/ghg-saas/node_modules/react-hook-form/dist/types/form").Control<{ description: string; amount_t: number; composition: { paper: number; textile: number; wood: number; food: number; garden: number; sludge: number; plastic: number; metal:...'. Two different types with this name exist, but they are unrelated.
  The types of '_options.resolver' are incompatible between these types.
    Type 'import("C:/Users/CumpadiBigos/Desktop/cuiudos/lotus/ideia4-GHG/ghg2-antigravidade/ghg-saas/node_modules/react-hook-form/dist/types/resolvers").Resolver<{ description: string; amount_t: number; composition: { paper: number; textile: number; wood: number; food: number; garden: number; sludge: number; plastic: number; ...' is not assignable to type 'import("C:/Users/CumpadiBigos/Desktop/cuiudos/lotus/ideia4-GHG/ghg2-antigravidade/ghg-saas/node_modules/react-hook-form/dist/types/resolvers").Resolver<{ description: string; amount_t: number; composition: { paper: number; textile: number; wood: number; food: number; garden: number; sludge: number; plastic: number; ...'. Two different types with this name exist, but they are unrelated.
      Type 'import("C:/Users/CumpadiBigos/Desktop/cuiudos/lotus/ideia4-GHG/ghg2-antigravidade/ghg-saas/node_modules/react-hook-form/dist/types/resolvers").Resolver<{ description: string; amount_t: number; composition: { paper: number; textile: number; wood: number; food: number; garden: number; sludge: number; plastic: number; ...' is not assignable to type 'import("C:/Users/CumpadiBigos/Desktop/cuiudos/lotus/ideia4-GHG/ghg2-antigravidade/ghg-saas/node_modules/react-hook-form/dist/types/resolvers").Resolver<{ description: string; amount_t: number; composition: { paper: number; textile: number; wood: number; food: number; garden: number; sludge: number; plastic: number; ...'. Two different types with this name exist, but they are unrelated.
        Type 'import("C:/Users/CumpadiBigos/Desktop/cuiudos/lotus/ideia4-GHG/ghg2-antigravidade/ghg-saas/node_modules/react-hook-form/dist/types/resolvers").ResolverResult<{ description: string; amount_t: number; composition: { paper: number; textile: number; wood: number; food: number; garden: number; sludge: number; plastic: nu...' is not assignable to type 'import("C:/Users/CumpadiBigos/Desktop/cuiudos/lotus/ideia4-GHG/ghg2-antigravidade/ghg-saas/node_modules/react-hook-form/dist/types/resolvers").ResolverResult<{ description: string; amount_t: number; composition: { paper: number; textile: number; wood: number; food: number; garden: number; sludge: number; plastic: nu...'. Two different types with this name exist, but they are unrelated.
          Type 'ResolverSuccess<TFieldValues>' is not assignable to type 'ResolverResult<{ description: string; amount_t: number; composition: { paper: number; textile: number; wood: number; food: number; garden: number; sludge: number; plastic: number; metal: number; glass: number; other: number; }; date?: string | undefined; ch4_factor?: number | undefined; n2o_factor?: number | undefin...'.
            Type 'ResolverSuccess<TFieldValues>' is not assignable to type 'ResolverSuccess<{ description: string; amount_t: number; composition: { paper: number; textile: number; wood: number; food: number; garden: number; sludge: number; plastic: number; metal: number; glass: number; other: number; }; date?: string | undefined; ch4_factor?: number | undefined; n2o_factor?: number | undefi...'.
              Type 'TFieldValues' is not assignable to type '{ description: string; amount_t: number; composition: { paper: number; textile: number; wood: number; food: number; garden: number; sludge: number; plastic: number; metal: number; glass: number; other: number; }; date?: string | undefined; ch4_factor?: number | undefined; n2o_factor?: number | undefined; }'.
                Type 'FieldValues' is missing the following properties from type '{ description: string; amount_t: number; composition: { paper: number; textile: number; wood: number; food: number; garden: number; sludge: number; plastic: number; metal: number; glass: number; other: number; }; date?: string | undefined; ch4_factor?: number | undefined; n2o_factor?: number | undefined; }': description, amount_t, composition
src/components/forms/Scope3WasteForm.tsx(332,70): error TS2719: Type 'import("C:/Users/CumpadiBigos/Desktop/cuiudos/lotus/ideia4-GHG/ghg2-antigravidade/ghg-saas/node_modules/react-hook-form/dist/types/form").Control<{ description: string; amount_t: number; composition: { paper: number; textile: number; wood: number; food: number; garden: number; sludge: number; plastic: number; metal:...' is not assignable to type 'import("C:/Users/CumpadiBigos/Desktop/cuiudos/lotus/ideia4-GHG/ghg2-antigravidade/ghg-saas/node_modules/react-hook-form/dist/types/form").Control<{ description: string; amount_t: number; composition: { paper: number; textile: number; wood: number; food: number; garden: number; sludge: number; plastic: number; metal:...'. Two different types with this name exist, but they are unrelated.
  The types of '_options.resolver' are incompatible between these types.
    Type 'import("C:/Users/CumpadiBigos/Desktop/cuiudos/lotus/ideia4-GHG/ghg2-antigravidade/ghg-saas/node_modules/react-hook-form/dist/types/resolvers").Resolver<{ description: string; amount_t: number; composition: { paper: number; textile: number; wood: number; food: number; garden: number; sludge: number; plastic: number; ...' is not assignable to type 'import("C:/Users/CumpadiBigos/Desktop/cuiudos/lotus/ideia4-GHG/ghg2-antigravidade/ghg-saas/node_modules/react-hook-form/dist/types/resolvers").Resolver<{ description: string; amount_t: number; composition: { paper: number; textile: number; wood: number; food: number; garden: number; sludge: number; plastic: number; ...'. Two different types with this name exist, but they are unrelated.
      Type 'import("C:/Users/CumpadiBigos/Desktop/cuiudos/lotus/ideia4-GHG/ghg2-antigravidade/ghg-saas/node_modules/react-hook-form/dist/types/resolvers").Resolver<{ description: string; amount_t: number; composition: { paper: number; textile: number; wood: number; food: number; garden: number; sludge: number; plastic: number; ...' is not assignable to type 'import("C:/Users/CumpadiBigos/Desktop/cuiudos/lotus/ideia4-GHG/ghg2-antigravidade/ghg-saas/node_modules/react-hook-form/dist/types/resolvers").Resolver<{ description: string; amount_t: number; composition: { paper: number; textile: number; wood: number; food: number; garden: number; sludge: number; plastic: number; ...'. Two different types with this name exist, but they are unrelated.
        Type 'import("C:/Users/CumpadiBigos/Desktop/cuiudos/lotus/ideia4-GHG/ghg2-antigravidade/ghg-saas/node_modules/react-hook-form/dist/types/resolvers").ResolverResult<{ description: string; amount_t: number; composition: { paper: number; textile: number; wood: number; food: number; garden: number; sludge: number; plastic: nu...' is not assignable to type 'import("C:/Users/CumpadiBigos/Desktop/cuiudos/lotus/ideia4-GHG/ghg2-antigravidade/ghg-saas/node_modules/react-hook-form/dist/types/resolvers").ResolverResult<{ description: string; amount_t: number; composition: { paper: number; textile: number; wood: number; food: number; garden: number; sludge: number; plastic: nu...'. Two different types with this name exist, but they are unrelated.
          Type 'ResolverSuccess<TFieldValues>' is not assignable to type 'ResolverResult<{ description: string; amount_t: number; composition: { paper: number; textile: number; wood: number; food: number; garden: number; sludge: number; plastic: number; metal: number; glass: number; other: number; }; date?: string | undefined; ch4_factor?: number | undefined; n2o_factor?: number | undefin...'.
            Type 'ResolverSuccess<TFieldValues>' is not assignable to type 'ResolverSuccess<{ description: string; amount_t: number; composition: { paper: number; textile: number; wood: number; food: number; garden: number; sludge: number; plastic: number; metal: number; glass: number; other: number; }; date?: string | undefined; ch4_factor?: number | undefined; n2o_factor?: number | undefi...'.
              Type 'TFieldValues' is not assignable to type '{ description: string; amount_t: number; composition: { paper: number; textile: number; wood: number; food: number; garden: number; sludge: number; plastic: number; metal: number; glass: number; other: number; }; date?: string | undefined; ch4_factor?: number | undefined; n2o_factor?: number | undefined; }'.
                Type 'FieldValues' is missing the following properties from type '{ description: string; amount_t: number; composition: { paper: number; textile: number; wood: number; food: number; garden: number; sludge: number; plastic: number; metal: number; glass: number; other: number; }; date?: string | undefined; ch4_factor?: number | undefined; n2o_factor?: number | undefined; }': description, amount_t, composition
src/components/forms/Scope3WasteForm.tsx(332,105): error TS2322: Type '`composition.${any}`' is not assignable to type '"description" | "date" | "amount_t" | "composition" | "ch4_factor" | "n2o_factor" | "composition.other" | "composition.garden" | "composition.paper" | "composition.wood" | ... 5 more ... | "composition.glass"'.
src/components/forms/Scope3WasteForm.tsx(335,71): error TS2322: Type '{ onChange: (...event: any[]) => void; onBlur: Noop; value: string | number | { paper: number; textile: number; wood: number; food: number; garden: number; sludge: number; plastic: number; metal: number; glass: number; other: number; } | undefined; disabled?: boolean | undefined; name: "description" | ... 14 more .....' is not assignable to type 'InputHTMLAttributes<HTMLInputElement>'.
  Types of property 'value' are incompatible.
    Type 'string | number | { paper: number; textile: number; wood: number; food: number; garden: number; sludge: number; plastic: number; metal: number; glass: number; other: number; } | undefined' is not assignable to type 'string | number | readonly string[] | undefined'.
      Type '{ paper: number; textile: number; wood: number; food: number; garden: number; sludge: number; plastic: number; metal: number; glass: number; other: number; }' is not assignable to type 'string | number | readonly string[] | undefined'.
src/components/forms/StationaryCombustionForm.tsx(58,9): error TS2322: Type 'Resolver<{ sourceId: string; description: string; fuelType: string; quantity: unknown; unit: string; }, any, { sourceId: string; description: string; fuelType: string; quantity: number; unit: string; }>' is not assignable to type 'Resolver<{ sourceId: string; description: string; fuelType: string; quantity: number; unit: string; }, any, { sourceId: string; description: string; fuelType: string; quantity: number; unit: string; }>'.
  Types of parameters 'options' and 'options' are incompatible.
    Type 'ResolverOptions<{ sourceId: string; description: string; fuelType: string; quantity: number; unit: string; }>' is not assignable to type 'ResolverOptions<{ sourceId: string; description: string; fuelType: string; quantity: unknown; unit: string; }>'.
      Type 'unknown' is not assignable to type 'number'.
src/components/forms/StationaryCombustionForm.tsx(102,55): error TS2345: Argument of type '(data: { sourceId: string; description: string; fuelType: string; quantity: number; unit: string; }) => void' is not assignable to parameter of type 'SubmitHandler<TFieldValues>'.
  Types of parameters 'data' and 'data' are incompatible.
    Type 'TFieldValues' is not assignable to type '{ sourceId: string; description: string; fuelType: string; quantity: number; unit: string; }'.
      Type 'FieldValues' is missing the following properties from type '{ sourceId: string; description: string; fuelType: string; quantity: number; unit: string; }': sourceId, description, fuelType, quantity, unit
src/components/forms/StationaryCombustionForm.tsx(104,29): error TS2322: Type 'Control<{ sourceId: string; description: string; fuelType: string; quantity: number; unit: string; }, any, TFieldValues>' is not assignable to type 'Control<{ sourceId: string; description: string; fuelType: string; quantity: number; unit: string; }, any, { sourceId: string; description: string; fuelType: string; quantity: number; unit: string; }>'.
  The types of '_options.resolver' are incompatible between these types.
    Type 'Resolver<{ sourceId: string; description: string; fuelType: string; quantity: number; unit: string; }, any, TFieldValues> | undefined' is not assignable to type 'Resolver<{ sourceId: string; description: string; fuelType: string; quantity: number; unit: string; }, any, { sourceId: string; description: string; fuelType: string; quantity: number; unit: string; }> | undefined'.
      Type 'Resolver<{ sourceId: string; description: string; fuelType: string; quantity: number; unit: string; }, any, TFieldValues>' is not assignable to type 'Resolver<{ sourceId: string; description: string; fuelType: string; quantity: number; unit: string; }, any, { sourceId: string; description: string; fuelType: string; quantity: number; unit: string; }>'.
        Type 'ResolverResult<{ sourceId: string; description: string; fuelType: string; quantity: number; unit: string; }, TFieldValues> | Promise<ResolverResult<{ sourceId: string; description: string; fuelType: string; quantity: number; unit: string; }, TFieldValues>>' is not assignable to type 'ResolverResult<{ sourceId: string; description: string; fuelType: string; quantity: number; unit: string; }, { sourceId: string; description: string; fuelType: string; quantity: number; unit: string; }> | Promise<...>'.
          Type 'ResolverSuccess<TFieldValues>' is not assignable to type 'ResolverResult<{ sourceId: string; description: string; fuelType: string; quantity: number; unit: string; }, { sourceId: string; description: string; fuelType: string; quantity: number; unit: string; }> | Promise<...>'.
            Type 'ResolverSuccess<TFieldValues>' is not assignable to type 'ResolverSuccess<{ sourceId: string; description: string; fuelType: string; quantity: number; unit: string; }>'.
              Type 'TFieldValues' is not assignable to type '{ sourceId: string; description: string; fuelType: string; quantity: number; unit: string; }'.
                Type 'FieldValues' is missing the following properties from type '{ sourceId: string; description: string; fuelType: string; quantity: number; unit: string; }': sourceId, description, fuelType, quantity, unit
src/components/forms/StationaryCombustionForm.tsx(117,29): error TS2322: Type 'Control<{ sourceId: string; description: string; fuelType: string; quantity: number; unit: string; }, any, TFieldValues>' is not assignable to type 'Control<{ sourceId: string; description: string; fuelType: string; quantity: number; unit: string; }, any, { sourceId: string; description: string; fuelType: string; quantity: number; unit: string; }>'.
  The types of '_options.resolver' are incompatible between these types.
    Type 'Resolver<{ sourceId: string; description: string; fuelType: string; quantity: number; unit: string; }, any, TFieldValues> | undefined' is not assignable to type 'Resolver<{ sourceId: string; description: string; fuelType: string; quantity: number; unit: string; }, any, { sourceId: string; description: string; fuelType: string; quantity: number; unit: string; }> | undefined'.
      Type 'Resolver<{ sourceId: string; description: string; fuelType: string; quantity: number; unit: string; }, any, TFieldValues>' is not assignable to type 'Resolver<{ sourceId: string; description: string; fuelType: string; quantity: number; unit: string; }, any, { sourceId: string; description: string; fuelType: string; quantity: number; unit: string; }>'.
        Type 'ResolverResult<{ sourceId: string; description: string; fuelType: string; quantity: number; unit: string; }, TFieldValues> | Promise<ResolverResult<{ sourceId: string; description: string; fuelType: string; quantity: number; unit: string; }, TFieldValues>>' is not assignable to type 'ResolverResult<{ sourceId: string; description: string; fuelType: string; quantity: number; unit: string; }, { sourceId: string; description: string; fuelType: string; quantity: number; unit: string; }> | Promise<...>'.
          Type 'ResolverSuccess<TFieldValues>' is not assignable to type 'ResolverResult<{ sourceId: string; description: string; fuelType: string; quantity: number; unit: string; }, { sourceId: string; description: string; fuelType: string; quantity: number; unit: string; }> | Promise<...>'.
            Type 'ResolverSuccess<TFieldValues>' is not assignable to type 'ResolverSuccess<{ sourceId: string; description: string; fuelType: string; quantity: number; unit: string; }>'.
              Type 'TFieldValues' is not assignable to type '{ sourceId: string; description: string; fuelType: string; quantity: number; unit: string; }'.
                Type 'FieldValues' is missing the following properties from type '{ sourceId: string; description: string; fuelType: string; quantity: number; unit: string; }': sourceId, description, fuelType, quantity, unit
src/components/forms/StationaryCombustionForm.tsx(130,29): error TS2322: Type 'Control<{ sourceId: string; description: string; fuelType: string; quantity: number; unit: string; }, any, TFieldValues>' is not assignable to type 'Control<{ sourceId: string; description: string; fuelType: string; quantity: number; unit: string; }, any, { sourceId: string; description: string; fuelType: string; quantity: number; unit: string; }>'.
  The types of '_options.resolver' are incompatible between these types.
    Type 'Resolver<{ sourceId: string; description: string; fuelType: string; quantity: number; unit: string; }, any, TFieldValues> | undefined' is not assignable to type 'Resolver<{ sourceId: string; description: string; fuelType: string; quantity: number; unit: string; }, any, { sourceId: string; description: string; fuelType: string; quantity: number; unit: string; }> | undefined'.
      Type 'Resolver<{ sourceId: string; description: string; fuelType: string; quantity: number; unit: string; }, any, TFieldValues>' is not assignable to type 'Resolver<{ sourceId: string; description: string; fuelType: string; quantity: number; unit: string; }, any, { sourceId: string; description: string; fuelType: string; quantity: number; unit: string; }>'.
        Type 'ResolverResult<{ sourceId: string; description: string; fuelType: string; quantity: number; unit: string; }, TFieldValues> | Promise<ResolverResult<{ sourceId: string; description: string; fuelType: string; quantity: number; unit: string; }, TFieldValues>>' is not assignable to type 'ResolverResult<{ sourceId: string; description: string; fuelType: string; quantity: number; unit: string; }, { sourceId: string; description: string; fuelType: string; quantity: number; unit: string; }> | Promise<...>'.
          Type 'ResolverSuccess<TFieldValues>' is not assignable to type 'ResolverResult<{ sourceId: string; description: string; fuelType: string; quantity: number; unit: string; }, { sourceId: string; description: string; fuelType: string; quantity: number; unit: string; }> | Promise<...>'.
            Type 'ResolverSuccess<TFieldValues>' is not assignable to type 'ResolverSuccess<{ sourceId: string; description: string; fuelType: string; quantity: number; unit: string; }>'.
              Type 'TFieldValues' is not assignable to type '{ sourceId: string; description: string; fuelType: string; quantity: number; unit: string; }'.
                Type 'FieldValues' is missing the following properties from type '{ sourceId: string; description: string; fuelType: string; quantity: number; unit: string; }': sourceId, description, fuelType, quantity, unit
src/components/forms/StationaryCombustionForm.tsx(152,29): error TS2322: Type 'Control<{ sourceId: string; description: string; fuelType: string; quantity: number; unit: string; }, any, TFieldValues>' is not assignable to type 'Control<{ sourceId: string; description: string; fuelType: string; quantity: number; unit: string; }, any, { sourceId: string; description: string; fuelType: string; quantity: number; unit: string; }>'.
  The types of '_options.resolver' are incompatible between these types.
    Type 'Resolver<{ sourceId: string; description: string; fuelType: string; quantity: number; unit: string; }, any, TFieldValues> | undefined' is not assignable to type 'Resolver<{ sourceId: string; description: string; fuelType: string; quantity: number; unit: string; }, any, { sourceId: string; description: string; fuelType: string; quantity: number; unit: string; }> | undefined'.
      Type 'Resolver<{ sourceId: string; description: string; fuelType: string; quantity: number; unit: string; }, any, TFieldValues>' is not assignable to type 'Resolver<{ sourceId: string; description: string; fuelType: string; quantity: number; unit: string; }, any, { sourceId: string; description: string; fuelType: string; quantity: number; unit: string; }>'.
        Type 'ResolverResult<{ sourceId: string; description: string; fuelType: string; quantity: number; unit: string; }, TFieldValues> | Promise<ResolverResult<{ sourceId: string; description: string; fuelType: string; quantity: number; unit: string; }, TFieldValues>>' is not assignable to type 'ResolverResult<{ sourceId: string; description: string; fuelType: string; quantity: number; unit: string; }, { sourceId: string; description: string; fuelType: string; quantity: number; unit: string; }> | Promise<...>'.
          Type 'ResolverSuccess<TFieldValues>' is not assignable to type 'ResolverResult<{ sourceId: string; description: string; fuelType: string; quantity: number; unit: string; }, { sourceId: string; description: string; fuelType: string; quantity: number; unit: string; }> | Promise<...>'.
            Type 'ResolverSuccess<TFieldValues>' is not assignable to type 'ResolverSuccess<{ sourceId: string; description: string; fuelType: string; quantity: number; unit: string; }>'.
              Type 'TFieldValues' is not assignable to type '{ sourceId: string; description: string; fuelType: string; quantity: number; unit: string; }'.
                Type 'FieldValues' is missing the following properties from type '{ sourceId: string; description: string; fuelType: string; quantity: number; unit: string; }': sourceId, description, fuelType, quantity, unit
src/components/forms/StationaryCombustionForm.tsx(165,29): error TS2322: Type 'Control<{ sourceId: string; description: string; fuelType: string; quantity: number; unit: string; }, any, TFieldValues>' is not assignable to type 'Control<{ sourceId: string; description: string; fuelType: string; quantity: number; unit: string; }, any, { sourceId: string; description: string; fuelType: string; quantity: number; unit: string; }>'.
  The types of '_options.resolver' are incompatible between these types.
    Type 'Resolver<{ sourceId: string; description: string; fuelType: string; quantity: number; unit: string; }, any, TFieldValues> | undefined' is not assignable to type 'Resolver<{ sourceId: string; description: string; fuelType: string; quantity: number; unit: string; }, any, { sourceId: string; description: string; fuelType: string; quantity: number; unit: string; }> | undefined'.
      Type 'Resolver<{ sourceId: string; description: string; fuelType: string; quantity: number; unit: string; }, any, TFieldValues>' is not assignable to type 'Resolver<{ sourceId: string; description: string; fuelType: string; quantity: number; unit: string; }, any, { sourceId: string; description: string; fuelType: string; quantity: number; unit: string; }>'.
        Type 'ResolverResult<{ sourceId: string; description: string; fuelType: string; quantity: number; unit: string; }, TFieldValues> | Promise<ResolverResult<{ sourceId: string; description: string; fuelType: string; quantity: number; unit: string; }, TFieldValues>>' is not assignable to type 'ResolverResult<{ sourceId: string; description: string; fuelType: string; quantity: number; unit: string; }, { sourceId: string; description: string; fuelType: string; quantity: number; unit: string; }> | Promise<...>'.
          Type 'ResolverSuccess<TFieldValues>' is not assignable to type 'ResolverResult<{ sourceId: string; description: string; fuelType: string; quantity: number; unit: string; }, { sourceId: string; description: string; fuelType: string; quantity: number; unit: string; }> | Promise<...>'.
            Type 'ResolverSuccess<TFieldValues>' is not assignable to type 'ResolverSuccess<{ sourceId: string; description: string; fuelType: string; quantity: number; unit: string; }>'.
              Type 'TFieldValues' is not assignable to type '{ sourceId: string; description: string; fuelType: string; quantity: number; unit: string; }'.
                Type 'FieldValues' is missing the following properties from type '{ sourceId: string; description: string; fuelType: string; quantity: number; unit: string; }': sourceId, description, fuelType, quantity, unit
src/components/forms/TdLossesForm.tsx(94,9): error TS2322: Type 'Resolver<{ description: string; method: "annual" | "monthly"; input_type?: "consumption" | "direct_loss" | undefined; jan?: unknown; feb?: unknown; mar?: unknown; apr?: unknown; may?: unknown; jun?: unknown; jul?: unknown; aug?: unknown; sep?: unknown; oct?: unknown; nov?: unknown; dec?: unknown; annual_mwh?: unknow...' is not assignable to type 'Resolver<{ description: string; method: "annual" | "monthly"; input_type: "consumption" | "direct_loss"; jan?: number | undefined; feb?: number | undefined; mar?: number | undefined; apr?: number | undefined; ... 8 more ...; annual_mwh?: number | undefined; }, any, { ...; }>'.
  Types of parameters 'options' and 'options' are incompatible.
    Type 'ResolverOptions<{ description: string; method: "annual" | "monthly"; input_type: "consumption" | "direct_loss"; jan?: number | undefined; feb?: number | undefined; mar?: number | undefined; apr?: number | undefined; ... 8 more ...; annual_mwh?: number | undefined; }>' is not assignable to type 'ResolverOptions<{ description: string; method: "annual" | "monthly"; input_type?: "consumption" | "direct_loss" | undefined; jan?: unknown; feb?: unknown; mar?: unknown; apr?: unknown; may?: unknown; jun?: unknown; jul?: unknown; aug?: unknown; sep?: unknown; oct?: unknown; nov?: unknown; dec?: unknown; annual_mwh?:...'.
      Type '"consumption" | "direct_loss" | undefined' is not assignable to type '"consumption" | "direct_loss"'.
        Type 'undefined' is not assignable to type '"consumption" | "direct_loss"'.
src/components/forms/TdLossesForm.tsx(105,9): error TS2322: Type 'Resolver<{ description: string; co2_emissions: unknown; ch4_emissions: unknown; n2o_emissions: unknown; biogenic_co2_emissions: unknown; }, any, { description: string; co2_emissions: number; ch4_emissions: number; n2o_emissions: number; biogenic_co2_emissions: number; }>' is not assignable to type 'Resolver<{ description: string; co2_emissions: number; ch4_emissions: number; n2o_emissions: number; biogenic_co2_emissions: number; }, any, { description: string; co2_emissions: number; ch4_emissions: number; n2o_emissions: number; biogenic_co2_emissions: number; }>'.
  Types of parameters 'options' and 'options' are incompatible.
    Type 'ResolverOptions<{ description: string; co2_emissions: number; ch4_emissions: number; n2o_emissions: number; biogenic_co2_emissions: number; }>' is not assignable to type 'ResolverOptions<{ description: string; co2_emissions: unknown; ch4_emissions: unknown; n2o_emissions: unknown; biogenic_co2_emissions: unknown; }>'.
      Type 'unknown' is not assignable to type 'number'.
src/components/forms/TdLossesForm.tsx(228,70): error TS2345: Argument of type '(data: { description: string; method: "annual" | "monthly"; input_type: "consumption" | "direct_loss"; jan?: number | undefined; feb?: number | undefined; mar?: number | undefined; apr?: number | undefined; ... 8 more ...; annual_mwh?: number | undefined; }) => void' is not assignable to parameter of type 'SubmitHandler<TFieldValues>'.
  Types of parameters 'data' and 'data' are incompatible.
    Type 'TFieldValues' is not assignable to type '{ description: string; method: "annual" | "monthly"; input_type: "consumption" | "direct_loss"; jan?: number | undefined; feb?: number | undefined; mar?: number | undefined; apr?: number | undefined; ... 8 more ...; annual_mwh?: number | undefined; }'.
      Type 'FieldValues' is missing the following properties from type '{ description: string; method: "annual" | "monthly"; input_type: "consumption" | "direct_loss"; jan?: number | undefined; feb?: number | undefined; mar?: number | undefined; apr?: number | undefined; ... 8 more ...; annual_mwh?: number | undefined; }': description, method, input_type
src/components/forms/TdLossesForm.tsx(229,48): error TS2322: Type 'Control<{ description: string; method: "annual" | "monthly"; input_type: "consumption" | "direct_loss"; jan?: number | undefined; feb?: number | undefined; mar?: number | undefined; apr?: number | undefined; ... 8 more ...; annual_mwh?: number | undefined; }, any, TFieldValues>' is not assignable to type 'Control<{ description: string; method: "annual" | "monthly"; input_type: "consumption" | "direct_loss"; jan?: number | undefined; feb?: number | undefined; mar?: number | undefined; apr?: number | undefined; ... 8 more ...; annual_mwh?: number | undefined; }, any, { ...; }>'.
  The types of '_options.resolver' are incompatible between these types.
    Type 'Resolver<{ description: string; method: "annual" | "monthly"; input_type: "consumption" | "direct_loss"; jan?: number | undefined; feb?: number | undefined; mar?: number | undefined; apr?: number | undefined; ... 8 more ...; annual_mwh?: number | undefined; }, any, TFieldValues> | undefined' is not assignable to type 'Resolver<{ description: string; method: "annual" | "monthly"; input_type: "consumption" | "direct_loss"; jan?: number | undefined; feb?: number | undefined; mar?: number | undefined; apr?: number | undefined; ... 8 more ...; annual_mwh?: number | undefined; }, any, { ...; }> | undefined'.
      Type 'Resolver<{ description: string; method: "annual" | "monthly"; input_type: "consumption" | "direct_loss"; jan?: number | undefined; feb?: number | undefined; mar?: number | undefined; apr?: number | undefined; ... 8 more ...; annual_mwh?: number | undefined; }, any, TFieldValues>' is not assignable to type 'Resolver<{ description: string; method: "annual" | "monthly"; input_type: "consumption" | "direct_loss"; jan?: number | undefined; feb?: number | undefined; mar?: number | undefined; apr?: number | undefined; ... 8 more ...; annual_mwh?: number | undefined; }, any, { ...; }>'.
        Type 'ResolverResult<{ description: string; method: "annual" | "monthly"; input_type: "consumption" | "direct_loss"; jan?: number | undefined; feb?: number | undefined; mar?: number | undefined; apr?: number | undefined; ... 8 more ...; annual_mwh?: number | undefined; }, TFieldValues> | Promise<...>' is not assignable to type 'ResolverResult<{ description: string; method: "annual" | "monthly"; input_type: "consumption" | "direct_loss"; jan?: number | undefined; feb?: number | undefined; mar?: number | undefined; apr?: number | undefined; ... 8 more ...; annual_mwh?: number | undefined; }, { ...; }> | Promise<...>'.
          Type 'ResolverSuccess<TFieldValues>' is not assignable to type 'ResolverResult<{ description: string; method: "annual" | "monthly"; input_type: "consumption" | "direct_loss"; jan?: number | undefined; feb?: number | undefined; mar?: number | undefined; apr?: number | undefined; ... 8 more ...; annual_mwh?: number | undefined; }, { ...; }> | Promise<...>'.
            Type 'ResolverSuccess<TFieldValues>' is not assignable to type 'ResolverSuccess<{ description: string; method: "annual" | "monthly"; input_type: "consumption" | "direct_loss"; jan?: number | undefined; feb?: number | undefined; mar?: number | undefined; apr?: number | undefined; ... 8 more ...; annual_mwh?: number | undefined; }>'.
              Type 'TFieldValues' is not assignable to type '{ description: string; method: "annual" | "monthly"; input_type: "consumption" | "direct_loss"; jan?: number | undefined; feb?: number | undefined; mar?: number | undefined; apr?: number | undefined; ... 8 more ...; annual_mwh?: number | undefined; }'.
                Type 'FieldValues' is missing the following properties from type '{ description: string; method: "annual" | "monthly"; input_type: "consumption" | "direct_loss"; jan?: number | undefined; feb?: number | undefined; mar?: number | undefined; apr?: number | undefined; ... 8 more ...; annual_mwh?: number | undefined; }': description, method, input_type
src/components/forms/TdLossesForm.tsx(234,52): error TS2322: Type 'Control<{ description: string; method: "annual" | "monthly"; input_type: "consumption" | "direct_loss"; jan?: number | undefined; feb?: number | undefined; mar?: number | undefined; apr?: number | undefined; ... 8 more ...; annual_mwh?: number | undefined; }, any, TFieldValues>' is not assignable to type 'Control<{ description: string; method: "annual" | "monthly"; input_type: "consumption" | "direct_loss"; jan?: number | undefined; feb?: number | undefined; mar?: number | undefined; apr?: number | undefined; ... 8 more ...; annual_mwh?: number | undefined; }, any, { ...; }>'.
  The types of '_options.resolver' are incompatible between these types.
    Type 'Resolver<{ description: string; method: "annual" | "monthly"; input_type: "consumption" | "direct_loss"; jan?: number | undefined; feb?: number | undefined; mar?: number | undefined; apr?: number | undefined; ... 8 more ...; annual_mwh?: number | undefined; }, any, TFieldValues> | undefined' is not assignable to type 'Resolver<{ description: string; method: "annual" | "monthly"; input_type: "consumption" | "direct_loss"; jan?: number | undefined; feb?: number | undefined; mar?: number | undefined; apr?: number | undefined; ... 8 more ...; annual_mwh?: number | undefined; }, any, { ...; }> | undefined'.
      Type 'Resolver<{ description: string; method: "annual" | "monthly"; input_type: "consumption" | "direct_loss"; jan?: number | undefined; feb?: number | undefined; mar?: number | undefined; apr?: number | undefined; ... 8 more ...; annual_mwh?: number | undefined; }, any, TFieldValues>' is not assignable to type 'Resolver<{ description: string; method: "annual" | "monthly"; input_type: "consumption" | "direct_loss"; jan?: number | undefined; feb?: number | undefined; mar?: number | undefined; apr?: number | undefined; ... 8 more ...; annual_mwh?: number | undefined; }, any, { ...; }>'.
        Type 'ResolverResult<{ description: string; method: "annual" | "monthly"; input_type: "consumption" | "direct_loss"; jan?: number | undefined; feb?: number | undefined; mar?: number | undefined; apr?: number | undefined; ... 8 more ...; annual_mwh?: number | undefined; }, TFieldValues> | Promise<...>' is not assignable to type 'ResolverResult<{ description: string; method: "annual" | "monthly"; input_type: "consumption" | "direct_loss"; jan?: number | undefined; feb?: number | undefined; mar?: number | undefined; apr?: number | undefined; ... 8 more ...; annual_mwh?: number | undefined; }, { ...; }> | Promise<...>'.
          Type 'ResolverSuccess<TFieldValues>' is not assignable to type 'ResolverResult<{ description: string; method: "annual" | "monthly"; input_type: "consumption" | "direct_loss"; jan?: number | undefined; feb?: number | undefined; mar?: number | undefined; apr?: number | undefined; ... 8 more ...; annual_mwh?: number | undefined; }, { ...; }> | Promise<...>'.
            Type 'ResolverSuccess<TFieldValues>' is not assignable to type 'ResolverSuccess<{ description: string; method: "annual" | "monthly"; input_type: "consumption" | "direct_loss"; jan?: number | undefined; feb?: number | undefined; mar?: number | undefined; apr?: number | undefined; ... 8 more ...; annual_mwh?: number | undefined; }>'.
              Type 'TFieldValues' is not assignable to type '{ description: string; method: "annual" | "monthly"; input_type: "consumption" | "direct_loss"; jan?: number | undefined; feb?: number | undefined; mar?: number | undefined; apr?: number | undefined; ... 8 more ...; annual_mwh?: number | undefined; }'.
                Type 'FieldValues' is missing the following properties from type '{ description: string; method: "annual" | "monthly"; input_type: "consumption" | "direct_loss"; jan?: number | undefined; feb?: number | undefined; mar?: number | undefined; apr?: number | undefined; ... 8 more ...; annual_mwh?: number | undefined; }': description, method, input_type
src/components/forms/TdLossesForm.tsx(244,52): error TS2322: Type 'Control<{ description: string; method: "annual" | "monthly"; input_type: "consumption" | "direct_loss"; jan?: number | undefined; feb?: number | undefined; mar?: number | undefined; apr?: number | undefined; ... 8 more ...; annual_mwh?: number | undefined; }, any, TFieldValues>' is not assignable to type 'Control<{ description: string; method: "annual" | "monthly"; input_type: "consumption" | "direct_loss"; jan?: number | undefined; feb?: number | undefined; mar?: number | undefined; apr?: number | undefined; ... 8 more ...; annual_mwh?: number | undefined; }, any, { ...; }>'.
  The types of '_options.resolver' are incompatible between these types.
    Type 'Resolver<{ description: string; method: "annual" | "monthly"; input_type: "consumption" | "direct_loss"; jan?: number | undefined; feb?: number | undefined; mar?: number | undefined; apr?: number | undefined; ... 8 more ...; annual_mwh?: number | undefined; }, any, TFieldValues> | undefined' is not assignable to type 'Resolver<{ description: string; method: "annual" | "monthly"; input_type: "consumption" | "direct_loss"; jan?: number | undefined; feb?: number | undefined; mar?: number | undefined; apr?: number | undefined; ... 8 more ...; annual_mwh?: number | undefined; }, any, { ...; }> | undefined'.
      Type 'Resolver<{ description: string; method: "annual" | "monthly"; input_type: "consumption" | "direct_loss"; jan?: number | undefined; feb?: number | undefined; mar?: number | undefined; apr?: number | undefined; ... 8 more ...; annual_mwh?: number | undefined; }, any, TFieldValues>' is not assignable to type 'Resolver<{ description: string; method: "annual" | "monthly"; input_type: "consumption" | "direct_loss"; jan?: number | undefined; feb?: number | undefined; mar?: number | undefined; apr?: number | undefined; ... 8 more ...; annual_mwh?: number | undefined; }, any, { ...; }>'.
        Type 'ResolverResult<{ description: string; method: "annual" | "monthly"; input_type: "consumption" | "direct_loss"; jan?: number | undefined; feb?: number | undefined; mar?: number | undefined; apr?: number | undefined; ... 8 more ...; annual_mwh?: number | undefined; }, TFieldValues> | Promise<...>' is not assignable to type 'ResolverResult<{ description: string; method: "annual" | "monthly"; input_type: "consumption" | "direct_loss"; jan?: number | undefined; feb?: number | undefined; mar?: number | undefined; apr?: number | undefined; ... 8 more ...; annual_mwh?: number | undefined; }, { ...; }> | Promise<...>'.
          Type 'ResolverSuccess<TFieldValues>' is not assignable to type 'ResolverResult<{ description: string; method: "annual" | "monthly"; input_type: "consumption" | "direct_loss"; jan?: number | undefined; feb?: number | undefined; mar?: number | undefined; apr?: number | undefined; ... 8 more ...; annual_mwh?: number | undefined; }, { ...; }> | Promise<...>'.
            Type 'ResolverSuccess<TFieldValues>' is not assignable to type 'ResolverSuccess<{ description: string; method: "annual" | "monthly"; input_type: "consumption" | "direct_loss"; jan?: number | undefined; feb?: number | undefined; mar?: number | undefined; apr?: number | undefined; ... 8 more ...; annual_mwh?: number | undefined; }>'.
              Type 'TFieldValues' is not assignable to type '{ description: string; method: "annual" | "monthly"; input_type: "consumption" | "direct_loss"; jan?: number | undefined; feb?: number | undefined; mar?: number | undefined; apr?: number | undefined; ... 8 more ...; annual_mwh?: number | undefined; }'.
                Type 'FieldValues' is missing the following properties from type '{ description: string; method: "annual" | "monthly"; input_type: "consumption" | "direct_loss"; jan?: number | undefined; feb?: number | undefined; mar?: number | undefined; apr?: number | undefined; ... 8 more ...; annual_mwh?: number | undefined; }': description, method, input_type
src/components/forms/TdLossesForm.tsx(258,72): error TS2322: Type 'Control<{ description: string; method: "annual" | "monthly"; input_type: "consumption" | "direct_loss"; jan?: number | undefined; feb?: number | undefined; mar?: number | undefined; apr?: number | undefined; ... 8 more ...; annual_mwh?: number | undefined; }, any, TFieldValues>' is not assignable to type 'Control<{ description: string; method: "annual" | "monthly"; input_type: "consumption" | "direct_loss"; jan?: number | undefined; feb?: number | undefined; mar?: number | undefined; apr?: number | undefined; ... 8 more ...; annual_mwh?: number | undefined; }, any, { ...; }>'.
  The types of '_options.resolver' are incompatible between these types.
    Type 'Resolver<{ description: string; method: "annual" | "monthly"; input_type: "consumption" | "direct_loss"; jan?: number | undefined; feb?: number | undefined; mar?: number | undefined; apr?: number | undefined; ... 8 more ...; annual_mwh?: number | undefined; }, any, TFieldValues> | undefined' is not assignable to type 'Resolver<{ description: string; method: "annual" | "monthly"; input_type: "consumption" | "direct_loss"; jan?: number | undefined; feb?: number | undefined; mar?: number | undefined; apr?: number | undefined; ... 8 more ...; annual_mwh?: number | undefined; }, any, { ...; }> | undefined'.
      Type 'Resolver<{ description: string; method: "annual" | "monthly"; input_type: "consumption" | "direct_loss"; jan?: number | undefined; feb?: number | undefined; mar?: number | undefined; apr?: number | undefined; ... 8 more ...; annual_mwh?: number | undefined; }, any, TFieldValues>' is not assignable to type 'Resolver<{ description: string; method: "annual" | "monthly"; input_type: "consumption" | "direct_loss"; jan?: number | undefined; feb?: number | undefined; mar?: number | undefined; apr?: number | undefined; ... 8 more ...; annual_mwh?: number | undefined; }, any, { ...; }>'.
        Type 'ResolverResult<{ description: string; method: "annual" | "monthly"; input_type: "consumption" | "direct_loss"; jan?: number | undefined; feb?: number | undefined; mar?: number | undefined; apr?: number | undefined; ... 8 more ...; annual_mwh?: number | undefined; }, TFieldValues> | Promise<...>' is not assignable to type 'ResolverResult<{ description: string; method: "annual" | "monthly"; input_type: "consumption" | "direct_loss"; jan?: number | undefined; feb?: number | undefined; mar?: number | undefined; apr?: number | undefined; ... 8 more ...; annual_mwh?: number | undefined; }, { ...; }> | Promise<...>'.
          Type 'ResolverSuccess<TFieldValues>' is not assignable to type 'ResolverResult<{ description: string; method: "annual" | "monthly"; input_type: "consumption" | "direct_loss"; jan?: number | undefined; feb?: number | undefined; mar?: number | undefined; apr?: number | undefined; ... 8 more ...; annual_mwh?: number | undefined; }, { ...; }> | Promise<...>'.
            Type 'ResolverSuccess<TFieldValues>' is not assignable to type 'ResolverSuccess<{ description: string; method: "annual" | "monthly"; input_type: "consumption" | "direct_loss"; jan?: number | undefined; feb?: number | undefined; mar?: number | undefined; apr?: number | undefined; ... 8 more ...; annual_mwh?: number | undefined; }>'.
              Type 'TFieldValues' is not assignable to type '{ description: string; method: "annual" | "monthly"; input_type: "consumption" | "direct_loss"; jan?: number | undefined; feb?: number | undefined; mar?: number | undefined; apr?: number | undefined; ... 8 more ...; annual_mwh?: number | undefined; }'.
                Type 'FieldValues' is missing the following properties from type '{ description: string; method: "annual" | "monthly"; input_type: "consumption" | "direct_loss"; jan?: number | undefined; feb?: number | undefined; mar?: number | undefined; apr?: number | undefined; ... 8 more ...; annual_mwh?: number | undefined; }': description, method, input_type
src/components/forms/TdLossesForm.tsx(267,52): error TS2322: Type 'Control<{ description: string; method: "annual" | "monthly"; input_type: "consumption" | "direct_loss"; jan?: number | undefined; feb?: number | undefined; mar?: number | undefined; apr?: number | undefined; ... 8 more ...; annual_mwh?: number | undefined; }, any, TFieldValues>' is not assignable to type 'Control<{ description: string; method: "annual" | "monthly"; input_type: "consumption" | "direct_loss"; jan?: number | undefined; feb?: number | undefined; mar?: number | undefined; apr?: number | undefined; ... 8 more ...; annual_mwh?: number | undefined; }, any, { ...; }>'.
  The types of '_options.resolver' are incompatible between these types.
    Type 'Resolver<{ description: string; method: "annual" | "monthly"; input_type: "consumption" | "direct_loss"; jan?: number | undefined; feb?: number | undefined; mar?: number | undefined; apr?: number | undefined; ... 8 more ...; annual_mwh?: number | undefined; }, any, TFieldValues> | undefined' is not assignable to type 'Resolver<{ description: string; method: "annual" | "monthly"; input_type: "consumption" | "direct_loss"; jan?: number | undefined; feb?: number | undefined; mar?: number | undefined; apr?: number | undefined; ... 8 more ...; annual_mwh?: number | undefined; }, any, { ...; }> | undefined'.
      Type 'Resolver<{ description: string; method: "annual" | "monthly"; input_type: "consumption" | "direct_loss"; jan?: number | undefined; feb?: number | undefined; mar?: number | undefined; apr?: number | undefined; ... 8 more ...; annual_mwh?: number | undefined; }, any, TFieldValues>' is not assignable to type 'Resolver<{ description: string; method: "annual" | "monthly"; input_type: "consumption" | "direct_loss"; jan?: number | undefined; feb?: number | undefined; mar?: number | undefined; apr?: number | undefined; ... 8 more ...; annual_mwh?: number | undefined; }, any, { ...; }>'.
        Type 'ResolverResult<{ description: string; method: "annual" | "monthly"; input_type: "consumption" | "direct_loss"; jan?: number | undefined; feb?: number | undefined; mar?: number | undefined; apr?: number | undefined; ... 8 more ...; annual_mwh?: number | undefined; }, TFieldValues> | Promise<...>' is not assignable to type 'ResolverResult<{ description: string; method: "annual" | "monthly"; input_type: "consumption" | "direct_loss"; jan?: number | undefined; feb?: number | undefined; mar?: number | undefined; apr?: number | undefined; ... 8 more ...; annual_mwh?: number | undefined; }, { ...; }> | Promise<...>'.
          Type 'ResolverSuccess<TFieldValues>' is not assignable to type 'ResolverResult<{ description: string; method: "annual" | "monthly"; input_type: "consumption" | "direct_loss"; jan?: number | undefined; feb?: number | undefined; mar?: number | undefined; apr?: number | undefined; ... 8 more ...; annual_mwh?: number | undefined; }, { ...; }> | Promise<...>'.
            Type 'ResolverSuccess<TFieldValues>' is not assignable to type 'ResolverSuccess<{ description: string; method: "annual" | "monthly"; input_type: "consumption" | "direct_loss"; jan?: number | undefined; feb?: number | undefined; mar?: number | undefined; apr?: number | undefined; ... 8 more ...; annual_mwh?: number | undefined; }>'.
              Type 'TFieldValues' is not assignable to type '{ description: string; method: "annual" | "monthly"; input_type: "consumption" | "direct_loss"; jan?: number | undefined; feb?: number | undefined; mar?: number | undefined; apr?: number | undefined; ... 8 more ...; annual_mwh?: number | undefined; }'.
                Type 'FieldValues' is missing the following properties from type '{ description: string; method: "annual" | "monthly"; input_type: "consumption" | "direct_loss"; jan?: number | undefined; feb?: number | undefined; mar?: number | undefined; apr?: number | undefined; ... 8 more ...; annual_mwh?: number | undefined; }': description, method, input_type
src/components/forms/TdLossesForm.tsx(280,75): error TS2345: Argument of type '(data: { description: string; co2_emissions: number; ch4_emissions: number; n2o_emissions: number; biogenic_co2_emissions: number; }) => void' is not assignable to parameter of type 'SubmitHandler<TFieldValues>'.
  Types of parameters 'data' and 'data' are incompatible.
    Type 'TFieldValues' is not assignable to type '{ description: string; co2_emissions: number; ch4_emissions: number; n2o_emissions: number; biogenic_co2_emissions: number; }'.
      Type 'FieldValues' is missing the following properties from type '{ description: string; co2_emissions: number; ch4_emissions: number; n2o_emissions: number; biogenic_co2_emissions: number; }': description, co2_emissions, ch4_emissions, n2o_emissions, biogenic_co2_emissions
src/components/forms/TdLossesForm.tsx(281,48): error TS2322: Type 'Control<{ description: string; co2_emissions: number; ch4_emissions: number; n2o_emissions: number; biogenic_co2_emissions: number; }, any, TFieldValues>' is not assignable to type 'Control<{ description: string; co2_emissions: number; ch4_emissions: number; n2o_emissions: number; biogenic_co2_emissions: number; }, any, { description: string; co2_emissions: number; ch4_emissions: number; n2o_emissions: number; biogenic_co2_emissions: number; }>'.
  The types of '_options.resolver' are incompatible between these types.
    Type 'Resolver<{ description: string; co2_emissions: number; ch4_emissions: number; n2o_emissions: number; biogenic_co2_emissions: number; }, any, TFieldValues> | undefined' is not assignable to type 'Resolver<{ description: string; co2_emissions: number; ch4_emissions: number; n2o_emissions: number; biogenic_co2_emissions: number; }, any, { description: string; co2_emissions: number; ch4_emissions: number; n2o_emissions: number; biogenic_co2_emissions: number; }> | undefined'.
      Type 'Resolver<{ description: string; co2_emissions: number; ch4_emissions: number; n2o_emissions: number; biogenic_co2_emissions: number; }, any, TFieldValues>' is not assignable to type 'Resolver<{ description: string; co2_emissions: number; ch4_emissions: number; n2o_emissions: number; biogenic_co2_emissions: number; }, any, { description: string; co2_emissions: number; ch4_emissions: number; n2o_emissions: number; biogenic_co2_emissions: number; }>'.
        Type 'ResolverResult<{ description: string; co2_emissions: number; ch4_emissions: number; n2o_emissions: number; biogenic_co2_emissions: number; }, TFieldValues> | Promise<...>' is not assignable to type 'ResolverResult<{ description: string; co2_emissions: number; ch4_emissions: number; n2o_emissions: number; biogenic_co2_emissions: number; }, { description: string; co2_emissions: number; ch4_emissions: number; n2o_emissions: number; biogenic_co2_emissions: number; }> | Promise<...>'.
          Type 'ResolverSuccess<TFieldValues>' is not assignable to type 'ResolverResult<{ description: string; co2_emissions: number; ch4_emissions: number; n2o_emissions: number; biogenic_co2_emissions: number; }, { description: string; co2_emissions: number; ch4_emissions: number; n2o_emissions: number; biogenic_co2_emissions: number; }> | Promise<...>'.
            Type 'ResolverSuccess<TFieldValues>' is not assignable to type 'ResolverSuccess<{ description: string; co2_emissions: number; ch4_emissions: number; n2o_emissions: number; biogenic_co2_emissions: number; }>'.
              Type 'TFieldValues' is not assignable to type '{ description: string; co2_emissions: number; ch4_emissions: number; n2o_emissions: number; biogenic_co2_emissions: number; }'.
                Type 'FieldValues' is missing the following properties from type '{ description: string; co2_emissions: number; ch4_emissions: number; n2o_emissions: number; biogenic_co2_emissions: number; }': description, co2_emissions, ch4_emissions, n2o_emissions, biogenic_co2_emissions
src/components/forms/TdLossesForm.tsx(286,52): error TS2322: Type 'Control<{ description: string; co2_emissions: number; ch4_emissions: number; n2o_emissions: number; biogenic_co2_emissions: number; }, any, TFieldValues>' is not assignable to type 'Control<{ description: string; co2_emissions: number; ch4_emissions: number; n2o_emissions: number; biogenic_co2_emissions: number; }, any, { description: string; co2_emissions: number; ch4_emissions: number; n2o_emissions: number; biogenic_co2_emissions: number; }>'.
  The types of '_options.resolver' are incompatible between these types.
    Type 'Resolver<{ description: string; co2_emissions: number; ch4_emissions: number; n2o_emissions: number; biogenic_co2_emissions: number; }, any, TFieldValues> | undefined' is not assignable to type 'Resolver<{ description: string; co2_emissions: number; ch4_emissions: number; n2o_emissions: number; biogenic_co2_emissions: number; }, any, { description: string; co2_emissions: number; ch4_emissions: number; n2o_emissions: number; biogenic_co2_emissions: number; }> | undefined'.
      Type 'Resolver<{ description: string; co2_emissions: number; ch4_emissions: number; n2o_emissions: number; biogenic_co2_emissions: number; }, any, TFieldValues>' is not assignable to type 'Resolver<{ description: string; co2_emissions: number; ch4_emissions: number; n2o_emissions: number; biogenic_co2_emissions: number; }, any, { description: string; co2_emissions: number; ch4_emissions: number; n2o_emissions: number; biogenic_co2_emissions: number; }>'.
        Type 'ResolverResult<{ description: string; co2_emissions: number; ch4_emissions: number; n2o_emissions: number; biogenic_co2_emissions: number; }, TFieldValues> | Promise<...>' is not assignable to type 'ResolverResult<{ description: string; co2_emissions: number; ch4_emissions: number; n2o_emissions: number; biogenic_co2_emissions: number; }, { description: string; co2_emissions: number; ch4_emissions: number; n2o_emissions: number; biogenic_co2_emissions: number; }> | Promise<...>'.
          Type 'ResolverSuccess<TFieldValues>' is not assignable to type 'ResolverResult<{ description: string; co2_emissions: number; ch4_emissions: number; n2o_emissions: number; biogenic_co2_emissions: number; }, { description: string; co2_emissions: number; ch4_emissions: number; n2o_emissions: number; biogenic_co2_emissions: number; }> | Promise<...>'.
            Type 'ResolverSuccess<TFieldValues>' is not assignable to type 'ResolverSuccess<{ description: string; co2_emissions: number; ch4_emissions: number; n2o_emissions: number; biogenic_co2_emissions: number; }>'.
              Type 'TFieldValues' is not assignable to type '{ description: string; co2_emissions: number; ch4_emissions: number; n2o_emissions: number; biogenic_co2_emissions: number; }'.
                Type 'FieldValues' is missing the following properties from type '{ description: string; co2_emissions: number; ch4_emissions: number; n2o_emissions: number; biogenic_co2_emissions: number; }': description, co2_emissions, ch4_emissions, n2o_emissions, biogenic_co2_emissions
src/components/forms/TdLossesForm.tsx(289,52): error TS2322: Type 'Control<{ description: string; co2_emissions: number; ch4_emissions: number; n2o_emissions: number; biogenic_co2_emissions: number; }, any, TFieldValues>' is not assignable to type 'Control<{ description: string; co2_emissions: number; ch4_emissions: number; n2o_emissions: number; biogenic_co2_emissions: number; }, any, { description: string; co2_emissions: number; ch4_emissions: number; n2o_emissions: number; biogenic_co2_emissions: number; }>'.
  The types of '_options.resolver' are incompatible between these types.
    Type 'Resolver<{ description: string; co2_emissions: number; ch4_emissions: number; n2o_emissions: number; biogenic_co2_emissions: number; }, any, TFieldValues> | undefined' is not assignable to type 'Resolver<{ description: string; co2_emissions: number; ch4_emissions: number; n2o_emissions: number; biogenic_co2_emissions: number; }, any, { description: string; co2_emissions: number; ch4_emissions: number; n2o_emissions: number; biogenic_co2_emissions: number; }> | undefined'.
      Type 'Resolver<{ description: string; co2_emissions: number; ch4_emissions: number; n2o_emissions: number; biogenic_co2_emissions: number; }, any, TFieldValues>' is not assignable to type 'Resolver<{ description: string; co2_emissions: number; ch4_emissions: number; n2o_emissions: number; biogenic_co2_emissions: number; }, any, { description: string; co2_emissions: number; ch4_emissions: number; n2o_emissions: number; biogenic_co2_emissions: number; }>'.
        Type 'ResolverResult<{ description: string; co2_emissions: number; ch4_emissions: number; n2o_emissions: number; biogenic_co2_emissions: number; }, TFieldValues> | Promise<...>' is not assignable to type 'ResolverResult<{ description: string; co2_emissions: number; ch4_emissions: number; n2o_emissions: number; biogenic_co2_emissions: number; }, { description: string; co2_emissions: number; ch4_emissions: number; n2o_emissions: number; biogenic_co2_emissions: number; }> | Promise<...>'.
          Type 'ResolverSuccess<TFieldValues>' is not assignable to type 'ResolverResult<{ description: string; co2_emissions: number; ch4_emissions: number; n2o_emissions: number; biogenic_co2_emissions: number; }, { description: string; co2_emissions: number; ch4_emissions: number; n2o_emissions: number; biogenic_co2_emissions: number; }> | Promise<...>'.
            Type 'ResolverSuccess<TFieldValues>' is not assignable to type 'ResolverSuccess<{ description: string; co2_emissions: number; ch4_emissions: number; n2o_emissions: number; biogenic_co2_emissions: number; }>'.
              Type 'TFieldValues' is not assignable to type '{ description: string; co2_emissions: number; ch4_emissions: number; n2o_emissions: number; biogenic_co2_emissions: number; }'.
                Type 'FieldValues' is missing the following properties from type '{ description: string; co2_emissions: number; ch4_emissions: number; n2o_emissions: number; biogenic_co2_emissions: number; }': description, co2_emissions, ch4_emissions, n2o_emissions, biogenic_co2_emissions
src/components/forms/TdLossesForm.tsx(292,52): error TS2322: Type 'Control<{ description: string; co2_emissions: number; ch4_emissions: number; n2o_emissions: number; biogenic_co2_emissions: number; }, any, TFieldValues>' is not assignable to type 'Control<{ description: string; co2_emissions: number; ch4_emissions: number; n2o_emissions: number; biogenic_co2_emissions: number; }, any, { description: string; co2_emissions: number; ch4_emissions: number; n2o_emissions: number; biogenic_co2_emissions: number; }>'.
  The types of '_options.resolver' are incompatible between these types.
    Type 'Resolver<{ description: string; co2_emissions: number; ch4_emissions: number; n2o_emissions: number; biogenic_co2_emissions: number; }, any, TFieldValues> | undefined' is not assignable to type 'Resolver<{ description: string; co2_emissions: number; ch4_emissions: number; n2o_emissions: number; biogenic_co2_emissions: number; }, any, { description: string; co2_emissions: number; ch4_emissions: number; n2o_emissions: number; biogenic_co2_emissions: number; }> | undefined'.
      Type 'Resolver<{ description: string; co2_emissions: number; ch4_emissions: number; n2o_emissions: number; biogenic_co2_emissions: number; }, any, TFieldValues>' is not assignable to type 'Resolver<{ description: string; co2_emissions: number; ch4_emissions: number; n2o_emissions: number; biogenic_co2_emissions: number; }, any, { description: string; co2_emissions: number; ch4_emissions: number; n2o_emissions: number; biogenic_co2_emissions: number; }>'.
        Type 'ResolverResult<{ description: string; co2_emissions: number; ch4_emissions: number; n2o_emissions: number; biogenic_co2_emissions: number; }, TFieldValues> | Promise<...>' is not assignable to type 'ResolverResult<{ description: string; co2_emissions: number; ch4_emissions: number; n2o_emissions: number; biogenic_co2_emissions: number; }, { description: string; co2_emissions: number; ch4_emissions: number; n2o_emissions: number; biogenic_co2_emissions: number; }> | Promise<...>'.
          Type 'ResolverSuccess<TFieldValues>' is not assignable to type 'ResolverResult<{ description: string; co2_emissions: number; ch4_emissions: number; n2o_emissions: number; biogenic_co2_emissions: number; }, { description: string; co2_emissions: number; ch4_emissions: number; n2o_emissions: number; biogenic_co2_emissions: number; }> | Promise<...>'.
            Type 'ResolverSuccess<TFieldValues>' is not assignable to type 'ResolverSuccess<{ description: string; co2_emissions: number; ch4_emissions: number; n2o_emissions: number; biogenic_co2_emissions: number; }>'.
              Type 'TFieldValues' is not assignable to type '{ description: string; co2_emissions: number; ch4_emissions: number; n2o_emissions: number; biogenic_co2_emissions: number; }'.
                Type 'FieldValues' is missing the following properties from type '{ description: string; co2_emissions: number; ch4_emissions: number; n2o_emissions: number; biogenic_co2_emissions: number; }': description, co2_emissions, ch4_emissions, n2o_emissions, biogenic_co2_emissions
src/components/forms/TdLossesForm.tsx(296,48): error TS2322: Type 'Control<{ description: string; co2_emissions: number; ch4_emissions: number; n2o_emissions: number; biogenic_co2_emissions: number; }, any, TFieldValues>' is not assignable to type 'Control<{ description: string; co2_emissions: number; ch4_emissions: number; n2o_emissions: number; biogenic_co2_emissions: number; }, any, { description: string; co2_emissions: number; ch4_emissions: number; n2o_emissions: number; biogenic_co2_emissions: number; }>'.
  The types of '_options.resolver' are incompatible between these types.
    Type 'Resolver<{ description: string; co2_emissions: number; ch4_emissions: number; n2o_emissions: number; biogenic_co2_emissions: number; }, any, TFieldValues> | undefined' is not assignable to type 'Resolver<{ description: string; co2_emissions: number; ch4_emissions: number; n2o_emissions: number; biogenic_co2_emissions: number; }, any, { description: string; co2_emissions: number; ch4_emissions: number; n2o_emissions: number; biogenic_co2_emissions: number; }> | undefined'.
      Type 'Resolver<{ description: string; co2_emissions: number; ch4_emissions: number; n2o_emissions: number; biogenic_co2_emissions: number; }, any, TFieldValues>' is not assignable to type 'Resolver<{ description: string; co2_emissions: number; ch4_emissions: number; n2o_emissions: number; biogenic_co2_emissions: number; }, any, { description: string; co2_emissions: number; ch4_emissions: number; n2o_emissions: number; biogenic_co2_emissions: number; }>'.
        Type 'ResolverResult<{ description: string; co2_emissions: number; ch4_emissions: number; n2o_emissions: number; biogenic_co2_emissions: number; }, TFieldValues> | Promise<...>' is not assignable to type 'ResolverResult<{ description: string; co2_emissions: number; ch4_emissions: number; n2o_emissions: number; biogenic_co2_emissions: number; }, { description: string; co2_emissions: number; ch4_emissions: number; n2o_emissions: number; biogenic_co2_emissions: number; }> | Promise<...>'.
          Type 'ResolverSuccess<TFieldValues>' is not assignable to type 'ResolverResult<{ description: string; co2_emissions: number; ch4_emissions: number; n2o_emissions: number; biogenic_co2_emissions: number; }, { description: string; co2_emissions: number; ch4_emissions: number; n2o_emissions: number; biogenic_co2_emissions: number; }> | Promise<...>'.
            Type 'ResolverSuccess<TFieldValues>' is not assignable to type 'ResolverSuccess<{ description: string; co2_emissions: number; ch4_emissions: number; n2o_emissions: number; biogenic_co2_emissions: number; }>'.
              Type 'TFieldValues' is not assignable to type '{ description: string; co2_emissions: number; ch4_emissions: number; n2o_emissions: number; biogenic_co2_emissions: number; }'.
                Type 'FieldValues' is missing the following properties from type '{ description: string; co2_emissions: number; ch4_emissions: number; n2o_emissions: number; biogenic_co2_emissions: number; }': description, co2_emissions, ch4_emissions, n2o_emissions, biogenic_co2_emissions
src/components/forms/ThermalEnergyForm.tsx(63,9): error TS2322: Type 'Resolver<{ description: string; fuel_id: string; steam_purchased_gj: unknown; boiler_efficiency?: unknown; custom_co2?: unknown; custom_ch4?: unknown; custom_n2o?: unknown; }, any, { description: string; fuel_id: string; steam_purchased_gj: number; boiler_efficiency: number; custom_co2?: number | undefined; custom_c...' is not assignable to type 'Resolver<{ description: string; fuel_id: string; steam_purchased_gj: number; boiler_efficiency: number; custom_co2?: number | undefined; custom_ch4?: number | undefined; custom_n2o?: number | undefined; }, any, { ...; }>'.
  Types of parameters 'options' and 'options' are incompatible.
    Type 'ResolverOptions<{ description: string; fuel_id: string; steam_purchased_gj: number; boiler_efficiency: number; custom_co2?: number | undefined; custom_ch4?: number | undefined; custom_n2o?: number | undefined; }>' is not assignable to type 'ResolverOptions<{ description: string; fuel_id: string; steam_purchased_gj: unknown; boiler_efficiency?: unknown; custom_co2?: unknown; custom_ch4?: unknown; custom_n2o?: unknown; }>'.
      Type 'unknown' is not assignable to type 'number'.
src/components/forms/ThermalEnergyForm.tsx(129,59): error TS2345: Argument of type '(data: { description: string; fuel_id: string; steam_purchased_gj: number; boiler_efficiency: number; custom_co2?: number | undefined; custom_ch4?: number | undefined; custom_n2o?: number | undefined; }) => void' is not assignable to parameter of type 'SubmitHandler<TFieldValues>'.
  Types of parameters 'data' and 'data' are incompatible.
    Type 'TFieldValues' is not assignable to type '{ description: string; fuel_id: string; steam_purchased_gj: number; boiler_efficiency: number; custom_co2?: number | undefined; custom_ch4?: number | undefined; custom_n2o?: number | undefined; }'.
      Type 'FieldValues' is missing the following properties from type '{ description: string; fuel_id: string; steam_purchased_gj: number; boiler_efficiency: number; custom_co2?: number | undefined; custom_ch4?: number | undefined; custom_n2o?: number | undefined; }': description, fuel_id, steam_purchased_gj, boiler_efficiency
src/components/forms/ThermalEnergyForm.tsx(130,40): error TS2322: Type 'Control<{ description: string; fuel_id: string; steam_purchased_gj: number; boiler_efficiency: number; custom_co2?: number | undefined; custom_ch4?: number | undefined; custom_n2o?: number | undefined; }, any, TFieldValues>' is not assignable to type 'Control<{ description: string; fuel_id: string; steam_purchased_gj: number; boiler_efficiency: number; custom_co2?: number | undefined; custom_ch4?: number | undefined; custom_n2o?: number | undefined; }, any, { ...; }>'.
  The types of '_options.resolver' are incompatible between these types.
    Type 'Resolver<{ description: string; fuel_id: string; steam_purchased_gj: number; boiler_efficiency: number; custom_co2?: number | undefined; custom_ch4?: number | undefined; custom_n2o?: number | undefined; }, any, TFieldValues> | undefined' is not assignable to type 'Resolver<{ description: string; fuel_id: string; steam_purchased_gj: number; boiler_efficiency: number; custom_co2?: number | undefined; custom_ch4?: number | undefined; custom_n2o?: number | undefined; }, any, { ...; }> | undefined'.
      Type 'Resolver<{ description: string; fuel_id: string; steam_purchased_gj: number; boiler_efficiency: number; custom_co2?: number | undefined; custom_ch4?: number | undefined; custom_n2o?: number | undefined; }, any, TFieldValues>' is not assignable to type 'Resolver<{ description: string; fuel_id: string; steam_purchased_gj: number; boiler_efficiency: number; custom_co2?: number | undefined; custom_ch4?: number | undefined; custom_n2o?: number | undefined; }, any, { ...; }>'.
        Type 'ResolverResult<{ description: string; fuel_id: string; steam_purchased_gj: number; boiler_efficiency: number; custom_co2?: number | undefined; custom_ch4?: number | undefined; custom_n2o?: number | undefined; }, TFieldValues> | Promise<...>' is not assignable to type 'ResolverResult<{ description: string; fuel_id: string; steam_purchased_gj: number; boiler_efficiency: number; custom_co2?: number | undefined; custom_ch4?: number | undefined; custom_n2o?: number | undefined; }, { ...; }> | Promise<...>'.
          Type 'ResolverSuccess<TFieldValues>' is not assignable to type 'ResolverResult<{ description: string; fuel_id: string; steam_purchased_gj: number; boiler_efficiency: number; custom_co2?: number | undefined; custom_ch4?: number | undefined; custom_n2o?: number | undefined; }, { ...; }> | Promise<...>'.
            Type 'ResolverSuccess<TFieldValues>' is not assignable to type 'ResolverSuccess<{ description: string; fuel_id: string; steam_purchased_gj: number; boiler_efficiency: number; custom_co2?: number | undefined; custom_ch4?: number | undefined; custom_n2o?: number | undefined; }>'.
              Type 'TFieldValues' is not assignable to type '{ description: string; fuel_id: string; steam_purchased_gj: number; boiler_efficiency: number; custom_co2?: number | undefined; custom_ch4?: number | undefined; custom_n2o?: number | undefined; }'.
                Type 'FieldValues' is missing the following properties from type '{ description: string; fuel_id: string; steam_purchased_gj: number; boiler_efficiency: number; custom_co2?: number | undefined; custom_ch4?: number | undefined; custom_n2o?: number | undefined; }': description, fuel_id, steam_purchased_gj, boiler_efficiency
src/components/forms/ThermalEnergyForm.tsx(135,44): error TS2322: Type 'Control<{ description: string; fuel_id: string; steam_purchased_gj: number; boiler_efficiency: number; custom_co2?: number | undefined; custom_ch4?: number | undefined; custom_n2o?: number | undefined; }, any, TFieldValues>' is not assignable to type 'Control<{ description: string; fuel_id: string; steam_purchased_gj: number; boiler_efficiency: number; custom_co2?: number | undefined; custom_ch4?: number | undefined; custom_n2o?: number | undefined; }, any, { ...; }>'.
  The types of '_options.resolver' are incompatible between these types.
    Type 'Resolver<{ description: string; fuel_id: string; steam_purchased_gj: number; boiler_efficiency: number; custom_co2?: number | undefined; custom_ch4?: number | undefined; custom_n2o?: number | undefined; }, any, TFieldValues> | undefined' is not assignable to type 'Resolver<{ description: string; fuel_id: string; steam_purchased_gj: number; boiler_efficiency: number; custom_co2?: number | undefined; custom_ch4?: number | undefined; custom_n2o?: number | undefined; }, any, { ...; }> | undefined'.
      Type 'Resolver<{ description: string; fuel_id: string; steam_purchased_gj: number; boiler_efficiency: number; custom_co2?: number | undefined; custom_ch4?: number | undefined; custom_n2o?: number | undefined; }, any, TFieldValues>' is not assignable to type 'Resolver<{ description: string; fuel_id: string; steam_purchased_gj: number; boiler_efficiency: number; custom_co2?: number | undefined; custom_ch4?: number | undefined; custom_n2o?: number | undefined; }, any, { ...; }>'.
        Type 'ResolverResult<{ description: string; fuel_id: string; steam_purchased_gj: number; boiler_efficiency: number; custom_co2?: number | undefined; custom_ch4?: number | undefined; custom_n2o?: number | undefined; }, TFieldValues> | Promise<...>' is not assignable to type 'ResolverResult<{ description: string; fuel_id: string; steam_purchased_gj: number; boiler_efficiency: number; custom_co2?: number | undefined; custom_ch4?: number | undefined; custom_n2o?: number | undefined; }, { ...; }> | Promise<...>'.
          Type 'ResolverSuccess<TFieldValues>' is not assignable to type 'ResolverResult<{ description: string; fuel_id: string; steam_purchased_gj: number; boiler_efficiency: number; custom_co2?: number | undefined; custom_ch4?: number | undefined; custom_n2o?: number | undefined; }, { ...; }> | Promise<...>'.
            Type 'ResolverSuccess<TFieldValues>' is not assignable to type 'ResolverSuccess<{ description: string; fuel_id: string; steam_purchased_gj: number; boiler_efficiency: number; custom_co2?: number | undefined; custom_ch4?: number | undefined; custom_n2o?: number | undefined; }>'.
              Type 'TFieldValues' is not assignable to type '{ description: string; fuel_id: string; steam_purchased_gj: number; boiler_efficiency: number; custom_co2?: number | undefined; custom_ch4?: number | undefined; custom_n2o?: number | undefined; }'.
                Type 'FieldValues' is missing the following properties from type '{ description: string; fuel_id: string; steam_purchased_gj: number; boiler_efficiency: number; custom_co2?: number | undefined; custom_ch4?: number | undefined; custom_n2o?: number | undefined; }': description, fuel_id, steam_purchased_gj, boiler_efficiency
src/components/forms/ThermalEnergyForm.tsx(149,44): error TS2322: Type 'Control<{ description: string; fuel_id: string; steam_purchased_gj: number; boiler_efficiency: number; custom_co2?: number | undefined; custom_ch4?: number | undefined; custom_n2o?: number | undefined; }, any, TFieldValues>' is not assignable to type 'Control<{ description: string; fuel_id: string; steam_purchased_gj: number; boiler_efficiency: number; custom_co2?: number | undefined; custom_ch4?: number | undefined; custom_n2o?: number | undefined; }, any, { ...; }>'.
  The types of '_options.resolver' are incompatible between these types.
    Type 'Resolver<{ description: string; fuel_id: string; steam_purchased_gj: number; boiler_efficiency: number; custom_co2?: number | undefined; custom_ch4?: number | undefined; custom_n2o?: number | undefined; }, any, TFieldValues> | undefined' is not assignable to type 'Resolver<{ description: string; fuel_id: string; steam_purchased_gj: number; boiler_efficiency: number; custom_co2?: number | undefined; custom_ch4?: number | undefined; custom_n2o?: number | undefined; }, any, { ...; }> | undefined'.
      Type 'Resolver<{ description: string; fuel_id: string; steam_purchased_gj: number; boiler_efficiency: number; custom_co2?: number | undefined; custom_ch4?: number | undefined; custom_n2o?: number | undefined; }, any, TFieldValues>' is not assignable to type 'Resolver<{ description: string; fuel_id: string; steam_purchased_gj: number; boiler_efficiency: number; custom_co2?: number | undefined; custom_ch4?: number | undefined; custom_n2o?: number | undefined; }, any, { ...; }>'.
        Type 'ResolverResult<{ description: string; fuel_id: string; steam_purchased_gj: number; boiler_efficiency: number; custom_co2?: number | undefined; custom_ch4?: number | undefined; custom_n2o?: number | undefined; }, TFieldValues> | Promise<...>' is not assignable to type 'ResolverResult<{ description: string; fuel_id: string; steam_purchased_gj: number; boiler_efficiency: number; custom_co2?: number | undefined; custom_ch4?: number | undefined; custom_n2o?: number | undefined; }, { ...; }> | Promise<...>'.
          Type 'ResolverSuccess<TFieldValues>' is not assignable to type 'ResolverResult<{ description: string; fuel_id: string; steam_purchased_gj: number; boiler_efficiency: number; custom_co2?: number | undefined; custom_ch4?: number | undefined; custom_n2o?: number | undefined; }, { ...; }> | Promise<...>'.
            Type 'ResolverSuccess<TFieldValues>' is not assignable to type 'ResolverSuccess<{ description: string; fuel_id: string; steam_purchased_gj: number; boiler_efficiency: number; custom_co2?: number | undefined; custom_ch4?: number | undefined; custom_n2o?: number | undefined; }>'.
              Type 'TFieldValues' is not assignable to type '{ description: string; fuel_id: string; steam_purchased_gj: number; boiler_efficiency: number; custom_co2?: number | undefined; custom_ch4?: number | undefined; custom_n2o?: number | undefined; }'.
                Type 'FieldValues' is missing the following properties from type '{ description: string; fuel_id: string; steam_purchased_gj: number; boiler_efficiency: number; custom_co2?: number | undefined; custom_ch4?: number | undefined; custom_n2o?: number | undefined; }': description, fuel_id, steam_purchased_gj, boiler_efficiency
src/components/forms/ThermalEnergyForm.tsx(159,40): error TS2322: Type 'Control<{ description: string; fuel_id: string; steam_purchased_gj: number; boiler_efficiency: number; custom_co2?: number | undefined; custom_ch4?: number | undefined; custom_n2o?: number | undefined; }, any, TFieldValues>' is not assignable to type 'Control<{ description: string; fuel_id: string; steam_purchased_gj: number; boiler_efficiency: number; custom_co2?: number | undefined; custom_ch4?: number | undefined; custom_n2o?: number | undefined; }, any, { ...; }>'.
  The types of '_options.resolver' are incompatible between these types.
    Type 'Resolver<{ description: string; fuel_id: string; steam_purchased_gj: number; boiler_efficiency: number; custom_co2?: number | undefined; custom_ch4?: number | undefined; custom_n2o?: number | undefined; }, any, TFieldValues> | undefined' is not assignable to type 'Resolver<{ description: string; fuel_id: string; steam_purchased_gj: number; boiler_efficiency: number; custom_co2?: number | undefined; custom_ch4?: number | undefined; custom_n2o?: number | undefined; }, any, { ...; }> | undefined'.
      Type 'Resolver<{ description: string; fuel_id: string; steam_purchased_gj: number; boiler_efficiency: number; custom_co2?: number | undefined; custom_ch4?: number | undefined; custom_n2o?: number | undefined; }, any, TFieldValues>' is not assignable to type 'Resolver<{ description: string; fuel_id: string; steam_purchased_gj: number; boiler_efficiency: number; custom_co2?: number | undefined; custom_ch4?: number | undefined; custom_n2o?: number | undefined; }, any, { ...; }>'.
        Type 'ResolverResult<{ description: string; fuel_id: string; steam_purchased_gj: number; boiler_efficiency: number; custom_co2?: number | undefined; custom_ch4?: number | undefined; custom_n2o?: number | undefined; }, TFieldValues> | Promise<...>' is not assignable to type 'ResolverResult<{ description: string; fuel_id: string; steam_purchased_gj: number; boiler_efficiency: number; custom_co2?: number | undefined; custom_ch4?: number | undefined; custom_n2o?: number | undefined; }, { ...; }> | Promise<...>'.
          Type 'ResolverSuccess<TFieldValues>' is not assignable to type 'ResolverResult<{ description: string; fuel_id: string; steam_purchased_gj: number; boiler_efficiency: number; custom_co2?: number | undefined; custom_ch4?: number | undefined; custom_n2o?: number | undefined; }, { ...; }> | Promise<...>'.
            Type 'ResolverSuccess<TFieldValues>' is not assignable to type 'ResolverSuccess<{ description: string; fuel_id: string; steam_purchased_gj: number; boiler_efficiency: number; custom_co2?: number | undefined; custom_ch4?: number | undefined; custom_n2o?: number | undefined; }>'.
              Type 'TFieldValues' is not assignable to type '{ description: string; fuel_id: string; steam_purchased_gj: number; boiler_efficiency: number; custom_co2?: number | undefined; custom_ch4?: number | undefined; custom_n2o?: number | undefined; }'.
                Type 'FieldValues' is missing the following properties from type '{ description: string; fuel_id: string; steam_purchased_gj: number; boiler_efficiency: number; custom_co2?: number | undefined; custom_ch4?: number | undefined; custom_n2o?: number | undefined; }': description, fuel_id, steam_purchased_gj, boiler_efficiency
src/components/forms/ThermalEnergyForm.tsx(173,52): error TS2322: Type 'Control<{ description: string; fuel_id: string; steam_purchased_gj: number; boiler_efficiency: number; custom_co2?: number | undefined; custom_ch4?: number | undefined; custom_n2o?: number | undefined; }, any, TFieldValues>' is not assignable to type 'Control<{ description: string; fuel_id: string; steam_purchased_gj: number; boiler_efficiency: number; custom_co2?: number | undefined; custom_ch4?: number | undefined; custom_n2o?: number | undefined; }, any, { ...; }>'.
  The types of '_options.resolver' are incompatible between these types.
    Type 'Resolver<{ description: string; fuel_id: string; steam_purchased_gj: number; boiler_efficiency: number; custom_co2?: number | undefined; custom_ch4?: number | undefined; custom_n2o?: number | undefined; }, any, TFieldValues> | undefined' is not assignable to type 'Resolver<{ description: string; fuel_id: string; steam_purchased_gj: number; boiler_efficiency: number; custom_co2?: number | undefined; custom_ch4?: number | undefined; custom_n2o?: number | undefined; }, any, { ...; }> | undefined'.
      Type 'Resolver<{ description: string; fuel_id: string; steam_purchased_gj: number; boiler_efficiency: number; custom_co2?: number | undefined; custom_ch4?: number | undefined; custom_n2o?: number | undefined; }, any, TFieldValues>' is not assignable to type 'Resolver<{ description: string; fuel_id: string; steam_purchased_gj: number; boiler_efficiency: number; custom_co2?: number | undefined; custom_ch4?: number | undefined; custom_n2o?: number | undefined; }, any, { ...; }>'.
        Type 'ResolverResult<{ description: string; fuel_id: string; steam_purchased_gj: number; boiler_efficiency: number; custom_co2?: number | undefined; custom_ch4?: number | undefined; custom_n2o?: number | undefined; }, TFieldValues> | Promise<...>' is not assignable to type 'ResolverResult<{ description: string; fuel_id: string; steam_purchased_gj: number; boiler_efficiency: number; custom_co2?: number | undefined; custom_ch4?: number | undefined; custom_n2o?: number | undefined; }, { ...; }> | Promise<...>'.
          Type 'ResolverSuccess<TFieldValues>' is not assignable to type 'ResolverResult<{ description: string; fuel_id: string; steam_purchased_gj: number; boiler_efficiency: number; custom_co2?: number | undefined; custom_ch4?: number | undefined; custom_n2o?: number | undefined; }, { ...; }> | Promise<...>'.
            Type 'ResolverSuccess<TFieldValues>' is not assignable to type 'ResolverSuccess<{ description: string; fuel_id: string; steam_purchased_gj: number; boiler_efficiency: number; custom_co2?: number | undefined; custom_ch4?: number | undefined; custom_n2o?: number | undefined; }>'.
              Type 'TFieldValues' is not assignable to type '{ description: string; fuel_id: string; steam_purchased_gj: number; boiler_efficiency: number; custom_co2?: number | undefined; custom_ch4?: number | undefined; custom_n2o?: number | undefined; }'.
                Type 'FieldValues' is missing the following properties from type '{ description: string; fuel_id: string; steam_purchased_gj: number; boiler_efficiency: number; custom_co2?: number | undefined; custom_ch4?: number | undefined; custom_n2o?: number | undefined; }': description, fuel_id, steam_purchased_gj, boiler_efficiency
src/components/forms/ThermalEnergyForm.tsx(176,52): error TS2322: Type 'Control<{ description: string; fuel_id: string; steam_purchased_gj: number; boiler_efficiency: number; custom_co2?: number | undefined; custom_ch4?: number | undefined; custom_n2o?: number | undefined; }, any, TFieldValues>' is not assignable to type 'Control<{ description: string; fuel_id: string; steam_purchased_gj: number; boiler_efficiency: number; custom_co2?: number | undefined; custom_ch4?: number | undefined; custom_n2o?: number | undefined; }, any, { ...; }>'.
  The types of '_options.resolver' are incompatible between these types.
    Type 'Resolver<{ description: string; fuel_id: string; steam_purchased_gj: number; boiler_efficiency: number; custom_co2?: number | undefined; custom_ch4?: number | undefined; custom_n2o?: number | undefined; }, any, TFieldValues> | undefined' is not assignable to type 'Resolver<{ description: string; fuel_id: string; steam_purchased_gj: number; boiler_efficiency: number; custom_co2?: number | undefined; custom_ch4?: number | undefined; custom_n2o?: number | undefined; }, any, { ...; }> | undefined'.
      Type 'Resolver<{ description: string; fuel_id: string; steam_purchased_gj: number; boiler_efficiency: number; custom_co2?: number | undefined; custom_ch4?: number | undefined; custom_n2o?: number | undefined; }, any, TFieldValues>' is not assignable to type 'Resolver<{ description: string; fuel_id: string; steam_purchased_gj: number; boiler_efficiency: number; custom_co2?: number | undefined; custom_ch4?: number | undefined; custom_n2o?: number | undefined; }, any, { ...; }>'.
        Type 'ResolverResult<{ description: string; fuel_id: string; steam_purchased_gj: number; boiler_efficiency: number; custom_co2?: number | undefined; custom_ch4?: number | undefined; custom_n2o?: number | undefined; }, TFieldValues> | Promise<...>' is not assignable to type 'ResolverResult<{ description: string; fuel_id: string; steam_purchased_gj: number; boiler_efficiency: number; custom_co2?: number | undefined; custom_ch4?: number | undefined; custom_n2o?: number | undefined; }, { ...; }> | Promise<...>'.
          Type 'ResolverSuccess<TFieldValues>' is not assignable to type 'ResolverResult<{ description: string; fuel_id: string; steam_purchased_gj: number; boiler_efficiency: number; custom_co2?: number | undefined; custom_ch4?: number | undefined; custom_n2o?: number | undefined; }, { ...; }> | Promise<...>'.
            Type 'ResolverSuccess<TFieldValues>' is not assignable to type 'ResolverSuccess<{ description: string; fuel_id: string; steam_purchased_gj: number; boiler_efficiency: number; custom_co2?: number | undefined; custom_ch4?: number | undefined; custom_n2o?: number | undefined; }>'.
              Type 'TFieldValues' is not assignable to type '{ description: string; fuel_id: string; steam_purchased_gj: number; boiler_efficiency: number; custom_co2?: number | undefined; custom_ch4?: number | undefined; custom_n2o?: number | undefined; }'.
                Type 'FieldValues' is missing the following properties from type '{ description: string; fuel_id: string; steam_purchased_gj: number; boiler_efficiency: number; custom_co2?: number | undefined; custom_ch4?: number | undefined; custom_n2o?: number | undefined; }': description, fuel_id, steam_purchased_gj, boiler_efficiency
src/components/forms/ThermalEnergyForm.tsx(179,52): error TS2322: Type 'Control<{ description: string; fuel_id: string; steam_purchased_gj: number; boiler_efficiency: number; custom_co2?: number | undefined; custom_ch4?: number | undefined; custom_n2o?: number | undefined; }, any, TFieldValues>' is not assignable to type 'Control<{ description: string; fuel_id: string; steam_purchased_gj: number; boiler_efficiency: number; custom_co2?: number | undefined; custom_ch4?: number | undefined; custom_n2o?: number | undefined; }, any, { ...; }>'.
  The types of '_options.resolver' are incompatible between these types.
    Type 'Resolver<{ description: string; fuel_id: string; steam_purchased_gj: number; boiler_efficiency: number; custom_co2?: number | undefined; custom_ch4?: number | undefined; custom_n2o?: number | undefined; }, any, TFieldValues> | undefined' is not assignable to type 'Resolver<{ description: string; fuel_id: string; steam_purchased_gj: number; boiler_efficiency: number; custom_co2?: number | undefined; custom_ch4?: number | undefined; custom_n2o?: number | undefined; }, any, { ...; }> | undefined'.
      Type 'Resolver<{ description: string; fuel_id: string; steam_purchased_gj: number; boiler_efficiency: number; custom_co2?: number | undefined; custom_ch4?: number | undefined; custom_n2o?: number | undefined; }, any, TFieldValues>' is not assignable to type 'Resolver<{ description: string; fuel_id: string; steam_purchased_gj: number; boiler_efficiency: number; custom_co2?: number | undefined; custom_ch4?: number | undefined; custom_n2o?: number | undefined; }, any, { ...; }>'.
        Type 'ResolverResult<{ description: string; fuel_id: string; steam_purchased_gj: number; boiler_efficiency: number; custom_co2?: number | undefined; custom_ch4?: number | undefined; custom_n2o?: number | undefined; }, TFieldValues> | Promise<...>' is not assignable to type 'ResolverResult<{ description: string; fuel_id: string; steam_purchased_gj: number; boiler_efficiency: number; custom_co2?: number | undefined; custom_ch4?: number | undefined; custom_n2o?: number | undefined; }, { ...; }> | Promise<...>'.
          Type 'ResolverSuccess<TFieldValues>' is not assignable to type 'ResolverResult<{ description: string; fuel_id: string; steam_purchased_gj: number; boiler_efficiency: number; custom_co2?: number | undefined; custom_ch4?: number | undefined; custom_n2o?: number | undefined; }, { ...; }> | Promise<...>'.
            Type 'ResolverSuccess<TFieldValues>' is not assignable to type 'ResolverSuccess<{ description: string; fuel_id: string; steam_purchased_gj: number; boiler_efficiency: number; custom_co2?: number | undefined; custom_ch4?: number | undefined; custom_n2o?: number | undefined; }>'.
              Type 'TFieldValues' is not assignable to type '{ description: string; fuel_id: string; steam_purchased_gj: number; boiler_efficiency: number; custom_co2?: number | undefined; custom_ch4?: number | undefined; custom_n2o?: number | undefined; }'.
                Type 'FieldValues' is missing the following properties from type '{ description: string; fuel_id: string; steam_purchased_gj: number; boiler_efficiency: number; custom_co2?: number | undefined; custom_ch4?: number | undefined; custom_n2o?: number | undefined; }': description, fuel_id, steam_purchased_gj, boiler_efficiency
src/components/forms/UpstreamTransportForm.tsx(96,9): error TS2322: Type 'Resolver<{ description?: string | undefined; date?: string | undefined; road_calc_method?: string | undefined; road_fuel_id?: string | undefined; road_fuel_amount?: unknown; road_dist_vehicle_type?: string | undefined; ... 22 more ...; air_fuel_amount?: unknown; }, any, { ...; }>' is not assignable to type 'Resolver<{ description?: string | undefined; date?: string | undefined; road_calc_method?: string | undefined; road_fuel_id?: string | undefined; road_fuel_amount?: number | undefined; ... 23 more ...; air_fuel_amount?: number | undefined; }, any, { ...; }>'.
  Types of parameters 'options' and 'options' are incompatible.
    Type 'ResolverOptions<{ description?: string | undefined; date?: string | undefined; road_calc_method?: string | undefined; road_fuel_id?: string | undefined; road_fuel_amount?: number | undefined; ... 23 more ...; air_fuel_amount?: number | undefined; }>' is not assignable to type 'ResolverOptions<{ description?: string | undefined; date?: string | undefined; road_calc_method?: string | undefined; road_fuel_id?: string | undefined; road_fuel_amount?: unknown; road_dist_vehicle_type?: string | undefined; ... 22 more ...; air_fuel_amount?: unknown; }>'.
      Type 'unknown' is not assignable to type 'number | undefined'.
src/components/forms/UpstreamTransportForm.tsx(920,74): error TS2339: Property 'calculatedCo2' does not exist on type 'EmissionEntry'.
src/components/forms/UpstreamTransportForm.tsx(921,74): error TS2339: Property 'calculatedBioCo2' does not exist on type 'EmissionEntry'.
src/components/forms/UpstreamTransportForm.tsx(922,87): error TS2339: Property 'calculatedCo2' does not exist on type 'EmissionEntry'.
src/components/forms/WasteForm.tsx(136,9): error TS2322: Type 'Resolver<{ type: "landfill"; description: string; state: string; city: string; temp_avg: unknown; precip_annual: unknown; evapo: unknown; history: { year: unknown; amount_t: unknown; mcf_type: "managed" | "unmanaged_deep" | "unmanaged_shallow" | "uncategorized"; methane_recovery_t?: unknown; }[]; composition: { ...;...' is not assignable to type 'Resolver<{ type: "landfill"; description: string; state: string; city: string; temp_avg: number; precip_annual: number; evapo: number; history: { year: number; amount_t: number; mcf_type: "managed" | "unmanaged_deep" | "unmanaged_shallow" | "uncategorized"; methane_recovery_t: number; }[]; composition: { ...; }; id?...'.
  Types of parameters 'options' and 'options' are incompatible.
    Type 'ResolverOptions<{ type: "landfill"; description: string; state: string; city: string; temp_avg: number; precip_annual: number; evapo: number; history: { year: number; amount_t: number; mcf_type: "managed" | "unmanaged_deep" | "unmanaged_shallow" | "uncategorized"; methane_recovery_t: number; }[]; composition: { ...;...' is not assignable to type 'ResolverOptions<{ type: "landfill"; description: string; state: string; city: string; temp_avg: unknown; precip_annual: unknown; evapo: unknown; history: { year: unknown; amount_t: unknown; mcf_type: "managed" | "unmanaged_deep" | "unmanaged_shallow" | "uncategorized"; methane_recovery_t?: unknown; }[]; composition:...'.
      Types of property 'names' are incompatible.
        Type 'string[] | undefined' is not assignable to type '("id" | "type" | "description" | "state" | "city" | "temp_avg" | "precip_annual" | "evapo" | "history" | "composition")[] | undefined'.
          Type 'string[]' is not assignable to type '("id" | "type" | "description" | "state" | "city" | "temp_avg" | "precip_annual" | "evapo" | "history" | "composition")[]'.
            Type 'string' is not assignable to type '"id" | "type" | "description" | "state" | "city" | "temp_avg" | "precip_annual" | "evapo" | "history" | "composition"'.
src/components/forms/WasteForm.tsx(183,9): error TS2322: Type 'Resolver<{ type: "compost"; description: string; amount_t: unknown; id?: string | undefined; recovery_ch4_t?: unknown; ch4_factor?: unknown; n2o_factor?: unknown; }, any, { type: "compost"; description: string; amount_t: number; recovery_ch4_t: number; id?: string | undefined; ch4_factor?: number | undefined; n2o_fa...' is not assignable to type 'Resolver<{ type: "compost"; description: string; amount_t: number; recovery_ch4_t: number; id?: string | undefined; ch4_factor?: number | undefined; n2o_factor?: number | undefined; }, any, { ...; }>'.
  Types of parameters 'options' and 'options' are incompatible.
    Type 'ResolverOptions<{ type: "compost"; description: string; amount_t: number; recovery_ch4_t: number; id?: string | undefined; ch4_factor?: number | undefined; n2o_factor?: number | undefined; }>' is not assignable to type 'ResolverOptions<{ type: "compost"; description: string; amount_t: unknown; id?: string | undefined; recovery_ch4_t?: unknown; ch4_factor?: unknown; n2o_factor?: unknown; }>'.
      Type 'unknown' is not assignable to type 'number'.
src/components/forms/WasteForm.tsx(204,9): error TS2322: Type 'Resolver<{ type: "incineration"; description: string; amount_t: unknown; composition: { paper?: unknown; textile?: unknown; wood?: unknown; food?: unknown; garden?: unknown; sludge?: unknown; plastic?: unknown; metal?: unknown; glass?: unknown; other?: unknown; }; id?: string | undefined; ch4_factor?: unknown; n2o_f...' is not assignable to type 'Resolver<{ type: "incineration"; description: string; amount_t: number; composition: { paper: number; textile: number; wood: number; food: number; garden: number; sludge: number; plastic: number; metal: number; glass: number; other: number; }; id?: string | undefined; ch4_factor?: number | undefined; n2o_factor?: nu...'.
  Types of parameters 'options' and 'options' are incompatible.
    Type 'ResolverOptions<{ type: "incineration"; description: string; amount_t: number; composition: { paper: number; textile: number; wood: number; food: number; garden: number; sludge: number; plastic: number; metal: number; glass: number; other: number; }; id?: string | undefined; ch4_factor?: number | undefined; n2o_fact...' is not assignable to type 'ResolverOptions<{ type: "incineration"; description: string; amount_t: unknown; composition: { paper?: unknown; textile?: unknown; wood?: unknown; food?: unknown; garden?: unknown; sludge?: unknown; plastic?: unknown; metal?: unknown; glass?: unknown; other?: unknown; }; id?: string | undefined; ch4_factor?: unknown...'.
      Types of property 'names' are incompatible.
        Type 'string[] | undefined' is not assignable to type '("id" | "type" | "description" | "amount_t" | "composition" | "ch4_factor" | "n2o_factor")[] | undefined'.
          Type 'string[]' is not assignable to type '("id" | "type" | "description" | "amount_t" | "composition" | "ch4_factor" | "n2o_factor")[]'.
            Type 'string' is not assignable to type '"id" | "type" | "description" | "amount_t" | "composition" | "ch4_factor" | "n2o_factor"'.
src/components/forms/WasteForm.tsx(228,9): error TS2322: Type 'Resolver<{ type: "other"; description: string; gas_name: string; total_emissions_tCO2e: unknown; id?: string | undefined; biogenic_emissions_tCO2e?: unknown; }, any, { type: "other"; description: string; gas_name: string; total_emissions_tCO2e: number; biogenic_emissions_tCO2e: number; id?: string | undefined; }>' is not assignable to type 'Resolver<{ type: "other"; description: string; gas_name: string; total_emissions_tCO2e: number; biogenic_emissions_tCO2e: number; id?: string | undefined; }, any, { type: "other"; description: string; gas_name: string; total_emissions_tCO2e: number; biogenic_emissions_tCO2e: number; id?: string | undefined; }>'.
  Types of parameters 'options' and 'options' are incompatible.
    Type 'ResolverOptions<{ type: "other"; description: string; gas_name: string; total_emissions_tCO2e: number; biogenic_emissions_tCO2e: number; id?: string | undefined; }>' is not assignable to type 'ResolverOptions<{ type: "other"; description: string; gas_name: string; total_emissions_tCO2e: unknown; id?: string | undefined; biogenic_emissions_tCO2e?: unknown; }>'.
      Type 'unknown' is not assignable to type 'number'.
src/components/forms/WasteForm.tsx(268,75): error TS2345: Argument of type '(data: { type: "landfill"; description: string; state: string; city: string; temp_avg: number; precip_annual: number; evapo: number; history: { year: number; amount_t: number; mcf_type: "managed" | "unmanaged_deep" | "unmanaged_shallow" | "uncategorized"; methane_recovery_t: number; }[]; composition: { ...; }; id?: ...' is not assignable to parameter of type 'SubmitHandler<TFieldValues>'.
  Types of parameters 'data' and 'data' are incompatible.
    Type 'TFieldValues' is not assignable to type '{ type: "landfill"; description: string; state: string; city: string; temp_avg: number; precip_annual: number; evapo: number; history: { year: number; amount_t: number; mcf_type: "managed" | "unmanaged_deep" | "unmanaged_shallow" | "uncategorized"; methane_recovery_t: number; }[]; composition: { ...; }; id?: string ...'.
      Type 'FieldValues' is missing the following properties from type '{ type: "landfill"; description: string; state: string; city: string; temp_avg: number; precip_annual: number; evapo: number; history: { year: number; amount_t: number; mcf_type: "managed" | "unmanaged_deep" | "unmanaged_shallow" | "uncategorized"; methane_recovery_t: number; }[]; composition: { ...; }; id?: string ...': type, description, state, city, and 5 more.
src/components/forms/WasteForm.tsx(270,52): error TS2719: Type 'import("C:/Users/CumpadiBigos/Desktop/cuiudos/lotus/ideia4-GHG/ghg2-antigravidade/ghg-saas/node_modules/react-hook-form/dist/types/form").Control<{ type: "landfill"; description: string; state: string; city: string; temp_avg: number; precip_annual: number; evapo: number; history: { year: number; amount_t: number; mc...' is not assignable to type 'import("C:/Users/CumpadiBigos/Desktop/cuiudos/lotus/ideia4-GHG/ghg2-antigravidade/ghg-saas/node_modules/react-hook-form/dist/types/form").Control<{ type: "landfill"; description: string; state: string; city: string; temp_avg: number; precip_annual: number; evapo: number; history: { year: number; amount_t: number; mc...'. Two different types with this name exist, but they are unrelated.
  The types of '_options.resolver' are incompatible between these types.
    Type 'import("C:/Users/CumpadiBigos/Desktop/cuiudos/lotus/ideia4-GHG/ghg2-antigravidade/ghg-saas/node_modules/react-hook-form/dist/types/resolvers").Resolver<{ type: "landfill"; description: string; state: string; city: string; temp_avg: number; precip_annual: number; evapo: number; history: { year: number; amount_t: numb...' is not assignable to type 'import("C:/Users/CumpadiBigos/Desktop/cuiudos/lotus/ideia4-GHG/ghg2-antigravidade/ghg-saas/node_modules/react-hook-form/dist/types/resolvers").Resolver<{ type: "landfill"; description: string; state: string; city: string; temp_avg: number; precip_annual: number; evapo: number; history: { year: number; amount_t: numb...'. Two different types with this name exist, but they are unrelated.
      Type 'import("C:/Users/CumpadiBigos/Desktop/cuiudos/lotus/ideia4-GHG/ghg2-antigravidade/ghg-saas/node_modules/react-hook-form/dist/types/resolvers").Resolver<{ type: "landfill"; description: string; state: string; city: string; temp_avg: number; precip_annual: number; evapo: number; history: { year: number; amount_t: numb...' is not assignable to type 'import("C:/Users/CumpadiBigos/Desktop/cuiudos/lotus/ideia4-GHG/ghg2-antigravidade/ghg-saas/node_modules/react-hook-form/dist/types/resolvers").Resolver<{ type: "landfill"; description: string; state: string; city: string; temp_avg: number; precip_annual: number; evapo: number; history: { year: number; amount_t: numb...'. Two different types with this name exist, but they are unrelated.
        Type 'import("C:/Users/CumpadiBigos/Desktop/cuiudos/lotus/ideia4-GHG/ghg2-antigravidade/ghg-saas/node_modules/react-hook-form/dist/types/resolvers").ResolverResult<{ type: "landfill"; description: string; state: string; city: string; temp_avg: number; precip_annual: number; evapo: number; history: { year: number; amount_t...' is not assignable to type 'import("C:/Users/CumpadiBigos/Desktop/cuiudos/lotus/ideia4-GHG/ghg2-antigravidade/ghg-saas/node_modules/react-hook-form/dist/types/resolvers").ResolverResult<{ type: "landfill"; description: string; state: string; city: string; temp_avg: number; precip_annual: number; evapo: number; history: { year: number; amount_t...'. Two different types with this name exist, but they are unrelated.
          Type 'ResolverSuccess<TFieldValues>' is not assignable to type 'ResolverResult<{ type: "landfill"; description: string; state: string; city: string; temp_avg: number; precip_annual: number; evapo: number; history: { year: number; amount_t: number; mcf_type: "managed" | "unmanaged_deep" | "unmanaged_shallow" | "uncategorized"; methane_recovery_t: number; }[]; composition: { ...; ...'.
            Type 'ResolverSuccess<TFieldValues>' is not assignable to type 'ResolverSuccess<{ type: "landfill"; description: string; state: string; city: string; temp_avg: number; precip_annual: number; evapo: number; history: { year: number; amount_t: number; mcf_type: "managed" | "unmanaged_deep" | "unmanaged_shallow" | "uncategorized"; methane_recovery_t: number; }[]; composition: { ...;...'.
              Type 'TFieldValues' is not assignable to type '{ type: "landfill"; description: string; state: string; city: string; temp_avg: number; precip_annual: number; evapo: number; history: { year: number; amount_t: number; mcf_type: "managed" | "unmanaged_deep" | "unmanaged_shallow" | "uncategorized"; methane_recovery_t: number; }[]; composition: { ...; }; id?: string ...'.
                Type 'FieldValues' is missing the following properties from type '{ type: "landfill"; description: string; state: string; city: string; temp_avg: number; precip_annual: number; evapo: number; history: { year: number; amount_t: number; mcf_type: "managed" | "unmanaged_deep" | "unmanaged_shallow" | "uncategorized"; methane_recovery_t: number; }[]; composition: { ...; }; id?: string ...': type, description, state, city, and 5 more.
src/components/forms/WasteForm.tsx(273,52): error TS2719: Type 'import("C:/Users/CumpadiBigos/Desktop/cuiudos/lotus/ideia4-GHG/ghg2-antigravidade/ghg-saas/node_modules/react-hook-form/dist/types/form").Control<{ type: "landfill"; description: string; state: string; city: string; temp_avg: number; precip_annual: number; evapo: number; history: { year: number; amount_t: number; mc...' is not assignable to type 'import("C:/Users/CumpadiBigos/Desktop/cuiudos/lotus/ideia4-GHG/ghg2-antigravidade/ghg-saas/node_modules/react-hook-form/dist/types/form").Control<{ type: "landfill"; description: string; state: string; city: string; temp_avg: number; precip_annual: number; evapo: number; history: { year: number; amount_t: number; mc...'. Two different types with this name exist, but they are unrelated.
  The types of '_options.resolver' are incompatible between these types.
    Type 'import("C:/Users/CumpadiBigos/Desktop/cuiudos/lotus/ideia4-GHG/ghg2-antigravidade/ghg-saas/node_modules/react-hook-form/dist/types/resolvers").Resolver<{ type: "landfill"; description: string; state: string; city: string; temp_avg: number; precip_annual: number; evapo: number; history: { year: number; amount_t: numb...' is not assignable to type 'import("C:/Users/CumpadiBigos/Desktop/cuiudos/lotus/ideia4-GHG/ghg2-antigravidade/ghg-saas/node_modules/react-hook-form/dist/types/resolvers").Resolver<{ type: "landfill"; description: string; state: string; city: string; temp_avg: number; precip_annual: number; evapo: number; history: { year: number; amount_t: numb...'. Two different types with this name exist, but they are unrelated.
      Type 'import("C:/Users/CumpadiBigos/Desktop/cuiudos/lotus/ideia4-GHG/ghg2-antigravidade/ghg-saas/node_modules/react-hook-form/dist/types/resolvers").Resolver<{ type: "landfill"; description: string; state: string; city: string; temp_avg: number; precip_annual: number; evapo: number; history: { year: number; amount_t: numb...' is not assignable to type 'import("C:/Users/CumpadiBigos/Desktop/cuiudos/lotus/ideia4-GHG/ghg2-antigravidade/ghg-saas/node_modules/react-hook-form/dist/types/resolvers").Resolver<{ type: "landfill"; description: string; state: string; city: string; temp_avg: number; precip_annual: number; evapo: number; history: { year: number; amount_t: numb...'. Two different types with this name exist, but they are unrelated.
        Type 'import("C:/Users/CumpadiBigos/Desktop/cuiudos/lotus/ideia4-GHG/ghg2-antigravidade/ghg-saas/node_modules/react-hook-form/dist/types/resolvers").ResolverResult<{ type: "landfill"; description: string; state: string; city: string; temp_avg: number; precip_annual: number; evapo: number; history: { year: number; amount_t...' is not assignable to type 'import("C:/Users/CumpadiBigos/Desktop/cuiudos/lotus/ideia4-GHG/ghg2-antigravidade/ghg-saas/node_modules/react-hook-form/dist/types/resolvers").ResolverResult<{ type: "landfill"; description: string; state: string; city: string; temp_avg: number; precip_annual: number; evapo: number; history: { year: number; amount_t...'. Two different types with this name exist, but they are unrelated.
          Type 'ResolverSuccess<TFieldValues>' is not assignable to type 'ResolverResult<{ type: "landfill"; description: string; state: string; city: string; temp_avg: number; precip_annual: number; evapo: number; history: { year: number; amount_t: number; mcf_type: "managed" | "unmanaged_deep" | "unmanaged_shallow" | "uncategorized"; methane_recovery_t: number; }[]; composition: { ...; ...'.
            Type 'ResolverSuccess<TFieldValues>' is not assignable to type 'ResolverSuccess<{ type: "landfill"; description: string; state: string; city: string; temp_avg: number; precip_annual: number; evapo: number; history: { year: number; amount_t: number; mcf_type: "managed" | "unmanaged_deep" | "unmanaged_shallow" | "uncategorized"; methane_recovery_t: number; }[]; composition: { ...;...'.
              Type 'TFieldValues' is not assignable to type '{ type: "landfill"; description: string; state: string; city: string; temp_avg: number; precip_annual: number; evapo: number; history: { year: number; amount_t: number; mcf_type: "managed" | "unmanaged_deep" | "unmanaged_shallow" | "uncategorized"; methane_recovery_t: number; }[]; composition: { ...; }; id?: string ...'.
                Type 'FieldValues' is missing the following properties from type '{ type: "landfill"; description: string; state: string; city: string; temp_avg: number; precip_annual: number; evapo: number; history: { year: number; amount_t: number; mcf_type: "managed" | "unmanaged_deep" | "unmanaged_shallow" | "uncategorized"; methane_recovery_t: number; }[]; composition: { ...; }; id?: string ...': type, description, state, city, and 5 more.
src/components/forms/WasteForm.tsx(276,52): error TS2719: Type 'import("C:/Users/CumpadiBigos/Desktop/cuiudos/lotus/ideia4-GHG/ghg2-antigravidade/ghg-saas/node_modules/react-hook-form/dist/types/form").Control<{ type: "landfill"; description: string; state: string; city: string; temp_avg: number; precip_annual: number; evapo: number; history: { year: number; amount_t: number; mc...' is not assignable to type 'import("C:/Users/CumpadiBigos/Desktop/cuiudos/lotus/ideia4-GHG/ghg2-antigravidade/ghg-saas/node_modules/react-hook-form/dist/types/form").Control<{ type: "landfill"; description: string; state: string; city: string; temp_avg: number; precip_annual: number; evapo: number; history: { year: number; amount_t: number; mc...'. Two different types with this name exist, but they are unrelated.
  The types of '_options.resolver' are incompatible between these types.
    Type 'import("C:/Users/CumpadiBigos/Desktop/cuiudos/lotus/ideia4-GHG/ghg2-antigravidade/ghg-saas/node_modules/react-hook-form/dist/types/resolvers").Resolver<{ type: "landfill"; description: string; state: string; city: string; temp_avg: number; precip_annual: number; evapo: number; history: { year: number; amount_t: numb...' is not assignable to type 'import("C:/Users/CumpadiBigos/Desktop/cuiudos/lotus/ideia4-GHG/ghg2-antigravidade/ghg-saas/node_modules/react-hook-form/dist/types/resolvers").Resolver<{ type: "landfill"; description: string; state: string; city: string; temp_avg: number; precip_annual: number; evapo: number; history: { year: number; amount_t: numb...'. Two different types with this name exist, but they are unrelated.
      Type 'import("C:/Users/CumpadiBigos/Desktop/cuiudos/lotus/ideia4-GHG/ghg2-antigravidade/ghg-saas/node_modules/react-hook-form/dist/types/resolvers").Resolver<{ type: "landfill"; description: string; state: string; city: string; temp_avg: number; precip_annual: number; evapo: number; history: { year: number; amount_t: numb...' is not assignable to type 'import("C:/Users/CumpadiBigos/Desktop/cuiudos/lotus/ideia4-GHG/ghg2-antigravidade/ghg-saas/node_modules/react-hook-form/dist/types/resolvers").Resolver<{ type: "landfill"; description: string; state: string; city: string; temp_avg: number; precip_annual: number; evapo: number; history: { year: number; amount_t: numb...'. Two different types with this name exist, but they are unrelated.
        Type 'import("C:/Users/CumpadiBigos/Desktop/cuiudos/lotus/ideia4-GHG/ghg2-antigravidade/ghg-saas/node_modules/react-hook-form/dist/types/resolvers").ResolverResult<{ type: "landfill"; description: string; state: string; city: string; temp_avg: number; precip_annual: number; evapo: number; history: { year: number; amount_t...' is not assignable to type 'import("C:/Users/CumpadiBigos/Desktop/cuiudos/lotus/ideia4-GHG/ghg2-antigravidade/ghg-saas/node_modules/react-hook-form/dist/types/resolvers").ResolverResult<{ type: "landfill"; description: string; state: string; city: string; temp_avg: number; precip_annual: number; evapo: number; history: { year: number; amount_t...'. Two different types with this name exist, but they are unrelated.
          Type 'ResolverSuccess<TFieldValues>' is not assignable to type 'ResolverResult<{ type: "landfill"; description: string; state: string; city: string; temp_avg: number; precip_annual: number; evapo: number; history: { year: number; amount_t: number; mcf_type: "managed" | "unmanaged_deep" | "unmanaged_shallow" | "uncategorized"; methane_recovery_t: number; }[]; composition: { ...; ...'.
            Type 'ResolverSuccess<TFieldValues>' is not assignable to type 'ResolverSuccess<{ type: "landfill"; description: string; state: string; city: string; temp_avg: number; precip_annual: number; evapo: number; history: { year: number; amount_t: number; mcf_type: "managed" | "unmanaged_deep" | "unmanaged_shallow" | "uncategorized"; methane_recovery_t: number; }[]; composition: { ...;...'.
              Type 'TFieldValues' is not assignable to type '{ type: "landfill"; description: string; state: string; city: string; temp_avg: number; precip_annual: number; evapo: number; history: { year: number; amount_t: number; mcf_type: "managed" | "unmanaged_deep" | "unmanaged_shallow" | "uncategorized"; methane_recovery_t: number; }[]; composition: { ...; }; id?: string ...'.
                Type 'FieldValues' is missing the following properties from type '{ type: "landfill"; description: string; state: string; city: string; temp_avg: number; precip_annual: number; evapo: number; history: { year: number; amount_t: number; mcf_type: "managed" | "unmanaged_deep" | "unmanaged_shallow" | "uncategorized"; methane_recovery_t: number; }[]; composition: { ...; }; id?: string ...': type, description, state, city, and 5 more.
src/components/forms/WasteForm.tsx(279,52): error TS2719: Type 'import("C:/Users/CumpadiBigos/Desktop/cuiudos/lotus/ideia4-GHG/ghg2-antigravidade/ghg-saas/node_modules/react-hook-form/dist/types/form").Control<{ type: "landfill"; description: string; state: string; city: string; temp_avg: number; precip_annual: number; evapo: number; history: { year: number; amount_t: number; mc...' is not assignable to type 'import("C:/Users/CumpadiBigos/Desktop/cuiudos/lotus/ideia4-GHG/ghg2-antigravidade/ghg-saas/node_modules/react-hook-form/dist/types/form").Control<{ type: "landfill"; description: string; state: string; city: string; temp_avg: number; precip_annual: number; evapo: number; history: { year: number; amount_t: number; mc...'. Two different types with this name exist, but they are unrelated.
  The types of '_options.resolver' are incompatible between these types.
    Type 'import("C:/Users/CumpadiBigos/Desktop/cuiudos/lotus/ideia4-GHG/ghg2-antigravidade/ghg-saas/node_modules/react-hook-form/dist/types/resolvers").Resolver<{ type: "landfill"; description: string; state: string; city: string; temp_avg: number; precip_annual: number; evapo: number; history: { year: number; amount_t: numb...' is not assignable to type 'import("C:/Users/CumpadiBigos/Desktop/cuiudos/lotus/ideia4-GHG/ghg2-antigravidade/ghg-saas/node_modules/react-hook-form/dist/types/resolvers").Resolver<{ type: "landfill"; description: string; state: string; city: string; temp_avg: number; precip_annual: number; evapo: number; history: { year: number; amount_t: numb...'. Two different types with this name exist, but they are unrelated.
      Type 'import("C:/Users/CumpadiBigos/Desktop/cuiudos/lotus/ideia4-GHG/ghg2-antigravidade/ghg-saas/node_modules/react-hook-form/dist/types/resolvers").Resolver<{ type: "landfill"; description: string; state: string; city: string; temp_avg: number; precip_annual: number; evapo: number; history: { year: number; amount_t: numb...' is not assignable to type 'import("C:/Users/CumpadiBigos/Desktop/cuiudos/lotus/ideia4-GHG/ghg2-antigravidade/ghg-saas/node_modules/react-hook-form/dist/types/resolvers").Resolver<{ type: "landfill"; description: string; state: string; city: string; temp_avg: number; precip_annual: number; evapo: number; history: { year: number; amount_t: numb...'. Two different types with this name exist, but they are unrelated.
        Type 'import("C:/Users/CumpadiBigos/Desktop/cuiudos/lotus/ideia4-GHG/ghg2-antigravidade/ghg-saas/node_modules/react-hook-form/dist/types/resolvers").ResolverResult<{ type: "landfill"; description: string; state: string; city: string; temp_avg: number; precip_annual: number; evapo: number; history: { year: number; amount_t...' is not assignable to type 'import("C:/Users/CumpadiBigos/Desktop/cuiudos/lotus/ideia4-GHG/ghg2-antigravidade/ghg-saas/node_modules/react-hook-form/dist/types/resolvers").ResolverResult<{ type: "landfill"; description: string; state: string; city: string; temp_avg: number; precip_annual: number; evapo: number; history: { year: number; amount_t...'. Two different types with this name exist, but they are unrelated.
          Type 'ResolverSuccess<TFieldValues>' is not assignable to type 'ResolverResult<{ type: "landfill"; description: string; state: string; city: string; temp_avg: number; precip_annual: number; evapo: number; history: { year: number; amount_t: number; mcf_type: "managed" | "unmanaged_deep" | "unmanaged_shallow" | "uncategorized"; methane_recovery_t: number; }[]; composition: { ...; ...'.
            Type 'ResolverSuccess<TFieldValues>' is not assignable to type 'ResolverSuccess<{ type: "landfill"; description: string; state: string; city: string; temp_avg: number; precip_annual: number; evapo: number; history: { year: number; amount_t: number; mcf_type: "managed" | "unmanaged_deep" | "unmanaged_shallow" | "uncategorized"; methane_recovery_t: number; }[]; composition: { ...;...'.
              Type 'TFieldValues' is not assignable to type '{ type: "landfill"; description: string; state: string; city: string; temp_avg: number; precip_annual: number; evapo: number; history: { year: number; amount_t: number; mcf_type: "managed" | "unmanaged_deep" | "unmanaged_shallow" | "uncategorized"; methane_recovery_t: number; }[]; composition: { ...; }; id?: string ...'.
                Type 'FieldValues' is missing the following properties from type '{ type: "landfill"; description: string; state: string; city: string; temp_avg: number; precip_annual: number; evapo: number; history: { year: number; amount_t: number; mcf_type: "managed" | "unmanaged_deep" | "unmanaged_shallow" | "uncategorized"; methane_recovery_t: number; }[]; composition: { ...; }; id?: string ...': type, description, state, city, and 5 more.
src/components/forms/WasteForm.tsx(295,79): error TS2719: Type 'import("C:/Users/CumpadiBigos/Desktop/cuiudos/lotus/ideia4-GHG/ghg2-antigravidade/ghg-saas/node_modules/react-hook-form/dist/types/form").Control<{ type: "landfill"; description: string; state: string; city: string; temp_avg: number; precip_annual: number; evapo: number; history: { year: number; amount_t: number; mc...' is not assignable to type 'import("C:/Users/CumpadiBigos/Desktop/cuiudos/lotus/ideia4-GHG/ghg2-antigravidade/ghg-saas/node_modules/react-hook-form/dist/types/form").Control<{ type: "landfill"; description: string; state: string; city: string; temp_avg: number; precip_annual: number; evapo: number; history: { year: number; amount_t: number; mc...'. Two different types with this name exist, but they are unrelated.
  The types of '_options.resolver' are incompatible between these types.
    Type 'import("C:/Users/CumpadiBigos/Desktop/cuiudos/lotus/ideia4-GHG/ghg2-antigravidade/ghg-saas/node_modules/react-hook-form/dist/types/resolvers").Resolver<{ type: "landfill"; description: string; state: string; city: string; temp_avg: number; precip_annual: number; evapo: number; history: { year: number; amount_t: numb...' is not assignable to type 'import("C:/Users/CumpadiBigos/Desktop/cuiudos/lotus/ideia4-GHG/ghg2-antigravidade/ghg-saas/node_modules/react-hook-form/dist/types/resolvers").Resolver<{ type: "landfill"; description: string; state: string; city: string; temp_avg: number; precip_annual: number; evapo: number; history: { year: number; amount_t: numb...'. Two different types with this name exist, but they are unrelated.
      Type 'import("C:/Users/CumpadiBigos/Desktop/cuiudos/lotus/ideia4-GHG/ghg2-antigravidade/ghg-saas/node_modules/react-hook-form/dist/types/resolvers").Resolver<{ type: "landfill"; description: string; state: string; city: string; temp_avg: number; precip_annual: number; evapo: number; history: { year: number; amount_t: numb...' is not assignable to type 'import("C:/Users/CumpadiBigos/Desktop/cuiudos/lotus/ideia4-GHG/ghg2-antigravidade/ghg-saas/node_modules/react-hook-form/dist/types/resolvers").Resolver<{ type: "landfill"; description: string; state: string; city: string; temp_avg: number; precip_annual: number; evapo: number; history: { year: number; amount_t: numb...'. Two different types with this name exist, but they are unrelated.
        Type 'import("C:/Users/CumpadiBigos/Desktop/cuiudos/lotus/ideia4-GHG/ghg2-antigravidade/ghg-saas/node_modules/react-hook-form/dist/types/resolvers").ResolverResult<{ type: "landfill"; description: string; state: string; city: string; temp_avg: number; precip_annual: number; evapo: number; history: { year: number; amount_t...' is not assignable to type 'import("C:/Users/CumpadiBigos/Desktop/cuiudos/lotus/ideia4-GHG/ghg2-antigravidade/ghg-saas/node_modules/react-hook-form/dist/types/resolvers").ResolverResult<{ type: "landfill"; description: string; state: string; city: string; temp_avg: number; precip_annual: number; evapo: number; history: { year: number; amount_t...'. Two different types with this name exist, but they are unrelated.
          Type 'ResolverSuccess<TFieldValues>' is not assignable to type 'ResolverResult<{ type: "landfill"; description: string; state: string; city: string; temp_avg: number; precip_annual: number; evapo: number; history: { year: number; amount_t: number; mcf_type: "managed" | "unmanaged_deep" | "unmanaged_shallow" | "uncategorized"; methane_recovery_t: number; }[]; composition: { ...; ...'.
            Type 'ResolverSuccess<TFieldValues>' is not assignable to type 'ResolverSuccess<{ type: "landfill"; description: string; state: string; city: string; temp_avg: number; precip_annual: number; evapo: number; history: { year: number; amount_t: number; mcf_type: "managed" | "unmanaged_deep" | "unmanaged_shallow" | "uncategorized"; methane_recovery_t: number; }[]; composition: { ...;...'.
              Type 'TFieldValues' is not assignable to type '{ type: "landfill"; description: string; state: string; city: string; temp_avg: number; precip_annual: number; evapo: number; history: { year: number; amount_t: number; mcf_type: "managed" | "unmanaged_deep" | "unmanaged_shallow" | "uncategorized"; methane_recovery_t: number; }[]; composition: { ...; }; id?: string ...'.
                Type 'FieldValues' is missing the following properties from type '{ type: "landfill"; description: string; state: string; city: string; temp_avg: number; precip_annual: number; evapo: number; history: { year: number; amount_t: number; mcf_type: "managed" | "unmanaged_deep" | "unmanaged_shallow" | "uncategorized"; methane_recovery_t: number; }[]; composition: { ...; }; id?: string ...': type, description, state, city, and 5 more.
src/components/forms/WasteForm.tsx(296,79): error TS2719: Type 'import("C:/Users/CumpadiBigos/Desktop/cuiudos/lotus/ideia4-GHG/ghg2-antigravidade/ghg-saas/node_modules/react-hook-form/dist/types/form").Control<{ type: "landfill"; description: string; state: string; city: string; temp_avg: number; precip_annual: number; evapo: number; history: { year: number; amount_t: number; mc...' is not assignable to type 'import("C:/Users/CumpadiBigos/Desktop/cuiudos/lotus/ideia4-GHG/ghg2-antigravidade/ghg-saas/node_modules/react-hook-form/dist/types/form").Control<{ type: "landfill"; description: string; state: string; city: string; temp_avg: number; precip_annual: number; evapo: number; history: { year: number; amount_t: number; mc...'. Two different types with this name exist, but they are unrelated.
  The types of '_options.resolver' are incompatible between these types.
    Type 'import("C:/Users/CumpadiBigos/Desktop/cuiudos/lotus/ideia4-GHG/ghg2-antigravidade/ghg-saas/node_modules/react-hook-form/dist/types/resolvers").Resolver<{ type: "landfill"; description: string; state: string; city: string; temp_avg: number; precip_annual: number; evapo: number; history: { year: number; amount_t: numb...' is not assignable to type 'import("C:/Users/CumpadiBigos/Desktop/cuiudos/lotus/ideia4-GHG/ghg2-antigravidade/ghg-saas/node_modules/react-hook-form/dist/types/resolvers").Resolver<{ type: "landfill"; description: string; state: string; city: string; temp_avg: number; precip_annual: number; evapo: number; history: { year: number; amount_t: numb...'. Two different types with this name exist, but they are unrelated.
      Type 'import("C:/Users/CumpadiBigos/Desktop/cuiudos/lotus/ideia4-GHG/ghg2-antigravidade/ghg-saas/node_modules/react-hook-form/dist/types/resolvers").Resolver<{ type: "landfill"; description: string; state: string; city: string; temp_avg: number; precip_annual: number; evapo: number; history: { year: number; amount_t: numb...' is not assignable to type 'import("C:/Users/CumpadiBigos/Desktop/cuiudos/lotus/ideia4-GHG/ghg2-antigravidade/ghg-saas/node_modules/react-hook-form/dist/types/resolvers").Resolver<{ type: "landfill"; description: string; state: string; city: string; temp_avg: number; precip_annual: number; evapo: number; history: { year: number; amount_t: numb...'. Two different types with this name exist, but they are unrelated.
        Type 'import("C:/Users/CumpadiBigos/Desktop/cuiudos/lotus/ideia4-GHG/ghg2-antigravidade/ghg-saas/node_modules/react-hook-form/dist/types/resolvers").ResolverResult<{ type: "landfill"; description: string; state: string; city: string; temp_avg: number; precip_annual: number; evapo: number; history: { year: number; amount_t...' is not assignable to type 'import("C:/Users/CumpadiBigos/Desktop/cuiudos/lotus/ideia4-GHG/ghg2-antigravidade/ghg-saas/node_modules/react-hook-form/dist/types/resolvers").ResolverResult<{ type: "landfill"; description: string; state: string; city: string; temp_avg: number; precip_annual: number; evapo: number; history: { year: number; amount_t...'. Two different types with this name exist, but they are unrelated.
          Type 'ResolverSuccess<TFieldValues>' is not assignable to type 'ResolverResult<{ type: "landfill"; description: string; state: string; city: string; temp_avg: number; precip_annual: number; evapo: number; history: { year: number; amount_t: number; mcf_type: "managed" | "unmanaged_deep" | "unmanaged_shallow" | "uncategorized"; methane_recovery_t: number; }[]; composition: { ...; ...'.
            Type 'ResolverSuccess<TFieldValues>' is not assignable to type 'ResolverSuccess<{ type: "landfill"; description: string; state: string; city: string; temp_avg: number; precip_annual: number; evapo: number; history: { year: number; amount_t: number; mcf_type: "managed" | "unmanaged_deep" | "unmanaged_shallow" | "uncategorized"; methane_recovery_t: number; }[]; composition: { ...;...'.
              Type 'TFieldValues' is not assignable to type '{ type: "landfill"; description: string; state: string; city: string; temp_avg: number; precip_annual: number; evapo: number; history: { year: number; amount_t: number; mcf_type: "managed" | "unmanaged_deep" | "unmanaged_shallow" | "uncategorized"; methane_recovery_t: number; }[]; composition: { ...; }; id?: string ...'.
                Type 'FieldValues' is missing the following properties from type '{ type: "landfill"; description: string; state: string; city: string; temp_avg: number; precip_annual: number; evapo: number; history: { year: number; amount_t: number; mcf_type: "managed" | "unmanaged_deep" | "unmanaged_shallow" | "uncategorized"; methane_recovery_t: number; }[]; composition: { ...; }; id?: string ...': type, description, state, city, and 5 more.
src/components/forms/WasteForm.tsx(298,72): error TS2719: Type 'import("C:/Users/CumpadiBigos/Desktop/cuiudos/lotus/ideia4-GHG/ghg2-antigravidade/ghg-saas/node_modules/react-hook-form/dist/types/form").Control<{ type: "landfill"; description: string; state: string; city: string; temp_avg: number; precip_annual: number; evapo: number; history: { year: number; amount_t: number; mc...' is not assignable to type 'import("C:/Users/CumpadiBigos/Desktop/cuiudos/lotus/ideia4-GHG/ghg2-antigravidade/ghg-saas/node_modules/react-hook-form/dist/types/form").Control<{ type: "landfill"; description: string; state: string; city: string; temp_avg: number; precip_annual: number; evapo: number; history: { year: number; amount_t: number; mc...'. Two different types with this name exist, but they are unrelated.
  The types of '_options.resolver' are incompatible between these types.
    Type 'import("C:/Users/CumpadiBigos/Desktop/cuiudos/lotus/ideia4-GHG/ghg2-antigravidade/ghg-saas/node_modules/react-hook-form/dist/types/resolvers").Resolver<{ type: "landfill"; description: string; state: string; city: string; temp_avg: number; precip_annual: number; evapo: number; history: { year: number; amount_t: numb...' is not assignable to type 'import("C:/Users/CumpadiBigos/Desktop/cuiudos/lotus/ideia4-GHG/ghg2-antigravidade/ghg-saas/node_modules/react-hook-form/dist/types/resolvers").Resolver<{ type: "landfill"; description: string; state: string; city: string; temp_avg: number; precip_annual: number; evapo: number; history: { year: number; amount_t: numb...'. Two different types with this name exist, but they are unrelated.
      Type 'import("C:/Users/CumpadiBigos/Desktop/cuiudos/lotus/ideia4-GHG/ghg2-antigravidade/ghg-saas/node_modules/react-hook-form/dist/types/resolvers").Resolver<{ type: "landfill"; description: string; state: string; city: string; temp_avg: number; precip_annual: number; evapo: number; history: { year: number; amount_t: numb...' is not assignable to type 'import("C:/Users/CumpadiBigos/Desktop/cuiudos/lotus/ideia4-GHG/ghg2-antigravidade/ghg-saas/node_modules/react-hook-form/dist/types/resolvers").Resolver<{ type: "landfill"; description: string; state: string; city: string; temp_avg: number; precip_annual: number; evapo: number; history: { year: number; amount_t: numb...'. Two different types with this name exist, but they are unrelated.
        Type 'import("C:/Users/CumpadiBigos/Desktop/cuiudos/lotus/ideia4-GHG/ghg2-antigravidade/ghg-saas/node_modules/react-hook-form/dist/types/resolvers").ResolverResult<{ type: "landfill"; description: string; state: string; city: string; temp_avg: number; precip_annual: number; evapo: number; history: { year: number; amount_t...' is not assignable to type 'import("C:/Users/CumpadiBigos/Desktop/cuiudos/lotus/ideia4-GHG/ghg2-antigravidade/ghg-saas/node_modules/react-hook-form/dist/types/resolvers").ResolverResult<{ type: "landfill"; description: string; state: string; city: string; temp_avg: number; precip_annual: number; evapo: number; history: { year: number; amount_t...'. Two different types with this name exist, but they are unrelated.
          Type 'ResolverSuccess<TFieldValues>' is not assignable to type 'ResolverResult<{ type: "landfill"; description: string; state: string; city: string; temp_avg: number; precip_annual: number; evapo: number; history: { year: number; amount_t: number; mcf_type: "managed" | "unmanaged_deep" | "unmanaged_shallow" | "uncategorized"; methane_recovery_t: number; }[]; composition: { ...; ...'.
            Type 'ResolverSuccess<TFieldValues>' is not assignable to type 'ResolverSuccess<{ type: "landfill"; description: string; state: string; city: string; temp_avg: number; precip_annual: number; evapo: number; history: { year: number; amount_t: number; mcf_type: "managed" | "unmanaged_deep" | "unmanaged_shallow" | "uncategorized"; methane_recovery_t: number; }[]; composition: { ...;...'.
              Type 'TFieldValues' is not assignable to type '{ type: "landfill"; description: string; state: string; city: string; temp_avg: number; precip_annual: number; evapo: number; history: { year: number; amount_t: number; mcf_type: "managed" | "unmanaged_deep" | "unmanaged_shallow" | "uncategorized"; methane_recovery_t: number; }[]; composition: { ...; }; id?: string ...'.
                Type 'FieldValues' is missing the following properties from type '{ type: "landfill"; description: string; state: string; city: string; temp_avg: number; precip_annual: number; evapo: number; history: { year: number; amount_t: number; mcf_type: "managed" | "unmanaged_deep" | "unmanaged_shallow" | "uncategorized"; methane_recovery_t: number; }[]; composition: { ...; }; id?: string ...': type, description, state, city, and 5 more.
src/components/forms/WasteForm.tsx(310,79): error TS2719: Type 'import("C:/Users/CumpadiBigos/Desktop/cuiudos/lotus/ideia4-GHG/ghg2-antigravidade/ghg-saas/node_modules/react-hook-form/dist/types/form").Control<{ type: "landfill"; description: string; state: string; city: string; temp_avg: number; precip_annual: number; evapo: number; history: { year: number; amount_t: number; mc...' is not assignable to type 'import("C:/Users/CumpadiBigos/Desktop/cuiudos/lotus/ideia4-GHG/ghg2-antigravidade/ghg-saas/node_modules/react-hook-form/dist/types/form").Control<{ type: "landfill"; description: string; state: string; city: string; temp_avg: number; precip_annual: number; evapo: number; history: { year: number; amount_t: number; mc...'. Two different types with this name exist, but they are unrelated.
  The types of '_options.resolver' are incompatible between these types.
    Type 'import("C:/Users/CumpadiBigos/Desktop/cuiudos/lotus/ideia4-GHG/ghg2-antigravidade/ghg-saas/node_modules/react-hook-form/dist/types/resolvers").Resolver<{ type: "landfill"; description: string; state: string; city: string; temp_avg: number; precip_annual: number; evapo: number; history: { year: number; amount_t: numb...' is not assignable to type 'import("C:/Users/CumpadiBigos/Desktop/cuiudos/lotus/ideia4-GHG/ghg2-antigravidade/ghg-saas/node_modules/react-hook-form/dist/types/resolvers").Resolver<{ type: "landfill"; description: string; state: string; city: string; temp_avg: number; precip_annual: number; evapo: number; history: { year: number; amount_t: numb...'. Two different types with this name exist, but they are unrelated.
      Type 'import("C:/Users/CumpadiBigos/Desktop/cuiudos/lotus/ideia4-GHG/ghg2-antigravidade/ghg-saas/node_modules/react-hook-form/dist/types/resolvers").Resolver<{ type: "landfill"; description: string; state: string; city: string; temp_avg: number; precip_annual: number; evapo: number; history: { year: number; amount_t: numb...' is not assignable to type 'import("C:/Users/CumpadiBigos/Desktop/cuiudos/lotus/ideia4-GHG/ghg2-antigravidade/ghg-saas/node_modules/react-hook-form/dist/types/resolvers").Resolver<{ type: "landfill"; description: string; state: string; city: string; temp_avg: number; precip_annual: number; evapo: number; history: { year: number; amount_t: numb...'. Two different types with this name exist, but they are unrelated.
        Type 'import("C:/Users/CumpadiBigos/Desktop/cuiudos/lotus/ideia4-GHG/ghg2-antigravidade/ghg-saas/node_modules/react-hook-form/dist/types/resolvers").ResolverResult<{ type: "landfill"; description: string; state: string; city: string; temp_avg: number; precip_annual: number; evapo: number; history: { year: number; amount_t...' is not assignable to type 'import("C:/Users/CumpadiBigos/Desktop/cuiudos/lotus/ideia4-GHG/ghg2-antigravidade/ghg-saas/node_modules/react-hook-form/dist/types/resolvers").ResolverResult<{ type: "landfill"; description: string; state: string; city: string; temp_avg: number; precip_annual: number; evapo: number; history: { year: number; amount_t...'. Two different types with this name exist, but they are unrelated.
          Type 'ResolverSuccess<TFieldValues>' is not assignable to type 'ResolverResult<{ type: "landfill"; description: string; state: string; city: string; temp_avg: number; precip_annual: number; evapo: number; history: { year: number; amount_t: number; mcf_type: "managed" | "unmanaged_deep" | "unmanaged_shallow" | "uncategorized"; methane_recovery_t: number; }[]; composition: { ...; ...'.
            Type 'ResolverSuccess<TFieldValues>' is not assignable to type 'ResolverSuccess<{ type: "landfill"; description: string; state: string; city: string; temp_avg: number; precip_annual: number; evapo: number; history: { year: number; amount_t: number; mcf_type: "managed" | "unmanaged_deep" | "unmanaged_shallow" | "uncategorized"; methane_recovery_t: number; }[]; composition: { ...;...'.
              Type 'TFieldValues' is not assignable to type '{ type: "landfill"; description: string; state: string; city: string; temp_avg: number; precip_annual: number; evapo: number; history: { year: number; amount_t: number; mcf_type: "managed" | "unmanaged_deep" | "unmanaged_shallow" | "uncategorized"; methane_recovery_t: number; }[]; composition: { ...; }; id?: string ...'.
                Type 'FieldValues' is missing the following properties from type '{ type: "landfill"; description: string; state: string; city: string; temp_avg: number; precip_annual: number; evapo: number; history: { year: number; amount_t: number; mcf_type: "managed" | "unmanaged_deep" | "unmanaged_shallow" | "uncategorized"; methane_recovery_t: number; }[]; composition: { ...; }; id?: string ...': type, description, state, city, and 5 more.
src/components/forms/WasteForm.tsx(322,66): error TS2719: Type 'import("C:/Users/CumpadiBigos/Desktop/cuiudos/lotus/ideia4-GHG/ghg2-antigravidade/ghg-saas/node_modules/react-hook-form/dist/types/form").Control<{ type: "landfill"; description: string; state: string; city: string; temp_avg: number; precip_annual: number; evapo: number; history: { year: number; amount_t: number; mc...' is not assignable to type 'import("C:/Users/CumpadiBigos/Desktop/cuiudos/lotus/ideia4-GHG/ghg2-antigravidade/ghg-saas/node_modules/react-hook-form/dist/types/form").Control<{ type: "landfill"; description: string; state: string; city: string; temp_avg: number; precip_annual: number; evapo: number; history: { year: number; amount_t: number; mc...'. Two different types with this name exist, but they are unrelated.
  The types of '_options.resolver' are incompatible between these types.
    Type 'import("C:/Users/CumpadiBigos/Desktop/cuiudos/lotus/ideia4-GHG/ghg2-antigravidade/ghg-saas/node_modules/react-hook-form/dist/types/resolvers").Resolver<{ type: "landfill"; description: string; state: string; city: string; temp_avg: number; precip_annual: number; evapo: number; history: { year: number; amount_t: numb...' is not assignable to type 'import("C:/Users/CumpadiBigos/Desktop/cuiudos/lotus/ideia4-GHG/ghg2-antigravidade/ghg-saas/node_modules/react-hook-form/dist/types/resolvers").Resolver<{ type: "landfill"; description: string; state: string; city: string; temp_avg: number; precip_annual: number; evapo: number; history: { year: number; amount_t: numb...'. Two different types with this name exist, but they are unrelated.
      Type 'import("C:/Users/CumpadiBigos/Desktop/cuiudos/lotus/ideia4-GHG/ghg2-antigravidade/ghg-saas/node_modules/react-hook-form/dist/types/resolvers").Resolver<{ type: "landfill"; description: string; state: string; city: string; temp_avg: number; precip_annual: number; evapo: number; history: { year: number; amount_t: numb...' is not assignable to type 'import("C:/Users/CumpadiBigos/Desktop/cuiudos/lotus/ideia4-GHG/ghg2-antigravidade/ghg-saas/node_modules/react-hook-form/dist/types/resolvers").Resolver<{ type: "landfill"; description: string; state: string; city: string; temp_avg: number; precip_annual: number; evapo: number; history: { year: number; amount_t: numb...'. Two different types with this name exist, but they are unrelated.
        Type 'import("C:/Users/CumpadiBigos/Desktop/cuiudos/lotus/ideia4-GHG/ghg2-antigravidade/ghg-saas/node_modules/react-hook-form/dist/types/resolvers").ResolverResult<{ type: "landfill"; description: string; state: string; city: string; temp_avg: number; precip_annual: number; evapo: number; history: { year: number; amount_t...' is not assignable to type 'import("C:/Users/CumpadiBigos/Desktop/cuiudos/lotus/ideia4-GHG/ghg2-antigravidade/ghg-saas/node_modules/react-hook-form/dist/types/resolvers").ResolverResult<{ type: "landfill"; description: string; state: string; city: string; temp_avg: number; precip_annual: number; evapo: number; history: { year: number; amount_t...'. Two different types with this name exist, but they are unrelated.
          Type 'ResolverSuccess<TFieldValues>' is not assignable to type 'ResolverResult<{ type: "landfill"; description: string; state: string; city: string; temp_avg: number; precip_annual: number; evapo: number; history: { year: number; amount_t: number; mcf_type: "managed" | "unmanaged_deep" | "unmanaged_shallow" | "uncategorized"; methane_recovery_t: number; }[]; composition: { ...; ...'.
            Type 'ResolverSuccess<TFieldValues>' is not assignable to type 'ResolverSuccess<{ type: "landfill"; description: string; state: string; city: string; temp_avg: number; precip_annual: number; evapo: number; history: { year: number; amount_t: number; mcf_type: "managed" | "unmanaged_deep" | "unmanaged_shallow" | "uncategorized"; methane_recovery_t: number; }[]; composition: { ...;...'.
              Type 'TFieldValues' is not assignable to type '{ type: "landfill"; description: string; state: string; city: string; temp_avg: number; precip_annual: number; evapo: number; history: { year: number; amount_t: number; mcf_type: "managed" | "unmanaged_deep" | "unmanaged_shallow" | "uncategorized"; methane_recovery_t: number; }[]; composition: { ...; }; id?: string ...'.
                Type 'FieldValues' is missing the following properties from type '{ type: "landfill"; description: string; state: string; city: string; temp_avg: number; precip_annual: number; evapo: number; history: { year: number; amount_t: number; mcf_type: "managed" | "unmanaged_deep" | "unmanaged_shallow" | "uncategorized"; methane_recovery_t: number; }[]; composition: { ...; }; id?: string ...': type, description, state, city, and 5 more.
src/components/forms/WasteForm.tsx(322,97): error TS2322: Type '`composition.${any}`' is not assignable to type '"id" | "type" | "description" | "state" | "city" | "temp_avg" | "precip_annual" | "evapo" | "history" | "composition" | "composition.other" | "composition.garden" | "composition.paper" | ... 9 more ... | "composition.nappies"'.
src/components/forms/WasteForm.tsx(325,67): error TS2322: Type '{ onChange: (...event: any[]) => void; onBlur: Noop; value: string | number | { food_waste: number; garden: number; paper: number; wood: number; textile: number; nappies: number; sludge: number; other: number; } | { ...; } | { ...; }[] | undefined; disabled?: boolean | undefined; name: "id" | ... 21 more ... | "comp...' is not assignable to type 'InputHTMLAttributes<HTMLInputElement>'.
  Types of property 'value' are incompatible.
    Type 'string | number | { food_waste: number; garden: number; paper: number; wood: number; textile: number; nappies: number; sludge: number; other: number; } | { year: number; amount_t: number; mcf_type: "managed" | ... 2 more ... | "uncategorized"; methane_recovery_t: number; } | { ...; }[] | undefined' is not assignable to type 'string | number | readonly string[] | undefined'.
      Type '{ food_waste: number; garden: number; paper: number; wood: number; textile: number; nappies: number; sludge: number; other: number; }' is not assignable to type 'string | number | readonly string[] | undefined'.
src/components/forms/WasteForm.tsx(340,74): error TS2345: Argument of type '(data: { type: "compost"; description: string; amount_t: number; recovery_ch4_t: number; id?: string | undefined; ch4_factor?: number | undefined; n2o_factor?: number | undefined; }) => void' is not assignable to parameter of type 'SubmitHandler<TFieldValues>'.
  Types of parameters 'data' and 'data' are incompatible.
    Type 'TFieldValues' is not assignable to type '{ type: "compost"; description: string; amount_t: number; recovery_ch4_t: number; id?: string | undefined; ch4_factor?: number | undefined; n2o_factor?: number | undefined; }'.
      Type 'FieldValues' is missing the following properties from type '{ type: "compost"; description: string; amount_t: number; recovery_ch4_t: number; id?: string | undefined; ch4_factor?: number | undefined; n2o_factor?: number | undefined; }': type, description, amount_t, recovery_ch4_t
src/components/forms/WasteForm.tsx(341,48): error TS2322: Type 'Control<{ type: "compost"; description: string; amount_t: number; recovery_ch4_t: number; id?: string | undefined; ch4_factor?: number | undefined; n2o_factor?: number | undefined; }, any, TFieldValues>' is not assignable to type 'Control<{ type: "compost"; description: string; amount_t: number; recovery_ch4_t: number; id?: string | undefined; ch4_factor?: number | undefined; n2o_factor?: number | undefined; }, any, { ...; }>'.
  The types of '_options.resolver' are incompatible between these types.
    Type 'Resolver<{ type: "compost"; description: string; amount_t: number; recovery_ch4_t: number; id?: string | undefined; ch4_factor?: number | undefined; n2o_factor?: number | undefined; }, any, TFieldValues> | undefined' is not assignable to type 'Resolver<{ type: "compost"; description: string; amount_t: number; recovery_ch4_t: number; id?: string | undefined; ch4_factor?: number | undefined; n2o_factor?: number | undefined; }, any, { ...; }> | undefined'.
      Type 'Resolver<{ type: "compost"; description: string; amount_t: number; recovery_ch4_t: number; id?: string | undefined; ch4_factor?: number | undefined; n2o_factor?: number | undefined; }, any, TFieldValues>' is not assignable to type 'Resolver<{ type: "compost"; description: string; amount_t: number; recovery_ch4_t: number; id?: string | undefined; ch4_factor?: number | undefined; n2o_factor?: number | undefined; }, any, { ...; }>'.
        Type 'ResolverResult<{ type: "compost"; description: string; amount_t: number; recovery_ch4_t: number; id?: string | undefined; ch4_factor?: number | undefined; n2o_factor?: number | undefined; }, TFieldValues> | Promise<...>' is not assignable to type 'ResolverResult<{ type: "compost"; description: string; amount_t: number; recovery_ch4_t: number; id?: string | undefined; ch4_factor?: number | undefined; n2o_factor?: number | undefined; }, { type: "compost"; ... 5 more ...; n2o_factor?: number | undefined; }> | Promise<...>'.
          Type 'ResolverSuccess<TFieldValues>' is not assignable to type 'ResolverResult<{ type: "compost"; description: string; amount_t: number; recovery_ch4_t: number; id?: string | undefined; ch4_factor?: number | undefined; n2o_factor?: number | undefined; }, { type: "compost"; ... 5 more ...; n2o_factor?: number | undefined; }> | Promise<...>'.
            Type 'ResolverSuccess<TFieldValues>' is not assignable to type 'ResolverSuccess<{ type: "compost"; description: string; amount_t: number; recovery_ch4_t: number; id?: string | undefined; ch4_factor?: number | undefined; n2o_factor?: number | undefined; }>'.
              Type 'TFieldValues' is not assignable to type '{ type: "compost"; description: string; amount_t: number; recovery_ch4_t: number; id?: string | undefined; ch4_factor?: number | undefined; n2o_factor?: number | undefined; }'.
                Type 'FieldValues' is missing the following properties from type '{ type: "compost"; description: string; amount_t: number; recovery_ch4_t: number; id?: string | undefined; ch4_factor?: number | undefined; n2o_factor?: number | undefined; }': type, description, amount_t, recovery_ch4_t
src/components/forms/WasteForm.tsx(345,52): error TS2322: Type 'Control<{ type: "compost"; description: string; amount_t: number; recovery_ch4_t: number; id?: string | undefined; ch4_factor?: number | undefined; n2o_factor?: number | undefined; }, any, TFieldValues>' is not assignable to type 'Control<{ type: "compost"; description: string; amount_t: number; recovery_ch4_t: number; id?: string | undefined; ch4_factor?: number | undefined; n2o_factor?: number | undefined; }, any, { ...; }>'.
  The types of '_options.resolver' are incompatible between these types.
    Type 'Resolver<{ type: "compost"; description: string; amount_t: number; recovery_ch4_t: number; id?: string | undefined; ch4_factor?: number | undefined; n2o_factor?: number | undefined; }, any, TFieldValues> | undefined' is not assignable to type 'Resolver<{ type: "compost"; description: string; amount_t: number; recovery_ch4_t: number; id?: string | undefined; ch4_factor?: number | undefined; n2o_factor?: number | undefined; }, any, { ...; }> | undefined'.
      Type 'Resolver<{ type: "compost"; description: string; amount_t: number; recovery_ch4_t: number; id?: string | undefined; ch4_factor?: number | undefined; n2o_factor?: number | undefined; }, any, TFieldValues>' is not assignable to type 'Resolver<{ type: "compost"; description: string; amount_t: number; recovery_ch4_t: number; id?: string | undefined; ch4_factor?: number | undefined; n2o_factor?: number | undefined; }, any, { ...; }>'.
        Type 'ResolverResult<{ type: "compost"; description: string; amount_t: number; recovery_ch4_t: number; id?: string | undefined; ch4_factor?: number | undefined; n2o_factor?: number | undefined; }, TFieldValues> | Promise<...>' is not assignable to type 'ResolverResult<{ type: "compost"; description: string; amount_t: number; recovery_ch4_t: number; id?: string | undefined; ch4_factor?: number | undefined; n2o_factor?: number | undefined; }, { type: "compost"; ... 5 more ...; n2o_factor?: number | undefined; }> | Promise<...>'.
          Type 'ResolverSuccess<TFieldValues>' is not assignable to type 'ResolverResult<{ type: "compost"; description: string; amount_t: number; recovery_ch4_t: number; id?: string | undefined; ch4_factor?: number | undefined; n2o_factor?: number | undefined; }, { type: "compost"; ... 5 more ...; n2o_factor?: number | undefined; }> | Promise<...>'.
            Type 'ResolverSuccess<TFieldValues>' is not assignable to type 'ResolverSuccess<{ type: "compost"; description: string; amount_t: number; recovery_ch4_t: number; id?: string | undefined; ch4_factor?: number | undefined; n2o_factor?: number | undefined; }>'.
              Type 'TFieldValues' is not assignable to type '{ type: "compost"; description: string; amount_t: number; recovery_ch4_t: number; id?: string | undefined; ch4_factor?: number | undefined; n2o_factor?: number | undefined; }'.
                Type 'FieldValues' is missing the following properties from type '{ type: "compost"; description: string; amount_t: number; recovery_ch4_t: number; id?: string | undefined; ch4_factor?: number | undefined; n2o_factor?: number | undefined; }': type, description, amount_t, recovery_ch4_t
src/components/forms/WasteForm.tsx(348,52): error TS2322: Type 'Control<{ type: "compost"; description: string; amount_t: number; recovery_ch4_t: number; id?: string | undefined; ch4_factor?: number | undefined; n2o_factor?: number | undefined; }, any, TFieldValues>' is not assignable to type 'Control<{ type: "compost"; description: string; amount_t: number; recovery_ch4_t: number; id?: string | undefined; ch4_factor?: number | undefined; n2o_factor?: number | undefined; }, any, { ...; }>'.
  The types of '_options.resolver' are incompatible between these types.
    Type 'Resolver<{ type: "compost"; description: string; amount_t: number; recovery_ch4_t: number; id?: string | undefined; ch4_factor?: number | undefined; n2o_factor?: number | undefined; }, any, TFieldValues> | undefined' is not assignable to type 'Resolver<{ type: "compost"; description: string; amount_t: number; recovery_ch4_t: number; id?: string | undefined; ch4_factor?: number | undefined; n2o_factor?: number | undefined; }, any, { ...; }> | undefined'.
      Type 'Resolver<{ type: "compost"; description: string; amount_t: number; recovery_ch4_t: number; id?: string | undefined; ch4_factor?: number | undefined; n2o_factor?: number | undefined; }, any, TFieldValues>' is not assignable to type 'Resolver<{ type: "compost"; description: string; amount_t: number; recovery_ch4_t: number; id?: string | undefined; ch4_factor?: number | undefined; n2o_factor?: number | undefined; }, any, { ...; }>'.
        Type 'ResolverResult<{ type: "compost"; description: string; amount_t: number; recovery_ch4_t: number; id?: string | undefined; ch4_factor?: number | undefined; n2o_factor?: number | undefined; }, TFieldValues> | Promise<...>' is not assignable to type 'ResolverResult<{ type: "compost"; description: string; amount_t: number; recovery_ch4_t: number; id?: string | undefined; ch4_factor?: number | undefined; n2o_factor?: number | undefined; }, { type: "compost"; ... 5 more ...; n2o_factor?: number | undefined; }> | Promise<...>'.
          Type 'ResolverSuccess<TFieldValues>' is not assignable to type 'ResolverResult<{ type: "compost"; description: string; amount_t: number; recovery_ch4_t: number; id?: string | undefined; ch4_factor?: number | undefined; n2o_factor?: number | undefined; }, { type: "compost"; ... 5 more ...; n2o_factor?: number | undefined; }> | Promise<...>'.
            Type 'ResolverSuccess<TFieldValues>' is not assignable to type 'ResolverSuccess<{ type: "compost"; description: string; amount_t: number; recovery_ch4_t: number; id?: string | undefined; ch4_factor?: number | undefined; n2o_factor?: number | undefined; }>'.
              Type 'TFieldValues' is not assignable to type '{ type: "compost"; description: string; amount_t: number; recovery_ch4_t: number; id?: string | undefined; ch4_factor?: number | undefined; n2o_factor?: number | undefined; }'.
                Type 'FieldValues' is missing the following properties from type '{ type: "compost"; description: string; amount_t: number; recovery_ch4_t: number; id?: string | undefined; ch4_factor?: number | undefined; n2o_factor?: number | undefined; }': type, description, amount_t, recovery_ch4_t
src/components/forms/WasteForm.tsx(360,79): error TS2345: Argument of type '(data: { type: "incineration"; description: string; amount_t: number; composition: { paper: number; textile: number; wood: number; food: number; garden: number; sludge: number; plastic: number; metal: number; glass: number; other: number; }; id?: string | undefined; ch4_factor?: number | undefined; n2o_factor?: numb...' is not assignable to parameter of type 'SubmitHandler<TFieldValues>'.
  Types of parameters 'data' and 'data' are incompatible.
    Type 'TFieldValues' is not assignable to type '{ type: "incineration"; description: string; amount_t: number; composition: { paper: number; textile: number; wood: number; food: number; garden: number; sludge: number; plastic: number; metal: number; glass: number; other: number; }; id?: string | undefined; ch4_factor?: number | undefined; n2o_factor?: number | un...'.
      Type 'FieldValues' is missing the following properties from type '{ type: "incineration"; description: string; amount_t: number; composition: { paper: number; textile: number; wood: number; food: number; garden: number; sludge: number; plastic: number; metal: number; glass: number; other: number; }; id?: string | undefined; ch4_factor?: number | undefined; n2o_factor?: number | un...': type, description, amount_t, composition
src/components/forms/WasteForm.tsx(361,48): error TS2719: Type 'import("C:/Users/CumpadiBigos/Desktop/cuiudos/lotus/ideia4-GHG/ghg2-antigravidade/ghg-saas/node_modules/react-hook-form/dist/types/form").Control<{ type: "incineration"; description: string; amount_t: number; composition: { paper: number; textile: number; wood: number; food: number; garden: number; sludge: number; p...' is not assignable to type 'import("C:/Users/CumpadiBigos/Desktop/cuiudos/lotus/ideia4-GHG/ghg2-antigravidade/ghg-saas/node_modules/react-hook-form/dist/types/form").Control<{ type: "incineration"; description: string; amount_t: number; composition: { paper: number; textile: number; wood: number; food: number; garden: number; sludge: number; p...'. Two different types with this name exist, but they are unrelated.
  The types of '_options.resolver' are incompatible between these types.
    Type 'import("C:/Users/CumpadiBigos/Desktop/cuiudos/lotus/ideia4-GHG/ghg2-antigravidade/ghg-saas/node_modules/react-hook-form/dist/types/resolvers").Resolver<{ type: "incineration"; description: string; amount_t: number; composition: { paper: number; textile: number; wood: number; food: number; garden: number; sludge: num...' is not assignable to type 'import("C:/Users/CumpadiBigos/Desktop/cuiudos/lotus/ideia4-GHG/ghg2-antigravidade/ghg-saas/node_modules/react-hook-form/dist/types/resolvers").Resolver<{ type: "incineration"; description: string; amount_t: number; composition: { paper: number; textile: number; wood: number; food: number; garden: number; sludge: num...'. Two different types with this name exist, but they are unrelated.
      Type 'import("C:/Users/CumpadiBigos/Desktop/cuiudos/lotus/ideia4-GHG/ghg2-antigravidade/ghg-saas/node_modules/react-hook-form/dist/types/resolvers").Resolver<{ type: "incineration"; description: string; amount_t: number; composition: { paper: number; textile: number; wood: number; food: number; garden: number; sludge: num...' is not assignable to type 'import("C:/Users/CumpadiBigos/Desktop/cuiudos/lotus/ideia4-GHG/ghg2-antigravidade/ghg-saas/node_modules/react-hook-form/dist/types/resolvers").Resolver<{ type: "incineration"; description: string; amount_t: number; composition: { paper: number; textile: number; wood: number; food: number; garden: number; sludge: num...'. Two different types with this name exist, but they are unrelated.
        Type 'import("C:/Users/CumpadiBigos/Desktop/cuiudos/lotus/ideia4-GHG/ghg2-antigravidade/ghg-saas/node_modules/react-hook-form/dist/types/resolvers").ResolverResult<{ type: "incineration"; description: string; amount_t: number; composition: { paper: number; textile: number; wood: number; food: number; garden: number; sludg...' is not assignable to type 'import("C:/Users/CumpadiBigos/Desktop/cuiudos/lotus/ideia4-GHG/ghg2-antigravidade/ghg-saas/node_modules/react-hook-form/dist/types/resolvers").ResolverResult<{ type: "incineration"; description: string; amount_t: number; composition: { paper: number; textile: number; wood: number; food: number; garden: number; sludg...'. Two different types with this name exist, but they are unrelated.
          Type 'ResolverSuccess<TFieldValues>' is not assignable to type 'ResolverResult<{ type: "incineration"; description: string; amount_t: number; composition: { paper: number; textile: number; wood: number; food: number; garden: number; sludge: number; plastic: number; metal: number; glass: number; other: number; }; id?: string | undefined; ch4_factor?: number | undefined; n2o_facto...'.
            Type 'ResolverSuccess<TFieldValues>' is not assignable to type 'ResolverSuccess<{ type: "incineration"; description: string; amount_t: number; composition: { paper: number; textile: number; wood: number; food: number; garden: number; sludge: number; plastic: number; metal: number; glass: number; other: number; }; id?: string | undefined; ch4_factor?: number | undefined; n2o_fact...'.
              Type 'TFieldValues' is not assignable to type '{ type: "incineration"; description: string; amount_t: number; composition: { paper: number; textile: number; wood: number; food: number; garden: number; sludge: number; plastic: number; metal: number; glass: number; other: number; }; id?: string | undefined; ch4_factor?: number | undefined; n2o_factor?: number | un...'.
                Type 'FieldValues' is missing the following properties from type '{ type: "incineration"; description: string; amount_t: number; composition: { paper: number; textile: number; wood: number; food: number; garden: number; sludge: number; plastic: number; metal: number; glass: number; other: number; }; id?: string | undefined; ch4_factor?: number | undefined; n2o_factor?: number | un...': type, description, amount_t, composition
src/components/forms/WasteForm.tsx(364,48): error TS2719: Type 'import("C:/Users/CumpadiBigos/Desktop/cuiudos/lotus/ideia4-GHG/ghg2-antigravidade/ghg-saas/node_modules/react-hook-form/dist/types/form").Control<{ type: "incineration"; description: string; amount_t: number; composition: { paper: number; textile: number; wood: number; food: number; garden: number; sludge: number; p...' is not assignable to type 'import("C:/Users/CumpadiBigos/Desktop/cuiudos/lotus/ideia4-GHG/ghg2-antigravidade/ghg-saas/node_modules/react-hook-form/dist/types/form").Control<{ type: "incineration"; description: string; amount_t: number; composition: { paper: number; textile: number; wood: number; food: number; garden: number; sludge: number; p...'. Two different types with this name exist, but they are unrelated.
  The types of '_options.resolver' are incompatible between these types.
    Type 'import("C:/Users/CumpadiBigos/Desktop/cuiudos/lotus/ideia4-GHG/ghg2-antigravidade/ghg-saas/node_modules/react-hook-form/dist/types/resolvers").Resolver<{ type: "incineration"; description: string; amount_t: number; composition: { paper: number; textile: number; wood: number; food: number; garden: number; sludge: num...' is not assignable to type 'import("C:/Users/CumpadiBigos/Desktop/cuiudos/lotus/ideia4-GHG/ghg2-antigravidade/ghg-saas/node_modules/react-hook-form/dist/types/resolvers").Resolver<{ type: "incineration"; description: string; amount_t: number; composition: { paper: number; textile: number; wood: number; food: number; garden: number; sludge: num...'. Two different types with this name exist, but they are unrelated.
      Type 'import("C:/Users/CumpadiBigos/Desktop/cuiudos/lotus/ideia4-GHG/ghg2-antigravidade/ghg-saas/node_modules/react-hook-form/dist/types/resolvers").Resolver<{ type: "incineration"; description: string; amount_t: number; composition: { paper: number; textile: number; wood: number; food: number; garden: number; sludge: num...' is not assignable to type 'import("C:/Users/CumpadiBigos/Desktop/cuiudos/lotus/ideia4-GHG/ghg2-antigravidade/ghg-saas/node_modules/react-hook-form/dist/types/resolvers").Resolver<{ type: "incineration"; description: string; amount_t: number; composition: { paper: number; textile: number; wood: number; food: number; garden: number; sludge: num...'. Two different types with this name exist, but they are unrelated.
        Type 'import("C:/Users/CumpadiBigos/Desktop/cuiudos/lotus/ideia4-GHG/ghg2-antigravidade/ghg-saas/node_modules/react-hook-form/dist/types/resolvers").ResolverResult<{ type: "incineration"; description: string; amount_t: number; composition: { paper: number; textile: number; wood: number; food: number; garden: number; sludg...' is not assignable to type 'import("C:/Users/CumpadiBigos/Desktop/cuiudos/lotus/ideia4-GHG/ghg2-antigravidade/ghg-saas/node_modules/react-hook-form/dist/types/resolvers").ResolverResult<{ type: "incineration"; description: string; amount_t: number; composition: { paper: number; textile: number; wood: number; food: number; garden: number; sludg...'. Two different types with this name exist, but they are unrelated.
          Type 'ResolverSuccess<TFieldValues>' is not assignable to type 'ResolverResult<{ type: "incineration"; description: string; amount_t: number; composition: { paper: number; textile: number; wood: number; food: number; garden: number; sludge: number; plastic: number; metal: number; glass: number; other: number; }; id?: string | undefined; ch4_factor?: number | undefined; n2o_facto...'.
            Type 'ResolverSuccess<TFieldValues>' is not assignable to type 'ResolverSuccess<{ type: "incineration"; description: string; amount_t: number; composition: { paper: number; textile: number; wood: number; food: number; garden: number; sludge: number; plastic: number; metal: number; glass: number; other: number; }; id?: string | undefined; ch4_factor?: number | undefined; n2o_fact...'.
              Type 'TFieldValues' is not assignable to type '{ type: "incineration"; description: string; amount_t: number; composition: { paper: number; textile: number; wood: number; food: number; garden: number; sludge: number; plastic: number; metal: number; glass: number; other: number; }; id?: string | undefined; ch4_factor?: number | undefined; n2o_factor?: number | un...'.
                Type 'FieldValues' is missing the following properties from type '{ type: "incineration"; description: string; amount_t: number; composition: { paper: number; textile: number; wood: number; food: number; garden: number; sludge: number; plastic: number; metal: number; glass: number; other: number; }; id?: string | undefined; ch4_factor?: number | undefined; n2o_factor?: number | un...': type, description, amount_t, composition
src/components/forms/WasteForm.tsx(371,66): error TS2719: Type 'import("C:/Users/CumpadiBigos/Desktop/cuiudos/lotus/ideia4-GHG/ghg2-antigravidade/ghg-saas/node_modules/react-hook-form/dist/types/form").Control<{ type: "incineration"; description: string; amount_t: number; composition: { paper: number; textile: number; wood: number; food: number; garden: number; sludge: number; p...' is not assignable to type 'import("C:/Users/CumpadiBigos/Desktop/cuiudos/lotus/ideia4-GHG/ghg2-antigravidade/ghg-saas/node_modules/react-hook-form/dist/types/form").Control<{ type: "incineration"; description: string; amount_t: number; composition: { paper: number; textile: number; wood: number; food: number; garden: number; sludge: number; p...'. Two different types with this name exist, but they are unrelated.
  The types of '_options.resolver' are incompatible between these types.
    Type 'import("C:/Users/CumpadiBigos/Desktop/cuiudos/lotus/ideia4-GHG/ghg2-antigravidade/ghg-saas/node_modules/react-hook-form/dist/types/resolvers").Resolver<{ type: "incineration"; description: string; amount_t: number; composition: { paper: number; textile: number; wood: number; food: number; garden: number; sludge: num...' is not assignable to type 'import("C:/Users/CumpadiBigos/Desktop/cuiudos/lotus/ideia4-GHG/ghg2-antigravidade/ghg-saas/node_modules/react-hook-form/dist/types/resolvers").Resolver<{ type: "incineration"; description: string; amount_t: number; composition: { paper: number; textile: number; wood: number; food: number; garden: number; sludge: num...'. Two different types with this name exist, but they are unrelated.
      Type 'import("C:/Users/CumpadiBigos/Desktop/cuiudos/lotus/ideia4-GHG/ghg2-antigravidade/ghg-saas/node_modules/react-hook-form/dist/types/resolvers").Resolver<{ type: "incineration"; description: string; amount_t: number; composition: { paper: number; textile: number; wood: number; food: number; garden: number; sludge: num...' is not assignable to type 'import("C:/Users/CumpadiBigos/Desktop/cuiudos/lotus/ideia4-GHG/ghg2-antigravidade/ghg-saas/node_modules/react-hook-form/dist/types/resolvers").Resolver<{ type: "incineration"; description: string; amount_t: number; composition: { paper: number; textile: number; wood: number; food: number; garden: number; sludge: num...'. Two different types with this name exist, but they are unrelated.
        Type 'import("C:/Users/CumpadiBigos/Desktop/cuiudos/lotus/ideia4-GHG/ghg2-antigravidade/ghg-saas/node_modules/react-hook-form/dist/types/resolvers").ResolverResult<{ type: "incineration"; description: string; amount_t: number; composition: { paper: number; textile: number; wood: number; food: number; garden: number; sludg...' is not assignable to type 'import("C:/Users/CumpadiBigos/Desktop/cuiudos/lotus/ideia4-GHG/ghg2-antigravidade/ghg-saas/node_modules/react-hook-form/dist/types/resolvers").ResolverResult<{ type: "incineration"; description: string; amount_t: number; composition: { paper: number; textile: number; wood: number; food: number; garden: number; sludg...'. Two different types with this name exist, but they are unrelated.
          Type 'ResolverSuccess<TFieldValues>' is not assignable to type 'ResolverResult<{ type: "incineration"; description: string; amount_t: number; composition: { paper: number; textile: number; wood: number; food: number; garden: number; sludge: number; plastic: number; metal: number; glass: number; other: number; }; id?: string | undefined; ch4_factor?: number | undefined; n2o_facto...'.
            Type 'ResolverSuccess<TFieldValues>' is not assignable to type 'ResolverSuccess<{ type: "incineration"; description: string; amount_t: number; composition: { paper: number; textile: number; wood: number; food: number; garden: number; sludge: number; plastic: number; metal: number; glass: number; other: number; }; id?: string | undefined; ch4_factor?: number | undefined; n2o_fact...'.
              Type 'TFieldValues' is not assignable to type '{ type: "incineration"; description: string; amount_t: number; composition: { paper: number; textile: number; wood: number; food: number; garden: number; sludge: number; plastic: number; metal: number; glass: number; other: number; }; id?: string | undefined; ch4_factor?: number | undefined; n2o_factor?: number | un...'.
                Type 'FieldValues' is missing the following properties from type '{ type: "incineration"; description: string; amount_t: number; composition: { paper: number; textile: number; wood: number; food: number; garden: number; sludge: number; plastic: number; metal: number; glass: number; other: number; }; id?: string | undefined; ch4_factor?: number | undefined; n2o_factor?: number | un...': type, description, amount_t, composition
src/components/forms/WasteForm.tsx(371,101): error TS2322: Type '`composition.${any}`' is not assignable to type '"id" | "type" | "description" | "amount_t" | "composition" | "ch4_factor" | "n2o_factor" | "composition.other" | "composition.garden" | "composition.paper" | "composition.wood" | ... 5 more ... | "composition.glass"'.
src/components/forms/WasteForm.tsx(374,67): error TS2322: Type '{ onChange: (...event: any[]) => void; onBlur: Noop; value: string | number | { paper: number; textile: number; wood: number; food: number; garden: number; sludge: number; plastic: number; metal: number; glass: number; other: number; } | undefined; disabled?: boolean | undefined; name: "id" | ... 15 more ... | "comp...' is not assignable to type 'InputHTMLAttributes<HTMLInputElement>'.
  Types of property 'value' are incompatible.
    Type 'string | number | { paper: number; textile: number; wood: number; food: number; garden: number; sludge: number; plastic: number; metal: number; glass: number; other: number; } | undefined' is not assignable to type 'string | number | readonly string[] | undefined'.
      Type '{ paper: number; textile: number; wood: number; food: number; garden: number; sludge: number; plastic: number; metal: number; glass: number; other: number; }' is not assignable to type 'string | number | readonly string[] | undefined'.
src/components/forms/WasteForm.tsx(387,72): error TS2345: Argument of type '(data: { type: "other"; description: string; gas_name: string; total_emissions_tCO2e: number; biogenic_emissions_tCO2e: number; id?: string | undefined; }) => void' is not assignable to parameter of type 'SubmitHandler<TFieldValues>'.
  Types of parameters 'data' and 'data' are incompatible.
    Type 'TFieldValues' is not assignable to type '{ type: "other"; description: string; gas_name: string; total_emissions_tCO2e: number; biogenic_emissions_tCO2e: number; id?: string | undefined; }'.
      Type 'FieldValues' is missing the following properties from type '{ type: "other"; description: string; gas_name: string; total_emissions_tCO2e: number; biogenic_emissions_tCO2e: number; id?: string | undefined; }': type, description, gas_name, total_emissions_tCO2e, biogenic_emissions_tCO2e
src/components/forms/WasteForm.tsx(388,48): error TS2322: Type 'Control<{ type: "other"; description: string; gas_name: string; total_emissions_tCO2e: number; biogenic_emissions_tCO2e: number; id?: string | undefined; }, any, TFieldValues>' is not assignable to type 'Control<{ type: "other"; description: string; gas_name: string; total_emissions_tCO2e: number; biogenic_emissions_tCO2e: number; id?: string | undefined; }, any, { type: "other"; description: string; gas_name: string; total_emissions_tCO2e: number; biogenic_emissions_tCO2e: number; id?: string | undefined; }>'.
  The types of '_options.resolver' are incompatible between these types.
    Type 'Resolver<{ type: "other"; description: string; gas_name: string; total_emissions_tCO2e: number; biogenic_emissions_tCO2e: number; id?: string | undefined; }, any, TFieldValues> | undefined' is not assignable to type 'Resolver<{ type: "other"; description: string; gas_name: string; total_emissions_tCO2e: number; biogenic_emissions_tCO2e: number; id?: string | undefined; }, any, { type: "other"; description: string; gas_name: string; total_emissions_tCO2e: number; biogenic_emissions_tCO2e: number; id?: string | undefined; }> | und...'.
      Type 'Resolver<{ type: "other"; description: string; gas_name: string; total_emissions_tCO2e: number; biogenic_emissions_tCO2e: number; id?: string | undefined; }, any, TFieldValues>' is not assignable to type 'Resolver<{ type: "other"; description: string; gas_name: string; total_emissions_tCO2e: number; biogenic_emissions_tCO2e: number; id?: string | undefined; }, any, { type: "other"; description: string; gas_name: string; total_emissions_tCO2e: number; biogenic_emissions_tCO2e: number; id?: string | undefined; }>'.
        Type 'ResolverResult<{ type: "other"; description: string; gas_name: string; total_emissions_tCO2e: number; biogenic_emissions_tCO2e: number; id?: string | undefined; }, TFieldValues> | Promise<...>' is not assignable to type 'ResolverResult<{ type: "other"; description: string; gas_name: string; total_emissions_tCO2e: number; biogenic_emissions_tCO2e: number; id?: string | undefined; }, { type: "other"; description: string; gas_name: string; total_emissions_tCO2e: number; biogenic_emissions_tCO2e: number; id?: string | undefined; }> | Pr...'.
          Type 'ResolverSuccess<TFieldValues>' is not assignable to type 'ResolverResult<{ type: "other"; description: string; gas_name: string; total_emissions_tCO2e: number; biogenic_emissions_tCO2e: number; id?: string | undefined; }, { type: "other"; description: string; gas_name: string; total_emissions_tCO2e: number; biogenic_emissions_tCO2e: number; id?: string | undefined; }> | Pr...'.
            Type 'ResolverSuccess<TFieldValues>' is not assignable to type 'ResolverSuccess<{ type: "other"; description: string; gas_name: string; total_emissions_tCO2e: number; biogenic_emissions_tCO2e: number; id?: string | undefined; }>'.
              Type 'TFieldValues' is not assignable to type '{ type: "other"; description: string; gas_name: string; total_emissions_tCO2e: number; biogenic_emissions_tCO2e: number; id?: string | undefined; }'.
                Type 'FieldValues' is missing the following properties from type '{ type: "other"; description: string; gas_name: string; total_emissions_tCO2e: number; biogenic_emissions_tCO2e: number; id?: string | undefined; }': type, description, gas_name, total_emissions_tCO2e, biogenic_emissions_tCO2e
src/components/forms/WasteForm.tsx(392,52): error TS2322: Type 'Control<{ type: "other"; description: string; gas_name: string; total_emissions_tCO2e: number; biogenic_emissions_tCO2e: number; id?: string | undefined; }, any, TFieldValues>' is not assignable to type 'Control<{ type: "other"; description: string; gas_name: string; total_emissions_tCO2e: number; biogenic_emissions_tCO2e: number; id?: string | undefined; }, any, { type: "other"; description: string; gas_name: string; total_emissions_tCO2e: number; biogenic_emissions_tCO2e: number; id?: string | undefined; }>'.
  The types of '_options.resolver' are incompatible between these types.
    Type 'Resolver<{ type: "other"; description: string; gas_name: string; total_emissions_tCO2e: number; biogenic_emissions_tCO2e: number; id?: string | undefined; }, any, TFieldValues> | undefined' is not assignable to type 'Resolver<{ type: "other"; description: string; gas_name: string; total_emissions_tCO2e: number; biogenic_emissions_tCO2e: number; id?: string | undefined; }, any, { type: "other"; description: string; gas_name: string; total_emissions_tCO2e: number; biogenic_emissions_tCO2e: number; id?: string | undefined; }> | und...'.
      Type 'Resolver<{ type: "other"; description: string; gas_name: string; total_emissions_tCO2e: number; biogenic_emissions_tCO2e: number; id?: string | undefined; }, any, TFieldValues>' is not assignable to type 'Resolver<{ type: "other"; description: string; gas_name: string; total_emissions_tCO2e: number; biogenic_emissions_tCO2e: number; id?: string | undefined; }, any, { type: "other"; description: string; gas_name: string; total_emissions_tCO2e: number; biogenic_emissions_tCO2e: number; id?: string | undefined; }>'.
        Type 'ResolverResult<{ type: "other"; description: string; gas_name: string; total_emissions_tCO2e: number; biogenic_emissions_tCO2e: number; id?: string | undefined; }, TFieldValues> | Promise<...>' is not assignable to type 'ResolverResult<{ type: "other"; description: string; gas_name: string; total_emissions_tCO2e: number; biogenic_emissions_tCO2e: number; id?: string | undefined; }, { type: "other"; description: string; gas_name: string; total_emissions_tCO2e: number; biogenic_emissions_tCO2e: number; id?: string | undefined; }> | Pr...'.
          Type 'ResolverSuccess<TFieldValues>' is not assignable to type 'ResolverResult<{ type: "other"; description: string; gas_name: string; total_emissions_tCO2e: number; biogenic_emissions_tCO2e: number; id?: string | undefined; }, { type: "other"; description: string; gas_name: string; total_emissions_tCO2e: number; biogenic_emissions_tCO2e: number; id?: string | undefined; }> | Pr...'.
            Type 'ResolverSuccess<TFieldValues>' is not assignable to type 'ResolverSuccess<{ type: "other"; description: string; gas_name: string; total_emissions_tCO2e: number; biogenic_emissions_tCO2e: number; id?: string | undefined; }>'.
              Type 'TFieldValues' is not assignable to type '{ type: "other"; description: string; gas_name: string; total_emissions_tCO2e: number; biogenic_emissions_tCO2e: number; id?: string | undefined; }'.
                Type 'FieldValues' is missing the following properties from type '{ type: "other"; description: string; gas_name: string; total_emissions_tCO2e: number; biogenic_emissions_tCO2e: number; id?: string | undefined; }': type, description, gas_name, total_emissions_tCO2e, biogenic_emissions_tCO2e
src/components/forms/WasteForm.tsx(395,52): error TS2322: Type 'Control<{ type: "other"; description: string; gas_name: string; total_emissions_tCO2e: number; biogenic_emissions_tCO2e: number; id?: string | undefined; }, any, TFieldValues>' is not assignable to type 'Control<{ type: "other"; description: string; gas_name: string; total_emissions_tCO2e: number; biogenic_emissions_tCO2e: number; id?: string | undefined; }, any, { type: "other"; description: string; gas_name: string; total_emissions_tCO2e: number; biogenic_emissions_tCO2e: number; id?: string | undefined; }>'.
  The types of '_options.resolver' are incompatible between these types.
    Type 'Resolver<{ type: "other"; description: string; gas_name: string; total_emissions_tCO2e: number; biogenic_emissions_tCO2e: number; id?: string | undefined; }, any, TFieldValues> | undefined' is not assignable to type 'Resolver<{ type: "other"; description: string; gas_name: string; total_emissions_tCO2e: number; biogenic_emissions_tCO2e: number; id?: string | undefined; }, any, { type: "other"; description: string; gas_name: string; total_emissions_tCO2e: number; biogenic_emissions_tCO2e: number; id?: string | undefined; }> | und...'.
      Type 'Resolver<{ type: "other"; description: string; gas_name: string; total_emissions_tCO2e: number; biogenic_emissions_tCO2e: number; id?: string | undefined; }, any, TFieldValues>' is not assignable to type 'Resolver<{ type: "other"; description: string; gas_name: string; total_emissions_tCO2e: number; biogenic_emissions_tCO2e: number; id?: string | undefined; }, any, { type: "other"; description: string; gas_name: string; total_emissions_tCO2e: number; biogenic_emissions_tCO2e: number; id?: string | undefined; }>'.
        Type 'ResolverResult<{ type: "other"; description: string; gas_name: string; total_emissions_tCO2e: number; biogenic_emissions_tCO2e: number; id?: string | undefined; }, TFieldValues> | Promise<...>' is not assignable to type 'ResolverResult<{ type: "other"; description: string; gas_name: string; total_emissions_tCO2e: number; biogenic_emissions_tCO2e: number; id?: string | undefined; }, { type: "other"; description: string; gas_name: string; total_emissions_tCO2e: number; biogenic_emissions_tCO2e: number; id?: string | undefined; }> | Pr...'.
          Type 'ResolverSuccess<TFieldValues>' is not assignable to type 'ResolverResult<{ type: "other"; description: string; gas_name: string; total_emissions_tCO2e: number; biogenic_emissions_tCO2e: number; id?: string | undefined; }, { type: "other"; description: string; gas_name: string; total_emissions_tCO2e: number; biogenic_emissions_tCO2e: number; id?: string | undefined; }> | Pr...'.
            Type 'ResolverSuccess<TFieldValues>' is not assignable to type 'ResolverSuccess<{ type: "other"; description: string; gas_name: string; total_emissions_tCO2e: number; biogenic_emissions_tCO2e: number; id?: string | undefined; }>'.
              Type 'TFieldValues' is not assignable to type '{ type: "other"; description: string; gas_name: string; total_emissions_tCO2e: number; biogenic_emissions_tCO2e: number; id?: string | undefined; }'.
                Type 'FieldValues' is missing the following properties from type '{ type: "other"; description: string; gas_name: string; total_emissions_tCO2e: number; biogenic_emissions_tCO2e: number; id?: string | undefined; }': type, description, gas_name, total_emissions_tCO2e, biogenic_emissions_tCO2e
src/components/forms/WasteForm.tsx(398,52): error TS2322: Type 'Control<{ type: "other"; description: string; gas_name: string; total_emissions_tCO2e: number; biogenic_emissions_tCO2e: number; id?: string | undefined; }, any, TFieldValues>' is not assignable to type 'Control<{ type: "other"; description: string; gas_name: string; total_emissions_tCO2e: number; biogenic_emissions_tCO2e: number; id?: string | undefined; }, any, { type: "other"; description: string; gas_name: string; total_emissions_tCO2e: number; biogenic_emissions_tCO2e: number; id?: string | undefined; }>'.
  The types of '_options.resolver' are incompatible between these types.
    Type 'Resolver<{ type: "other"; description: string; gas_name: string; total_emissions_tCO2e: number; biogenic_emissions_tCO2e: number; id?: string | undefined; }, any, TFieldValues> | undefined' is not assignable to type 'Resolver<{ type: "other"; description: string; gas_name: string; total_emissions_tCO2e: number; biogenic_emissions_tCO2e: number; id?: string | undefined; }, any, { type: "other"; description: string; gas_name: string; total_emissions_tCO2e: number; biogenic_emissions_tCO2e: number; id?: string | undefined; }> | und...'.
      Type 'Resolver<{ type: "other"; description: string; gas_name: string; total_emissions_tCO2e: number; biogenic_emissions_tCO2e: number; id?: string | undefined; }, any, TFieldValues>' is not assignable to type 'Resolver<{ type: "other"; description: string; gas_name: string; total_emissions_tCO2e: number; biogenic_emissions_tCO2e: number; id?: string | undefined; }, any, { type: "other"; description: string; gas_name: string; total_emissions_tCO2e: number; biogenic_emissions_tCO2e: number; id?: string | undefined; }>'.
        Type 'ResolverResult<{ type: "other"; description: string; gas_name: string; total_emissions_tCO2e: number; biogenic_emissions_tCO2e: number; id?: string | undefined; }, TFieldValues> | Promise<...>' is not assignable to type 'ResolverResult<{ type: "other"; description: string; gas_name: string; total_emissions_tCO2e: number; biogenic_emissions_tCO2e: number; id?: string | undefined; }, { type: "other"; description: string; gas_name: string; total_emissions_tCO2e: number; biogenic_emissions_tCO2e: number; id?: string | undefined; }> | Pr...'.
          Type 'ResolverSuccess<TFieldValues>' is not assignable to type 'ResolverResult<{ type: "other"; description: string; gas_name: string; total_emissions_tCO2e: number; biogenic_emissions_tCO2e: number; id?: string | undefined; }, { type: "other"; description: string; gas_name: string; total_emissions_tCO2e: number; biogenic_emissions_tCO2e: number; id?: string | undefined; }> | Pr...'.
            Type 'ResolverSuccess<TFieldValues>' is not assignable to type 'ResolverSuccess<{ type: "other"; description: string; gas_name: string; total_emissions_tCO2e: number; biogenic_emissions_tCO2e: number; id?: string | undefined; }>'.
              Type 'TFieldValues' is not assignable to type '{ type: "other"; description: string; gas_name: string; total_emissions_tCO2e: number; biogenic_emissions_tCO2e: number; id?: string | undefined; }'.
                Type 'FieldValues' is missing the following properties from type '{ type: "other"; description: string; gas_name: string; total_emissions_tCO2e: number; biogenic_emissions_tCO2e: number; id?: string | undefined; }': type, description, gas_name, total_emissions_tCO2e, biogenic_emissions_tCO2e
src/components/layout/OrganizationInfoDialog.tsx(56,9): error TS2322: Type 'Resolver<{ name: string; address: string; inventoryYear: string; responsibleName: string; responsiblePhone: string; fillingDate: string; employees?: unknown; revenue?: unknown; productionVolume?: unknown; productionUnit?: string | undefined; }, any, { ...; }>' is not assignable to type 'Resolver<{ name: string; address: string; inventoryYear: string; responsibleName: string; responsiblePhone: string; fillingDate: string; employees?: number | undefined; revenue?: number | undefined; productionVolume?: number | undefined; productionUnit?: string | undefined; }, any, { ...; }>'.
  Types of parameters 'options' and 'options' are incompatible.
    Type 'ResolverOptions<{ name: string; address: string; inventoryYear: string; responsibleName: string; responsiblePhone: string; fillingDate: string; employees?: number | undefined; revenue?: number | undefined; productionVolume?: number | undefined; productionUnit?: string | undefined; }>' is not assignable to type 'ResolverOptions<{ name: string; address: string; inventoryYear: string; responsibleName: string; responsiblePhone: string; fillingDate: string; employees?: unknown; revenue?: unknown; productionVolume?: unknown; productionUnit?: string | undefined; }>'.
      Type 'unknown' is not assignable to type 'number | undefined'.
src/components/layout/OrganizationInfoDialog.tsx(116,55): error TS2345: Argument of type '(data: { name: string; address: string; inventoryYear: string; responsibleName: string; responsiblePhone: string; fillingDate: string; employees?: number | undefined; revenue?: number | undefined; productionVolume?: number | undefined; productionUnit?: string | undefined; }) => void' is not assignable to parameter of type 'SubmitHandler<TFieldValues>'.
  Types of parameters 'data' and 'data' are incompatible.
    Type 'TFieldValues' is not assignable to type '{ name: string; address: string; inventoryYear: string; responsibleName: string; responsiblePhone: string; fillingDate: string; employees?: number | undefined; revenue?: number | undefined; productionVolume?: number | undefined; productionUnit?: string | undefined; }'.
      Type 'FieldValues' is missing the following properties from type '{ name: string; address: string; inventoryYear: string; responsibleName: string; responsiblePhone: string; fillingDate: string; employees?: number | undefined; revenue?: number | undefined; productionVolume?: number | undefined; productionUnit?: string | undefined; }': name, address, inventoryYear, responsibleName, and 2 more.
src/components/layout/OrganizationInfoDialog.tsx(119,33): error TS2322: Type 'Control<{ name: string; address: string; inventoryYear: string; responsibleName: string; responsiblePhone: string; fillingDate: string; employees?: number | undefined; revenue?: number | undefined; productionVolume?: number | undefined; productionUnit?: string | undefined; }, any, TFieldValues>' is not assignable to type 'Control<{ name: string; address: string; inventoryYear: string; responsibleName: string; responsiblePhone: string; fillingDate: string; employees?: number | undefined; revenue?: number | undefined; productionVolume?: number | undefined; productionUnit?: string | undefined; }, any, { ...; }>'.
  The types of '_options.resolver' are incompatible between these types.
    Type 'Resolver<{ name: string; address: string; inventoryYear: string; responsibleName: string; responsiblePhone: string; fillingDate: string; employees?: number | undefined; revenue?: number | undefined; productionVolume?: number | undefined; productionUnit?: string | undefined; }, any, TFieldValues> | undefined' is not assignable to type 'Resolver<{ name: string; address: string; inventoryYear: string; responsibleName: string; responsiblePhone: string; fillingDate: string; employees?: number | undefined; revenue?: number | undefined; productionVolume?: number | undefined; productionUnit?: string | undefined; }, any, { ...; }> | undefined'.
      Type 'Resolver<{ name: string; address: string; inventoryYear: string; responsibleName: string; responsiblePhone: string; fillingDate: string; employees?: number | undefined; revenue?: number | undefined; productionVolume?: number | undefined; productionUnit?: string | undefined; }, any, TFieldValues>' is not assignable to type 'Resolver<{ name: string; address: string; inventoryYear: string; responsibleName: string; responsiblePhone: string; fillingDate: string; employees?: number | undefined; revenue?: number | undefined; productionVolume?: number | undefined; productionUnit?: string | undefined; }, any, { ...; }>'.
        Type 'ResolverResult<{ name: string; address: string; inventoryYear: string; responsibleName: string; responsiblePhone: string; fillingDate: string; employees?: number | undefined; revenue?: number | undefined; productionVolume?: number | undefined; productionUnit?: string | undefined; }, TFieldValues> | Promise<...>' is not assignable to type 'ResolverResult<{ name: string; address: string; inventoryYear: string; responsibleName: string; responsiblePhone: string; fillingDate: string; employees?: number | undefined; revenue?: number | undefined; productionVolume?: number | undefined; productionUnit?: string | undefined; }, { ...; }> | Promise<...>'.
          Type 'ResolverSuccess<TFieldValues>' is not assignable to type 'ResolverResult<{ name: string; address: string; inventoryYear: string; responsibleName: string; responsiblePhone: string; fillingDate: string; employees?: number | undefined; revenue?: number | undefined; productionVolume?: number | undefined; productionUnit?: string | undefined; }, { ...; }> | Promise<...>'.
            Type 'ResolverSuccess<TFieldValues>' is not assignable to type 'ResolverSuccess<{ name: string; address: string; inventoryYear: string; responsibleName: string; responsiblePhone: string; fillingDate: string; employees?: number | undefined; revenue?: number | undefined; productionVolume?: number | undefined; productionUnit?: string | undefined; }>'.
              Type 'TFieldValues' is not assignable to type '{ name: string; address: string; inventoryYear: string; responsibleName: string; responsiblePhone: string; fillingDate: string; employees?: number | undefined; revenue?: number | undefined; productionVolume?: number | undefined; productionUnit?: string | undefined; }'.
                Type 'FieldValues' is missing the following properties from type '{ name: string; address: string; inventoryYear: string; responsibleName: string; responsiblePhone: string; fillingDate: string; employees?: number | undefined; revenue?: number | undefined; productionVolume?: number | undefined; productionUnit?: string | undefined; }': name, address, inventoryYear, responsibleName, and 2 more.
src/components/layout/OrganizationInfoDialog.tsx(132,33): error TS2322: Type 'Control<{ name: string; address: string; inventoryYear: string; responsibleName: string; responsiblePhone: string; fillingDate: string; employees?: number | undefined; revenue?: number | undefined; productionVolume?: number | undefined; productionUnit?: string | undefined; }, any, TFieldValues>' is not assignable to type 'Control<{ name: string; address: string; inventoryYear: string; responsibleName: string; responsiblePhone: string; fillingDate: string; employees?: number | undefined; revenue?: number | undefined; productionVolume?: number | undefined; productionUnit?: string | undefined; }, any, { ...; }>'.
  The types of '_options.resolver' are incompatible between these types.
    Type 'Resolver<{ name: string; address: string; inventoryYear: string; responsibleName: string; responsiblePhone: string; fillingDate: string; employees?: number | undefined; revenue?: number | undefined; productionVolume?: number | undefined; productionUnit?: string | undefined; }, any, TFieldValues> | undefined' is not assignable to type 'Resolver<{ name: string; address: string; inventoryYear: string; responsibleName: string; responsiblePhone: string; fillingDate: string; employees?: number | undefined; revenue?: number | undefined; productionVolume?: number | undefined; productionUnit?: string | undefined; }, any, { ...; }> | undefined'.
      Type 'Resolver<{ name: string; address: string; inventoryYear: string; responsibleName: string; responsiblePhone: string; fillingDate: string; employees?: number | undefined; revenue?: number | undefined; productionVolume?: number | undefined; productionUnit?: string | undefined; }, any, TFieldValues>' is not assignable to type 'Resolver<{ name: string; address: string; inventoryYear: string; responsibleName: string; responsiblePhone: string; fillingDate: string; employees?: number | undefined; revenue?: number | undefined; productionVolume?: number | undefined; productionUnit?: string | undefined; }, any, { ...; }>'.
        Type 'ResolverResult<{ name: string; address: string; inventoryYear: string; responsibleName: string; responsiblePhone: string; fillingDate: string; employees?: number | undefined; revenue?: number | undefined; productionVolume?: number | undefined; productionUnit?: string | undefined; }, TFieldValues> | Promise<...>' is not assignable to type 'ResolverResult<{ name: string; address: string; inventoryYear: string; responsibleName: string; responsiblePhone: string; fillingDate: string; employees?: number | undefined; revenue?: number | undefined; productionVolume?: number | undefined; productionUnit?: string | undefined; }, { ...; }> | Promise<...>'.
          Type 'ResolverSuccess<TFieldValues>' is not assignable to type 'ResolverResult<{ name: string; address: string; inventoryYear: string; responsibleName: string; responsiblePhone: string; fillingDate: string; employees?: number | undefined; revenue?: number | undefined; productionVolume?: number | undefined; productionUnit?: string | undefined; }, { ...; }> | Promise<...>'.
            Type 'ResolverSuccess<TFieldValues>' is not assignable to type 'ResolverSuccess<{ name: string; address: string; inventoryYear: string; responsibleName: string; responsiblePhone: string; fillingDate: string; employees?: number | undefined; revenue?: number | undefined; productionVolume?: number | undefined; productionUnit?: string | undefined; }>'.
              Type 'TFieldValues' is not assignable to type '{ name: string; address: string; inventoryYear: string; responsibleName: string; responsiblePhone: string; fillingDate: string; employees?: number | undefined; revenue?: number | undefined; productionVolume?: number | undefined; productionUnit?: string | undefined; }'.
                Type 'FieldValues' is missing the following properties from type '{ name: string; address: string; inventoryYear: string; responsibleName: string; responsiblePhone: string; fillingDate: string; employees?: number | undefined; revenue?: number | undefined; productionVolume?: number | undefined; productionUnit?: string | undefined; }': name, address, inventoryYear, responsibleName, and 2 more.
src/components/layout/OrganizationInfoDialog.tsx(145,33): error TS2322: Type 'Control<{ name: string; address: string; inventoryYear: string; responsibleName: string; responsiblePhone: string; fillingDate: string; employees?: number | undefined; revenue?: number | undefined; productionVolume?: number | undefined; productionUnit?: string | undefined; }, any, TFieldValues>' is not assignable to type 'Control<{ name: string; address: string; inventoryYear: string; responsibleName: string; responsiblePhone: string; fillingDate: string; employees?: number | undefined; revenue?: number | undefined; productionVolume?: number | undefined; productionUnit?: string | undefined; }, any, { ...; }>'.
  The types of '_options.resolver' are incompatible between these types.
    Type 'Resolver<{ name: string; address: string; inventoryYear: string; responsibleName: string; responsiblePhone: string; fillingDate: string; employees?: number | undefined; revenue?: number | undefined; productionVolume?: number | undefined; productionUnit?: string | undefined; }, any, TFieldValues> | undefined' is not assignable to type 'Resolver<{ name: string; address: string; inventoryYear: string; responsibleName: string; responsiblePhone: string; fillingDate: string; employees?: number | undefined; revenue?: number | undefined; productionVolume?: number | undefined; productionUnit?: string | undefined; }, any, { ...; }> | undefined'.
      Type 'Resolver<{ name: string; address: string; inventoryYear: string; responsibleName: string; responsiblePhone: string; fillingDate: string; employees?: number | undefined; revenue?: number | undefined; productionVolume?: number | undefined; productionUnit?: string | undefined; }, any, TFieldValues>' is not assignable to type 'Resolver<{ name: string; address: string; inventoryYear: string; responsibleName: string; responsiblePhone: string; fillingDate: string; employees?: number | undefined; revenue?: number | undefined; productionVolume?: number | undefined; productionUnit?: string | undefined; }, any, { ...; }>'.
        Type 'ResolverResult<{ name: string; address: string; inventoryYear: string; responsibleName: string; responsiblePhone: string; fillingDate: string; employees?: number | undefined; revenue?: number | undefined; productionVolume?: number | undefined; productionUnit?: string | undefined; }, TFieldValues> | Promise<...>' is not assignable to type 'ResolverResult<{ name: string; address: string; inventoryYear: string; responsibleName: string; responsiblePhone: string; fillingDate: string; employees?: number | undefined; revenue?: number | undefined; productionVolume?: number | undefined; productionUnit?: string | undefined; }, { ...; }> | Promise<...>'.
          Type 'ResolverSuccess<TFieldValues>' is not assignable to type 'ResolverResult<{ name: string; address: string; inventoryYear: string; responsibleName: string; responsiblePhone: string; fillingDate: string; employees?: number | undefined; revenue?: number | undefined; productionVolume?: number | undefined; productionUnit?: string | undefined; }, { ...; }> | Promise<...>'.
            Type 'ResolverSuccess<TFieldValues>' is not assignable to type 'ResolverSuccess<{ name: string; address: string; inventoryYear: string; responsibleName: string; responsiblePhone: string; fillingDate: string; employees?: number | undefined; revenue?: number | undefined; productionVolume?: number | undefined; productionUnit?: string | undefined; }>'.
              Type 'TFieldValues' is not assignable to type '{ name: string; address: string; inventoryYear: string; responsibleName: string; responsiblePhone: string; fillingDate: string; employees?: number | undefined; revenue?: number | undefined; productionVolume?: number | undefined; productionUnit?: string | undefined; }'.
                Type 'FieldValues' is missing the following properties from type '{ name: string; address: string; inventoryYear: string; responsibleName: string; responsiblePhone: string; fillingDate: string; employees?: number | undefined; revenue?: number | undefined; productionVolume?: number | undefined; productionUnit?: string | undefined; }': name, address, inventoryYear, responsibleName, and 2 more.
src/components/layout/OrganizationInfoDialog.tsx(158,33): error TS2322: Type 'Control<{ name: string; address: string; inventoryYear: string; responsibleName: string; responsiblePhone: string; fillingDate: string; employees?: number | undefined; revenue?: number | undefined; productionVolume?: number | undefined; productionUnit?: string | undefined; }, any, TFieldValues>' is not assignable to type 'Control<{ name: string; address: string; inventoryYear: string; responsibleName: string; responsiblePhone: string; fillingDate: string; employees?: number | undefined; revenue?: number | undefined; productionVolume?: number | undefined; productionUnit?: string | undefined; }, any, { ...; }>'.
  The types of '_options.resolver' are incompatible between these types.
    Type 'Resolver<{ name: string; address: string; inventoryYear: string; responsibleName: string; responsiblePhone: string; fillingDate: string; employees?: number | undefined; revenue?: number | undefined; productionVolume?: number | undefined; productionUnit?: string | undefined; }, any, TFieldValues> | undefined' is not assignable to type 'Resolver<{ name: string; address: string; inventoryYear: string; responsibleName: string; responsiblePhone: string; fillingDate: string; employees?: number | undefined; revenue?: number | undefined; productionVolume?: number | undefined; productionUnit?: string | undefined; }, any, { ...; }> | undefined'.
      Type 'Resolver<{ name: string; address: string; inventoryYear: string; responsibleName: string; responsiblePhone: string; fillingDate: string; employees?: number | undefined; revenue?: number | undefined; productionVolume?: number | undefined; productionUnit?: string | undefined; }, any, TFieldValues>' is not assignable to type 'Resolver<{ name: string; address: string; inventoryYear: string; responsibleName: string; responsiblePhone: string; fillingDate: string; employees?: number | undefined; revenue?: number | undefined; productionVolume?: number | undefined; productionUnit?: string | undefined; }, any, { ...; }>'.
        Type 'ResolverResult<{ name: string; address: string; inventoryYear: string; responsibleName: string; responsiblePhone: string; fillingDate: string; employees?: number | undefined; revenue?: number | undefined; productionVolume?: number | undefined; productionUnit?: string | undefined; }, TFieldValues> | Promise<...>' is not assignable to type 'ResolverResult<{ name: string; address: string; inventoryYear: string; responsibleName: string; responsiblePhone: string; fillingDate: string; employees?: number | undefined; revenue?: number | undefined; productionVolume?: number | undefined; productionUnit?: string | undefined; }, { ...; }> | Promise<...>'.
          Type 'ResolverSuccess<TFieldValues>' is not assignable to type 'ResolverResult<{ name: string; address: string; inventoryYear: string; responsibleName: string; responsiblePhone: string; fillingDate: string; employees?: number | undefined; revenue?: number | undefined; productionVolume?: number | undefined; productionUnit?: string | undefined; }, { ...; }> | Promise<...>'.
            Type 'ResolverSuccess<TFieldValues>' is not assignable to type 'ResolverSuccess<{ name: string; address: string; inventoryYear: string; responsibleName: string; responsiblePhone: string; fillingDate: string; employees?: number | undefined; revenue?: number | undefined; productionVolume?: number | undefined; productionUnit?: string | undefined; }>'.
              Type 'TFieldValues' is not assignable to type '{ name: string; address: string; inventoryYear: string; responsibleName: string; responsiblePhone: string; fillingDate: string; employees?: number | undefined; revenue?: number | undefined; productionVolume?: number | undefined; productionUnit?: string | undefined; }'.
                Type 'FieldValues' is missing the following properties from type '{ name: string; address: string; inventoryYear: string; responsibleName: string; responsiblePhone: string; fillingDate: string; employees?: number | undefined; revenue?: number | undefined; productionVolume?: number | undefined; productionUnit?: string | undefined; }': name, address, inventoryYear, responsibleName, and 2 more.
src/components/layout/OrganizationInfoDialog.tsx(176,37): error TS2322: Type 'Control<{ name: string; address: string; inventoryYear: string; responsibleName: string; responsiblePhone: string; fillingDate: string; employees?: number | undefined; revenue?: number | undefined; productionVolume?: number | undefined; productionUnit?: string | undefined; }, any, TFieldValues>' is not assignable to type 'Control<{ name: string; address: string; inventoryYear: string; responsibleName: string; responsiblePhone: string; fillingDate: string; employees?: number | undefined; revenue?: number | undefined; productionVolume?: number | undefined; productionUnit?: string | undefined; }, any, { ...; }>'.
  The types of '_options.resolver' are incompatible between these types.
    Type 'Resolver<{ name: string; address: string; inventoryYear: string; responsibleName: string; responsiblePhone: string; fillingDate: string; employees?: number | undefined; revenue?: number | undefined; productionVolume?: number | undefined; productionUnit?: string | undefined; }, any, TFieldValues> | undefined' is not assignable to type 'Resolver<{ name: string; address: string; inventoryYear: string; responsibleName: string; responsiblePhone: string; fillingDate: string; employees?: number | undefined; revenue?: number | undefined; productionVolume?: number | undefined; productionUnit?: string | undefined; }, any, { ...; }> | undefined'.
      Type 'Resolver<{ name: string; address: string; inventoryYear: string; responsibleName: string; responsiblePhone: string; fillingDate: string; employees?: number | undefined; revenue?: number | undefined; productionVolume?: number | undefined; productionUnit?: string | undefined; }, any, TFieldValues>' is not assignable to type 'Resolver<{ name: string; address: string; inventoryYear: string; responsibleName: string; responsiblePhone: string; fillingDate: string; employees?: number | undefined; revenue?: number | undefined; productionVolume?: number | undefined; productionUnit?: string | undefined; }, any, { ...; }>'.
        Type 'ResolverResult<{ name: string; address: string; inventoryYear: string; responsibleName: string; responsiblePhone: string; fillingDate: string; employees?: number | undefined; revenue?: number | undefined; productionVolume?: number | undefined; productionUnit?: string | undefined; }, TFieldValues> | Promise<...>' is not assignable to type 'ResolverResult<{ name: string; address: string; inventoryYear: string; responsibleName: string; responsiblePhone: string; fillingDate: string; employees?: number | undefined; revenue?: number | undefined; productionVolume?: number | undefined; productionUnit?: string | undefined; }, { ...; }> | Promise<...>'.
          Type 'ResolverSuccess<TFieldValues>' is not assignable to type 'ResolverResult<{ name: string; address: string; inventoryYear: string; responsibleName: string; responsiblePhone: string; fillingDate: string; employees?: number | undefined; revenue?: number | undefined; productionVolume?: number | undefined; productionUnit?: string | undefined; }, { ...; }> | Promise<...>'.
            Type 'ResolverSuccess<TFieldValues>' is not assignable to type 'ResolverSuccess<{ name: string; address: string; inventoryYear: string; responsibleName: string; responsiblePhone: string; fillingDate: string; employees?: number | undefined; revenue?: number | undefined; productionVolume?: number | undefined; productionUnit?: string | undefined; }>'.
              Type 'TFieldValues' is not assignable to type '{ name: string; address: string; inventoryYear: string; responsibleName: string; responsiblePhone: string; fillingDate: string; employees?: number | undefined; revenue?: number | undefined; productionVolume?: number | undefined; productionUnit?: string | undefined; }'.
                Type 'FieldValues' is missing the following properties from type '{ name: string; address: string; inventoryYear: string; responsibleName: string; responsiblePhone: string; fillingDate: string; employees?: number | undefined; revenue?: number | undefined; productionVolume?: number | undefined; productionUnit?: string | undefined; }': name, address, inventoryYear, responsibleName, and 2 more.
src/components/layout/OrganizationInfoDialog.tsx(189,37): error TS2322: Type 'Control<{ name: string; address: string; inventoryYear: string; responsibleName: string; responsiblePhone: string; fillingDate: string; employees?: number | undefined; revenue?: number | undefined; productionVolume?: number | undefined; productionUnit?: string | undefined; }, any, TFieldValues>' is not assignable to type 'Control<{ name: string; address: string; inventoryYear: string; responsibleName: string; responsiblePhone: string; fillingDate: string; employees?: number | undefined; revenue?: number | undefined; productionVolume?: number | undefined; productionUnit?: string | undefined; }, any, { ...; }>'.
  The types of '_options.resolver' are incompatible between these types.
    Type 'Resolver<{ name: string; address: string; inventoryYear: string; responsibleName: string; responsiblePhone: string; fillingDate: string; employees?: number | undefined; revenue?: number | undefined; productionVolume?: number | undefined; productionUnit?: string | undefined; }, any, TFieldValues> | undefined' is not assignable to type 'Resolver<{ name: string; address: string; inventoryYear: string; responsibleName: string; responsiblePhone: string; fillingDate: string; employees?: number | undefined; revenue?: number | undefined; productionVolume?: number | undefined; productionUnit?: string | undefined; }, any, { ...; }> | undefined'.
      Type 'Resolver<{ name: string; address: string; inventoryYear: string; responsibleName: string; responsiblePhone: string; fillingDate: string; employees?: number | undefined; revenue?: number | undefined; productionVolume?: number | undefined; productionUnit?: string | undefined; }, any, TFieldValues>' is not assignable to type 'Resolver<{ name: string; address: string; inventoryYear: string; responsibleName: string; responsiblePhone: string; fillingDate: string; employees?: number | undefined; revenue?: number | undefined; productionVolume?: number | undefined; productionUnit?: string | undefined; }, any, { ...; }>'.
        Type 'ResolverResult<{ name: string; address: string; inventoryYear: string; responsibleName: string; responsiblePhone: string; fillingDate: string; employees?: number | undefined; revenue?: number | undefined; productionVolume?: number | undefined; productionUnit?: string | undefined; }, TFieldValues> | Promise<...>' is not assignable to type 'ResolverResult<{ name: string; address: string; inventoryYear: string; responsibleName: string; responsiblePhone: string; fillingDate: string; employees?: number | undefined; revenue?: number | undefined; productionVolume?: number | undefined; productionUnit?: string | undefined; }, { ...; }> | Promise<...>'.
          Type 'ResolverSuccess<TFieldValues>' is not assignable to type 'ResolverResult<{ name: string; address: string; inventoryYear: string; responsibleName: string; responsiblePhone: string; fillingDate: string; employees?: number | undefined; revenue?: number | undefined; productionVolume?: number | undefined; productionUnit?: string | undefined; }, { ...; }> | Promise<...>'.
            Type 'ResolverSuccess<TFieldValues>' is not assignable to type 'ResolverSuccess<{ name: string; address: string; inventoryYear: string; responsibleName: string; responsiblePhone: string; fillingDate: string; employees?: number | undefined; revenue?: number | undefined; productionVolume?: number | undefined; productionUnit?: string | undefined; }>'.
              Type 'TFieldValues' is not assignable to type '{ name: string; address: string; inventoryYear: string; responsibleName: string; responsiblePhone: string; fillingDate: string; employees?: number | undefined; revenue?: number | undefined; productionVolume?: number | undefined; productionUnit?: string | undefined; }'.
                Type 'FieldValues' is missing the following properties from type '{ name: string; address: string; inventoryYear: string; responsibleName: string; responsiblePhone: string; fillingDate: string; employees?: number | undefined; revenue?: number | undefined; productionVolume?: number | undefined; productionUnit?: string | undefined; }': name, address, inventoryYear, responsibleName, and 2 more.
src/components/layout/OrganizationInfoDialog.tsx(202,37): error TS2322: Type 'Control<{ name: string; address: string; inventoryYear: string; responsibleName: string; responsiblePhone: string; fillingDate: string; employees?: number | undefined; revenue?: number | undefined; productionVolume?: number | undefined; productionUnit?: string | undefined; }, any, TFieldValues>' is not assignable to type 'Control<{ name: string; address: string; inventoryYear: string; responsibleName: string; responsiblePhone: string; fillingDate: string; employees?: number | undefined; revenue?: number | undefined; productionVolume?: number | undefined; productionUnit?: string | undefined; }, any, { ...; }>'.
  The types of '_options.resolver' are incompatible between these types.
    Type 'Resolver<{ name: string; address: string; inventoryYear: string; responsibleName: string; responsiblePhone: string; fillingDate: string; employees?: number | undefined; revenue?: number | undefined; productionVolume?: number | undefined; productionUnit?: string | undefined; }, any, TFieldValues> | undefined' is not assignable to type 'Resolver<{ name: string; address: string; inventoryYear: string; responsibleName: string; responsiblePhone: string; fillingDate: string; employees?: number | undefined; revenue?: number | undefined; productionVolume?: number | undefined; productionUnit?: string | undefined; }, any, { ...; }> | undefined'.
      Type 'Resolver<{ name: string; address: string; inventoryYear: string; responsibleName: string; responsiblePhone: string; fillingDate: string; employees?: number | undefined; revenue?: number | undefined; productionVolume?: number | undefined; productionUnit?: string | undefined; }, any, TFieldValues>' is not assignable to type 'Resolver<{ name: string; address: string; inventoryYear: string; responsibleName: string; responsiblePhone: string; fillingDate: string; employees?: number | undefined; revenue?: number | undefined; productionVolume?: number | undefined; productionUnit?: string | undefined; }, any, { ...; }>'.
        Type 'ResolverResult<{ name: string; address: string; inventoryYear: string; responsibleName: string; responsiblePhone: string; fillingDate: string; employees?: number | undefined; revenue?: number | undefined; productionVolume?: number | undefined; productionUnit?: string | undefined; }, TFieldValues> | Promise<...>' is not assignable to type 'ResolverResult<{ name: string; address: string; inventoryYear: string; responsibleName: string; responsiblePhone: string; fillingDate: string; employees?: number | undefined; revenue?: number | undefined; productionVolume?: number | undefined; productionUnit?: string | undefined; }, { ...; }> | Promise<...>'.
          Type 'ResolverSuccess<TFieldValues>' is not assignable to type 'ResolverResult<{ name: string; address: string; inventoryYear: string; responsibleName: string; responsiblePhone: string; fillingDate: string; employees?: number | undefined; revenue?: number | undefined; productionVolume?: number | undefined; productionUnit?: string | undefined; }, { ...; }> | Promise<...>'.
            Type 'ResolverSuccess<TFieldValues>' is not assignable to type 'ResolverSuccess<{ name: string; address: string; inventoryYear: string; responsibleName: string; responsiblePhone: string; fillingDate: string; employees?: number | undefined; revenue?: number | undefined; productionVolume?: number | undefined; productionUnit?: string | undefined; }>'.
              Type 'TFieldValues' is not assignable to type '{ name: string; address: string; inventoryYear: string; responsibleName: string; responsiblePhone: string; fillingDate: string; employees?: number | undefined; revenue?: number | undefined; productionVolume?: number | undefined; productionUnit?: string | undefined; }'.
                Type 'FieldValues' is missing the following properties from type '{ name: string; address: string; inventoryYear: string; responsibleName: string; responsiblePhone: string; fillingDate: string; employees?: number | undefined; revenue?: number | undefined; productionVolume?: number | undefined; productionUnit?: string | undefined; }': name, address, inventoryYear, responsibleName, and 2 more.
src/components/layout/OrganizationInfoDialog.tsx(215,37): error TS2322: Type 'Control<{ name: string; address: string; inventoryYear: string; responsibleName: string; responsiblePhone: string; fillingDate: string; employees?: number | undefined; revenue?: number | undefined; productionVolume?: number | undefined; productionUnit?: string | undefined; }, any, TFieldValues>' is not assignable to type 'Control<{ name: string; address: string; inventoryYear: string; responsibleName: string; responsiblePhone: string; fillingDate: string; employees?: number | undefined; revenue?: number | undefined; productionVolume?: number | undefined; productionUnit?: string | undefined; }, any, { ...; }>'.
  The types of '_options.resolver' are incompatible between these types.
    Type 'Resolver<{ name: string; address: string; inventoryYear: string; responsibleName: string; responsiblePhone: string; fillingDate: string; employees?: number | undefined; revenue?: number | undefined; productionVolume?: number | undefined; productionUnit?: string | undefined; }, any, TFieldValues> | undefined' is not assignable to type 'Resolver<{ name: string; address: string; inventoryYear: string; responsibleName: string; responsiblePhone: string; fillingDate: string; employees?: number | undefined; revenue?: number | undefined; productionVolume?: number | undefined; productionUnit?: string | undefined; }, any, { ...; }> | undefined'.
      Type 'Resolver<{ name: string; address: string; inventoryYear: string; responsibleName: string; responsiblePhone: string; fillingDate: string; employees?: number | undefined; revenue?: number | undefined; productionVolume?: number | undefined; productionUnit?: string | undefined; }, any, TFieldValues>' is not assignable to type 'Resolver<{ name: string; address: string; inventoryYear: string; responsibleName: string; responsiblePhone: string; fillingDate: string; employees?: number | undefined; revenue?: number | undefined; productionVolume?: number | undefined; productionUnit?: string | undefined; }, any, { ...; }>'.
        Type 'ResolverResult<{ name: string; address: string; inventoryYear: string; responsibleName: string; responsiblePhone: string; fillingDate: string; employees?: number | undefined; revenue?: number | undefined; productionVolume?: number | undefined; productionUnit?: string | undefined; }, TFieldValues> | Promise<...>' is not assignable to type 'ResolverResult<{ name: string; address: string; inventoryYear: string; responsibleName: string; responsiblePhone: string; fillingDate: string; employees?: number | undefined; revenue?: number | undefined; productionVolume?: number | undefined; productionUnit?: string | undefined; }, { ...; }> | Promise<...>'.
          Type 'ResolverSuccess<TFieldValues>' is not assignable to type 'ResolverResult<{ name: string; address: string; inventoryYear: string; responsibleName: string; responsiblePhone: string; fillingDate: string; employees?: number | undefined; revenue?: number | undefined; productionVolume?: number | undefined; productionUnit?: string | undefined; }, { ...; }> | Promise<...>'.
            Type 'ResolverSuccess<TFieldValues>' is not assignable to type 'ResolverSuccess<{ name: string; address: string; inventoryYear: string; responsibleName: string; responsiblePhone: string; fillingDate: string; employees?: number | undefined; revenue?: number | undefined; productionVolume?: number | undefined; productionUnit?: string | undefined; }>'.
              Type 'TFieldValues' is not assignable to type '{ name: string; address: string; inventoryYear: string; responsibleName: string; responsiblePhone: string; fillingDate: string; employees?: number | undefined; revenue?: number | undefined; productionVolume?: number | undefined; productionUnit?: string | undefined; }'.
                Type 'FieldValues' is missing the following properties from type '{ name: string; address: string; inventoryYear: string; responsibleName: string; responsiblePhone: string; fillingDate: string; employees?: number | undefined; revenue?: number | undefined; productionVolume?: number | undefined; productionUnit?: string | undefined; }': name, address, inventoryYear, responsibleName, and 2 more.
src/components/layout/OrganizationInfoDialog.tsx(232,33): error TS2322: Type 'Control<{ name: string; address: string; inventoryYear: string; responsibleName: string; responsiblePhone: string; fillingDate: string; employees?: number | undefined; revenue?: number | undefined; productionVolume?: number | undefined; productionUnit?: string | undefined; }, any, TFieldValues>' is not assignable to type 'Control<{ name: string; address: string; inventoryYear: string; responsibleName: string; responsiblePhone: string; fillingDate: string; employees?: number | undefined; revenue?: number | undefined; productionVolume?: number | undefined; productionUnit?: string | undefined; }, any, { ...; }>'.
  The types of '_options.resolver' are incompatible between these types.
    Type 'Resolver<{ name: string; address: string; inventoryYear: string; responsibleName: string; responsiblePhone: string; fillingDate: string; employees?: number | undefined; revenue?: number | undefined; productionVolume?: number | undefined; productionUnit?: string | undefined; }, any, TFieldValues> | undefined' is not assignable to type 'Resolver<{ name: string; address: string; inventoryYear: string; responsibleName: string; responsiblePhone: string; fillingDate: string; employees?: number | undefined; revenue?: number | undefined; productionVolume?: number | undefined; productionUnit?: string | undefined; }, any, { ...; }> | undefined'.
      Type 'Resolver<{ name: string; address: string; inventoryYear: string; responsibleName: string; responsiblePhone: string; fillingDate: string; employees?: number | undefined; revenue?: number | undefined; productionVolume?: number | undefined; productionUnit?: string | undefined; }, any, TFieldValues>' is not assignable to type 'Resolver<{ name: string; address: string; inventoryYear: string; responsibleName: string; responsiblePhone: string; fillingDate: string; employees?: number | undefined; revenue?: number | undefined; productionVolume?: number | undefined; productionUnit?: string | undefined; }, any, { ...; }>'.
        Type 'ResolverResult<{ name: string; address: string; inventoryYear: string; responsibleName: string; responsiblePhone: string; fillingDate: string; employees?: number | undefined; revenue?: number | undefined; productionVolume?: number | undefined; productionUnit?: string | undefined; }, TFieldValues> | Promise<...>' is not assignable to type 'ResolverResult<{ name: string; address: string; inventoryYear: string; responsibleName: string; responsiblePhone: string; fillingDate: string; employees?: number | undefined; revenue?: number | undefined; productionVolume?: number | undefined; productionUnit?: string | undefined; }, { ...; }> | Promise<...>'.
          Type 'ResolverSuccess<TFieldValues>' is not assignable to type 'ResolverResult<{ name: string; address: string; inventoryYear: string; responsibleName: string; responsiblePhone: string; fillingDate: string; employees?: number | undefined; revenue?: number | undefined; productionVolume?: number | undefined; productionUnit?: string | undefined; }, { ...; }> | Promise<...>'.
            Type 'ResolverSuccess<TFieldValues>' is not assignable to type 'ResolverSuccess<{ name: string; address: string; inventoryYear: string; responsibleName: string; responsiblePhone: string; fillingDate: string; employees?: number | undefined; revenue?: number | undefined; productionVolume?: number | undefined; productionUnit?: string | undefined; }>'.
              Type 'TFieldValues' is not assignable to type '{ name: string; address: string; inventoryYear: string; responsibleName: string; responsiblePhone: string; fillingDate: string; employees?: number | undefined; revenue?: number | undefined; productionVolume?: number | undefined; productionUnit?: string | undefined; }'.
                Type 'FieldValues' is missing the following properties from type '{ name: string; address: string; inventoryYear: string; responsibleName: string; responsiblePhone: string; fillingDate: string; employees?: number | undefined; revenue?: number | undefined; productionVolume?: number | undefined; productionUnit?: string | undefined; }': name, address, inventoryYear, responsibleName, and 2 more.
src/components/layout/OrganizationInfoDialog.tsx(245,33): error TS2322: Type 'Control<{ name: string; address: string; inventoryYear: string; responsibleName: string; responsiblePhone: string; fillingDate: string; employees?: number | undefined; revenue?: number | undefined; productionVolume?: number | undefined; productionUnit?: string | undefined; }, any, TFieldValues>' is not assignable to type 'Control<{ name: string; address: string; inventoryYear: string; responsibleName: string; responsiblePhone: string; fillingDate: string; employees?: number | undefined; revenue?: number | undefined; productionVolume?: number | undefined; productionUnit?: string | undefined; }, any, { ...; }>'.
  The types of '_options.resolver' are incompatible between these types.
    Type 'Resolver<{ name: string; address: string; inventoryYear: string; responsibleName: string; responsiblePhone: string; fillingDate: string; employees?: number | undefined; revenue?: number | undefined; productionVolume?: number | undefined; productionUnit?: string | undefined; }, any, TFieldValues> | undefined' is not assignable to type 'Resolver<{ name: string; address: string; inventoryYear: string; responsibleName: string; responsiblePhone: string; fillingDate: string; employees?: number | undefined; revenue?: number | undefined; productionVolume?: number | undefined; productionUnit?: string | undefined; }, any, { ...; }> | undefined'.
      Type 'Resolver<{ name: string; address: string; inventoryYear: string; responsibleName: string; responsiblePhone: string; fillingDate: string; employees?: number | undefined; revenue?: number | undefined; productionVolume?: number | undefined; productionUnit?: string | undefined; }, any, TFieldValues>' is not assignable to type 'Resolver<{ name: string; address: string; inventoryYear: string; responsibleName: string; responsiblePhone: string; fillingDate: string; employees?: number | undefined; revenue?: number | undefined; productionVolume?: number | undefined; productionUnit?: string | undefined; }, any, { ...; }>'.
        Type 'ResolverResult<{ name: string; address: string; inventoryYear: string; responsibleName: string; responsiblePhone: string; fillingDate: string; employees?: number | undefined; revenue?: number | undefined; productionVolume?: number | undefined; productionUnit?: string | undefined; }, TFieldValues> | Promise<...>' is not assignable to type 'ResolverResult<{ name: string; address: string; inventoryYear: string; responsibleName: string; responsiblePhone: string; fillingDate: string; employees?: number | undefined; revenue?: number | undefined; productionVolume?: number | undefined; productionUnit?: string | undefined; }, { ...; }> | Promise<...>'.
          Type 'ResolverSuccess<TFieldValues>' is not assignable to type 'ResolverResult<{ name: string; address: string; inventoryYear: string; responsibleName: string; responsiblePhone: string; fillingDate: string; employees?: number | undefined; revenue?: number | undefined; productionVolume?: number | undefined; productionUnit?: string | undefined; }, { ...; }> | Promise<...>'.
            Type 'ResolverSuccess<TFieldValues>' is not assignable to type 'ResolverSuccess<{ name: string; address: string; inventoryYear: string; responsibleName: string; responsiblePhone: string; fillingDate: string; employees?: number | undefined; revenue?: number | undefined; productionVolume?: number | undefined; productionUnit?: string | undefined; }>'.
              Type 'TFieldValues' is not assignable to type '{ name: string; address: string; inventoryYear: string; responsibleName: string; responsiblePhone: string; fillingDate: string; employees?: number | undefined; revenue?: number | undefined; productionVolume?: number | undefined; productionUnit?: string | undefined; }'.
                Type 'FieldValues' is missing the following properties from type '{ name: string; address: string; inventoryYear: string; responsibleName: string; responsiblePhone: string; fillingDate: string; employees?: number | undefined; revenue?: number | undefined; productionVolume?: number | undefined; productionUnit?: string | undefined; }': name, address, inventoryYear, responsibleName, and 2 more.
src/lib/calc/mobile.ts(1,10): error TS2305: Module '"./stationary"' has no exported member 'StationaryCombustionResult'.
src/lib/calc/waste.ts(272,5): error TS2741: Property 'biogenic_emissions_tCO2e' is missing in type '{ emissions_tCO2e: number; }' but required in type 'WasteResult'.
temp_prisma_check/prisma.config.ts(12,5): error TS2322: Type 'string | undefined' is not assignable to type 'string'.
  Type 'undefined' is not assignable to type 'string'.
